[0.011s] Invoking command in '/home/neer/Desktop/SIH/ros2_ws/build/amr_msgs': CMAKE_PREFIX_PATH=${CMAKE_PREFIX_PATH}:/opt/ros/jazzy DEBUGINFOD_URLS=https://debuginfod.ubuntu.com /usr/bin/cmake /home/neer/Desktop/SIH/ros2_ws/src/amr_msgs -DAMENT_CMAKE_SYMLINK_INSTALL=1 -DCMAKE_INSTALL_PREFIX=/home/neer/Desktop/SIH/ros2_ws/install/amr_msgs
[0.024s] -- Found ament_cmake: 2.5.6 (/opt/ros/jazzy/share/ament_cmake/cmake)
[0.101s] -- Override CMake install command with custom implementation using symlinks instead of copying resources
[0.105s] -- Found rosidl_default_generators: 1.6.1 (/opt/ros/jazzy/share/rosidl_default_generators/cmake)
[0.106s] -- Using all available rosidl_typesupport_c: rosidl_typesupport_fastrtps_c;rosidl_typesupport_introspection_c
[0.131s] -- Using all available rosidl_typesupport_cpp: rosidl_typesupport_fastrtps_cpp;rosidl_typesupport_introspection_cpp
[0.152s] -- Found rosidl_adapter: 4.6.9 (/opt/ros/jazzy/share/rosidl_adapter/cmake)
[0.154s] -- Found builtin_interfaces: 2.0.4 (/opt/ros/jazzy/share/builtin_interfaces/cmake)
[0.162s] -- Found geometry_msgs: 5.3.8 (/opt/ros/jazzy/share/geometry_msgs/cmake)
[0.183s] -- Found nav_msgs: 5.3.8 (/opt/ros/jazzy/share/nav_msgs/cmake)
[0.444s] -- Found ament_cmake_ros: 0.12.1 (/opt/ros/jazzy/share/ament_cmake_ros/cmake)
[0.595s] -- Using all available rosidl_typesupport_c: rosidl_typesupport_fastrtps_c;rosidl_typesupport_introspection_c
[0.796s] -- Using all available rosidl_typesupport_cpp: rosidl_typesupport_fastrtps_cpp;rosidl_typesupport_introspection_cpp
[0.797s] -- Found python_cmake_module: 0.11.1 (/opt/ros/jazzy/share/python_cmake_module/cmake)
[0.989s] -- Found Python3: /usr/bin/python3 (found version "3.12.3") found components: Interpreter Development NumPy Development.Module Development.Embed 
[1.061s] -- Found Python3: /usr/bin/python3 (found version "3.12.3") found components: Interpreter 
[1.071s] -- Configuring done (1.1s)
[1.101s] -- Generating done (0.0s)
[1.110s] -- Build files have been written to: /home/neer/Desktop/SIH/ros2_ws/build/amr_msgs
[1.116s] Invoked command in '/home/neer/Desktop/SIH/ros2_ws/build/amr_msgs' returned '0': CMAKE_PREFIX_PATH=${CMAKE_PREFIX_PATH}:/opt/ros/jazzy DEBUGINFOD_URLS=https://debuginfod.ubuntu.com /usr/bin/cmake /home/neer/Desktop/SIH/ros2_ws/src/amr_msgs -DAMENT_CMAKE_SYMLINK_INSTALL=1 -DCMAKE_INSTALL_PREFIX=/home/neer/Desktop/SIH/ros2_ws/install/amr_msgs
[1.117s] Invoking command in '/home/neer/Desktop/SIH/ros2_ws/build/amr_msgs': CMAKE_PREFIX_PATH=${CMAKE_PREFIX_PATH}:/opt/ros/jazzy DEBUGINFOD_URLS=https://debuginfod.ubuntu.com /usr/bin/cmake --build /home/neer/Desktop/SIH/ros2_ws/build/amr_msgs -- -j28 -l28
[1.160s] [  1%] Built target amr_msgs__rosidl_generator_type_description
[1.160s] [  3%] Built target amr_msgs__rs
[1.165s] [  3%] Built target ament_cmake_python_symlink_amr_msgs
[1.180s] [  4%] Built target amr_msgs__cpp
[1.184s] [ 26%] Built target amr_msgs__rosidl_generator_c
[1.206s] [ 35%] Built target amr_msgs__rosidl_typesupport_cpp
[1.206s] [ 44%] Built target amr_msgs__rosidl_typesupport_introspection_c
[1.208s] [ 53%] Built target amr_msgs__rosidl_typesupport_c
[1.209s] [ 72%] Built target amr_msgs__rosidl_typesupport_fastrtps_c
[1.209s] [ 72%] Built target amr_msgs__rosidl_typesupport_fastrtps_cpp
[1.209s] [ 81%] Built target amr_msgs__rosidl_typesupport_introspection_cpp
[1.227s] [ 81%] Built target amr_msgs
[1.246s] [ 83%] Built target amr_msgs__py
[1.274s] [ 90%] Built target amr_msgs__rosidl_generator_py
[1.296s] [ 93%] Built target amr_msgs_s__rosidl_typesupport_introspection_c
[1.298s] [100%] Built target amr_msgs_s__rosidl_typesupport_fastrtps_c
[1.298s] [100%] Built target amr_msgs_s__rosidl_typesupport_c
[1.327s] running egg_info
[1.340s] writing amr_msgs.egg-info/PKG-INFO
[1.340s] writing dependency_links to amr_msgs.egg-info/dependency_links.txt
[1.340s] writing top-level names to amr_msgs.egg-info/top_level.txt
[1.376s] reading manifest file 'amr_msgs.egg-info/SOURCES.txt'
[1.377s] writing manifest file 'amr_msgs.egg-info/SOURCES.txt'
[1.398s] [100%] Built target ament_cmake_python_build_amr_msgs_egg
[1.408s] Invoked command in '/home/neer/Desktop/SIH/ros2_ws/build/amr_msgs' returned '0': CMAKE_PREFIX_PATH=${CMAKE_PREFIX_PATH}:/opt/ros/jazzy DEBUGINFOD_URLS=https://debuginfod.ubuntu.com /usr/bin/cmake --build /home/neer/Desktop/SIH/ros2_ws/build/amr_msgs -- -j28 -l28
[1.409s] Invoking command in '/home/neer/Desktop/SIH/ros2_ws/build/amr_msgs': CMAKE_PREFIX_PATH=${CMAKE_PREFIX_PATH}:/opt/ros/jazzy DEBUGINFOD_URLS=https://debuginfod.ubuntu.com /usr/bin/cmake --install /home/neer/Desktop/SIH/ros2_ws/build/amr_msgs
[1.418s] -- Install configuration: ""
[1.419s] -- Execute custom install script
[1.419s] -- Up-to-date symlink: /home/neer/Desktop/SIH/ros2_ws/install/amr_msgs/share/ament_index/resource_index/rosidl_interfaces/amr_msgs
[1.419s] -- Up-to-date symlink: /home/neer/Desktop/SIH/ros2_ws/install/amr_msgs/share/amr_msgs/msg/RobotPlan.json
[1.419s] -- Up-to-date symlink: /home/neer/Desktop/SIH/ros2_ws/install/amr_msgs/share/amr_msgs/msg/DetectedObstacle.json
[1.419s] -- Up-to-date symlink: /home/neer/Desktop/SIH/ros2_ws/install/amr_msgs/share/amr_msgs/msg/ChokeRequest.json
[1.419s] -- Up-to-date symlink: /home/neer/Desktop/SIH/ros2_ws/install/amr_msgs/share/amr_msgs/msg/RobotStatus.json
[1.420s] -- Up-to-date symlink: /home/neer/Desktop/SIH/ros2_ws/install/amr_msgs/include/amr_msgs/amr_msgs/msg/choke_request.h
[1.420s] -- Up-to-date symlink: /home/neer/Desktop/SIH/ros2_ws/install/amr_msgs/include/amr_msgs/amr_msgs/msg/detail/choke_request__functions.h
[1.420s] -- Up-to-date symlink: /home/neer/Desktop/SIH/ros2_ws/install/amr_msgs/include/amr_msgs/amr_msgs/msg/detail/choke_request__struct.h
[1.420s] -- Up-to-date symlink: /home/neer/Desktop/SIH/ros2_ws/install/amr_msgs/include/amr_msgs/amr_msgs/msg/detail/choke_request__type_support.h
[1.420s] -- Up-to-date symlink: /home/neer/Desktop/SIH/ros2_ws/install/amr_msgs/include/amr_msgs/amr_msgs/msg/detail/detected_obstacle__functions.h
[1.420s] -- Up-to-date symlink: /home/neer/Desktop/SIH/ros2_ws/install/amr_msgs/include/amr_msgs/amr_msgs/msg/detail/detected_obstacle__struct.h
[1.421s] -- Up-to-date symlink: /home/neer/Desktop/SIH/ros2_ws/install/amr_msgs/include/amr_msgs/amr_msgs/msg/detail/detected_obstacle__type_support.h
[1.421s] -- Up-to-date symlink: /home/neer/Desktop/SIH/ros2_ws/install/amr_msgs/include/amr_msgs/amr_msgs/msg/detail/robot_plan__functions.h
[1.421s] -- Up-to-date symlink: /home/neer/Desktop/SIH/ros2_ws/install/amr_msgs/include/amr_msgs/amr_msgs/msg/detail/robot_plan__struct.h
[1.421s] -- Up-to-date symlink: /home/neer/Desktop/SIH/ros2_ws/install/amr_msgs/include/amr_msgs/amr_msgs/msg/detail/robot_plan__type_support.h
[1.421s] -- Up-to-date symlink: /home/neer/Desktop/SIH/ros2_ws/install/amr_msgs/include/amr_msgs/amr_msgs/msg/detail/robot_status__functions.h
[1.421s] -- Up-to-date symlink: /home/neer/Desktop/SIH/ros2_ws/install/amr_msgs/include/amr_msgs/amr_msgs/msg/detail/robot_status__struct.h
[1.421s] -- Up-to-date symlink: /home/neer/Desktop/SIH/ros2_ws/install/amr_msgs/include/amr_msgs/amr_msgs/msg/detail/robot_status__type_support.h
[1.421s] -- Up-to-date symlink: /home/neer/Desktop/SIH/ros2_ws/install/amr_msgs/include/amr_msgs/amr_msgs/msg/detected_obstacle.h
[1.421s] -- Up-to-date symlink: /home/neer/Desktop/SIH/ros2_ws/install/amr_msgs/include/amr_msgs/amr_msgs/msg/robot_plan.h
[1.421s] -- Up-to-date symlink: /home/neer/Desktop/SIH/ros2_ws/install/amr_msgs/include/amr_msgs/amr_msgs/msg/robot_status.h
[1.421s] -- Up-to-date symlink: /home/neer/Desktop/SIH/ros2_ws/install/amr_msgs/include/amr_msgs/amr_msgs/msg/rosidl_generator_c__visibility_control.h
[1.422s] -- Up-to-date symlink: /home/neer/Desktop/SIH/ros2_ws/install/amr_msgs/share/amr_msgs/environment/library_path.sh
[1.422s] -- Up-to-date symlink: /home/neer/Desktop/SIH/ros2_ws/install/amr_msgs/share/amr_msgs/environment/library_path.dsv
[1.422s] -- Up-to-date symlink: /home/neer/Desktop/SIH/ros2_ws/install/amr_msgs/include/amr_msgs/amr_msgs/msg/detail/choke_request__rosidl_typesupport_fastrtps_c.h
[1.422s] -- Up-to-date symlink: /home/neer/Desktop/SIH/ros2_ws/install/amr_msgs/include/amr_msgs/amr_msgs/msg/detail/detected_obstacle__rosidl_typesupport_fastrtps_c.h
[1.422s] -- Up-to-date symlink: /home/neer/Desktop/SIH/ros2_ws/install/amr_msgs/include/amr_msgs/amr_msgs/msg/detail/robot_plan__rosidl_typesupport_fastrtps_c.h
[1.422s] -- Up-to-date symlink: /home/neer/Desktop/SIH/ros2_ws/install/amr_msgs/include/amr_msgs/amr_msgs/msg/detail/robot_status__rosidl_typesupport_fastrtps_c.h
[1.422s] -- Up-to-date symlink: /home/neer/Desktop/SIH/ros2_ws/install/amr_msgs/include/amr_msgs/amr_msgs/msg/rosidl_typesupport_fastrtps_c__visibility_control.h
[1.422s] -- Up-to-date symlink: /home/neer/Desktop/SIH/ros2_ws/install/amr_msgs/include/amr_msgs/amr_msgs/msg/detail/choke_request__rosidl_typesupport_introspection_c.h
[1.423s] -- Up-to-date symlink: /home/neer/Desktop/SIH/ros2_ws/install/amr_msgs/include/amr_msgs/amr_msgs/msg/detail/detected_obstacle__rosidl_typesupport_introspection_c.h
[1.423s] -- Up-to-date symlink: /home/neer/Desktop/SIH/ros2_ws/install/amr_msgs/include/amr_msgs/amr_msgs/msg/detail/robot_plan__rosidl_typesupport_introspection_c.h
[1.423s] -- Up-to-date symlink: /home/neer/Desktop/SIH/ros2_ws/install/amr_msgs/include/amr_msgs/amr_msgs/msg/detail/robot_status__rosidl_typesupport_introspection_c.h
[1.423s] -- Up-to-date symlink: /home/neer/Desktop/SIH/ros2_ws/install/amr_msgs/include/amr_msgs/amr_msgs/msg/rosidl_typesupport_introspection_c__visibility_control.h
[1.423s] -- Up-to-date symlink: /home/neer/Desktop/SIH/ros2_ws/install/amr_msgs/include/amr_msgs/amr_msgs/msg/choke_request.hpp
[1.423s] -- Up-to-date symlink: /home/neer/Desktop/SIH/ros2_ws/install/amr_msgs/include/amr_msgs/amr_msgs/msg/detail/choke_request__builder.hpp
[1.423s] -- Up-to-date symlink: /home/neer/Desktop/SIH/ros2_ws/install/amr_msgs/include/amr_msgs/amr_msgs/msg/detail/choke_request__struct.hpp
[1.423s] -- Up-to-date symlink: /home/neer/Desktop/SIH/ros2_ws/install/amr_msgs/include/amr_msgs/amr_msgs/msg/detail/choke_request__traits.hpp
[1.423s] -- Up-to-date symlink: /home/neer/Desktop/SIH/ros2_ws/install/amr_msgs/include/amr_msgs/amr_msgs/msg/detail/choke_request__type_support.hpp
[1.423s] -- Up-to-date symlink: /home/neer/Desktop/SIH/ros2_ws/install/amr_msgs/include/amr_msgs/amr_msgs/msg/detail/detected_obstacle__builder.hpp
[1.423s] -- Up-to-date symlink: /home/neer/Desktop/SIH/ros2_ws/install/amr_msgs/include/amr_msgs/amr_msgs/msg/detail/detected_obstacle__struct.hpp
[1.423s] -- Up-to-date symlink: /home/neer/Desktop/SIH/ros2_ws/install/amr_msgs/include/amr_msgs/amr_msgs/msg/detail/detected_obstacle__traits.hpp
[1.423s] -- Up-to-date symlink: /home/neer/Desktop/SIH/ros2_ws/install/amr_msgs/include/amr_msgs/amr_msgs/msg/detail/detected_obstacle__type_support.hpp
[1.423s] -- Up-to-date symlink: /home/neer/Desktop/SIH/ros2_ws/install/amr_msgs/include/amr_msgs/amr_msgs/msg/detail/robot_plan__builder.hpp
[1.424s] -- Up-to-date symlink: /home/neer/Desktop/SIH/ros2_ws/install/amr_msgs/include/amr_msgs/amr_msgs/msg/detail/robot_plan__struct.hpp
[1.424s] -- Up-to-date symlink: /home/neer/Desktop/SIH/ros2_ws/install/amr_msgs/include/amr_msgs/amr_msgs/msg/detail/robot_plan__traits.hpp
[1.424s] -- Up-to-date symlink: /home/neer/Desktop/SIH/ros2_ws/install/amr_msgs/include/amr_msgs/amr_msgs/msg/detail/robot_plan__type_support.hpp
[1.424s] -- Up-to-date symlink: /home/neer/Desktop/SIH/ros2_ws/install/amr_msgs/include/amr_msgs/amr_msgs/msg/detail/robot_status__builder.hpp
[1.424s] -- Up-to-date symlink: /home/neer/Desktop/SIH/ros2_ws/install/amr_msgs/include/amr_msgs/amr_msgs/msg/detail/robot_status__struct.hpp
[1.424s] -- Up-to-date symlink: /home/neer/Desktop/SIH/ros2_ws/install/amr_msgs/include/amr_msgs/amr_msgs/msg/detail/robot_status__traits.hpp
[1.424s] -- Up-to-date symlink: /home/neer/Desktop/SIH/ros2_ws/install/amr_msgs/include/amr_msgs/amr_msgs/msg/detail/robot_status__type_support.hpp
[1.424s] -- Up-to-date symlink: /home/neer/Desktop/SIH/ros2_ws/install/amr_msgs/include/amr_msgs/amr_msgs/msg/detected_obstacle.hpp
[1.424s] -- Up-to-date symlink: /home/neer/Desktop/SIH/ros2_ws/install/amr_msgs/include/amr_msgs/amr_msgs/msg/robot_plan.hpp
[1.424s] -- Up-to-date symlink: /home/neer/Desktop/SIH/ros2_ws/install/amr_msgs/include/amr_msgs/amr_msgs/msg/robot_status.hpp
[1.424s] -- Up-to-date symlink: /home/neer/Desktop/SIH/ros2_ws/install/amr_msgs/include/amr_msgs/amr_msgs/msg/rosidl_generator_cpp__visibility_control.hpp
[1.424s] -- Up-to-date symlink: /home/neer/Desktop/SIH/ros2_ws/install/amr_msgs/include/amr_msgs/amr_msgs/msg/detail/choke_request__rosidl_typesupport_fastrtps_cpp.hpp
[1.424s] -- Up-to-date symlink: /home/neer/Desktop/SIH/ros2_ws/install/amr_msgs/include/amr_msgs/amr_msgs/msg/detail/detected_obstacle__rosidl_typesupport_fastrtps_cpp.hpp
[1.424s] -- Up-to-date symlink: /home/neer/Desktop/SIH/ros2_ws/install/amr_msgs/include/amr_msgs/amr_msgs/msg/detail/robot_plan__rosidl_typesupport_fastrtps_cpp.hpp
[1.425s] -- Up-to-date symlink: /home/neer/Desktop/SIH/ros2_ws/install/amr_msgs/include/amr_msgs/amr_msgs/msg/detail/robot_status__rosidl_typesupport_fastrtps_cpp.hpp
[1.425s] -- Up-to-date symlink: /home/neer/Desktop/SIH/ros2_ws/install/amr_msgs/include/amr_msgs/amr_msgs/msg/rosidl_typesupport_fastrtps_cpp__visibility_control.h
[1.425s] -- Up-to-date symlink: /home/neer/Desktop/SIH/ros2_ws/install/amr_msgs/include/amr_msgs/amr_msgs/msg/detail/choke_request__rosidl_typesupport_introspection_cpp.hpp
[1.425s] -- Up-to-date symlink: /home/neer/Desktop/SIH/ros2_ws/install/amr_msgs/include/amr_msgs/amr_msgs/msg/detail/detected_obstacle__rosidl_typesupport_introspection_cpp.hpp
[1.425s] -- Up-to-date symlink: /home/neer/Desktop/SIH/ros2_ws/install/amr_msgs/include/amr_msgs/amr_msgs/msg/detail/robot_plan__rosidl_typesupport_introspection_cpp.hpp
[1.425s] -- Up-to-date symlink: /home/neer/Desktop/SIH/ros2_ws/install/amr_msgs/include/amr_msgs/amr_msgs/msg/detail/robot_status__rosidl_typesupport_introspection_cpp.hpp
[1.425s] -- Up-to-date symlink: /home/neer/Desktop/SIH/ros2_ws/install/amr_msgs/share/amr_msgs/environment/pythonpath.sh
[1.425s] -- Up-to-date symlink: /home/neer/Desktop/SIH/ros2_ws/install/amr_msgs/share/amr_msgs/environment/pythonpath.dsv
[1.425s] -- Up-to-date symlink: /home/neer/Desktop/SIH/ros2_ws/install/amr_msgs/lib/python3.12/site-packages/amr_msgs-0.1.0-py3.12.egg-info/PKG-INFO
[1.425s] -- Up-to-date symlink: /home/neer/Desktop/SIH/ros2_ws/install/amr_msgs/lib/python3.12/site-packages/amr_msgs-0.1.0-py3.12.egg-info/SOURCES.txt
[1.425s] -- Up-to-date symlink: /home/neer/Desktop/SIH/ros2_ws/install/amr_msgs/lib/python3.12/site-packages/amr_msgs-0.1.0-py3.12.egg-info/dependency_links.txt
[1.425s] -- Up-to-date symlink: /home/neer/Desktop/SIH/ros2_ws/install/amr_msgs/lib/python3.12/site-packages/amr_msgs-0.1.0-py3.12.egg-info/top_level.txt
[1.426s] -- Up-to-date symlink: /home/neer/Desktop/SIH/ros2_ws/install/amr_msgs/lib/python3.12/site-packages/amr_msgs/__init__.py
[1.426s] -- Up-to-date symlink: /home/neer/Desktop/SIH/ros2_ws/install/amr_msgs/lib/python3.12/site-packages/amr_msgs/_amr_msgs_s.ep.rosidl_typesupport_c.c
[1.426s] -- Up-to-date symlink: /home/neer/Desktop/SIH/ros2_ws/install/amr_msgs/lib/python3.12/site-packages/amr_msgs/_amr_msgs_s.ep.rosidl_typesupport_fastrtps_c.c
[1.426s] -- Up-to-date symlink: /home/neer/Desktop/SIH/ros2_ws/install/amr_msgs/lib/python3.12/site-packages/amr_msgs/_amr_msgs_s.ep.rosidl_typesupport_introspection_c.c
[1.426s] -- Up-to-date symlink: /home/neer/Desktop/SIH/ros2_ws/install/amr_msgs/lib/python3.12/site-packages/amr_msgs/amr_msgs_s__rosidl_typesupport_c.so
[1.426s] -- Up-to-date symlink: /home/neer/Desktop/SIH/ros2_ws/install/amr_msgs/lib/python3.12/site-packages/amr_msgs/amr_msgs_s__rosidl_typesupport_fastrtps_c.so
[1.426s] -- Up-to-date symlink: /home/neer/Desktop/SIH/ros2_ws/install/amr_msgs/lib/python3.12/site-packages/amr_msgs/amr_msgs_s__rosidl_typesupport_introspection_c.so
[1.426s] -- Up-to-date symlink: /home/neer/Desktop/SIH/ros2_ws/install/amr_msgs/lib/python3.12/site-packages/amr_msgs/msg/__init__.py
[1.426s] -- Up-to-date symlink: /home/neer/Desktop/SIH/ros2_ws/install/amr_msgs/lib/python3.12/site-packages/amr_msgs/msg/_choke_request.py
[1.426s] -- Up-to-date symlink: /home/neer/Desktop/SIH/ros2_ws/install/amr_msgs/lib/python3.12/site-packages/amr_msgs/msg/_choke_request_s.c
[1.426s] -- Up-to-date symlink: /home/neer/Desktop/SIH/ros2_ws/install/amr_msgs/lib/python3.12/site-packages/amr_msgs/msg/_detected_obstacle.py
[1.426s] -- Up-to-date symlink: /home/neer/Desktop/SIH/ros2_ws/install/amr_msgs/lib/python3.12/site-packages/amr_msgs/msg/_detected_obstacle_s.c
[1.426s] -- Up-to-date symlink: /home/neer/Desktop/SIH/ros2_ws/install/amr_msgs/lib/python3.12/site-packages/amr_msgs/msg/_robot_plan.py
[1.427s] -- Up-to-date symlink: /home/neer/Desktop/SIH/ros2_ws/install/amr_msgs/lib/python3.12/site-packages/amr_msgs/msg/_robot_plan_s.c
[1.427s] -- Up-to-date symlink: /home/neer/Desktop/SIH/ros2_ws/install/amr_msgs/lib/python3.12/site-packages/amr_msgs/msg/_robot_status.py
[1.427s] -- Up-to-date symlink: /home/neer/Desktop/SIH/ros2_ws/install/amr_msgs/lib/python3.12/site-packages/amr_msgs/msg/_robot_status_s.c
[1.427s] -- Up-to-date symlink: /home/neer/Desktop/SIH/ros2_ws/install/amr_msgs/lib/python3.12/site-packages/amr_msgs/amr_msgs_s__rosidl_typesupport_fastrtps_c.so
[1.427s] -- Up-to-date symlink: /home/neer/Desktop/SIH/ros2_ws/install/amr_msgs/lib/python3.12/site-packages/amr_msgs/amr_msgs_s__rosidl_typesupport_introspection_c.so
[1.427s] -- Up-to-date symlink: /home/neer/Desktop/SIH/ros2_ws/install/amr_msgs/lib/python3.12/site-packages/amr_msgs/amr_msgs_s__rosidl_typesupport_c.so
[1.427s] -- Up-to-date symlink: /home/neer/Desktop/SIH/ros2_ws/install/amr_msgs/share/ament_index/resource_index/rust_packages/amr_msgs
[1.427s] -- Up-to-date symlink: /home/neer/Desktop/SIH/ros2_ws/install/amr_msgs/share/amr_msgs/rust/Cargo.toml
[1.427s] -- Up-to-date symlink: /home/neer/Desktop/SIH/ros2_ws/install/amr_msgs/share/amr_msgs/rust/build.rs
[1.427s] -- Up-to-date symlink: /home/neer/Desktop/SIH/ros2_ws/install/amr_msgs/share/amr_msgs/rust/src/lib.rs
[1.428s] -- Up-to-date symlink: /home/neer/Desktop/SIH/ros2_ws/install/amr_msgs/share/amr_msgs/rust/src/msg.rs
[1.428s] -- Up-to-date symlink: /home/neer/Desktop/SIH/ros2_ws/install/amr_msgs/share/amr_msgs/rust/src/msg/rmw.rs
[1.428s] -- Up-to-date symlink: /home/neer/Desktop/SIH/ros2_ws/install/amr_msgs/share/amr_msgs/msg/RobotPlan.idl
[1.428s] -- Up-to-date symlink: /home/neer/Desktop/SIH/ros2_ws/install/amr_msgs/share/amr_msgs/msg/DetectedObstacle.idl
[1.428s] -- Up-to-date symlink: /home/neer/Desktop/SIH/ros2_ws/install/amr_msgs/share/amr_msgs/msg/ChokeRequest.idl
[1.428s] -- Up-to-date symlink: /home/neer/Desktop/SIH/ros2_ws/install/amr_msgs/share/amr_msgs/msg/RobotStatus.idl
[1.428s] -- Up-to-date symlink: /home/neer/Desktop/SIH/ros2_ws/install/amr_msgs/share/amr_msgs/msg/RobotPlan.msg
[1.428s] -- Up-to-date symlink: /home/neer/Desktop/SIH/ros2_ws/install/amr_msgs/share/amr_msgs/msg/DetectedObstacle.msg
[1.428s] -- Up-to-date symlink: /home/neer/Desktop/SIH/ros2_ws/install/amr_msgs/share/amr_msgs/msg/ChokeRequest.msg
[1.428s] -- Up-to-date symlink: /home/neer/Desktop/SIH/ros2_ws/install/amr_msgs/share/amr_msgs/msg/RobotStatus.msg
[1.428s] -- Up-to-date symlink: /home/neer/Desktop/SIH/ros2_ws/install/amr_msgs/share/ament_index/resource_index/package_run_dependencies/amr_msgs
[1.428s] -- Up-to-date symlink: /home/neer/Desktop/SIH/ros2_ws/install/amr_msgs/share/ament_index/resource_index/parent_prefix_path/amr_msgs
[1.428s] -- Up-to-date symlink: /home/neer/Desktop/SIH/ros2_ws/install/amr_msgs/share/amr_msgs/environment/ament_prefix_path.sh
[1.429s] -- Up-to-date symlink: /home/neer/Desktop/SIH/ros2_ws/install/amr_msgs/share/amr_msgs/environment/ament_prefix_path.dsv
[1.429s] -- Up-to-date symlink: /home/neer/Desktop/SIH/ros2_ws/install/amr_msgs/share/amr_msgs/environment/path.sh
[1.429s] -- Up-to-date symlink: /home/neer/Desktop/SIH/ros2_ws/install/amr_msgs/share/amr_msgs/environment/path.dsv
[1.429s] -- Up-to-date symlink: /home/neer/Desktop/SIH/ros2_ws/install/amr_msgs/share/amr_msgs/local_setup.bash
[1.429s] -- Up-to-date symlink: /home/neer/Desktop/SIH/ros2_ws/install/amr_msgs/share/amr_msgs/local_setup.sh
[1.429s] -- Up-to-date symlink: /home/neer/Desktop/SIH/ros2_ws/install/amr_msgs/share/amr_msgs/local_setup.zsh
[1.429s] -- Up-to-date symlink: /home/neer/Desktop/SIH/ros2_ws/install/amr_msgs/share/amr_msgs/local_setup.dsv
[1.429s] -- Symlinking: /home/neer/Desktop/SIH/ros2_ws/install/amr_msgs/share/amr_msgs/package.dsv
[1.436s] -- Up-to-date symlink: /home/neer/Desktop/SIH/ros2_ws/install/amr_msgs/share/ament_index/resource_index/packages/amr_msgs
[1.436s] -- Up-to-date symlink: /home/neer/Desktop/SIH/ros2_ws/install/amr_msgs/share/amr_msgs/cmake/rosidl_cmake-extras.cmake
[1.436s] -- Up-to-date symlink: /home/neer/Desktop/SIH/ros2_ws/install/amr_msgs/share/amr_msgs/cmake/ament_cmake_export_dependencies-extras.cmake
[1.436s] -- Up-to-date symlink: /home/neer/Desktop/SIH/ros2_ws/install/amr_msgs/share/amr_msgs/cmake/ament_cmake_export_include_directories-extras.cmake
[1.436s] -- Up-to-date symlink: /home/neer/Desktop/SIH/ros2_ws/install/amr_msgs/share/amr_msgs/cmake/ament_cmake_export_libraries-extras.cmake
[1.436s] -- Up-to-date symlink: /home/neer/Desktop/SIH/ros2_ws/install/amr_msgs/share/amr_msgs/cmake/ament_cmake_export_targets-extras.cmake
[1.436s] -- Up-to-date symlink: /home/neer/Desktop/SIH/ros2_ws/install/amr_msgs/share/amr_msgs/cmake/rosidl_cmake_export_typesupport_targets-extras.cmake
[1.436s] -- Up-to-date symlink: /home/neer/Desktop/SIH/ros2_ws/install/amr_msgs/share/amr_msgs/cmake/rosidl_cmake_export_typesupport_libraries-extras.cmake
[1.436s] -- Up-to-date symlink: /home/neer/Desktop/SIH/ros2_ws/install/amr_msgs/share/amr_msgs/cmake/rosidl_cmake_aggregate_target-extras.cmake
[1.436s] -- Up-to-date symlink: /home/neer/Desktop/SIH/ros2_ws/install/amr_msgs/share/amr_msgs/cmake/amr_msgsConfig.cmake
[1.436s] -- Up-to-date symlink: /home/neer/Desktop/SIH/ros2_ws/install/amr_msgs/share/amr_msgs/cmake/amr_msgsConfig-version.cmake
[1.437s] -- Up-to-date symlink: /home/neer/Desktop/SIH/ros2_ws/install/amr_msgs/share/amr_msgs/package.xml
[1.437s] -- Up-to-date: /home/neer/Desktop/SIH/ros2_ws/install/amr_msgs/lib/libamr_msgs__rosidl_generator_c.so
[1.437s] -- Up-to-date: /home/neer/Desktop/SIH/ros2_ws/install/amr_msgs/lib/libamr_msgs__rosidl_typesupport_fastrtps_c.so
[1.437s] -- Up-to-date: /home/neer/Desktop/SIH/ros2_ws/install/amr_msgs/lib/libamr_msgs__rosidl_typesupport_introspection_c.so
[1.437s] -- Up-to-date: /home/neer/Desktop/SIH/ros2_ws/install/amr_msgs/lib/libamr_msgs__rosidl_typesupport_c.so
[1.437s] -- Up-to-date: /home/neer/Desktop/SIH/ros2_ws/install/amr_msgs/lib/libamr_msgs__rosidl_typesupport_fastrtps_cpp.so
[1.437s] -- Up-to-date: /home/neer/Desktop/SIH/ros2_ws/install/amr_msgs/lib/libamr_msgs__rosidl_typesupport_introspection_cpp.so
[1.437s] -- Up-to-date: /home/neer/Desktop/SIH/ros2_ws/install/amr_msgs/lib/libamr_msgs__rosidl_typesupport_cpp.so
[1.464s] Listing '/home/neer/Desktop/SIH/ros2_ws/install/amr_msgs/lib/python3.12/site-packages/amr_msgs'...
[1.464s] Compiling '/home/neer/Desktop/SIH/ros2_ws/install/amr_msgs/lib/python3.12/site-packages/amr_msgs/__init__.py'...
[1.465s] Listing '/home/neer/Desktop/SIH/ros2_ws/install/amr_msgs/lib/python3.12/site-packages/amr_msgs/msg'...
[1.469s] -- Up-to-date: /home/neer/Desktop/SIH/ros2_ws/install/amr_msgs/lib/libamr_msgs__rosidl_generator_py.so
[1.469s] -- Up-to-date: /home/neer/Desktop/SIH/ros2_ws/install/amr_msgs/share/amr_msgs/cmake/export_amr_msgs__rosidl_generator_cExport.cmake
[1.469s] -- Up-to-date: /home/neer/Desktop/SIH/ros2_ws/install/amr_msgs/share/amr_msgs/cmake/export_amr_msgs__rosidl_generator_cExport-noconfig.cmake
[1.469s] -- Up-to-date: /home/neer/Desktop/SIH/ros2_ws/install/amr_msgs/share/amr_msgs/cmake/export_amr_msgs__rosidl_typesupport_fastrtps_cExport.cmake
[1.469s] -- Up-to-date: /home/neer/Desktop/SIH/ros2_ws/install/amr_msgs/share/amr_msgs/cmake/export_amr_msgs__rosidl_typesupport_fastrtps_cExport-noconfig.cmake
[1.469s] -- Up-to-date: /home/neer/Desktop/SIH/ros2_ws/install/amr_msgs/share/amr_msgs/cmake/amr_msgs__rosidl_typesupport_introspection_cExport.cmake
[1.469s] -- Up-to-date: /home/neer/Desktop/SIH/ros2_ws/install/amr_msgs/share/amr_msgs/cmake/amr_msgs__rosidl_typesupport_introspection_cExport-noconfig.cmake
[1.469s] -- Up-to-date: /home/neer/Desktop/SIH/ros2_ws/install/amr_msgs/share/amr_msgs/cmake/amr_msgs__rosidl_typesupport_cExport.cmake
[1.469s] -- Up-to-date: /home/neer/Desktop/SIH/ros2_ws/install/amr_msgs/share/amr_msgs/cmake/amr_msgs__rosidl_typesupport_cExport-noconfig.cmake
[1.469s] -- Up-to-date: /home/neer/Desktop/SIH/ros2_ws/install/amr_msgs/share/amr_msgs/cmake/export_amr_msgs__rosidl_generator_cppExport.cmake
[1.469s] -- Up-to-date: /home/neer/Desktop/SIH/ros2_ws/install/amr_msgs/share/amr_msgs/cmake/export_amr_msgs__rosidl_typesupport_fastrtps_cppExport.cmake
[1.469s] -- Up-to-date: /home/neer/Desktop/SIH/ros2_ws/install/amr_msgs/share/amr_msgs/cmake/export_amr_msgs__rosidl_typesupport_fastrtps_cppExport-noconfig.cmake
[1.469s] -- Up-to-date: /home/neer/Desktop/SIH/ros2_ws/install/amr_msgs/share/amr_msgs/cmake/amr_msgs__rosidl_typesupport_introspection_cppExport.cmake
[1.469s] -- Up-to-date: /home/neer/Desktop/SIH/ros2_ws/install/amr_msgs/share/amr_msgs/cmake/amr_msgs__rosidl_typesupport_introspection_cppExport-noconfig.cmake
[1.469s] -- Up-to-date: /home/neer/Desktop/SIH/ros2_ws/install/amr_msgs/share/amr_msgs/cmake/amr_msgs__rosidl_typesupport_cppExport.cmake
[1.469s] -- Up-to-date: /home/neer/Desktop/SIH/ros2_ws/install/amr_msgs/share/amr_msgs/cmake/amr_msgs__rosidl_typesupport_cppExport-noconfig.cmake
[1.469s] -- Up-to-date: /home/neer/Desktop/SIH/ros2_ws/install/amr_msgs/share/amr_msgs/cmake/export_amr_msgs__rosidl_generator_pyExport.cmake
[1.469s] -- Up-to-date: /home/neer/Desktop/SIH/ros2_ws/install/amr_msgs/share/amr_msgs/cmake/export_amr_msgs__rosidl_generator_pyExport-noconfig.cmake
[1.471s] Invoked command in '/home/neer/Desktop/SIH/ros2_ws/build/amr_msgs' returned '0': CMAKE_PREFIX_PATH=${CMAKE_PREFIX_PATH}:/opt/ros/jazzy DEBUGINFOD_URLS=https://debuginfod.ubuntu.com /usr/bin/cmake --install /home/neer/Desktop/SIH/ros2_ws/build/amr_msgs
