-- The C compiler identification is GNU 13.3.0
-- The CXX compiler identification is GNU 13.3.0
-- Detecting C compiler ABI info
-- Detecting C compiler ABI info - done
-- Check for working C compiler: /usr/bin/cc - skipped
-- Detecting C compile features
-- Detecting C compile features - done
-- Detecting CXX compiler ABI info
-- Detecting CXX compiler ABI info - done
-- Check for working CXX compiler: /usr/bin/c++ - skipped
-- Detecting CXX compile features
-- Detecting CXX compile features - done
-- Found ament_cmake: 2.5.6 (/opt/ros/jazzy/share/ament_cmake/cmake)
-- Found Python3: /usr/bin/python3 (found version "3.12.3") found components: Interpreter 
-- Override CMake install command with custom implementation using symlinks instead of copying resources
-- Configuring done (0.7s)
-- Generating done (0.0s)
-- Build files have been written to: /home/neer/Desktop/SIH/ros2_ws/build/amr_bringup
-- Install configuration: ""
-- Execute custom install script
-- Symlinking: /home/neer/Desktop/SIH/ros2_ws/install/amr_bringup/share/amr_bringup/launch/full_baseline.launch.py
-- Symlinking: /home/neer/Desktop/SIH/ros2_ws/install/amr_bringup/share/amr_bringup/launch/full_demo.launch.py
-- Symlinking: /home/neer/Desktop/SIH/ros2_ws/install/amr_bringup/share/ament_index/resource_index/package_run_dependencies/amr_bringup
-- Symlinking: /home/neer/Desktop/SIH/ros2_ws/install/amr_bringup/share/ament_index/resource_index/parent_prefix_path/amr_bringup
-- Symlinking: /home/neer/Desktop/SIH/ros2_ws/install/amr_bringup/share/amr_bringup/environment/ament_prefix_path.sh
-- Symlinking: /home/neer/Desktop/SIH/ros2_ws/install/amr_bringup/share/amr_bringup/environment/ament_prefix_path.dsv
-- Symlinking: /home/neer/Desktop/SIH/ros2_ws/install/amr_bringup/share/amr_bringup/environment/path.sh
-- Symlinking: /home/neer/Desktop/SIH/ros2_ws/install/amr_bringup/share/amr_bringup/environment/path.dsv
-- Symlinking: /home/neer/Desktop/SIH/ros2_ws/install/amr_bringup/share/amr_bringup/local_setup.bash
-- Symlinking: /home/neer/Desktop/SIH/ros2_ws/install/amr_bringup/share/amr_bringup/local_setup.sh
-- Symlinking: /home/neer/Desktop/SIH/ros2_ws/install/amr_bringup/share/amr_bringup/local_setup.zsh
-- Symlinking: /home/neer/Desktop/SIH/ros2_ws/install/amr_bringup/share/amr_bringup/local_setup.dsv
-- Symlinking: /home/neer/Desktop/SIH/ros2_ws/install/amr_bringup/share/amr_bringup/package.dsv
-- Symlinking: /home/neer/Desktop/SIH/ros2_ws/install/amr_bringup/share/ament_index/resource_index/packages/amr_bringup
-- Symlinking: /home/neer/Desktop/SIH/ros2_ws/install/amr_bringup/share/amr_bringup/cmake/amr_bringupConfig.cmake
-- Symlinking: /home/neer/Desktop/SIH/ros2_ws/install/amr_bringup/share/amr_bringup/cmake/amr_bringupConfig-version.cmake
-- Symlinking: /home/neer/Desktop/SIH/ros2_ws/install/amr_bringup/share/amr_bringup/package.xml
