[0.007s] Invoking command in '/home/neer/Desktop/SIH/ros2_ws/build/amr_nav': CMAKE_PREFIX_PATH=${CMAKE_PREFIX_PATH}:/opt/ros/jazzy DEBUGINFOD_URLS=https://debuginfod.ubuntu.com /usr/bin/cmake /home/neer/Desktop/SIH/ros2_ws/src/amr_nav -DAMENT_CMAKE_SYMLINK_INSTALL=1 -DCMAKE_INSTALL_PREFIX=/home/neer/Desktop/SIH/ros2_ws/install/amr_nav
[0.056s] -- The C compiler identification is GNU 13.3.0
[0.120s] -- The CXX compiler identification is GNU 13.3.0
[0.135s] -- Detecting C compiler ABI info
[0.246s] -- Detecting C compiler ABI info - done
[0.259s] -- Check for working C compiler: /usr/bin/cc - skipped
[0.259s] -- Detecting C compile features
[0.259s] -- Detecting C compile features - done
[0.270s] -- Detecting CXX compiler ABI info
[0.387s] -- Detecting CXX compiler ABI info - done
[0.400s] -- Check for working CXX compiler: /usr/bin/c++ - skipped
[0.401s] -- Detecting CXX compile features
[0.401s] -- Detecting CXX compile features - done
[0.403s] -- Found ament_cmake: 2.5.6 (/opt/ros/jazzy/share/ament_cmake/cmake)
[0.536s] -- Found Python3: /usr/bin/python3 (found version "3.12.3") found components: Interpreter 
[0.588s] -- Override CMake install command with custom implementation using symlinks instead of copying resources
[0.687s] -- Configuring done (0.7s)
[0.689s] -- Generating done (0.0s)
[0.689s] -- Build files have been written to: /home/neer/Desktop/SIH/ros2_ws/build/amr_nav
[0.694s] Invoked command in '/home/neer/Desktop/SIH/ros2_ws/build/amr_nav' returned '0': CMAKE_PREFIX_PATH=${CMAKE_PREFIX_PATH}:/opt/ros/jazzy DEBUGINFOD_URLS=https://debuginfod.ubuntu.com /usr/bin/cmake /home/neer/Desktop/SIH/ros2_ws/src/amr_nav -DAMENT_CMAKE_SYMLINK_INSTALL=1 -DCMAKE_INSTALL_PREFIX=/home/neer/Desktop/SIH/ros2_ws/install/amr_nav
[0.695s] Invoking command in '/home/neer/Desktop/SIH/ros2_ws/build/amr_nav': CMAKE_PREFIX_PATH=${CMAKE_PREFIX_PATH}:/opt/ros/jazzy DEBUGINFOD_URLS=https://debuginfod.ubuntu.com /usr/bin/cmake --build /home/neer/Desktop/SIH/ros2_ws/build/amr_nav -- -j28 -l28
[0.734s] Invoked command in '/home/neer/Desktop/SIH/ros2_ws/build/amr_nav' returned '0': CMAKE_PREFIX_PATH=${CMAKE_PREFIX_PATH}:/opt/ros/jazzy DEBUGINFOD_URLS=https://debuginfod.ubuntu.com /usr/bin/cmake --build /home/neer/Desktop/SIH/ros2_ws/build/amr_nav -- -j28 -l28
[0.743s] Invoking command in '/home/neer/Desktop/SIH/ros2_ws/build/amr_nav': CMAKE_PREFIX_PATH=${CMAKE_PREFIX_PATH}:/opt/ros/jazzy DEBUGINFOD_URLS=https://debuginfod.ubuntu.com /usr/bin/cmake --install /home/neer/Desktop/SIH/ros2_ws/build/amr_nav
[0.753s] -- Install configuration: ""
[0.753s] -- Execute custom install script
[0.754s] -- Symlinking: /home/neer/Desktop/SIH/ros2_ws/install/amr_nav/share/amr_nav/config/nav2_params.yaml
[0.762s] -- Symlinking: /home/neer/Desktop/SIH/ros2_ws/install/amr_nav/share/amr_nav/maps/warehouse_map.pgm
[0.771s] -- Symlinking: /home/neer/Desktop/SIH/ros2_ws/install/amr_nav/share/amr_nav/maps/warehouse_map.yaml
[0.780s] -- Symlinking: /home/neer/Desktop/SIH/ros2_ws/install/amr_nav/share/amr_nav/launch/robot_nav.launch.py
[0.787s] -- Symlinking: /home/neer/Desktop/SIH/ros2_ws/install/amr_nav/share/ament_index/resource_index/package_run_dependencies/amr_nav
[0.795s] -- Symlinking: /home/neer/Desktop/SIH/ros2_ws/install/amr_nav/share/ament_index/resource_index/parent_prefix_path/amr_nav
[0.801s] -- Symlinking: /home/neer/Desktop/SIH/ros2_ws/install/amr_nav/share/amr_nav/environment/ament_prefix_path.sh
[0.807s] -- Symlinking: /home/neer/Desktop/SIH/ros2_ws/install/amr_nav/share/amr_nav/environment/ament_prefix_path.dsv
[0.815s] -- Symlinking: /home/neer/Desktop/SIH/ros2_ws/install/amr_nav/share/amr_nav/environment/path.sh
[0.823s] -- Symlinking: /home/neer/Desktop/SIH/ros2_ws/install/amr_nav/share/amr_nav/environment/path.dsv
[0.830s] -- Symlinking: /home/neer/Desktop/SIH/ros2_ws/install/amr_nav/share/amr_nav/local_setup.bash
[0.838s] -- Symlinking: /home/neer/Desktop/SIH/ros2_ws/install/amr_nav/share/amr_nav/local_setup.sh
[0.845s] -- Symlinking: /home/neer/Desktop/SIH/ros2_ws/install/amr_nav/share/amr_nav/local_setup.zsh
[0.850s] -- Symlinking: /home/neer/Desktop/SIH/ros2_ws/install/amr_nav/share/amr_nav/local_setup.dsv
[0.857s] -- Symlinking: /home/neer/Desktop/SIH/ros2_ws/install/amr_nav/share/amr_nav/package.dsv
[0.863s] -- Symlinking: /home/neer/Desktop/SIH/ros2_ws/install/amr_nav/share/ament_index/resource_index/packages/amr_nav
[0.870s] -- Symlinking: /home/neer/Desktop/SIH/ros2_ws/install/amr_nav/share/amr_nav/cmake/amr_navConfig.cmake
[0.877s] -- Symlinking: /home/neer/Desktop/SIH/ros2_ws/install/amr_nav/share/amr_nav/cmake/amr_navConfig-version.cmake
[0.884s] -- Symlinking: /home/neer/Desktop/SIH/ros2_ws/install/amr_nav/share/amr_nav/package.xml
[0.891s] Invoked command in '/home/neer/Desktop/SIH/ros2_ws/build/amr_nav' returned '0': CMAKE_PREFIX_PATH=${CMAKE_PREFIX_PATH}:/opt/ros/jazzy DEBUGINFOD_URLS=https://debuginfod.ubuntu.com /usr/bin/cmake --install /home/neer/Desktop/SIH/ros2_ws/build/amr_nav
