[1.620s] Invoking command in '/home/piyansh46/Code/SIH_2026/ros2_ws/build/amr_coordination': AMENT_PREFIX_PATH=/home/piyansh46/Code/SIH_2026/ros2_ws/install/amr_msgs:${AMENT_PREFIX_PATH} CMAKE_PREFIX_PATH=/home/piyansh46/Code/SIH_2026/ros2_ws/install/amr_msgs:${CMAKE_PREFIX_PATH} DEBUGINFOD_URLS=https://debuginfod.ubuntu.com LD_LIBRARY_PATH=/home/piyansh46/Code/SIH_2026/ros2_ws/install/amr_msgs/lib:${LD_LIBRARY_PATH} PYTHONPATH=/home/piyansh46/Code/SIH_2026/ros2_ws/build/amr_coordination/prefix_override:/usr/lib/python3/dist-packages/colcon_core/task/python/colcon_distutils_commands:/home/piyansh46/Code/SIH_2026/ros2_ws/install/amr_coordination/lib/python3.12/site-packages:/home/piyansh46/Code/SIH_2026/ros2_ws/install/amr_msgs/lib/python3.12/site-packages:${PYTHONPATH} /usr/bin/python3 -W ignore:setup.py install is deprecated -W ignore:easy_install command is deprecated setup.py develop --editable --build-directory /home/piyansh46/Code/SIH_2026/ros2_ws/build/amr_coordination/build --no-deps symlink_data
[1.963s] running develop
[2.149s] running egg_info
[2.167s] writing amr_coordination.egg-info/PKG-INFO
[2.167s] writing dependency_links to amr_coordination.egg-info/dependency_links.txt
[2.168s] writing entry points to amr_coordination.egg-info/entry_points.txt
[2.168s] writing requirements to amr_coordination.egg-info/requires.txt
[2.168s] writing top-level names to amr_coordination.egg-info/top_level.txt
[2.204s] reading manifest file 'amr_coordination.egg-info/SOURCES.txt'
[2.206s] writing manifest file 'amr_coordination.egg-info/SOURCES.txt'
[2.227s] running build_ext
[2.228s] Creating /home/piyansh46/Code/SIH_2026/ros2_ws/install/amr_coordination/lib/python3.12/site-packages/amr-coordination.egg-link (link to .)
[2.229s] Installing choke_negotiator script to /home/piyansh46/Code/SIH_2026/ros2_ws/install/amr_coordination/lib/amr_coordination
[2.229s] Installing conflict_detector script to /home/piyansh46/Code/SIH_2026/ros2_ws/install/amr_coordination/lib/amr_coordination
[2.229s] Installing goal_dispatcher script to /home/piyansh46/Code/SIH_2026/ros2_ws/install/amr_coordination/lib/amr_coordination
[2.229s] Installing goal_sequencer script to /home/piyansh46/Code/SIH_2026/ros2_ws/install/amr_coordination/lib/amr_coordination
[2.229s] Installing metrics_logger script to /home/piyansh46/Code/SIH_2026/ros2_ws/install/amr_coordination/lib/amr_coordination
[2.229s] Installing obstacle_relay script to /home/piyansh46/Code/SIH_2026/ros2_ws/install/amr_coordination/lib/amr_coordination
[2.229s] Installing path_sharer script to /home/piyansh46/Code/SIH_2026/ros2_ws/install/amr_coordination/lib/amr_coordination
[2.229s] Installing send_goal script to /home/piyansh46/Code/SIH_2026/ros2_ws/install/amr_coordination/lib/amr_coordination
[2.229s] Installing web_bridge_node script to /home/piyansh46/Code/SIH_2026/ros2_ws/install/amr_coordination/lib/amr_coordination
[2.230s] 
[2.230s] Installed /home/piyansh46/Code/SIH_2026/ros2_ws/build/amr_coordination
[2.230s] running symlink_data
[2.309s] Invoked command in '/home/piyansh46/Code/SIH_2026/ros2_ws/build/amr_coordination' returned '0': AMENT_PREFIX_PATH=/home/piyansh46/Code/SIH_2026/ros2_ws/install/amr_msgs:${AMENT_PREFIX_PATH} CMAKE_PREFIX_PATH=/home/piyansh46/Code/SIH_2026/ros2_ws/install/amr_msgs:${CMAKE_PREFIX_PATH} DEBUGINFOD_URLS=https://debuginfod.ubuntu.com LD_LIBRARY_PATH=/home/piyansh46/Code/SIH_2026/ros2_ws/install/amr_msgs/lib:${LD_LIBRARY_PATH} PYTHONPATH=/home/piyansh46/Code/SIH_2026/ros2_ws/build/amr_coordination/prefix_override:/usr/lib/python3/dist-packages/colcon_core/task/python/colcon_distutils_commands:/home/piyansh46/Code/SIH_2026/ros2_ws/install/amr_coordination/lib/python3.12/site-packages:/home/piyansh46/Code/SIH_2026/ros2_ws/install/amr_msgs/lib/python3.12/site-packages:${PYTHONPATH} /usr/bin/python3 -W ignore:setup.py install is deprecated -W ignore:easy_install command is deprecated setup.py develop --editable --build-directory /home/piyansh46/Code/SIH_2026/ros2_ws/build/amr_coordination/build --no-deps symlink_data
