[0.006s] Invoking command in '/home/neer/Desktop/SIH/ros2_ws/build/amr_nav': CMAKE_PREFIX_PATH=${CMAKE_PREFIX_PATH}:/home/neer/Desktop/SIH/ros2_ws/install/amr_coordination:/opt/ros/jazzy DEBUGINFOD_URLS=https://debuginfod.ubuntu.com /usr/bin/cmake /home/neer/Desktop/SIH/ros2_ws/src/amr_nav -DCMAKE_INSTALL_PREFIX=/home/neer/Desktop/SIH/ros2_ws/install/amr_nav
[0.013s] -- Found ament_cmake: 2.5.6 (/opt/ros/jazzy/share/ament_cmake/cmake)
[0.134s] -- Override CMake install command with custom implementation using symlinks instead of copying resources
[0.187s] -- Configuring done (0.2s)
[0.188s] -- Generating done (0.0s)
[0.189s] -- Build files have been written to: /home/neer/Desktop/SIH/ros2_ws/build/amr_nav
[0.191s] Invoked command in '/home/neer/Desktop/SIH/ros2_ws/build/amr_nav' returned '0': CMAKE_PREFIX_PATH=${CMAKE_PREFIX_PATH}:/home/neer/Desktop/SIH/ros2_ws/install/amr_coordination:/opt/ros/jazzy DEBUGINFOD_URLS=https://debuginfod.ubuntu.com /usr/bin/cmake /home/neer/Desktop/SIH/ros2_ws/src/amr_nav -DCMAKE_INSTALL_PREFIX=/home/neer/Desktop/SIH/ros2_ws/install/amr_nav
[0.191s] Invoking command in '/home/neer/Desktop/SIH/ros2_ws/build/amr_nav': CMAKE_PREFIX_PATH=${CMAKE_PREFIX_PATH}:/home/neer/Desktop/SIH/ros2_ws/install/amr_coordination:/opt/ros/jazzy DEBUGINFOD_URLS=https://debuginfod.ubuntu.com /usr/bin/cmake --build /home/neer/Desktop/SIH/ros2_ws/build/amr_nav -- -j28 -l28
[0.215s] Invoked command in '/home/neer/Desktop/SIH/ros2_ws/build/amr_nav' returned '0': CMAKE_PREFIX_PATH=${CMAKE_PREFIX_PATH}:/home/neer/Desktop/SIH/ros2_ws/install/amr_coordination:/opt/ros/jazzy DEBUGINFOD_URLS=https://debuginfod.ubuntu.com /usr/bin/cmake --build /home/neer/Desktop/SIH/ros2_ws/build/amr_nav -- -j28 -l28
[0.220s] Invoking command in '/home/neer/Desktop/SIH/ros2_ws/build/amr_nav': CMAKE_PREFIX_PATH=${CMAKE_PREFIX_PATH}:/home/neer/Desktop/SIH/ros2_ws/install/amr_coordination:/opt/ros/jazzy DEBUGINFOD_URLS=https://debuginfod.ubuntu.com /usr/bin/cmake --install /home/neer/Desktop/SIH/ros2_ws/build/amr_nav
[0.225s] -- Install configuration: ""
[0.226s] -- Execute custom install script
[0.226s] -- Up-to-date symlink: /home/neer/Desktop/SIH/ros2_ws/install/amr_nav/share/amr_nav/config/nav2_params.yaml
[0.226s] -- Up-to-date symlink: /home/neer/Desktop/SIH/ros2_ws/install/amr_nav/share/amr_nav/maps/warehouse_map.pgm
[0.226s] -- Up-to-date symlink: /home/neer/Desktop/SIH/ros2_ws/install/amr_nav/share/amr_nav/maps/warehouse_map.yaml
[0.227s] -- Up-to-date symlink: /home/neer/Desktop/SIH/ros2_ws/install/amr_nav/share/amr_nav/launch/robot_nav.launch.py
[0.227s] -- Up-to-date symlink: /home/neer/Desktop/SIH/ros2_ws/install/amr_nav/share/ament_index/resource_index/package_run_dependencies/amr_nav
[0.227s] -- Up-to-date symlink: /home/neer/Desktop/SIH/ros2_ws/install/amr_nav/share/ament_index/resource_index/parent_prefix_path/amr_nav
[0.227s] -- Up-to-date symlink: /home/neer/Desktop/SIH/ros2_ws/install/amr_nav/share/amr_nav/environment/ament_prefix_path.sh
[0.227s] -- Up-to-date symlink: /home/neer/Desktop/SIH/ros2_ws/install/amr_nav/share/amr_nav/environment/ament_prefix_path.dsv
[0.227s] -- Up-to-date symlink: /home/neer/Desktop/SIH/ros2_ws/install/amr_nav/share/amr_nav/environment/path.sh
[0.227s] -- Up-to-date symlink: /home/neer/Desktop/SIH/ros2_ws/install/amr_nav/share/amr_nav/environment/path.dsv
[0.227s] -- Up-to-date symlink: /home/neer/Desktop/SIH/ros2_ws/install/amr_nav/share/amr_nav/local_setup.bash
[0.227s] -- Up-to-date symlink: /home/neer/Desktop/SIH/ros2_ws/install/amr_nav/share/amr_nav/local_setup.sh
[0.227s] -- Up-to-date symlink: /home/neer/Desktop/SIH/ros2_ws/install/amr_nav/share/amr_nav/local_setup.zsh
[0.228s] -- Up-to-date symlink: /home/neer/Desktop/SIH/ros2_ws/install/amr_nav/share/amr_nav/local_setup.dsv
[0.228s] -- Symlinking: /home/neer/Desktop/SIH/ros2_ws/install/amr_nav/share/amr_nav/package.dsv
[0.232s] -- Up-to-date symlink: /home/neer/Desktop/SIH/ros2_ws/install/amr_nav/share/ament_index/resource_index/packages/amr_nav
[0.232s] -- Up-to-date symlink: /home/neer/Desktop/SIH/ros2_ws/install/amr_nav/share/amr_nav/cmake/amr_navConfig.cmake
[0.232s] -- Up-to-date symlink: /home/neer/Desktop/SIH/ros2_ws/install/amr_nav/share/amr_nav/cmake/amr_navConfig-version.cmake
[0.232s] -- Up-to-date symlink: /home/neer/Desktop/SIH/ros2_ws/install/amr_nav/share/amr_nav/package.xml
[0.234s] Invoked command in '/home/neer/Desktop/SIH/ros2_ws/build/amr_nav' returned '0': CMAKE_PREFIX_PATH=${CMAKE_PREFIX_PATH}:/home/neer/Desktop/SIH/ros2_ws/install/amr_coordination:/opt/ros/jazzy DEBUGINFOD_URLS=https://debuginfod.ubuntu.com /usr/bin/cmake --install /home/neer/Desktop/SIH/ros2_ws/build/amr_nav
