[0.111s] DEBUG:colcon:Command line arguments: ['/usr/bin/colcon', 'build', '--symlink-install']
[0.111s] DEBUG:colcon:Parsed command line arguments: Namespace(log_base=None, log_level=None, verb_name='build', build_base='build', install_base='install', merge_install=False, symlink_install=True, test_result_base=None, continue_on_error=False, executor='parallel', parallel_workers=12, event_handlers=None, ignore_user_meta=False, metas=['./colcon.meta'], base_paths=['.'], packages_ignore=None, packages_ignore_regex=None, paths=None, packages_up_to=None, packages_up_to_regex=None, packages_above=None, packages_above_and_dependencies=None, packages_above_depth=None, packages_select_by_dep=None, packages_skip_by_dep=None, packages_skip_up_to=None, packages_select_build_failed=False, packages_skip_build_finished=False, packages_select_test_failures=False, packages_skip_test_passed=False, packages_select=None, packages_skip=None, packages_select_regex=None, packages_skip_regex=None, packages_start=None, packages_end=None, cmake_args=None, cmake_target=None, cmake_target_skip_unavailable=False, cmake_clean_cache=False, cmake_clean_first=False, cmake_force_configure=False, ament_cmake_args=None, catkin_cmake_args=None, catkin_skip_building_tests=False, verb_parser=<colcon_defaults.argument_parser.defaults.DefaultArgumentsDecorator object at 0x7682ca3fa9c0>, verb_extension=<colcon_core.verb.build.BuildVerb object at 0x7682ca3fa0f0>, main=<bound method BuildVerb.main of <colcon_core.verb.build.BuildVerb object at 0x7682ca3fa0f0>>)
[0.148s] Level 1:colcon.colcon_core.package_discovery:discover_packages(colcon_meta) check parameters
[0.148s] Level 1:colcon.colcon_core.package_discovery:discover_packages(recursive) check parameters
[0.148s] Level 1:colcon.colcon_core.package_discovery:discover_packages(ignore) check parameters
[0.148s] Level 1:colcon.colcon_core.package_discovery:discover_packages(path) check parameters
[0.148s] Level 1:colcon.colcon_core.package_discovery:discover_packages(colcon_meta) discover
[0.148s] Level 1:colcon.colcon_core.package_discovery:discover_packages(recursive) discover
[0.148s] INFO:colcon.colcon_core.package_discovery:Crawling recursively for packages in '/home/piyansh46/Code/SIH_2026/ros2_ws'
[0.148s] Level 1:colcon.colcon_core.package_identification:_identify(.) by extensions ['ignore', 'ignore_ament_install']
[0.148s] Level 1:colcon.colcon_core.package_identification:_identify(.) by extension 'ignore'
[0.148s] Level 1:colcon.colcon_core.package_identification:_identify(.) by extension 'ignore_ament_install'
[0.148s] Level 1:colcon.colcon_core.package_identification:_identify(.) by extensions ['colcon_pkg']
[0.148s] Level 1:colcon.colcon_core.package_identification:_identify(.) by extension 'colcon_pkg'
[0.148s] Level 1:colcon.colcon_core.package_identification:_identify(.) by extensions ['colcon_meta']
[0.148s] Level 1:colcon.colcon_core.package_identification:_identify(.) by extension 'colcon_meta'
[0.148s] Level 1:colcon.colcon_core.package_identification:_identify(.) by extensions ['ros']
[0.149s] Level 1:colcon.colcon_core.package_identification:_identify(.) by extension 'ros'
[0.171s] Level 1:colcon.colcon_core.package_identification:_identify(.) by extensions ['cmake', 'python']
[0.171s] Level 1:colcon.colcon_core.package_identification:_identify(.) by extension 'cmake'
[0.171s] Level 1:colcon.colcon_core.package_identification:_identify(.) by extension 'python'
[0.171s] Level 1:colcon.colcon_core.package_identification:_identify(.) by extensions ['python_setup_py']
[0.171s] Level 1:colcon.colcon_core.package_identification:_identify(.) by extension 'python_setup_py'
[0.171s] Level 1:colcon.colcon_core.package_identification:_identify(build) by extensions ['ignore', 'ignore_ament_install']
[0.171s] Level 1:colcon.colcon_core.package_identification:_identify(build) by extension 'ignore'
[0.171s] Level 1:colcon.colcon_core.package_identification:_identify(build) ignored
[0.171s] Level 1:colcon.colcon_core.package_identification:_identify(install) by extensions ['ignore', 'ignore_ament_install']
[0.171s] Level 1:colcon.colcon_core.package_identification:_identify(install) by extension 'ignore'
[0.171s] Level 1:colcon.colcon_core.package_identification:_identify(install) ignored
[0.171s] Level 1:colcon.colcon_core.package_identification:_identify(log) by extensions ['ignore', 'ignore_ament_install']
[0.171s] Level 1:colcon.colcon_core.package_identification:_identify(log) by extension 'ignore'
[0.171s] Level 1:colcon.colcon_core.package_identification:_identify(log) ignored
[0.172s] Level 1:colcon.colcon_core.package_identification:_identify(results) by extensions ['ignore', 'ignore_ament_install']
[0.172s] Level 1:colcon.colcon_core.package_identification:_identify(results) by extension 'ignore'
[0.172s] Level 1:colcon.colcon_core.package_identification:_identify(results) by extension 'ignore_ament_install'
[0.172s] Level 1:colcon.colcon_core.package_identification:_identify(results) by extensions ['colcon_pkg']
[0.172s] Level 1:colcon.colcon_core.package_identification:_identify(results) by extension 'colcon_pkg'
[0.172s] Level 1:colcon.colcon_core.package_identification:_identify(results) by extensions ['colcon_meta']
[0.172s] Level 1:colcon.colcon_core.package_identification:_identify(results) by extension 'colcon_meta'
[0.172s] Level 1:colcon.colcon_core.package_identification:_identify(results) by extensions ['ros']
[0.172s] Level 1:colcon.colcon_core.package_identification:_identify(results) by extension 'ros'
[0.172s] Level 1:colcon.colcon_core.package_identification:_identify(results) by extensions ['cmake', 'python']
[0.172s] Level 1:colcon.colcon_core.package_identification:_identify(results) by extension 'cmake'
[0.172s] Level 1:colcon.colcon_core.package_identification:_identify(results) by extension 'python'
[0.172s] Level 1:colcon.colcon_core.package_identification:_identify(results) by extensions ['python_setup_py']
[0.172s] Level 1:colcon.colcon_core.package_identification:_identify(results) by extension 'python_setup_py'
[0.172s] Level 1:colcon.colcon_core.package_identification:_identify(src) by extensions ['ignore', 'ignore_ament_install']
[0.172s] Level 1:colcon.colcon_core.package_identification:_identify(src) by extension 'ignore'
[0.172s] Level 1:colcon.colcon_core.package_identification:_identify(src) by extension 'ignore_ament_install'
[0.172s] Level 1:colcon.colcon_core.package_identification:_identify(src) by extensions ['colcon_pkg']
[0.172s] Level 1:colcon.colcon_core.package_identification:_identify(src) by extension 'colcon_pkg'
[0.172s] Level 1:colcon.colcon_core.package_identification:_identify(src) by extensions ['colcon_meta']
[0.172s] Level 1:colcon.colcon_core.package_identification:_identify(src) by extension 'colcon_meta'
[0.172s] Level 1:colcon.colcon_core.package_identification:_identify(src) by extensions ['ros']
[0.172s] Level 1:colcon.colcon_core.package_identification:_identify(src) by extension 'ros'
[0.172s] Level 1:colcon.colcon_core.package_identification:_identify(src) by extensions ['cmake', 'python']
[0.172s] Level 1:colcon.colcon_core.package_identification:_identify(src) by extension 'cmake'
[0.172s] Level 1:colcon.colcon_core.package_identification:_identify(src) by extension 'python'
[0.172s] Level 1:colcon.colcon_core.package_identification:_identify(src) by extensions ['python_setup_py']
[0.172s] Level 1:colcon.colcon_core.package_identification:_identify(src) by extension 'python_setup_py'
[0.172s] Level 1:colcon.colcon_core.package_identification:_identify(src/amr_bringup) by extensions ['ignore', 'ignore_ament_install']
[0.172s] Level 1:colcon.colcon_core.package_identification:_identify(src/amr_bringup) by extension 'ignore'
[0.172s] Level 1:colcon.colcon_core.package_identification:_identify(src/amr_bringup) by extension 'ignore_ament_install'
[0.173s] Level 1:colcon.colcon_core.package_identification:_identify(src/amr_bringup) by extensions ['colcon_pkg']
[0.173s] Level 1:colcon.colcon_core.package_identification:_identify(src/amr_bringup) by extension 'colcon_pkg'
[0.173s] Level 1:colcon.colcon_core.package_identification:_identify(src/amr_bringup) by extensions ['colcon_meta']
[0.173s] Level 1:colcon.colcon_core.package_identification:_identify(src/amr_bringup) by extension 'colcon_meta'
[0.173s] Level 1:colcon.colcon_core.package_identification:_identify(src/amr_bringup) by extensions ['ros']
[0.173s] Level 1:colcon.colcon_core.package_identification:_identify(src/amr_bringup) by extension 'ros'
[0.177s] DEBUG:colcon.colcon_core.package_identification:Package 'src/amr_bringup' with type 'ros.ament_cmake' and name 'amr_bringup'
[0.177s] Level 1:colcon.colcon_core.package_identification:_identify(src/amr_coordination) by extensions ['ignore', 'ignore_ament_install']
[0.178s] Level 1:colcon.colcon_core.package_identification:_identify(src/amr_coordination) by extension 'ignore'
[0.178s] Level 1:colcon.colcon_core.package_identification:_identify(src/amr_coordination) by extension 'ignore_ament_install'
[0.178s] Level 1:colcon.colcon_core.package_identification:_identify(src/amr_coordination) by extensions ['colcon_pkg']
[0.178s] Level 1:colcon.colcon_core.package_identification:_identify(src/amr_coordination) by extension 'colcon_pkg'
[0.178s] Level 1:colcon.colcon_core.package_identification:_identify(src/amr_coordination) by extensions ['colcon_meta']
[0.178s] Level 1:colcon.colcon_core.package_identification:_identify(src/amr_coordination) by extension 'colcon_meta'
[0.178s] Level 1:colcon.colcon_core.package_identification:_identify(src/amr_coordination) by extensions ['ros']
[0.178s] Level 1:colcon.colcon_core.package_identification:_identify(src/amr_coordination) by extension 'ros'
[0.179s] DEBUG:colcon.colcon_core.package_identification:Package 'src/amr_coordination' with type 'ros.ament_python' and name 'amr_coordination'
[0.179s] Level 1:colcon.colcon_core.package_identification:_identify(src/amr_gazebo) by extensions ['ignore', 'ignore_ament_install']
[0.179s] Level 1:colcon.colcon_core.package_identification:_identify(src/amr_gazebo) by extension 'ignore'
[0.179s] Level 1:colcon.colcon_core.package_identification:_identify(src/amr_gazebo) by extension 'ignore_ament_install'
[0.179s] Level 1:colcon.colcon_core.package_identification:_identify(src/amr_gazebo) by extensions ['colcon_pkg']
[0.179s] Level 1:colcon.colcon_core.package_identification:_identify(src/amr_gazebo) by extension 'colcon_pkg'
[0.179s] Level 1:colcon.colcon_core.package_identification:_identify(src/amr_gazebo) by extensions ['colcon_meta']
[0.179s] Level 1:colcon.colcon_core.package_identification:_identify(src/amr_gazebo) by extension 'colcon_meta'
[0.179s] Level 1:colcon.colcon_core.package_identification:_identify(src/amr_gazebo) by extensions ['ros']
[0.179s] Level 1:colcon.colcon_core.package_identification:_identify(src/amr_gazebo) by extension 'ros'
[0.179s] DEBUG:colcon.colcon_core.package_identification:Package 'src/amr_gazebo' with type 'ros.ament_cmake' and name 'amr_gazebo'
[0.179s] Level 1:colcon.colcon_core.package_identification:_identify(src/amr_msgs) by extensions ['ignore', 'ignore_ament_install']
[0.180s] Level 1:colcon.colcon_core.package_identification:_identify(src/amr_msgs) by extension 'ignore'
[0.180s] Level 1:colcon.colcon_core.package_identification:_identify(src/amr_msgs) by extension 'ignore_ament_install'
[0.180s] Level 1:colcon.colcon_core.package_identification:_identify(src/amr_msgs) by extensions ['colcon_pkg']
[0.180s] Level 1:colcon.colcon_core.package_identification:_identify(src/amr_msgs) by extension 'colcon_pkg'
[0.180s] Level 1:colcon.colcon_core.package_identification:_identify(src/amr_msgs) by extensions ['colcon_meta']
[0.180s] Level 1:colcon.colcon_core.package_identification:_identify(src/amr_msgs) by extension 'colcon_meta'
[0.180s] Level 1:colcon.colcon_core.package_identification:_identify(src/amr_msgs) by extensions ['ros']
[0.180s] Level 1:colcon.colcon_core.package_identification:_identify(src/amr_msgs) by extension 'ros'
[0.180s] DEBUG:colcon.colcon_core.package_identification:Package 'src/amr_msgs' with type 'ros.ament_cmake' and name 'amr_msgs'
[0.181s] Level 1:colcon.colcon_core.package_identification:_identify(src/amr_nav) by extensions ['ignore', 'ignore_ament_install']
[0.181s] Level 1:colcon.colcon_core.package_identification:_identify(src/amr_nav) by extension 'ignore'
[0.181s] Level 1:colcon.colcon_core.package_identification:_identify(src/amr_nav) by extension 'ignore_ament_install'
[0.181s] Level 1:colcon.colcon_core.package_identification:_identify(src/amr_nav) by extensions ['colcon_pkg']
[0.181s] Level 1:colcon.colcon_core.package_identification:_identify(src/amr_nav) by extension 'colcon_pkg'
[0.181s] Level 1:colcon.colcon_core.package_identification:_identify(src/amr_nav) by extensions ['colcon_meta']
[0.181s] Level 1:colcon.colcon_core.package_identification:_identify(src/amr_nav) by extension 'colcon_meta'
[0.181s] Level 1:colcon.colcon_core.package_identification:_identify(src/amr_nav) by extensions ['ros']
[0.181s] Level 1:colcon.colcon_core.package_identification:_identify(src/amr_nav) by extension 'ros'
[0.181s] DEBUG:colcon.colcon_core.package_identification:Package 'src/amr_nav' with type 'ros.ament_cmake' and name 'amr_nav'
[0.182s] Level 1:colcon.colcon_core.package_discovery:discover_packages(recursive) using defaults
[0.182s] Level 1:colcon.colcon_core.package_discovery:discover_packages(ignore) discover
[0.182s] Level 1:colcon.colcon_core.package_discovery:discover_packages(ignore) using defaults
[0.182s] Level 1:colcon.colcon_core.package_discovery:discover_packages(path) discover
[0.182s] Level 1:colcon.colcon_core.package_discovery:discover_packages(path) using defaults
[0.201s] Level 5:colcon.colcon_core.verb:set package 'amr_gazebo' build argument 'cmake_args' from command line to 'None'
[0.201s] Level 5:colcon.colcon_core.verb:set package 'amr_gazebo' build argument 'cmake_target' from command line to 'None'
[0.201s] Level 5:colcon.colcon_core.verb:set package 'amr_gazebo' build argument 'cmake_target_skip_unavailable' from command line to 'False'
[0.201s] Level 5:colcon.colcon_core.verb:set package 'amr_gazebo' build argument 'cmake_clean_cache' from command line to 'False'
[0.202s] Level 5:colcon.colcon_core.verb:set package 'amr_gazebo' build argument 'cmake_clean_first' from command line to 'False'
[0.202s] Level 5:colcon.colcon_core.verb:set package 'amr_gazebo' build argument 'cmake_force_configure' from command line to 'False'
[0.202s] Level 5:colcon.colcon_core.verb:set package 'amr_gazebo' build argument 'ament_cmake_args' from command line to 'None'
[0.202s] Level 5:colcon.colcon_core.verb:set package 'amr_gazebo' build argument 'catkin_cmake_args' from command line to 'None'
[0.202s] Level 5:colcon.colcon_core.verb:set package 'amr_gazebo' build argument 'catkin_skip_building_tests' from command line to 'False'
[0.202s] DEBUG:colcon.colcon_core.verb:Building package 'amr_gazebo' with the following arguments: {'ament_cmake_args': None, 'build_base': '/home/piyansh46/Code/SIH_2026/ros2_ws/build/amr_gazebo', 'catkin_cmake_args': None, 'catkin_skip_building_tests': False, 'cmake_args': None, 'cmake_clean_cache': False, 'cmake_clean_first': False, 'cmake_force_configure': False, 'cmake_target': None, 'cmake_target_skip_unavailable': False, 'install_base': '/home/piyansh46/Code/SIH_2026/ros2_ws/install/amr_gazebo', 'merge_install': False, 'path': '/home/piyansh46/Code/SIH_2026/ros2_ws/src/amr_gazebo', 'symlink_install': True, 'test_result_base': None}
[0.202s] Level 5:colcon.colcon_core.verb:set package 'amr_msgs' build argument 'cmake_args' from command line to 'None'
[0.202s] Level 5:colcon.colcon_core.verb:set package 'amr_msgs' build argument 'cmake_target' from command line to 'None'
[0.202s] Level 5:colcon.colcon_core.verb:set package 'amr_msgs' build argument 'cmake_target_skip_unavailable' from command line to 'False'
[0.202s] Level 5:colcon.colcon_core.verb:set package 'amr_msgs' build argument 'cmake_clean_cache' from command line to 'False'
[0.202s] Level 5:colcon.colcon_core.verb:set package 'amr_msgs' build argument 'cmake_clean_first' from command line to 'False'
[0.202s] Level 5:colcon.colcon_core.verb:set package 'amr_msgs' build argument 'cmake_force_configure' from command line to 'False'
[0.202s] Level 5:colcon.colcon_core.verb:set package 'amr_msgs' build argument 'ament_cmake_args' from command line to 'None'
[0.202s] Level 5:colcon.colcon_core.verb:set package 'amr_msgs' build argument 'catkin_cmake_args' from command line to 'None'
[0.202s] Level 5:colcon.colcon_core.verb:set package 'amr_msgs' build argument 'catkin_skip_building_tests' from command line to 'False'
[0.202s] DEBUG:colcon.colcon_core.verb:Building package 'amr_msgs' with the following arguments: {'ament_cmake_args': None, 'build_base': '/home/piyansh46/Code/SIH_2026/ros2_ws/build/amr_msgs', 'catkin_cmake_args': None, 'catkin_skip_building_tests': False, 'cmake_args': None, 'cmake_clean_cache': False, 'cmake_clean_first': False, 'cmake_force_configure': False, 'cmake_target': None, 'cmake_target_skip_unavailable': False, 'install_base': '/home/piyansh46/Code/SIH_2026/ros2_ws/install/amr_msgs', 'merge_install': False, 'path': '/home/piyansh46/Code/SIH_2026/ros2_ws/src/amr_msgs', 'symlink_install': True, 'test_result_base': None}
[0.203s] Level 5:colcon.colcon_core.verb:set package 'amr_nav' build argument 'cmake_args' from command line to 'None'
[0.203s] Level 5:colcon.colcon_core.verb:set package 'amr_nav' build argument 'cmake_target' from command line to 'None'
[0.203s] Level 5:colcon.colcon_core.verb:set package 'amr_nav' build argument 'cmake_target_skip_unavailable' from command line to 'False'
[0.203s] Level 5:colcon.colcon_core.verb:set package 'amr_nav' build argument 'cmake_clean_cache' from command line to 'False'
[0.203s] Level 5:colcon.colcon_core.verb:set package 'amr_nav' build argument 'cmake_clean_first' from command line to 'False'
[0.203s] Level 5:colcon.colcon_core.verb:set package 'amr_nav' build argument 'cmake_force_configure' from command line to 'False'
[0.203s] Level 5:colcon.colcon_core.verb:set package 'amr_nav' build argument 'ament_cmake_args' from command line to 'None'
[0.203s] Level 5:colcon.colcon_core.verb:set package 'amr_nav' build argument 'catkin_cmake_args' from command line to 'None'
[0.203s] Level 5:colcon.colcon_core.verb:set package 'amr_nav' build argument 'catkin_skip_building_tests' from command line to 'False'
[0.203s] DEBUG:colcon.colcon_core.verb:Building package 'amr_nav' with the following arguments: {'ament_cmake_args': None, 'build_base': '/home/piyansh46/Code/SIH_2026/ros2_ws/build/amr_nav', 'catkin_cmake_args': None, 'catkin_skip_building_tests': False, 'cmake_args': None, 'cmake_clean_cache': False, 'cmake_clean_first': False, 'cmake_force_configure': False, 'cmake_target': None, 'cmake_target_skip_unavailable': False, 'install_base': '/home/piyansh46/Code/SIH_2026/ros2_ws/install/amr_nav', 'merge_install': False, 'path': '/home/piyansh46/Code/SIH_2026/ros2_ws/src/amr_nav', 'symlink_install': True, 'test_result_base': None}
[0.203s] Level 5:colcon.colcon_core.verb:set package 'amr_coordination' build argument 'cmake_args' from command line to 'None'
[0.203s] Level 5:colcon.colcon_core.verb:set package 'amr_coordination' build argument 'cmake_target' from command line to 'None'
[0.203s] Level 5:colcon.colcon_core.verb:set package 'amr_coordination' build argument 'cmake_target_skip_unavailable' from command line to 'False'
[0.203s] Level 5:colcon.colcon_core.verb:set package 'amr_coordination' build argument 'cmake_clean_cache' from command line to 'False'
[0.203s] Level 5:colcon.colcon_core.verb:set package 'amr_coordination' build argument 'cmake_clean_first' from command line to 'False'
[0.203s] Level 5:colcon.colcon_core.verb:set package 'amr_coordination' build argument 'cmake_force_configure' from command line to 'False'
[0.203s] Level 5:colcon.colcon_core.verb:set package 'amr_coordination' build argument 'ament_cmake_args' from command line to 'None'
[0.203s] Level 5:colcon.colcon_core.verb:set package 'amr_coordination' build argument 'catkin_cmake_args' from command line to 'None'
[0.203s] Level 5:colcon.colcon_core.verb:set package 'amr_coordination' build argument 'catkin_skip_building_tests' from command line to 'False'
[0.203s] DEBUG:colcon.colcon_core.verb:Building package 'amr_coordination' with the following arguments: {'ament_cmake_args': None, 'build_base': '/home/piyansh46/Code/SIH_2026/ros2_ws/build/amr_coordination', 'catkin_cmake_args': None, 'catkin_skip_building_tests': False, 'cmake_args': None, 'cmake_clean_cache': False, 'cmake_clean_first': False, 'cmake_force_configure': False, 'cmake_target': None, 'cmake_target_skip_unavailable': False, 'install_base': '/home/piyansh46/Code/SIH_2026/ros2_ws/install/amr_coordination', 'merge_install': False, 'path': '/home/piyansh46/Code/SIH_2026/ros2_ws/src/amr_coordination', 'symlink_install': True, 'test_result_base': None}
[0.203s] Level 5:colcon.colcon_core.verb:set package 'amr_bringup' build argument 'cmake_args' from command line to 'None'
[0.203s] Level 5:colcon.colcon_core.verb:set package 'amr_bringup' build argument 'cmake_target' from command line to 'None'
[0.203s] Level 5:colcon.colcon_core.verb:set package 'amr_bringup' build argument 'cmake_target_skip_unavailable' from command line to 'False'
[0.203s] Level 5:colcon.colcon_core.verb:set package 'amr_bringup' build argument 'cmake_clean_cache' from command line to 'False'
[0.203s] Level 5:colcon.colcon_core.verb:set package 'amr_bringup' build argument 'cmake_clean_first' from command line to 'False'
[0.203s] Level 5:colcon.colcon_core.verb:set package 'amr_bringup' build argument 'cmake_force_configure' from command line to 'False'
[0.203s] Level 5:colcon.colcon_core.verb:set package 'amr_bringup' build argument 'ament_cmake_args' from command line to 'None'
[0.203s] Level 5:colcon.colcon_core.verb:set package 'amr_bringup' build argument 'catkin_cmake_args' from command line to 'None'
[0.203s] Level 5:colcon.colcon_core.verb:set package 'amr_bringup' build argument 'catkin_skip_building_tests' from command line to 'False'
[0.203s] DEBUG:colcon.colcon_core.verb:Building package 'amr_bringup' with the following arguments: {'ament_cmake_args': None, 'build_base': '/home/piyansh46/Code/SIH_2026/ros2_ws/build/amr_bringup', 'catkin_cmake_args': None, 'catkin_skip_building_tests': False, 'cmake_args': None, 'cmake_clean_cache': False, 'cmake_clean_first': False, 'cmake_force_configure': False, 'cmake_target': None, 'cmake_target_skip_unavailable': False, 'install_base': '/home/piyansh46/Code/SIH_2026/ros2_ws/install/amr_bringup', 'merge_install': False, 'path': '/home/piyansh46/Code/SIH_2026/ros2_ws/src/amr_bringup', 'symlink_install': True, 'test_result_base': None}
[0.203s] INFO:colcon.colcon_core.executor:Executing jobs using 'parallel' executor
[0.205s] DEBUG:colcon.colcon_parallel_executor.executor.parallel:run_until_complete
[0.205s] INFO:colcon.colcon_ros.task.ament_cmake.build:Building ROS package in '/home/piyansh46/Code/SIH_2026/ros2_ws/src/amr_msgs' with build type 'ament_cmake'
[0.205s] INFO:colcon.colcon_cmake.task.cmake.build:Building CMake package in '/home/piyansh46/Code/SIH_2026/ros2_ws/src/amr_msgs'
[0.206s] INFO:colcon.colcon_core.plugin_system:Skipping extension 'colcon_core.shell.bat': Not used on non-Windows systems
[0.206s] DEBUG:colcon.colcon_core.shell:Skip shell extension 'dsv' for command environment
[0.211s] INFO:colcon.colcon_ros.task.ament_cmake.build:Building ROS package in '/home/piyansh46/Code/SIH_2026/ros2_ws/src/amr_gazebo' with build type 'ament_cmake'
[0.211s] INFO:colcon.colcon_cmake.task.cmake.build:Building CMake package in '/home/piyansh46/Code/SIH_2026/ros2_ws/src/amr_gazebo'
[0.211s] DEBUG:colcon.colcon_core.shell:Skip shell extension 'dsv' for command environment
[0.214s] INFO:colcon.colcon_ros.task.ament_cmake.build:Building ROS package in '/home/piyansh46/Code/SIH_2026/ros2_ws/src/amr_nav' with build type 'ament_cmake'
[0.215s] INFO:colcon.colcon_cmake.task.cmake.build:Building CMake package in '/home/piyansh46/Code/SIH_2026/ros2_ws/src/amr_nav'
[0.215s] DEBUG:colcon.colcon_core.shell:Skip shell extension 'dsv' for command environment
[0.222s] DEBUG:colcon.colcon_core.event_handler.log_command:Invoking command in '/home/piyansh46/Code/SIH_2026/ros2_ws/build/amr_msgs': CMAKE_PREFIX_PATH=${CMAKE_PREFIX_PATH}:/opt/ros/jazzy DEBUGINFOD_URLS=https://debuginfod.ubuntu.com /usr/bin/cmake /home/piyansh46/Code/SIH_2026/ros2_ws/src/amr_msgs -DAMENT_CMAKE_SYMLINK_INSTALL=1 -DCMAKE_INSTALL_PREFIX=/home/piyansh46/Code/SIH_2026/ros2_ws/install/amr_msgs
[0.225s] DEBUG:colcon.colcon_core.event_handler.log_command:Invoking command in '/home/piyansh46/Code/SIH_2026/ros2_ws/build/amr_gazebo': CMAKE_PREFIX_PATH=${CMAKE_PREFIX_PATH}:/opt/ros/jazzy DEBUGINFOD_URLS=https://debuginfod.ubuntu.com /usr/bin/cmake /home/piyansh46/Code/SIH_2026/ros2_ws/src/amr_gazebo -DAMENT_CMAKE_SYMLINK_INSTALL=1 -DCMAKE_INSTALL_PREFIX=/home/piyansh46/Code/SIH_2026/ros2_ws/install/amr_gazebo
[0.228s] DEBUG:colcon.colcon_core.event_handler.log_command:Invoking command in '/home/piyansh46/Code/SIH_2026/ros2_ws/build/amr_nav': CMAKE_PREFIX_PATH=${CMAKE_PREFIX_PATH}:/opt/ros/jazzy DEBUGINFOD_URLS=https://debuginfod.ubuntu.com /usr/bin/cmake /home/piyansh46/Code/SIH_2026/ros2_ws/src/amr_nav -DAMENT_CMAKE_SYMLINK_INSTALL=1 -DCMAKE_INSTALL_PREFIX=/home/piyansh46/Code/SIH_2026/ros2_ws/install/amr_nav
[1.271s] DEBUG:colcon.colcon_core.event_handler.log_command:Invoked command in '/home/piyansh46/Code/SIH_2026/ros2_ws/build/amr_nav' returned '0': CMAKE_PREFIX_PATH=${CMAKE_PREFIX_PATH}:/opt/ros/jazzy DEBUGINFOD_URLS=https://debuginfod.ubuntu.com /usr/bin/cmake /home/piyansh46/Code/SIH_2026/ros2_ws/src/amr_nav -DAMENT_CMAKE_SYMLINK_INSTALL=1 -DCMAKE_INSTALL_PREFIX=/home/piyansh46/Code/SIH_2026/ros2_ws/install/amr_nav
[1.272s] DEBUG:colcon.colcon_core.event_handler.log_command:Invoking command in '/home/piyansh46/Code/SIH_2026/ros2_ws/build/amr_nav': CMAKE_PREFIX_PATH=${CMAKE_PREFIX_PATH}:/opt/ros/jazzy DEBUGINFOD_URLS=https://debuginfod.ubuntu.com /usr/bin/cmake --build /home/piyansh46/Code/SIH_2026/ros2_ws/build/amr_nav -- -j12 -l12
[1.272s] DEBUG:colcon.colcon_core.event_handler.log_command:Invoked command in '/home/piyansh46/Code/SIH_2026/ros2_ws/build/amr_gazebo' returned '0': CMAKE_PREFIX_PATH=${CMAKE_PREFIX_PATH}:/opt/ros/jazzy DEBUGINFOD_URLS=https://debuginfod.ubuntu.com /usr/bin/cmake /home/piyansh46/Code/SIH_2026/ros2_ws/src/amr_gazebo -DAMENT_CMAKE_SYMLINK_INSTALL=1 -DCMAKE_INSTALL_PREFIX=/home/piyansh46/Code/SIH_2026/ros2_ws/install/amr_gazebo
[1.273s] DEBUG:colcon.colcon_core.event_handler.log_command:Invoking command in '/home/piyansh46/Code/SIH_2026/ros2_ws/build/amr_gazebo': CMAKE_PREFIX_PATH=${CMAKE_PREFIX_PATH}:/opt/ros/jazzy DEBUGINFOD_URLS=https://debuginfod.ubuntu.com /usr/bin/cmake --build /home/piyansh46/Code/SIH_2026/ros2_ws/build/amr_gazebo -- -j12 -l12
[1.318s] DEBUG:colcon.colcon_core.event_handler.log_command:Invoked command in '/home/piyansh46/Code/SIH_2026/ros2_ws/build/amr_gazebo' returned '0': CMAKE_PREFIX_PATH=${CMAKE_PREFIX_PATH}:/opt/ros/jazzy DEBUGINFOD_URLS=https://debuginfod.ubuntu.com /usr/bin/cmake --build /home/piyansh46/Code/SIH_2026/ros2_ws/build/amr_gazebo -- -j12 -l12
[1.328s] DEBUG:colcon.colcon_core.event_handler.log_command:Invoking command in '/home/piyansh46/Code/SIH_2026/ros2_ws/build/amr_gazebo': CMAKE_PREFIX_PATH=${CMAKE_PREFIX_PATH}:/opt/ros/jazzy DEBUGINFOD_URLS=https://debuginfod.ubuntu.com /usr/bin/cmake --install /home/piyansh46/Code/SIH_2026/ros2_ws/build/amr_gazebo
[1.329s] DEBUG:colcon.colcon_core.event_handler.log_command:Invoked command in '/home/piyansh46/Code/SIH_2026/ros2_ws/build/amr_nav' returned '0': CMAKE_PREFIX_PATH=${CMAKE_PREFIX_PATH}:/opt/ros/jazzy DEBUGINFOD_URLS=https://debuginfod.ubuntu.com /usr/bin/cmake --build /home/piyansh46/Code/SIH_2026/ros2_ws/build/amr_nav -- -j12 -l12
[1.330s] DEBUG:colcon.colcon_core.event_handler.log_command:Invoking command in '/home/piyansh46/Code/SIH_2026/ros2_ws/build/amr_nav': CMAKE_PREFIX_PATH=${CMAKE_PREFIX_PATH}:/opt/ros/jazzy DEBUGINFOD_URLS=https://debuginfod.ubuntu.com /usr/bin/cmake --install /home/piyansh46/Code/SIH_2026/ros2_ws/build/amr_nav
[1.552s] Level 1:colcon.colcon_core.environment:create_environment_scripts_only(amr_nav)
[1.553s] DEBUG:colcon.colcon_core.event_handler.log_command:Invoked command in '/home/piyansh46/Code/SIH_2026/ros2_ws/build/amr_nav' returned '0': CMAKE_PREFIX_PATH=${CMAKE_PREFIX_PATH}:/opt/ros/jazzy DEBUGINFOD_URLS=https://debuginfod.ubuntu.com /usr/bin/cmake --install /home/piyansh46/Code/SIH_2026/ros2_ws/build/amr_nav
[1.555s] Level 1:colcon.colcon_core.environment:checking '/home/piyansh46/Code/SIH_2026/ros2_ws/install/amr_nav' for CMake module files
[1.556s] Level 1:colcon.colcon_core.environment:checking '/home/piyansh46/Code/SIH_2026/ros2_ws/install/amr_nav' for CMake config files
[1.556s] Level 1:colcon.colcon_core.shell:create_environment_hook('amr_nav', 'cmake_prefix_path')
[1.556s] INFO:colcon.colcon_core.shell:Creating environment descriptor '/home/piyansh46/Code/SIH_2026/ros2_ws/install/amr_nav/share/amr_nav/hook/cmake_prefix_path.dsv'
[1.556s] INFO:colcon.colcon_core.shell:Creating environment hook '/home/piyansh46/Code/SIH_2026/ros2_ws/install/amr_nav/share/amr_nav/hook/cmake_prefix_path.sh'
[1.557s] Level 1:colcon.colcon_core.environment:checking '/home/piyansh46/Code/SIH_2026/ros2_ws/install/amr_nav/bin'
[1.557s] Level 1:colcon.colcon_core.environment:checking '/home/piyansh46/Code/SIH_2026/ros2_ws/install/amr_nav/lib/pkgconfig/amr_nav.pc'
[1.559s] Level 1:colcon.colcon_core.environment:checking '/home/piyansh46/Code/SIH_2026/ros2_ws/install/amr_nav/lib/python3.12/site-packages'
[1.560s] Level 1:colcon.colcon_core.environment:checking '/home/piyansh46/Code/SIH_2026/ros2_ws/install/amr_nav/bin'
[1.560s] INFO:colcon.colcon_core.shell:Creating package descriptor '/home/piyansh46/Code/SIH_2026/ros2_ws/install/amr_nav/share/amr_nav/package.dsv'
[1.561s] INFO:colcon.colcon_core.shell:Creating package script '/home/piyansh46/Code/SIH_2026/ros2_ws/install/amr_nav/share/amr_nav/package.sh'
[1.561s] INFO:colcon.colcon_core.shell:Creating package script '/home/piyansh46/Code/SIH_2026/ros2_ws/install/amr_nav/share/amr_nav/package.bash'
[1.562s] INFO:colcon.colcon_core.shell:Creating package script '/home/piyansh46/Code/SIH_2026/ros2_ws/install/amr_nav/share/amr_nav/package.zsh'
[1.563s] Level 1:colcon.colcon_core.environment:create_file_with_runtime_dependencies(/home/piyansh46/Code/SIH_2026/ros2_ws/install/amr_nav/share/colcon-core/packages/amr_nav)
[1.563s] Level 1:colcon.colcon_core.environment:create_environment_scripts_only(amr_nav)
[1.563s] Level 1:colcon.colcon_core.environment:checking '/home/piyansh46/Code/SIH_2026/ros2_ws/install/amr_nav' for CMake module files
[1.564s] Level 1:colcon.colcon_core.environment:checking '/home/piyansh46/Code/SIH_2026/ros2_ws/install/amr_nav' for CMake config files
[1.564s] Level 1:colcon.colcon_core.shell:create_environment_hook('amr_nav', 'cmake_prefix_path')
[1.564s] INFO:colcon.colcon_core.shell:Creating environment descriptor '/home/piyansh46/Code/SIH_2026/ros2_ws/install/amr_nav/share/amr_nav/hook/cmake_prefix_path.dsv'
[1.564s] INFO:colcon.colcon_core.shell:Creating environment hook '/home/piyansh46/Code/SIH_2026/ros2_ws/install/amr_nav/share/amr_nav/hook/cmake_prefix_path.sh'
[1.565s] Level 1:colcon.colcon_core.environment:checking '/home/piyansh46/Code/SIH_2026/ros2_ws/install/amr_nav/bin'
[1.565s] Level 1:colcon.colcon_core.environment:checking '/home/piyansh46/Code/SIH_2026/ros2_ws/install/amr_nav/lib/pkgconfig/amr_nav.pc'
[1.565s] Level 1:colcon.colcon_core.environment:checking '/home/piyansh46/Code/SIH_2026/ros2_ws/install/amr_nav/lib/python3.12/site-packages'
[1.565s] Level 1:colcon.colcon_core.environment:checking '/home/piyansh46/Code/SIH_2026/ros2_ws/install/amr_nav/bin'
[1.565s] INFO:colcon.colcon_core.shell:Creating package descriptor '/home/piyansh46/Code/SIH_2026/ros2_ws/install/amr_nav/share/amr_nav/package.dsv'
[1.566s] INFO:colcon.colcon_core.shell:Creating package script '/home/piyansh46/Code/SIH_2026/ros2_ws/install/amr_nav/share/amr_nav/package.sh'
[1.566s] INFO:colcon.colcon_core.shell:Creating package script '/home/piyansh46/Code/SIH_2026/ros2_ws/install/amr_nav/share/amr_nav/package.bash'
[1.567s] INFO:colcon.colcon_core.shell:Creating package script '/home/piyansh46/Code/SIH_2026/ros2_ws/install/amr_nav/share/amr_nav/package.zsh'
[1.567s] Level 1:colcon.colcon_core.environment:create_file_with_runtime_dependencies(/home/piyansh46/Code/SIH_2026/ros2_ws/install/amr_nav/share/colcon-core/packages/amr_nav)
[1.575s] Level 1:colcon.colcon_core.environment:create_environment_scripts_only(amr_gazebo)
[1.575s] Level 1:colcon.colcon_core.environment:checking '/home/piyansh46/Code/SIH_2026/ros2_ws/install/amr_gazebo' for CMake module files
[1.575s] DEBUG:colcon.colcon_core.event_handler.log_command:Invoked command in '/home/piyansh46/Code/SIH_2026/ros2_ws/build/amr_gazebo' returned '0': CMAKE_PREFIX_PATH=${CMAKE_PREFIX_PATH}:/opt/ros/jazzy DEBUGINFOD_URLS=https://debuginfod.ubuntu.com /usr/bin/cmake --install /home/piyansh46/Code/SIH_2026/ros2_ws/build/amr_gazebo
[1.576s] Level 1:colcon.colcon_core.environment:checking '/home/piyansh46/Code/SIH_2026/ros2_ws/install/amr_gazebo' for CMake config files
[1.576s] Level 1:colcon.colcon_core.shell:create_environment_hook('amr_gazebo', 'cmake_prefix_path')
[1.576s] INFO:colcon.colcon_core.shell:Creating environment descriptor '/home/piyansh46/Code/SIH_2026/ros2_ws/install/amr_gazebo/share/amr_gazebo/hook/cmake_prefix_path.dsv'
[1.577s] INFO:colcon.colcon_core.shell:Creating environment hook '/home/piyansh46/Code/SIH_2026/ros2_ws/install/amr_gazebo/share/amr_gazebo/hook/cmake_prefix_path.sh'
[1.577s] Level 1:colcon.colcon_core.environment:checking '/home/piyansh46/Code/SIH_2026/ros2_ws/install/amr_gazebo/bin'
[1.577s] Level 1:colcon.colcon_core.environment:checking '/home/piyansh46/Code/SIH_2026/ros2_ws/install/amr_gazebo/lib/pkgconfig/amr_gazebo.pc'
[1.577s] Level 1:colcon.colcon_core.environment:checking '/home/piyansh46/Code/SIH_2026/ros2_ws/install/amr_gazebo/lib/python3.12/site-packages'
[1.578s] Level 1:colcon.colcon_core.environment:checking '/home/piyansh46/Code/SIH_2026/ros2_ws/install/amr_gazebo/bin'
[1.578s] INFO:colcon.colcon_core.shell:Creating package descriptor '/home/piyansh46/Code/SIH_2026/ros2_ws/install/amr_gazebo/share/amr_gazebo/package.dsv'
[1.578s] INFO:colcon.colcon_core.shell:Creating package script '/home/piyansh46/Code/SIH_2026/ros2_ws/install/amr_gazebo/share/amr_gazebo/package.sh'
[1.578s] INFO:colcon.colcon_core.shell:Creating package script '/home/piyansh46/Code/SIH_2026/ros2_ws/install/amr_gazebo/share/amr_gazebo/package.bash'
[1.579s] INFO:colcon.colcon_core.shell:Creating package script '/home/piyansh46/Code/SIH_2026/ros2_ws/install/amr_gazebo/share/amr_gazebo/package.zsh'
[1.579s] Level 1:colcon.colcon_core.environment:create_file_with_runtime_dependencies(/home/piyansh46/Code/SIH_2026/ros2_ws/install/amr_gazebo/share/colcon-core/packages/amr_gazebo)
[1.579s] Level 1:colcon.colcon_core.environment:create_environment_scripts_only(amr_gazebo)
[1.580s] Level 1:colcon.colcon_core.environment:checking '/home/piyansh46/Code/SIH_2026/ros2_ws/install/amr_gazebo' for CMake module files
[1.580s] Level 1:colcon.colcon_core.environment:checking '/home/piyansh46/Code/SIH_2026/ros2_ws/install/amr_gazebo' for CMake config files
[1.580s] Level 1:colcon.colcon_core.shell:create_environment_hook('amr_gazebo', 'cmake_prefix_path')
[1.581s] INFO:colcon.colcon_core.shell:Creating environment descriptor '/home/piyansh46/Code/SIH_2026/ros2_ws/install/amr_gazebo/share/amr_gazebo/hook/cmake_prefix_path.dsv'
[1.581s] INFO:colcon.colcon_core.shell:Creating environment hook '/home/piyansh46/Code/SIH_2026/ros2_ws/install/amr_gazebo/share/amr_gazebo/hook/cmake_prefix_path.sh'
[1.582s] Level 1:colcon.colcon_core.environment:checking '/home/piyansh46/Code/SIH_2026/ros2_ws/install/amr_gazebo/bin'
[1.582s] Level 1:colcon.colcon_core.environment:checking '/home/piyansh46/Code/SIH_2026/ros2_ws/install/amr_gazebo/lib/pkgconfig/amr_gazebo.pc'
[1.582s] Level 1:colcon.colcon_core.environment:checking '/home/piyansh46/Code/SIH_2026/ros2_ws/install/amr_gazebo/lib/python3.12/site-packages'
[1.582s] Level 1:colcon.colcon_core.environment:checking '/home/piyansh46/Code/SIH_2026/ros2_ws/install/amr_gazebo/bin'
[1.583s] INFO:colcon.colcon_core.shell:Creating package descriptor '/home/piyansh46/Code/SIH_2026/ros2_ws/install/amr_gazebo/share/amr_gazebo/package.dsv'
[1.583s] INFO:colcon.colcon_core.shell:Creating package script '/home/piyansh46/Code/SIH_2026/ros2_ws/install/amr_gazebo/share/amr_gazebo/package.sh'
[1.584s] INFO:colcon.colcon_core.shell:Creating package script '/home/piyansh46/Code/SIH_2026/ros2_ws/install/amr_gazebo/share/amr_gazebo/package.bash'
[1.584s] INFO:colcon.colcon_core.shell:Creating package script '/home/piyansh46/Code/SIH_2026/ros2_ws/install/amr_gazebo/share/amr_gazebo/package.zsh'
[1.585s] Level 1:colcon.colcon_core.environment:create_file_with_runtime_dependencies(/home/piyansh46/Code/SIH_2026/ros2_ws/install/amr_gazebo/share/colcon-core/packages/amr_gazebo)
[4.090s] DEBUG:colcon.colcon_core.event_handler.log_command:Invoked command in '/home/piyansh46/Code/SIH_2026/ros2_ws/build/amr_msgs' returned '0': CMAKE_PREFIX_PATH=${CMAKE_PREFIX_PATH}:/opt/ros/jazzy DEBUGINFOD_URLS=https://debuginfod.ubuntu.com /usr/bin/cmake /home/piyansh46/Code/SIH_2026/ros2_ws/src/amr_msgs -DAMENT_CMAKE_SYMLINK_INSTALL=1 -DCMAKE_INSTALL_PREFIX=/home/piyansh46/Code/SIH_2026/ros2_ws/install/amr_msgs
[4.091s] DEBUG:colcon.colcon_core.event_handler.log_command:Invoking command in '/home/piyansh46/Code/SIH_2026/ros2_ws/build/amr_msgs': CMAKE_PREFIX_PATH=${CMAKE_PREFIX_PATH}:/opt/ros/jazzy DEBUGINFOD_URLS=https://debuginfod.ubuntu.com /usr/bin/cmake --build /home/piyansh46/Code/SIH_2026/ros2_ws/build/amr_msgs -- -j12 -l12
[8.341s] DEBUG:colcon.colcon_core.event_handler.log_command:Invoked command in '/home/piyansh46/Code/SIH_2026/ros2_ws/build/amr_msgs' returned '0': CMAKE_PREFIX_PATH=${CMAKE_PREFIX_PATH}:/opt/ros/jazzy DEBUGINFOD_URLS=https://debuginfod.ubuntu.com /usr/bin/cmake --build /home/piyansh46/Code/SIH_2026/ros2_ws/build/amr_msgs -- -j12 -l12
[8.342s] DEBUG:colcon.colcon_core.event_handler.log_command:Invoking command in '/home/piyansh46/Code/SIH_2026/ros2_ws/build/amr_msgs': CMAKE_PREFIX_PATH=${CMAKE_PREFIX_PATH}:/opt/ros/jazzy DEBUGINFOD_URLS=https://debuginfod.ubuntu.com /usr/bin/cmake --install /home/piyansh46/Code/SIH_2026/ros2_ws/build/amr_msgs
[9.680s] Level 1:colcon.colcon_core.environment:create_environment_scripts_only(amr_msgs)
[9.680s] Level 1:colcon.colcon_core.environment:checking '/home/piyansh46/Code/SIH_2026/ros2_ws/install/amr_msgs' for CMake module files
[9.681s] DEBUG:colcon.colcon_core.event_handler.log_command:Invoked command in '/home/piyansh46/Code/SIH_2026/ros2_ws/build/amr_msgs' returned '0': CMAKE_PREFIX_PATH=${CMAKE_PREFIX_PATH}:/opt/ros/jazzy DEBUGINFOD_URLS=https://debuginfod.ubuntu.com /usr/bin/cmake --install /home/piyansh46/Code/SIH_2026/ros2_ws/build/amr_msgs
[9.681s] Level 1:colcon.colcon_core.environment:checking '/home/piyansh46/Code/SIH_2026/ros2_ws/install/amr_msgs' for CMake config files
[9.681s] Level 1:colcon.colcon_core.shell:create_environment_hook('amr_msgs', 'cmake_prefix_path')
[9.682s] INFO:colcon.colcon_core.shell:Creating environment descriptor '/home/piyansh46/Code/SIH_2026/ros2_ws/install/amr_msgs/share/amr_msgs/hook/cmake_prefix_path.dsv'
[9.682s] INFO:colcon.colcon_core.shell:Creating environment hook '/home/piyansh46/Code/SIH_2026/ros2_ws/install/amr_msgs/share/amr_msgs/hook/cmake_prefix_path.sh'
[9.682s] Level 1:colcon.colcon_core.environment:checking '/home/piyansh46/Code/SIH_2026/ros2_ws/install/amr_msgs/lib'
[9.682s] Level 1:colcon.colcon_core.shell:create_environment_hook('amr_msgs', 'ld_library_path_lib')
[9.683s] INFO:colcon.colcon_core.shell:Creating environment descriptor '/home/piyansh46/Code/SIH_2026/ros2_ws/install/amr_msgs/share/amr_msgs/hook/ld_library_path_lib.dsv'
[9.683s] INFO:colcon.colcon_core.shell:Creating environment hook '/home/piyansh46/Code/SIH_2026/ros2_ws/install/amr_msgs/share/amr_msgs/hook/ld_library_path_lib.sh'
[9.683s] Level 1:colcon.colcon_core.environment:checking '/home/piyansh46/Code/SIH_2026/ros2_ws/install/amr_msgs/bin'
[9.683s] Level 1:colcon.colcon_core.environment:checking '/home/piyansh46/Code/SIH_2026/ros2_ws/install/amr_msgs/lib/pkgconfig/amr_msgs.pc'
[9.684s] Level 1:colcon.colcon_core.environment:checking '/home/piyansh46/Code/SIH_2026/ros2_ws/install/amr_msgs/lib/python3.12/site-packages'
[9.684s] Level 1:colcon.colcon_core.shell:create_environment_hook('amr_msgs', 'pythonpath')
[9.684s] INFO:colcon.colcon_core.shell:Creating environment descriptor '/home/piyansh46/Code/SIH_2026/ros2_ws/install/amr_msgs/share/amr_msgs/hook/pythonpath.dsv'
[9.684s] INFO:colcon.colcon_core.shell:Creating environment hook '/home/piyansh46/Code/SIH_2026/ros2_ws/install/amr_msgs/share/amr_msgs/hook/pythonpath.sh'
[9.685s] Level 1:colcon.colcon_core.environment:checking '/home/piyansh46/Code/SIH_2026/ros2_ws/install/amr_msgs/bin'
[9.685s] INFO:colcon.colcon_core.shell:Creating package descriptor '/home/piyansh46/Code/SIH_2026/ros2_ws/install/amr_msgs/share/amr_msgs/package.dsv'
[9.685s] INFO:colcon.colcon_core.shell:Creating package script '/home/piyansh46/Code/SIH_2026/ros2_ws/install/amr_msgs/share/amr_msgs/package.sh'
[9.686s] INFO:colcon.colcon_core.shell:Creating package script '/home/piyansh46/Code/SIH_2026/ros2_ws/install/amr_msgs/share/amr_msgs/package.bash'
[9.686s] INFO:colcon.colcon_core.shell:Creating package script '/home/piyansh46/Code/SIH_2026/ros2_ws/install/amr_msgs/share/amr_msgs/package.zsh'
[9.686s] Level 1:colcon.colcon_core.environment:create_file_with_runtime_dependencies(/home/piyansh46/Code/SIH_2026/ros2_ws/install/amr_msgs/share/colcon-core/packages/amr_msgs)
[9.687s] Level 1:colcon.colcon_core.environment:create_environment_scripts_only(amr_msgs)
[9.687s] Level 1:colcon.colcon_core.environment:checking '/home/piyansh46/Code/SIH_2026/ros2_ws/install/amr_msgs' for CMake module files
[9.687s] Level 1:colcon.colcon_core.environment:checking '/home/piyansh46/Code/SIH_2026/ros2_ws/install/amr_msgs' for CMake config files
[9.688s] Level 1:colcon.colcon_core.shell:create_environment_hook('amr_msgs', 'cmake_prefix_path')
[9.688s] INFO:colcon.colcon_core.shell:Creating environment descriptor '/home/piyansh46/Code/SIH_2026/ros2_ws/install/amr_msgs/share/amr_msgs/hook/cmake_prefix_path.dsv'
[9.688s] INFO:colcon.colcon_core.shell:Creating environment hook '/home/piyansh46/Code/SIH_2026/ros2_ws/install/amr_msgs/share/amr_msgs/hook/cmake_prefix_path.sh'
[9.689s] Level 1:colcon.colcon_core.environment:checking '/home/piyansh46/Code/SIH_2026/ros2_ws/install/amr_msgs/lib'
[9.689s] Level 1:colcon.colcon_core.shell:create_environment_hook('amr_msgs', 'ld_library_path_lib')
[9.689s] INFO:colcon.colcon_core.shell:Creating environment descriptor '/home/piyansh46/Code/SIH_2026/ros2_ws/install/amr_msgs/share/amr_msgs/hook/ld_library_path_lib.dsv'
[9.689s] INFO:colcon.colcon_core.shell:Creating environment hook '/home/piyansh46/Code/SIH_2026/ros2_ws/install/amr_msgs/share/amr_msgs/hook/ld_library_path_lib.sh'
[9.689s] Level 1:colcon.colcon_core.environment:checking '/home/piyansh46/Code/SIH_2026/ros2_ws/install/amr_msgs/bin'
[9.689s] Level 1:colcon.colcon_core.environment:checking '/home/piyansh46/Code/SIH_2026/ros2_ws/install/amr_msgs/lib/pkgconfig/amr_msgs.pc'
[9.689s] Level 1:colcon.colcon_core.environment:checking '/home/piyansh46/Code/SIH_2026/ros2_ws/install/amr_msgs/lib/python3.12/site-packages'
[9.690s] Level 1:colcon.colcon_core.shell:create_environment_hook('amr_msgs', 'pythonpath')
[9.690s] INFO:colcon.colcon_core.shell:Creating environment descriptor '/home/piyansh46/Code/SIH_2026/ros2_ws/install/amr_msgs/share/amr_msgs/hook/pythonpath.dsv'
[9.690s] INFO:colcon.colcon_core.shell:Creating environment hook '/home/piyansh46/Code/SIH_2026/ros2_ws/install/amr_msgs/share/amr_msgs/hook/pythonpath.sh'
[9.690s] Level 1:colcon.colcon_core.environment:checking '/home/piyansh46/Code/SIH_2026/ros2_ws/install/amr_msgs/bin'
[9.691s] INFO:colcon.colcon_core.shell:Creating package descriptor '/home/piyansh46/Code/SIH_2026/ros2_ws/install/amr_msgs/share/amr_msgs/package.dsv'
[9.691s] INFO:colcon.colcon_core.shell:Creating package script '/home/piyansh46/Code/SIH_2026/ros2_ws/install/amr_msgs/share/amr_msgs/package.sh'
[9.692s] INFO:colcon.colcon_core.shell:Creating package script '/home/piyansh46/Code/SIH_2026/ros2_ws/install/amr_msgs/share/amr_msgs/package.bash'
[9.692s] INFO:colcon.colcon_core.shell:Creating package script '/home/piyansh46/Code/SIH_2026/ros2_ws/install/amr_msgs/share/amr_msgs/package.zsh'
[9.692s] Level 1:colcon.colcon_core.environment:create_file_with_runtime_dependencies(/home/piyansh46/Code/SIH_2026/ros2_ws/install/amr_msgs/share/colcon-core/packages/amr_msgs)
[9.692s] INFO:colcon.colcon_ros.task.ament_python.build:Building ROS package in '/home/piyansh46/Code/SIH_2026/ros2_ws/src/amr_coordination' with build type 'ament_python'
[9.693s] Level 1:colcon.colcon_core.shell:create_environment_hook('amr_coordination', 'ament_prefix_path')
[9.693s] INFO:colcon.colcon_core.shell:Creating environment descriptor '/home/piyansh46/Code/SIH_2026/ros2_ws/install/amr_coordination/share/amr_coordination/hook/ament_prefix_path.dsv'
[9.693s] INFO:colcon.colcon_core.shell:Creating environment hook '/home/piyansh46/Code/SIH_2026/ros2_ws/install/amr_coordination/share/amr_coordination/hook/ament_prefix_path.sh'
[9.694s] DEBUG:colcon.colcon_core.shell:Skip shell extension 'dsv' for command environment
[9.948s] INFO:colcon.colcon_core.task.python.build:Building Python package in '/home/piyansh46/Code/SIH_2026/ros2_ws/src/amr_coordination'
[9.948s] DEBUG:colcon.colcon_core.shell:Skip shell extension 'dsv' for command environment
[10.814s] DEBUG:colcon.colcon_core.task.python.build:Available setuptools commands: extract_messages, install_headers, init_catalog, saveopts, bdist_rpm, build_py, upload, install_scripts, check, alias, develop, clean, install_egg_info, install, build_ext, install_data, build, easy_install, bdist, register, install_lib, bdist_dumb, upload_docs, build_scripts, dist_info, bdist_wheel, symlink_data, test, compile_catalog, update_catalog, setopt, bdist_egg, sdist, egg_info, rotate, editable_wheel, build_clib
[11.108s] DEBUG:colcon.colcon_core.task.python.build:Available setuptools 'develop' options: --prefix, --egg-path, --dry-run, --script-dir, --local-snapshots-ok, --uninstall, --no-user-cfg, --site-dirs, --always-unzip, --optimize, --user, --find-links, --record, --editable, --install-dir, --no-find-links, --quiet, --version, --zip-ok, --help, --exclude-scripts, --build-directory, --always-copy, --index-url, --force-installation-into-system-dir, --no-deps, --verbose, --install-layout, --upgrade, --multi-version, --allow-hosts
[11.109s] DEBUG:colcon.colcon_core.event_handler.log_command:Invoking command in '/home/piyansh46/Code/SIH_2026/ros2_ws/build/amr_coordination': AMENT_PREFIX_PATH=/home/piyansh46/Code/SIH_2026/ros2_ws/install/amr_msgs:${AMENT_PREFIX_PATH} CMAKE_PREFIX_PATH=/home/piyansh46/Code/SIH_2026/ros2_ws/install/amr_msgs:${CMAKE_PREFIX_PATH} DEBUGINFOD_URLS=https://debuginfod.ubuntu.com LD_LIBRARY_PATH=/home/piyansh46/Code/SIH_2026/ros2_ws/install/amr_msgs/lib:${LD_LIBRARY_PATH} PYTHONPATH=/home/piyansh46/Code/SIH_2026/ros2_ws/build/amr_coordination/prefix_override:/usr/lib/python3/dist-packages/colcon_core/task/python/colcon_distutils_commands:/home/piyansh46/Code/SIH_2026/ros2_ws/install/amr_coordination/lib/python3.12/site-packages:/home/piyansh46/Code/SIH_2026/ros2_ws/install/amr_msgs/lib/python3.12/site-packages:${PYTHONPATH} /usr/bin/python3 -W ignore:setup.py install is deprecated -W ignore:easy_install command is deprecated setup.py develop --editable --build-directory /home/piyansh46/Code/SIH_2026/ros2_ws/build/amr_coordination/build --no-deps symlink_data
[11.657s] Level 1:colcon.colcon_core.shell:create_environment_hook('amr_coordination', 'pythonpath_develop')
[11.658s] INFO:colcon.colcon_core.shell:Creating environment descriptor '/home/piyansh46/Code/SIH_2026/ros2_ws/build/amr_coordination/share/amr_coordination/hook/pythonpath_develop.dsv'
[11.658s] DEBUG:colcon.colcon_core.event_handler.log_command:Invoked command in '/home/piyansh46/Code/SIH_2026/ros2_ws/build/amr_coordination' returned '0': AMENT_PREFIX_PATH=/home/piyansh46/Code/SIH_2026/ros2_ws/install/amr_msgs:${AMENT_PREFIX_PATH} CMAKE_PREFIX_PATH=/home/piyansh46/Code/SIH_2026/ros2_ws/install/amr_msgs:${CMAKE_PREFIX_PATH} DEBUGINFOD_URLS=https://debuginfod.ubuntu.com LD_LIBRARY_PATH=/home/piyansh46/Code/SIH_2026/ros2_ws/install/amr_msgs/lib:${LD_LIBRARY_PATH} PYTHONPATH=/home/piyansh46/Code/SIH_2026/ros2_ws/build/amr_coordination/prefix_override:/usr/lib/python3/dist-packages/colcon_core/task/python/colcon_distutils_commands:/home/piyansh46/Code/SIH_2026/ros2_ws/install/amr_coordination/lib/python3.12/site-packages:/home/piyansh46/Code/SIH_2026/ros2_ws/install/amr_msgs/lib/python3.12/site-packages:${PYTHONPATH} /usr/bin/python3 -W ignore:setup.py install is deprecated -W ignore:easy_install command is deprecated setup.py develop --editable --build-directory /home/piyansh46/Code/SIH_2026/ros2_ws/build/amr_coordination/build --no-deps symlink_data
[11.659s] INFO:colcon.colcon_core.shell:Creating environment hook '/home/piyansh46/Code/SIH_2026/ros2_ws/build/amr_coordination/share/amr_coordination/hook/pythonpath_develop.sh'
[11.659s] Level 1:colcon.colcon_core.environment:checking '/home/piyansh46/Code/SIH_2026/ros2_ws/install/amr_coordination' for CMake module files
[11.659s] Level 1:colcon.colcon_core.environment:checking '/home/piyansh46/Code/SIH_2026/ros2_ws/install/amr_coordination' for CMake config files
[11.660s] Level 1:colcon.colcon_core.environment:checking '/home/piyansh46/Code/SIH_2026/ros2_ws/install/amr_coordination/lib'
[11.660s] Level 1:colcon.colcon_core.environment:checking '/home/piyansh46/Code/SIH_2026/ros2_ws/install/amr_coordination/bin'
[11.660s] Level 1:colcon.colcon_core.environment:checking '/home/piyansh46/Code/SIH_2026/ros2_ws/install/amr_coordination/lib/pkgconfig/amr_coordination.pc'
[11.660s] Level 1:colcon.colcon_core.environment:checking '/home/piyansh46/Code/SIH_2026/ros2_ws/install/amr_coordination/lib/python3.12/site-packages'
[11.660s] Level 1:colcon.colcon_core.shell:create_environment_hook('amr_coordination', 'pythonpath')
[11.660s] INFO:colcon.colcon_core.shell:Creating environment descriptor '/home/piyansh46/Code/SIH_2026/ros2_ws/install/amr_coordination/share/amr_coordination/hook/pythonpath.dsv'
[11.661s] INFO:colcon.colcon_core.shell:Creating environment hook '/home/piyansh46/Code/SIH_2026/ros2_ws/install/amr_coordination/share/amr_coordination/hook/pythonpath.sh'
[11.662s] Level 1:colcon.colcon_core.environment:checking '/home/piyansh46/Code/SIH_2026/ros2_ws/install/amr_coordination/bin'
[11.662s] Level 1:colcon.colcon_core.environment:create_environment_scripts_only(amr_coordination)
[11.662s] INFO:colcon.colcon_core.shell:Creating package descriptor '/home/piyansh46/Code/SIH_2026/ros2_ws/install/amr_coordination/share/amr_coordination/package.dsv'
[11.663s] INFO:colcon.colcon_core.shell:Creating package script '/home/piyansh46/Code/SIH_2026/ros2_ws/install/amr_coordination/share/amr_coordination/package.sh'
[11.663s] INFO:colcon.colcon_core.shell:Creating package script '/home/piyansh46/Code/SIH_2026/ros2_ws/install/amr_coordination/share/amr_coordination/package.bash'
[11.663s] INFO:colcon.colcon_core.shell:Creating package script '/home/piyansh46/Code/SIH_2026/ros2_ws/install/amr_coordination/share/amr_coordination/package.zsh'
[11.663s] Level 1:colcon.colcon_core.environment:create_file_with_runtime_dependencies(/home/piyansh46/Code/SIH_2026/ros2_ws/install/amr_coordination/share/colcon-core/packages/amr_coordination)
[11.664s] INFO:colcon.colcon_ros.task.ament_cmake.build:Building ROS package in '/home/piyansh46/Code/SIH_2026/ros2_ws/src/amr_bringup' with build type 'ament_cmake'
[11.664s] INFO:colcon.colcon_cmake.task.cmake.build:Building CMake package in '/home/piyansh46/Code/SIH_2026/ros2_ws/src/amr_bringup'
[11.664s] DEBUG:colcon.colcon_core.shell:Skip shell extension 'dsv' for command environment
[11.677s] DEBUG:colcon.colcon_core.event_handler.log_command:Invoking command in '/home/piyansh46/Code/SIH_2026/ros2_ws/build/amr_bringup': AMENT_PREFIX_PATH=/home/piyansh46/Code/SIH_2026/ros2_ws/install/amr_coordination:/home/piyansh46/Code/SIH_2026/ros2_ws/install/amr_nav:/home/piyansh46/Code/SIH_2026/ros2_ws/install/amr_msgs:/home/piyansh46/Code/SIH_2026/ros2_ws/install/amr_gazebo:${AMENT_PREFIX_PATH} CMAKE_PREFIX_PATH=/home/piyansh46/Code/SIH_2026/ros2_ws/install/amr_nav:/home/piyansh46/Code/SIH_2026/ros2_ws/install/amr_msgs:/home/piyansh46/Code/SIH_2026/ros2_ws/install/amr_gazebo:/opt/ros/jazzy/opt/gz_sim_vendor:/opt/ros/jazzy/opt/gz_sensors_vendor:/opt/ros/jazzy/opt/gz_physics_vendor:/opt/ros/jazzy/opt/sdformat_vendor:/opt/ros/jazzy/opt/gz_gui_vendor:/opt/ros/jazzy/opt/gz_transport_vendor:/opt/ros/jazzy/opt/gz_rendering_vendor:/opt/ros/jazzy/opt/gz_plugin_vendor:/opt/ros/jazzy/opt/gz_fuel_tools_vendor:/opt/ros/jazzy/opt/gz_msgs_vendor:/opt/ros/jazzy/opt/gz_common_vendor:/opt/ros/jazzy/opt/gz_math_vendor:/opt/ros/jazzy/opt/gz_utils_vendor:/opt/ros/jazzy/opt/gz_tools_vendor:/opt/ros/jazzy/opt/gz_ogre_next_vendor:/opt/ros/jazzy/opt/gz_dartsim_vendor:/opt/ros/jazzy/opt/gz_cmake_vendor:/opt/ros/jazzy DEBUGINFOD_URLS=https://debuginfod.ubuntu.com LD_LIBRARY_PATH=/home/piyansh46/Code/SIH_2026/ros2_ws/install/amr_msgs/lib:${LD_LIBRARY_PATH} PYTHONPATH=/home/piyansh46/Code/SIH_2026/ros2_ws/build/amr_coordination:/home/piyansh46/Code/SIH_2026/ros2_ws/install/amr_coordination/lib/python3.12/site-packages:/home/piyansh46/Code/SIH_2026/ros2_ws/install/amr_msgs/lib/python3.12/site-packages:${PYTHONPATH} /usr/bin/cmake /home/piyansh46/Code/SIH_2026/ros2_ws/src/amr_bringup -DAMENT_CMAKE_SYMLINK_INSTALL=1 -DCMAKE_INSTALL_PREFIX=/home/piyansh46/Code/SIH_2026/ros2_ws/install/amr_bringup
[12.385s] DEBUG:colcon.colcon_core.event_handler.log_command:Invoked command in '/home/piyansh46/Code/SIH_2026/ros2_ws/build/amr_bringup' returned '0': AMENT_PREFIX_PATH=/home/piyansh46/Code/SIH_2026/ros2_ws/install/amr_coordination:/home/piyansh46/Code/SIH_2026/ros2_ws/install/amr_nav:/home/piyansh46/Code/SIH_2026/ros2_ws/install/amr_msgs:/home/piyansh46/Code/SIH_2026/ros2_ws/install/amr_gazebo:${AMENT_PREFIX_PATH} CMAKE_PREFIX_PATH=/home/piyansh46/Code/SIH_2026/ros2_ws/install/amr_nav:/home/piyansh46/Code/SIH_2026/ros2_ws/install/amr_msgs:/home/piyansh46/Code/SIH_2026/ros2_ws/install/amr_gazebo:/opt/ros/jazzy/opt/gz_sim_vendor:/opt/ros/jazzy/opt/gz_sensors_vendor:/opt/ros/jazzy/opt/gz_physics_vendor:/opt/ros/jazzy/opt/sdformat_vendor:/opt/ros/jazzy/opt/gz_gui_vendor:/opt/ros/jazzy/opt/gz_transport_vendor:/opt/ros/jazzy/opt/gz_rendering_vendor:/opt/ros/jazzy/opt/gz_plugin_vendor:/opt/ros/jazzy/opt/gz_fuel_tools_vendor:/opt/ros/jazzy/opt/gz_msgs_vendor:/opt/ros/jazzy/opt/gz_common_vendor:/opt/ros/jazzy/opt/gz_math_vendor:/opt/ros/jazzy/opt/gz_utils_vendor:/opt/ros/jazzy/opt/gz_tools_vendor:/opt/ros/jazzy/opt/gz_ogre_next_vendor:/opt/ros/jazzy/opt/gz_dartsim_vendor:/opt/ros/jazzy/opt/gz_cmake_vendor:/opt/ros/jazzy DEBUGINFOD_URLS=https://debuginfod.ubuntu.com LD_LIBRARY_PATH=/home/piyansh46/Code/SIH_2026/ros2_ws/install/amr_msgs/lib:${LD_LIBRARY_PATH} PYTHONPATH=/home/piyansh46/Code/SIH_2026/ros2_ws/build/amr_coordination:/home/piyansh46/Code/SIH_2026/ros2_ws/install/amr_coordination/lib/python3.12/site-packages:/home/piyansh46/Code/SIH_2026/ros2_ws/install/amr_msgs/lib/python3.12/site-packages:${PYTHONPATH} /usr/bin/cmake /home/piyansh46/Code/SIH_2026/ros2_ws/src/amr_bringup -DAMENT_CMAKE_SYMLINK_INSTALL=1 -DCMAKE_INSTALL_PREFIX=/home/piyansh46/Code/SIH_2026/ros2_ws/install/amr_bringup
[12.387s] DEBUG:colcon.colcon_core.event_handler.log_command:Invoking command in '/home/piyansh46/Code/SIH_2026/ros2_ws/build/amr_bringup': AMENT_PREFIX_PATH=/home/piyansh46/Code/SIH_2026/ros2_ws/install/amr_coordination:/home/piyansh46/Code/SIH_2026/ros2_ws/install/amr_nav:/home/piyansh46/Code/SIH_2026/ros2_ws/install/amr_msgs:/home/piyansh46/Code/SIH_2026/ros2_ws/install/amr_gazebo:${AMENT_PREFIX_PATH} CMAKE_PREFIX_PATH=/home/piyansh46/Code/SIH_2026/ros2_ws/install/amr_nav:/home/piyansh46/Code/SIH_2026/ros2_ws/install/amr_msgs:/home/piyansh46/Code/SIH_2026/ros2_ws/install/amr_gazebo:/opt/ros/jazzy/opt/gz_sim_vendor:/opt/ros/jazzy/opt/gz_sensors_vendor:/opt/ros/jazzy/opt/gz_physics_vendor:/opt/ros/jazzy/opt/sdformat_vendor:/opt/ros/jazzy/opt/gz_gui_vendor:/opt/ros/jazzy/opt/gz_transport_vendor:/opt/ros/jazzy/opt/gz_rendering_vendor:/opt/ros/jazzy/opt/gz_plugin_vendor:/opt/ros/jazzy/opt/gz_fuel_tools_vendor:/opt/ros/jazzy/opt/gz_msgs_vendor:/opt/ros/jazzy/opt/gz_common_vendor:/opt/ros/jazzy/opt/gz_math_vendor:/opt/ros/jazzy/opt/gz_utils_vendor:/opt/ros/jazzy/opt/gz_tools_vendor:/opt/ros/jazzy/opt/gz_ogre_next_vendor:/opt/ros/jazzy/opt/gz_dartsim_vendor:/opt/ros/jazzy/opt/gz_cmake_vendor:/opt/ros/jazzy DEBUGINFOD_URLS=https://debuginfod.ubuntu.com LD_LIBRARY_PATH=/home/piyansh46/Code/SIH_2026/ros2_ws/install/amr_msgs/lib:${LD_LIBRARY_PATH} PYTHONPATH=/home/piyansh46/Code/SIH_2026/ros2_ws/build/amr_coordination:/home/piyansh46/Code/SIH_2026/ros2_ws/install/amr_coordination/lib/python3.12/site-packages:/home/piyansh46/Code/SIH_2026/ros2_ws/install/amr_msgs/lib/python3.12/site-packages:${PYTHONPATH} /usr/bin/cmake --build /home/piyansh46/Code/SIH_2026/ros2_ws/build/amr_bringup -- -j12 -l12
[12.433s] DEBUG:colcon.colcon_core.event_handler.log_command:Invoked command in '/home/piyansh46/Code/SIH_2026/ros2_ws/build/amr_bringup' returned '0': AMENT_PREFIX_PATH=/home/piyansh46/Code/SIH_2026/ros2_ws/install/amr_coordination:/home/piyansh46/Code/SIH_2026/ros2_ws/install/amr_nav:/home/piyansh46/Code/SIH_2026/ros2_ws/install/amr_msgs:/home/piyansh46/Code/SIH_2026/ros2_ws/install/amr_gazebo:${AMENT_PREFIX_PATH} CMAKE_PREFIX_PATH=/home/piyansh46/Code/SIH_2026/ros2_ws/install/amr_nav:/home/piyansh46/Code/SIH_2026/ros2_ws/install/amr_msgs:/home/piyansh46/Code/SIH_2026/ros2_ws/install/amr_gazebo:/opt/ros/jazzy/opt/gz_sim_vendor:/opt/ros/jazzy/opt/gz_sensors_vendor:/opt/ros/jazzy/opt/gz_physics_vendor:/opt/ros/jazzy/opt/sdformat_vendor:/opt/ros/jazzy/opt/gz_gui_vendor:/opt/ros/jazzy/opt/gz_transport_vendor:/opt/ros/jazzy/opt/gz_rendering_vendor:/opt/ros/jazzy/opt/gz_plugin_vendor:/opt/ros/jazzy/opt/gz_fuel_tools_vendor:/opt/ros/jazzy/opt/gz_msgs_vendor:/opt/ros/jazzy/opt/gz_common_vendor:/opt/ros/jazzy/opt/gz_math_vendor:/opt/ros/jazzy/opt/gz_utils_vendor:/opt/ros/jazzy/opt/gz_tools_vendor:/opt/ros/jazzy/opt/gz_ogre_next_vendor:/opt/ros/jazzy/opt/gz_dartsim_vendor:/opt/ros/jazzy/opt/gz_cmake_vendor:/opt/ros/jazzy DEBUGINFOD_URLS=https://debuginfod.ubuntu.com LD_LIBRARY_PATH=/home/piyansh46/Code/SIH_2026/ros2_ws/install/amr_msgs/lib:${LD_LIBRARY_PATH} PYTHONPATH=/home/piyansh46/Code/SIH_2026/ros2_ws/build/amr_coordination:/home/piyansh46/Code/SIH_2026/ros2_ws/install/amr_coordination/lib/python3.12/site-packages:/home/piyansh46/Code/SIH_2026/ros2_ws/install/amr_msgs/lib/python3.12/site-packages:${PYTHONPATH} /usr/bin/cmake --build /home/piyansh46/Code/SIH_2026/ros2_ws/build/amr_bringup -- -j12 -l12
[12.435s] DEBUG:colcon.colcon_core.event_handler.log_command:Invoking command in '/home/piyansh46/Code/SIH_2026/ros2_ws/build/amr_bringup': AMENT_PREFIX_PATH=/home/piyansh46/Code/SIH_2026/ros2_ws/install/amr_coordination:/home/piyansh46/Code/SIH_2026/ros2_ws/install/amr_nav:/home/piyansh46/Code/SIH_2026/ros2_ws/install/amr_msgs:/home/piyansh46/Code/SIH_2026/ros2_ws/install/amr_gazebo:${AMENT_PREFIX_PATH} CMAKE_PREFIX_PATH=/home/piyansh46/Code/SIH_2026/ros2_ws/install/amr_nav:/home/piyansh46/Code/SIH_2026/ros2_ws/install/amr_msgs:/home/piyansh46/Code/SIH_2026/ros2_ws/install/amr_gazebo:/opt/ros/jazzy/opt/gz_sim_vendor:/opt/ros/jazzy/opt/gz_sensors_vendor:/opt/ros/jazzy/opt/gz_physics_vendor:/opt/ros/jazzy/opt/sdformat_vendor:/opt/ros/jazzy/opt/gz_gui_vendor:/opt/ros/jazzy/opt/gz_transport_vendor:/opt/ros/jazzy/opt/gz_rendering_vendor:/opt/ros/jazzy/opt/gz_plugin_vendor:/opt/ros/jazzy/opt/gz_fuel_tools_vendor:/opt/ros/jazzy/opt/gz_msgs_vendor:/opt/ros/jazzy/opt/gz_common_vendor:/opt/ros/jazzy/opt/gz_math_vendor:/opt/ros/jazzy/opt/gz_utils_vendor:/opt/ros/jazzy/opt/gz_tools_vendor:/opt/ros/jazzy/opt/gz_ogre_next_vendor:/opt/ros/jazzy/opt/gz_dartsim_vendor:/opt/ros/jazzy/opt/gz_cmake_vendor:/opt/ros/jazzy DEBUGINFOD_URLS=https://debuginfod.ubuntu.com LD_LIBRARY_PATH=/home/piyansh46/Code/SIH_2026/ros2_ws/install/amr_msgs/lib:${LD_LIBRARY_PATH} PYTHONPATH=/home/piyansh46/Code/SIH_2026/ros2_ws/build/amr_coordination:/home/piyansh46/Code/SIH_2026/ros2_ws/install/amr_coordination/lib/python3.12/site-packages:/home/piyansh46/Code/SIH_2026/ros2_ws/install/amr_msgs/lib/python3.12/site-packages:${PYTHONPATH} /usr/bin/cmake --install /home/piyansh46/Code/SIH_2026/ros2_ws/build/amr_bringup
[12.725s] Level 1:colcon.colcon_core.environment:create_environment_scripts_only(amr_bringup)
[12.725s] Level 1:colcon.colcon_core.environment:checking '/home/piyansh46/Code/SIH_2026/ros2_ws/install/amr_bringup' for CMake module files
[12.725s] DEBUG:colcon.colcon_core.event_handler.log_command:Invoked command in '/home/piyansh46/Code/SIH_2026/ros2_ws/build/amr_bringup' returned '0': AMENT_PREFIX_PATH=/home/piyansh46/Code/SIH_2026/ros2_ws/install/amr_coordination:/home/piyansh46/Code/SIH_2026/ros2_ws/install/amr_nav:/home/piyansh46/Code/SIH_2026/ros2_ws/install/amr_msgs:/home/piyansh46/Code/SIH_2026/ros2_ws/install/amr_gazebo:${AMENT_PREFIX_PATH} CMAKE_PREFIX_PATH=/home/piyansh46/Code/SIH_2026/ros2_ws/install/amr_nav:/home/piyansh46/Code/SIH_2026/ros2_ws/install/amr_msgs:/home/piyansh46/Code/SIH_2026/ros2_ws/install/amr_gazebo:/opt/ros/jazzy/opt/gz_sim_vendor:/opt/ros/jazzy/opt/gz_sensors_vendor:/opt/ros/jazzy/opt/gz_physics_vendor:/opt/ros/jazzy/opt/sdformat_vendor:/opt/ros/jazzy/opt/gz_gui_vendor:/opt/ros/jazzy/opt/gz_transport_vendor:/opt/ros/jazzy/opt/gz_rendering_vendor:/opt/ros/jazzy/opt/gz_plugin_vendor:/opt/ros/jazzy/opt/gz_fuel_tools_vendor:/opt/ros/jazzy/opt/gz_msgs_vendor:/opt/ros/jazzy/opt/gz_common_vendor:/opt/ros/jazzy/opt/gz_math_vendor:/opt/ros/jazzy/opt/gz_utils_vendor:/opt/ros/jazzy/opt/gz_tools_vendor:/opt/ros/jazzy/opt/gz_ogre_next_vendor:/opt/ros/jazzy/opt/gz_dartsim_vendor:/opt/ros/jazzy/opt/gz_cmake_vendor:/opt/ros/jazzy DEBUGINFOD_URLS=https://debuginfod.ubuntu.com LD_LIBRARY_PATH=/home/piyansh46/Code/SIH_2026/ros2_ws/install/amr_msgs/lib:${LD_LIBRARY_PATH} PYTHONPATH=/home/piyansh46/Code/SIH_2026/ros2_ws/build/amr_coordination:/home/piyansh46/Code/SIH_2026/ros2_ws/install/amr_coordination/lib/python3.12/site-packages:/home/piyansh46/Code/SIH_2026/ros2_ws/install/amr_msgs/lib/python3.12/site-packages:${PYTHONPATH} /usr/bin/cmake --install /home/piyansh46/Code/SIH_2026/ros2_ws/build/amr_bringup
[12.726s] Level 1:colcon.colcon_core.environment:checking '/home/piyansh46/Code/SIH_2026/ros2_ws/install/amr_bringup' for CMake config files
[12.726s] Level 1:colcon.colcon_core.shell:create_environment_hook('amr_bringup', 'cmake_prefix_path')
[12.726s] INFO:colcon.colcon_core.shell:Creating environment descriptor '/home/piyansh46/Code/SIH_2026/ros2_ws/install/amr_bringup/share/amr_bringup/hook/cmake_prefix_path.dsv'
[12.727s] INFO:colcon.colcon_core.shell:Creating environment hook '/home/piyansh46/Code/SIH_2026/ros2_ws/install/amr_bringup/share/amr_bringup/hook/cmake_prefix_path.sh'
[12.728s] Level 1:colcon.colcon_core.environment:checking '/home/piyansh46/Code/SIH_2026/ros2_ws/install/amr_bringup/bin'
[12.728s] Level 1:colcon.colcon_core.environment:checking '/home/piyansh46/Code/SIH_2026/ros2_ws/install/amr_bringup/lib/pkgconfig/amr_bringup.pc'
[12.728s] Level 1:colcon.colcon_core.environment:checking '/home/piyansh46/Code/SIH_2026/ros2_ws/install/amr_bringup/lib/python3.12/site-packages'
[12.728s] Level 1:colcon.colcon_core.environment:checking '/home/piyansh46/Code/SIH_2026/ros2_ws/install/amr_bringup/bin'
[12.728s] INFO:colcon.colcon_core.shell:Creating package descriptor '/home/piyansh46/Code/SIH_2026/ros2_ws/install/amr_bringup/share/amr_bringup/package.dsv'
[12.729s] INFO:colcon.colcon_core.shell:Creating package script '/home/piyansh46/Code/SIH_2026/ros2_ws/install/amr_bringup/share/amr_bringup/package.sh'
[12.729s] INFO:colcon.colcon_core.shell:Creating package script '/home/piyansh46/Code/SIH_2026/ros2_ws/install/amr_bringup/share/amr_bringup/package.bash'
[12.729s] INFO:colcon.colcon_core.shell:Creating package script '/home/piyansh46/Code/SIH_2026/ros2_ws/install/amr_bringup/share/amr_bringup/package.zsh'
[12.729s] Level 1:colcon.colcon_core.environment:create_file_with_runtime_dependencies(/home/piyansh46/Code/SIH_2026/ros2_ws/install/amr_bringup/share/colcon-core/packages/amr_bringup)
[12.730s] Level 1:colcon.colcon_core.environment:create_environment_scripts_only(amr_bringup)
[12.730s] Level 1:colcon.colcon_core.environment:checking '/home/piyansh46/Code/SIH_2026/ros2_ws/install/amr_bringup' for CMake module files
[12.730s] Level 1:colcon.colcon_core.environment:checking '/home/piyansh46/Code/SIH_2026/ros2_ws/install/amr_bringup' for CMake config files
[12.730s] Level 1:colcon.colcon_core.shell:create_environment_hook('amr_bringup', 'cmake_prefix_path')
[12.730s] INFO:colcon.colcon_core.shell:Creating environment descriptor '/home/piyansh46/Code/SIH_2026/ros2_ws/install/amr_bringup/share/amr_bringup/hook/cmake_prefix_path.dsv'
[12.730s] INFO:colcon.colcon_core.shell:Creating environment hook '/home/piyansh46/Code/SIH_2026/ros2_ws/install/amr_bringup/share/amr_bringup/hook/cmake_prefix_path.sh'
[12.731s] Level 1:colcon.colcon_core.environment:checking '/home/piyansh46/Code/SIH_2026/ros2_ws/install/amr_bringup/bin'
[12.731s] Level 1:colcon.colcon_core.environment:checking '/home/piyansh46/Code/SIH_2026/ros2_ws/install/amr_bringup/lib/pkgconfig/amr_bringup.pc'
[12.731s] Level 1:colcon.colcon_core.environment:checking '/home/piyansh46/Code/SIH_2026/ros2_ws/install/amr_bringup/lib/python3.12/site-packages'
[12.731s] Level 1:colcon.colcon_core.environment:checking '/home/piyansh46/Code/SIH_2026/ros2_ws/install/amr_bringup/bin'
[12.731s] INFO:colcon.colcon_core.shell:Creating package descriptor '/home/piyansh46/Code/SIH_2026/ros2_ws/install/amr_bringup/share/amr_bringup/package.dsv'
[12.732s] INFO:colcon.colcon_core.shell:Creating package script '/home/piyansh46/Code/SIH_2026/ros2_ws/install/amr_bringup/share/amr_bringup/package.sh'
[12.732s] INFO:colcon.colcon_core.shell:Creating package script '/home/piyansh46/Code/SIH_2026/ros2_ws/install/amr_bringup/share/amr_bringup/package.bash'
[12.732s] INFO:colcon.colcon_core.shell:Creating package script '/home/piyansh46/Code/SIH_2026/ros2_ws/install/amr_bringup/share/amr_bringup/package.zsh'
[12.732s] Level 1:colcon.colcon_core.environment:create_file_with_runtime_dependencies(/home/piyansh46/Code/SIH_2026/ros2_ws/install/amr_bringup/share/colcon-core/packages/amr_bringup)
[12.733s] DEBUG:colcon.colcon_parallel_executor.executor.parallel:closing loop
[12.733s] DEBUG:colcon.colcon_parallel_executor.executor.parallel:loop closed
[12.733s] DEBUG:colcon.colcon_parallel_executor.executor.parallel:run_until_complete finished with '0'
[12.733s] DEBUG:colcon.colcon_core.event_reactor:joining thread
[12.739s] INFO:colcon.colcon_core.plugin_system:Skipping extension 'colcon_notification.desktop_notification.terminal_notifier': Not used on non-Darwin systems
[12.739s] INFO:colcon.colcon_core.plugin_system:Skipping extension 'colcon_notification.desktop_notification.win32': Not used on non-Windows systems
[12.739s] INFO:colcon.colcon_notification.desktop_notification:Sending desktop notification using 'notify2'
[12.754s] DEBUG:colcon.colcon_core.event_reactor:joined thread
[12.754s] INFO:colcon.colcon_core.shell:Creating prefix script '/home/piyansh46/Code/SIH_2026/ros2_ws/install/local_setup.sh'
[12.755s] INFO:colcon.colcon_core.shell:Creating prefix util module '/home/piyansh46/Code/SIH_2026/ros2_ws/install/_local_setup_util_sh.py'
[12.757s] INFO:colcon.colcon_core.shell:Creating prefix chain script '/home/piyansh46/Code/SIH_2026/ros2_ws/install/setup.sh'
[12.759s] INFO:colcon.colcon_core.shell:Creating prefix script '/home/piyansh46/Code/SIH_2026/ros2_ws/install/local_setup.bash'
[12.759s] INFO:colcon.colcon_core.shell:Creating prefix chain script '/home/piyansh46/Code/SIH_2026/ros2_ws/install/setup.bash'
[12.760s] INFO:colcon.colcon_core.shell:Creating prefix script '/home/piyansh46/Code/SIH_2026/ros2_ws/install/local_setup.zsh'
[12.761s] INFO:colcon.colcon_core.shell:Creating prefix chain script '/home/piyansh46/Code/SIH_2026/ros2_ws/install/setup.zsh'
