[0.089s] DEBUG:colcon:Command line arguments: ['/usr/bin/colcon', 'build', '--symlink-install']
[0.090s] DEBUG:colcon:Parsed command line arguments: Namespace(log_base=None, log_level=None, verb_name='build', build_base='build', install_base='install', merge_install=False, symlink_install=True, test_result_base=None, continue_on_error=False, executor='parallel', parallel_workers=12, event_handlers=None, ignore_user_meta=False, metas=['./colcon.meta'], base_paths=['.'], packages_ignore=None, packages_ignore_regex=None, paths=None, packages_up_to=None, packages_up_to_regex=None, packages_above=None, packages_above_and_dependencies=None, packages_above_depth=None, packages_select_by_dep=None, packages_skip_by_dep=None, packages_skip_up_to=None, packages_select_build_failed=False, packages_skip_build_finished=False, packages_select_test_failures=False, packages_skip_test_passed=False, packages_select=None, packages_skip=None, packages_select_regex=None, packages_skip_regex=None, packages_start=None, packages_end=None, cmake_args=None, cmake_target=None, cmake_target_skip_unavailable=False, cmake_clean_cache=False, cmake_clean_first=False, cmake_force_configure=False, ament_cmake_args=None, catkin_cmake_args=None, catkin_skip_building_tests=False, verb_parser=<colcon_defaults.argument_parser.defaults.DefaultArgumentsDecorator object at 0x7d17219fa9f0>, verb_extension=<colcon_core.verb.build.BuildVerb object at 0x7d17220474d0>, main=<bound method BuildVerb.main of <colcon_core.verb.build.BuildVerb object at 0x7d17220474d0>>)
[0.123s] Level 1:colcon.colcon_core.package_discovery:discover_packages(colcon_meta) check parameters
[0.123s] Level 1:colcon.colcon_core.package_discovery:discover_packages(recursive) check parameters
[0.124s] Level 1:colcon.colcon_core.package_discovery:discover_packages(ignore) check parameters
[0.124s] Level 1:colcon.colcon_core.package_discovery:discover_packages(path) check parameters
[0.124s] Level 1:colcon.colcon_core.package_discovery:discover_packages(colcon_meta) discover
[0.124s] Level 1:colcon.colcon_core.package_discovery:discover_packages(recursive) discover
[0.124s] INFO:colcon.colcon_core.package_discovery:Crawling recursively for packages in '/home/piyansh46/Code/SIH_2026/ros2_ws'
[0.124s] Level 1:colcon.colcon_core.package_identification:_identify(.) by extensions ['ignore', 'ignore_ament_install']
[0.124s] Level 1:colcon.colcon_core.package_identification:_identify(.) by extension 'ignore'
[0.124s] Level 1:colcon.colcon_core.package_identification:_identify(.) by extension 'ignore_ament_install'
[0.124s] Level 1:colcon.colcon_core.package_identification:_identify(.) by extensions ['colcon_pkg']
[0.124s] Level 1:colcon.colcon_core.package_identification:_identify(.) by extension 'colcon_pkg'
[0.124s] Level 1:colcon.colcon_core.package_identification:_identify(.) by extensions ['colcon_meta']
[0.124s] Level 1:colcon.colcon_core.package_identification:_identify(.) by extension 'colcon_meta'
[0.124s] Level 1:colcon.colcon_core.package_identification:_identify(.) by extensions ['ros']
[0.124s] Level 1:colcon.colcon_core.package_identification:_identify(.) by extension 'ros'
[0.146s] Level 1:colcon.colcon_core.package_identification:_identify(.) by extensions ['cmake', 'python']
[0.146s] Level 1:colcon.colcon_core.package_identification:_identify(.) by extension 'cmake'
[0.146s] Level 1:colcon.colcon_core.package_identification:_identify(.) by extension 'python'
[0.146s] Level 1:colcon.colcon_core.package_identification:_identify(.) by extensions ['python_setup_py']
[0.146s] Level 1:colcon.colcon_core.package_identification:_identify(.) by extension 'python_setup_py'
[0.146s] Level 1:colcon.colcon_core.package_identification:_identify(build) by extensions ['ignore', 'ignore_ament_install']
[0.146s] Level 1:colcon.colcon_core.package_identification:_identify(build) by extension 'ignore'
[0.146s] Level 1:colcon.colcon_core.package_identification:_identify(build) ignored
[0.146s] Level 1:colcon.colcon_core.package_identification:_identify(install) by extensions ['ignore', 'ignore_ament_install']
[0.146s] Level 1:colcon.colcon_core.package_identification:_identify(install) by extension 'ignore'
[0.146s] Level 1:colcon.colcon_core.package_identification:_identify(install) ignored
[0.146s] Level 1:colcon.colcon_core.package_identification:_identify(log) by extensions ['ignore', 'ignore_ament_install']
[0.146s] Level 1:colcon.colcon_core.package_identification:_identify(log) by extension 'ignore'
[0.147s] Level 1:colcon.colcon_core.package_identification:_identify(log) ignored
[0.147s] Level 1:colcon.colcon_core.package_identification:_identify(results) by extensions ['ignore', 'ignore_ament_install']
[0.147s] Level 1:colcon.colcon_core.package_identification:_identify(results) by extension 'ignore'
[0.147s] Level 1:colcon.colcon_core.package_identification:_identify(results) by extension 'ignore_ament_install'
[0.147s] Level 1:colcon.colcon_core.package_identification:_identify(results) by extensions ['colcon_pkg']
[0.147s] Level 1:colcon.colcon_core.package_identification:_identify(results) by extension 'colcon_pkg'
[0.147s] Level 1:colcon.colcon_core.package_identification:_identify(results) by extensions ['colcon_meta']
[0.147s] Level 1:colcon.colcon_core.package_identification:_identify(results) by extension 'colcon_meta'
[0.147s] Level 1:colcon.colcon_core.package_identification:_identify(results) by extensions ['ros']
[0.147s] Level 1:colcon.colcon_core.package_identification:_identify(results) by extension 'ros'
[0.147s] Level 1:colcon.colcon_core.package_identification:_identify(results) by extensions ['cmake', 'python']
[0.147s] Level 1:colcon.colcon_core.package_identification:_identify(results) by extension 'cmake'
[0.147s] Level 1:colcon.colcon_core.package_identification:_identify(results) by extension 'python'
[0.147s] Level 1:colcon.colcon_core.package_identification:_identify(results) by extensions ['python_setup_py']
[0.147s] Level 1:colcon.colcon_core.package_identification:_identify(results) by extension 'python_setup_py'
[0.147s] Level 1:colcon.colcon_core.package_identification:_identify(src) by extensions ['ignore', 'ignore_ament_install']
[0.147s] Level 1:colcon.colcon_core.package_identification:_identify(src) by extension 'ignore'
[0.147s] Level 1:colcon.colcon_core.package_identification:_identify(src) by extension 'ignore_ament_install'
[0.147s] Level 1:colcon.colcon_core.package_identification:_identify(src) by extensions ['colcon_pkg']
[0.147s] Level 1:colcon.colcon_core.package_identification:_identify(src) by extension 'colcon_pkg'
[0.147s] Level 1:colcon.colcon_core.package_identification:_identify(src) by extensions ['colcon_meta']
[0.147s] Level 1:colcon.colcon_core.package_identification:_identify(src) by extension 'colcon_meta'
[0.147s] Level 1:colcon.colcon_core.package_identification:_identify(src) by extensions ['ros']
[0.147s] Level 1:colcon.colcon_core.package_identification:_identify(src) by extension 'ros'
[0.147s] Level 1:colcon.colcon_core.package_identification:_identify(src) by extensions ['cmake', 'python']
[0.147s] Level 1:colcon.colcon_core.package_identification:_identify(src) by extension 'cmake'
[0.147s] Level 1:colcon.colcon_core.package_identification:_identify(src) by extension 'python'
[0.147s] Level 1:colcon.colcon_core.package_identification:_identify(src) by extensions ['python_setup_py']
[0.147s] Level 1:colcon.colcon_core.package_identification:_identify(src) by extension 'python_setup_py'
[0.148s] Level 1:colcon.colcon_core.package_identification:_identify(src/amr_bringup) by extensions ['ignore', 'ignore_ament_install']
[0.148s] Level 1:colcon.colcon_core.package_identification:_identify(src/amr_bringup) by extension 'ignore'
[0.148s] Level 1:colcon.colcon_core.package_identification:_identify(src/amr_bringup) by extension 'ignore_ament_install'
[0.148s] Level 1:colcon.colcon_core.package_identification:_identify(src/amr_bringup) by extensions ['colcon_pkg']
[0.148s] Level 1:colcon.colcon_core.package_identification:_identify(src/amr_bringup) by extension 'colcon_pkg'
[0.148s] Level 1:colcon.colcon_core.package_identification:_identify(src/amr_bringup) by extensions ['colcon_meta']
[0.148s] Level 1:colcon.colcon_core.package_identification:_identify(src/amr_bringup) by extension 'colcon_meta'
[0.148s] Level 1:colcon.colcon_core.package_identification:_identify(src/amr_bringup) by extensions ['ros']
[0.148s] Level 1:colcon.colcon_core.package_identification:_identify(src/amr_bringup) by extension 'ros'
[0.150s] DEBUG:colcon.colcon_core.package_identification:Package 'src/amr_bringup' with type 'ros.ament_cmake' and name 'amr_bringup'
[0.150s] Level 1:colcon.colcon_core.package_identification:_identify(src/amr_coordination) by extensions ['ignore', 'ignore_ament_install']
[0.151s] Level 1:colcon.colcon_core.package_identification:_identify(src/amr_coordination) by extension 'ignore'
[0.151s] Level 1:colcon.colcon_core.package_identification:_identify(src/amr_coordination) by extension 'ignore_ament_install'
[0.151s] Level 1:colcon.colcon_core.package_identification:_identify(src/amr_coordination) by extensions ['colcon_pkg']
[0.151s] Level 1:colcon.colcon_core.package_identification:_identify(src/amr_coordination) by extension 'colcon_pkg'
[0.151s] Level 1:colcon.colcon_core.package_identification:_identify(src/amr_coordination) by extensions ['colcon_meta']
[0.151s] Level 1:colcon.colcon_core.package_identification:_identify(src/amr_coordination) by extension 'colcon_meta'
[0.151s] Level 1:colcon.colcon_core.package_identification:_identify(src/amr_coordination) by extensions ['ros']
[0.151s] Level 1:colcon.colcon_core.package_identification:_identify(src/amr_coordination) by extension 'ros'
[0.151s] DEBUG:colcon.colcon_core.package_identification:Package 'src/amr_coordination' with type 'ros.ament_python' and name 'amr_coordination'
[0.151s] Level 1:colcon.colcon_core.package_identification:_identify(src/amr_gazebo) by extensions ['ignore', 'ignore_ament_install']
[0.152s] Level 1:colcon.colcon_core.package_identification:_identify(src/amr_gazebo) by extension 'ignore'
[0.152s] Level 1:colcon.colcon_core.package_identification:_identify(src/amr_gazebo) by extension 'ignore_ament_install'
[0.152s] Level 1:colcon.colcon_core.package_identification:_identify(src/amr_gazebo) by extensions ['colcon_pkg']
[0.152s] Level 1:colcon.colcon_core.package_identification:_identify(src/amr_gazebo) by extension 'colcon_pkg'
[0.152s] Level 1:colcon.colcon_core.package_identification:_identify(src/amr_gazebo) by extensions ['colcon_meta']
[0.152s] Level 1:colcon.colcon_core.package_identification:_identify(src/amr_gazebo) by extension 'colcon_meta'
[0.152s] Level 1:colcon.colcon_core.package_identification:_identify(src/amr_gazebo) by extensions ['ros']
[0.152s] Level 1:colcon.colcon_core.package_identification:_identify(src/amr_gazebo) by extension 'ros'
[0.152s] DEBUG:colcon.colcon_core.package_identification:Package 'src/amr_gazebo' with type 'ros.ament_cmake' and name 'amr_gazebo'
[0.152s] Level 1:colcon.colcon_core.package_identification:_identify(src/amr_msgs) by extensions ['ignore', 'ignore_ament_install']
[0.152s] Level 1:colcon.colcon_core.package_identification:_identify(src/amr_msgs) by extension 'ignore'
[0.152s] Level 1:colcon.colcon_core.package_identification:_identify(src/amr_msgs) by extension 'ignore_ament_install'
[0.152s] Level 1:colcon.colcon_core.package_identification:_identify(src/amr_msgs) by extensions ['colcon_pkg']
[0.152s] Level 1:colcon.colcon_core.package_identification:_identify(src/amr_msgs) by extension 'colcon_pkg'
[0.152s] Level 1:colcon.colcon_core.package_identification:_identify(src/amr_msgs) by extensions ['colcon_meta']
[0.152s] Level 1:colcon.colcon_core.package_identification:_identify(src/amr_msgs) by extension 'colcon_meta'
[0.152s] Level 1:colcon.colcon_core.package_identification:_identify(src/amr_msgs) by extensions ['ros']
[0.152s] Level 1:colcon.colcon_core.package_identification:_identify(src/amr_msgs) by extension 'ros'
[0.153s] DEBUG:colcon.colcon_core.package_identification:Package 'src/amr_msgs' with type 'ros.ament_cmake' and name 'amr_msgs'
[0.153s] Level 1:colcon.colcon_core.package_identification:_identify(src/amr_nav) by extensions ['ignore', 'ignore_ament_install']
[0.153s] Level 1:colcon.colcon_core.package_identification:_identify(src/amr_nav) by extension 'ignore'
[0.153s] Level 1:colcon.colcon_core.package_identification:_identify(src/amr_nav) by extension 'ignore_ament_install'
[0.153s] Level 1:colcon.colcon_core.package_identification:_identify(src/amr_nav) by extensions ['colcon_pkg']
[0.153s] Level 1:colcon.colcon_core.package_identification:_identify(src/amr_nav) by extension 'colcon_pkg'
[0.153s] Level 1:colcon.colcon_core.package_identification:_identify(src/amr_nav) by extensions ['colcon_meta']
[0.153s] Level 1:colcon.colcon_core.package_identification:_identify(src/amr_nav) by extension 'colcon_meta'
[0.153s] Level 1:colcon.colcon_core.package_identification:_identify(src/amr_nav) by extensions ['ros']
[0.153s] Level 1:colcon.colcon_core.package_identification:_identify(src/amr_nav) by extension 'ros'
[0.154s] DEBUG:colcon.colcon_core.package_identification:Package 'src/amr_nav' with type 'ros.ament_cmake' and name 'amr_nav'
[0.154s] Level 1:colcon.colcon_core.package_discovery:discover_packages(recursive) using defaults
[0.154s] Level 1:colcon.colcon_core.package_discovery:discover_packages(ignore) discover
[0.154s] Level 1:colcon.colcon_core.package_discovery:discover_packages(ignore) using defaults
[0.154s] Level 1:colcon.colcon_core.package_discovery:discover_packages(path) discover
[0.154s] Level 1:colcon.colcon_core.package_discovery:discover_packages(path) using defaults
[0.170s] Level 5:colcon.colcon_core.verb:set package 'amr_gazebo' build argument 'cmake_args' from command line to 'None'
[0.170s] Level 5:colcon.colcon_core.verb:set package 'amr_gazebo' build argument 'cmake_target' from command line to 'None'
[0.170s] Level 5:colcon.colcon_core.verb:set package 'amr_gazebo' build argument 'cmake_target_skip_unavailable' from command line to 'False'
[0.170s] Level 5:colcon.colcon_core.verb:set package 'amr_gazebo' build argument 'cmake_clean_cache' from command line to 'False'
[0.170s] Level 5:colcon.colcon_core.verb:set package 'amr_gazebo' build argument 'cmake_clean_first' from command line to 'False'
[0.170s] Level 5:colcon.colcon_core.verb:set package 'amr_gazebo' build argument 'cmake_force_configure' from command line to 'False'
[0.170s] Level 5:colcon.colcon_core.verb:set package 'amr_gazebo' build argument 'ament_cmake_args' from command line to 'None'
[0.170s] Level 5:colcon.colcon_core.verb:set package 'amr_gazebo' build argument 'catkin_cmake_args' from command line to 'None'
[0.170s] Level 5:colcon.colcon_core.verb:set package 'amr_gazebo' build argument 'catkin_skip_building_tests' from command line to 'False'
[0.170s] DEBUG:colcon.colcon_core.verb:Building package 'amr_gazebo' with the following arguments: {'ament_cmake_args': None, 'build_base': '/home/piyansh46/Code/SIH_2026/ros2_ws/build/amr_gazebo', 'catkin_cmake_args': None, 'catkin_skip_building_tests': False, 'cmake_args': None, 'cmake_clean_cache': False, 'cmake_clean_first': False, 'cmake_force_configure': False, 'cmake_target': None, 'cmake_target_skip_unavailable': False, 'install_base': '/home/piyansh46/Code/SIH_2026/ros2_ws/install/amr_gazebo', 'merge_install': False, 'path': '/home/piyansh46/Code/SIH_2026/ros2_ws/src/amr_gazebo', 'symlink_install': True, 'test_result_base': None}
[0.171s] Level 5:colcon.colcon_core.verb:set package 'amr_msgs' build argument 'cmake_args' from command line to 'None'
[0.171s] Level 5:colcon.colcon_core.verb:set package 'amr_msgs' build argument 'cmake_target' from command line to 'None'
[0.171s] Level 5:colcon.colcon_core.verb:set package 'amr_msgs' build argument 'cmake_target_skip_unavailable' from command line to 'False'
[0.171s] Level 5:colcon.colcon_core.verb:set package 'amr_msgs' build argument 'cmake_clean_cache' from command line to 'False'
[0.171s] Level 5:colcon.colcon_core.verb:set package 'amr_msgs' build argument 'cmake_clean_first' from command line to 'False'
[0.171s] Level 5:colcon.colcon_core.verb:set package 'amr_msgs' build argument 'cmake_force_configure' from command line to 'False'
[0.171s] Level 5:colcon.colcon_core.verb:set package 'amr_msgs' build argument 'ament_cmake_args' from command line to 'None'
[0.171s] Level 5:colcon.colcon_core.verb:set package 'amr_msgs' build argument 'catkin_cmake_args' from command line to 'None'
[0.171s] Level 5:colcon.colcon_core.verb:set package 'amr_msgs' build argument 'catkin_skip_building_tests' from command line to 'False'
[0.171s] DEBUG:colcon.colcon_core.verb:Building package 'amr_msgs' with the following arguments: {'ament_cmake_args': None, 'build_base': '/home/piyansh46/Code/SIH_2026/ros2_ws/build/amr_msgs', 'catkin_cmake_args': None, 'catkin_skip_building_tests': False, 'cmake_args': None, 'cmake_clean_cache': False, 'cmake_clean_first': False, 'cmake_force_configure': False, 'cmake_target': None, 'cmake_target_skip_unavailable': False, 'install_base': '/home/piyansh46/Code/SIH_2026/ros2_ws/install/amr_msgs', 'merge_install': False, 'path': '/home/piyansh46/Code/SIH_2026/ros2_ws/src/amr_msgs', 'symlink_install': True, 'test_result_base': None}
[0.171s] Level 5:colcon.colcon_core.verb:set package 'amr_nav' build argument 'cmake_args' from command line to 'None'
[0.171s] Level 5:colcon.colcon_core.verb:set package 'amr_nav' build argument 'cmake_target' from command line to 'None'
[0.171s] Level 5:colcon.colcon_core.verb:set package 'amr_nav' build argument 'cmake_target_skip_unavailable' from command line to 'False'
[0.171s] Level 5:colcon.colcon_core.verb:set package 'amr_nav' build argument 'cmake_clean_cache' from command line to 'False'
[0.171s] Level 5:colcon.colcon_core.verb:set package 'amr_nav' build argument 'cmake_clean_first' from command line to 'False'
[0.171s] Level 5:colcon.colcon_core.verb:set package 'amr_nav' build argument 'cmake_force_configure' from command line to 'False'
[0.171s] Level 5:colcon.colcon_core.verb:set package 'amr_nav' build argument 'ament_cmake_args' from command line to 'None'
[0.171s] Level 5:colcon.colcon_core.verb:set package 'amr_nav' build argument 'catkin_cmake_args' from command line to 'None'
[0.171s] Level 5:colcon.colcon_core.verb:set package 'amr_nav' build argument 'catkin_skip_building_tests' from command line to 'False'
[0.171s] DEBUG:colcon.colcon_core.verb:Building package 'amr_nav' with the following arguments: {'ament_cmake_args': None, 'build_base': '/home/piyansh46/Code/SIH_2026/ros2_ws/build/amr_nav', 'catkin_cmake_args': None, 'catkin_skip_building_tests': False, 'cmake_args': None, 'cmake_clean_cache': False, 'cmake_clean_first': False, 'cmake_force_configure': False, 'cmake_target': None, 'cmake_target_skip_unavailable': False, 'install_base': '/home/piyansh46/Code/SIH_2026/ros2_ws/install/amr_nav', 'merge_install': False, 'path': '/home/piyansh46/Code/SIH_2026/ros2_ws/src/amr_nav', 'symlink_install': True, 'test_result_base': None}
[0.171s] Level 5:colcon.colcon_core.verb:set package 'amr_coordination' build argument 'cmake_args' from command line to 'None'
[0.171s] Level 5:colcon.colcon_core.verb:set package 'amr_coordination' build argument 'cmake_target' from command line to 'None'
[0.171s] Level 5:colcon.colcon_core.verb:set package 'amr_coordination' build argument 'cmake_target_skip_unavailable' from command line to 'False'
[0.171s] Level 5:colcon.colcon_core.verb:set package 'amr_coordination' build argument 'cmake_clean_cache' from command line to 'False'
[0.171s] Level 5:colcon.colcon_core.verb:set package 'amr_coordination' build argument 'cmake_clean_first' from command line to 'False'
[0.171s] Level 5:colcon.colcon_core.verb:set package 'amr_coordination' build argument 'cmake_force_configure' from command line to 'False'
[0.171s] Level 5:colcon.colcon_core.verb:set package 'amr_coordination' build argument 'ament_cmake_args' from command line to 'None'
[0.171s] Level 5:colcon.colcon_core.verb:set package 'amr_coordination' build argument 'catkin_cmake_args' from command line to 'None'
[0.171s] Level 5:colcon.colcon_core.verb:set package 'amr_coordination' build argument 'catkin_skip_building_tests' from command line to 'False'
[0.171s] DEBUG:colcon.colcon_core.verb:Building package 'amr_coordination' with the following arguments: {'ament_cmake_args': None, 'build_base': '/home/piyansh46/Code/SIH_2026/ros2_ws/build/amr_coordination', 'catkin_cmake_args': None, 'catkin_skip_building_tests': False, 'cmake_args': None, 'cmake_clean_cache': False, 'cmake_clean_first': False, 'cmake_force_configure': False, 'cmake_target': None, 'cmake_target_skip_unavailable': False, 'install_base': '/home/piyansh46/Code/SIH_2026/ros2_ws/install/amr_coordination', 'merge_install': False, 'path': '/home/piyansh46/Code/SIH_2026/ros2_ws/src/amr_coordination', 'symlink_install': True, 'test_result_base': None}
[0.171s] Level 5:colcon.colcon_core.verb:set package 'amr_bringup' build argument 'cmake_args' from command line to 'None'
[0.171s] Level 5:colcon.colcon_core.verb:set package 'amr_bringup' build argument 'cmake_target' from command line to 'None'
[0.172s] Level 5:colcon.colcon_core.verb:set package 'amr_bringup' build argument 'cmake_target_skip_unavailable' from command line to 'False'
[0.172s] Level 5:colcon.colcon_core.verb:set package 'amr_bringup' build argument 'cmake_clean_cache' from command line to 'False'
[0.172s] Level 5:colcon.colcon_core.verb:set package 'amr_bringup' build argument 'cmake_clean_first' from command line to 'False'
[0.172s] Level 5:colcon.colcon_core.verb:set package 'amr_bringup' build argument 'cmake_force_configure' from command line to 'False'
[0.172s] Level 5:colcon.colcon_core.verb:set package 'amr_bringup' build argument 'ament_cmake_args' from command line to 'None'
[0.172s] Level 5:colcon.colcon_core.verb:set package 'amr_bringup' build argument 'catkin_cmake_args' from command line to 'None'
[0.172s] Level 5:colcon.colcon_core.verb:set package 'amr_bringup' build argument 'catkin_skip_building_tests' from command line to 'False'
[0.172s] DEBUG:colcon.colcon_core.verb:Building package 'amr_bringup' with the following arguments: {'ament_cmake_args': None, 'build_base': '/home/piyansh46/Code/SIH_2026/ros2_ws/build/amr_bringup', 'catkin_cmake_args': None, 'catkin_skip_building_tests': False, 'cmake_args': None, 'cmake_clean_cache': False, 'cmake_clean_first': False, 'cmake_force_configure': False, 'cmake_target': None, 'cmake_target_skip_unavailable': False, 'install_base': '/home/piyansh46/Code/SIH_2026/ros2_ws/install/amr_bringup', 'merge_install': False, 'path': '/home/piyansh46/Code/SIH_2026/ros2_ws/src/amr_bringup', 'symlink_install': True, 'test_result_base': None}
[0.172s] INFO:colcon.colcon_core.executor:Executing jobs using 'parallel' executor
[0.172s] DEBUG:colcon.colcon_parallel_executor.executor.parallel:run_until_complete
[0.173s] INFO:colcon.colcon_ros.task.ament_cmake.build:Building ROS package in '/home/piyansh46/Code/SIH_2026/ros2_ws/src/amr_msgs' with build type 'ament_cmake'
[0.173s] INFO:colcon.colcon_cmake.task.cmake.build:Building CMake package in '/home/piyansh46/Code/SIH_2026/ros2_ws/src/amr_msgs'
[0.175s] INFO:colcon.colcon_core.plugin_system:Skipping extension 'colcon_core.shell.bat': Not used on non-Windows systems
[0.175s] DEBUG:colcon.colcon_core.shell:Skip shell extension 'dsv' for command environment
[0.179s] INFO:colcon.colcon_ros.task.ament_cmake.build:Building ROS package in '/home/piyansh46/Code/SIH_2026/ros2_ws/src/amr_gazebo' with build type 'ament_cmake'
[0.179s] INFO:colcon.colcon_cmake.task.cmake.build:Building CMake package in '/home/piyansh46/Code/SIH_2026/ros2_ws/src/amr_gazebo'
[0.179s] DEBUG:colcon.colcon_core.shell:Skip shell extension 'dsv' for command environment
[0.184s] INFO:colcon.colcon_ros.task.ament_cmake.build:Building ROS package in '/home/piyansh46/Code/SIH_2026/ros2_ws/src/amr_nav' with build type 'ament_cmake'
[0.184s] INFO:colcon.colcon_cmake.task.cmake.build:Building CMake package in '/home/piyansh46/Code/SIH_2026/ros2_ws/src/amr_nav'
[0.184s] DEBUG:colcon.colcon_core.shell:Skip shell extension 'dsv' for command environment
[0.194s] DEBUG:colcon.colcon_core.event_handler.log_command:Invoking command in '/home/piyansh46/Code/SIH_2026/ros2_ws/build/amr_msgs': CMAKE_PREFIX_PATH=${CMAKE_PREFIX_PATH}:/opt/ros/jazzy DEBUGINFOD_URLS=https://debuginfod.ubuntu.com /usr/bin/cmake --build /home/piyansh46/Code/SIH_2026/ros2_ws/build/amr_msgs -- -j12 -l12
[0.197s] DEBUG:colcon.colcon_core.event_handler.log_command:Invoking command in '/home/piyansh46/Code/SIH_2026/ros2_ws/build/amr_gazebo': CMAKE_PREFIX_PATH=${CMAKE_PREFIX_PATH}:/opt/ros/jazzy DEBUGINFOD_URLS=https://debuginfod.ubuntu.com /usr/bin/cmake --build /home/piyansh46/Code/SIH_2026/ros2_ws/build/amr_gazebo -- -j12 -l12
[0.202s] DEBUG:colcon.colcon_core.event_handler.log_command:Invoking command in '/home/piyansh46/Code/SIH_2026/ros2_ws/build/amr_nav': CMAKE_PREFIX_PATH=${CMAKE_PREFIX_PATH}:/opt/ros/jazzy DEBUGINFOD_URLS=https://debuginfod.ubuntu.com /usr/bin/cmake --build /home/piyansh46/Code/SIH_2026/ros2_ws/build/amr_nav -- -j12 -l12
[0.241s] DEBUG:colcon.colcon_core.event_handler.log_command:Invoked command in '/home/piyansh46/Code/SIH_2026/ros2_ws/build/amr_gazebo' returned '0': CMAKE_PREFIX_PATH=${CMAKE_PREFIX_PATH}:/opt/ros/jazzy DEBUGINFOD_URLS=https://debuginfod.ubuntu.com /usr/bin/cmake --build /home/piyansh46/Code/SIH_2026/ros2_ws/build/amr_gazebo -- -j12 -l12
[0.252s] DEBUG:colcon.colcon_core.event_handler.log_command:Invoking command in '/home/piyansh46/Code/SIH_2026/ros2_ws/build/amr_gazebo': CMAKE_PREFIX_PATH=${CMAKE_PREFIX_PATH}:/opt/ros/jazzy DEBUGINFOD_URLS=https://debuginfod.ubuntu.com /usr/bin/cmake --install /home/piyansh46/Code/SIH_2026/ros2_ws/build/amr_gazebo
[0.253s] DEBUG:colcon.colcon_core.event_handler.log_command:Invoked command in '/home/piyansh46/Code/SIH_2026/ros2_ws/build/amr_nav' returned '0': CMAKE_PREFIX_PATH=${CMAKE_PREFIX_PATH}:/opt/ros/jazzy DEBUGINFOD_URLS=https://debuginfod.ubuntu.com /usr/bin/cmake --build /home/piyansh46/Code/SIH_2026/ros2_ws/build/amr_nav -- -j12 -l12
[0.254s] DEBUG:colcon.colcon_core.event_handler.log_command:Invoking command in '/home/piyansh46/Code/SIH_2026/ros2_ws/build/amr_nav': CMAKE_PREFIX_PATH=${CMAKE_PREFIX_PATH}:/opt/ros/jazzy DEBUGINFOD_URLS=https://debuginfod.ubuntu.com /usr/bin/cmake --install /home/piyansh46/Code/SIH_2026/ros2_ws/build/amr_nav
[0.277s] Level 1:colcon.colcon_core.environment:create_environment_scripts_only(amr_gazebo)
[0.281s] DEBUG:colcon.colcon_core.event_handler.log_command:Invoked command in '/home/piyansh46/Code/SIH_2026/ros2_ws/build/amr_gazebo' returned '0': CMAKE_PREFIX_PATH=${CMAKE_PREFIX_PATH}:/opt/ros/jazzy DEBUGINFOD_URLS=https://debuginfod.ubuntu.com /usr/bin/cmake --install /home/piyansh46/Code/SIH_2026/ros2_ws/build/amr_gazebo
[0.282s] Level 1:colcon.colcon_core.environment:checking '/home/piyansh46/Code/SIH_2026/ros2_ws/install/amr_gazebo' for CMake module files
[0.283s] Level 1:colcon.colcon_core.environment:checking '/home/piyansh46/Code/SIH_2026/ros2_ws/install/amr_gazebo' for CMake config files
[0.283s] Level 1:colcon.colcon_core.shell:create_environment_hook('amr_gazebo', 'cmake_prefix_path')
[0.284s] INFO:colcon.colcon_core.shell:Creating environment descriptor '/home/piyansh46/Code/SIH_2026/ros2_ws/install/amr_gazebo/share/amr_gazebo/hook/cmake_prefix_path.dsv'
[0.285s] INFO:colcon.colcon_core.shell:Creating environment hook '/home/piyansh46/Code/SIH_2026/ros2_ws/install/amr_gazebo/share/amr_gazebo/hook/cmake_prefix_path.sh'
[0.287s] Level 1:colcon.colcon_core.environment:checking '/home/piyansh46/Code/SIH_2026/ros2_ws/install/amr_gazebo/bin'
[0.288s] Level 1:colcon.colcon_core.environment:checking '/home/piyansh46/Code/SIH_2026/ros2_ws/install/amr_gazebo/lib/pkgconfig/amr_gazebo.pc'
[0.291s] Level 1:colcon.colcon_core.environment:checking '/home/piyansh46/Code/SIH_2026/ros2_ws/install/amr_gazebo/lib/python3.12/site-packages'
[0.292s] Level 1:colcon.colcon_core.environment:checking '/home/piyansh46/Code/SIH_2026/ros2_ws/install/amr_gazebo/bin'
[0.293s] INFO:colcon.colcon_core.shell:Creating package descriptor '/home/piyansh46/Code/SIH_2026/ros2_ws/install/amr_gazebo/share/amr_gazebo/package.dsv'
[0.295s] INFO:colcon.colcon_core.shell:Creating package script '/home/piyansh46/Code/SIH_2026/ros2_ws/install/amr_gazebo/share/amr_gazebo/package.sh'
[0.296s] INFO:colcon.colcon_core.shell:Creating package script '/home/piyansh46/Code/SIH_2026/ros2_ws/install/amr_gazebo/share/amr_gazebo/package.bash'
[0.297s] INFO:colcon.colcon_core.shell:Creating package script '/home/piyansh46/Code/SIH_2026/ros2_ws/install/amr_gazebo/share/amr_gazebo/package.zsh'
[0.298s] Level 1:colcon.colcon_core.environment:create_file_with_runtime_dependencies(/home/piyansh46/Code/SIH_2026/ros2_ws/install/amr_gazebo/share/colcon-core/packages/amr_gazebo)
[0.299s] Level 1:colcon.colcon_core.environment:create_environment_scripts_only(amr_gazebo)
[0.300s] Level 1:colcon.colcon_core.environment:checking '/home/piyansh46/Code/SIH_2026/ros2_ws/install/amr_gazebo' for CMake module files
[0.301s] Level 1:colcon.colcon_core.environment:checking '/home/piyansh46/Code/SIH_2026/ros2_ws/install/amr_gazebo' for CMake config files
[0.301s] Level 1:colcon.colcon_core.shell:create_environment_hook('amr_gazebo', 'cmake_prefix_path')
[0.302s] INFO:colcon.colcon_core.shell:Creating environment descriptor '/home/piyansh46/Code/SIH_2026/ros2_ws/install/amr_gazebo/share/amr_gazebo/hook/cmake_prefix_path.dsv'
[0.302s] INFO:colcon.colcon_core.shell:Creating environment hook '/home/piyansh46/Code/SIH_2026/ros2_ws/install/amr_gazebo/share/amr_gazebo/hook/cmake_prefix_path.sh'
[0.303s] Level 1:colcon.colcon_core.environment:checking '/home/piyansh46/Code/SIH_2026/ros2_ws/install/amr_gazebo/bin'
[0.304s] Level 1:colcon.colcon_core.environment:checking '/home/piyansh46/Code/SIH_2026/ros2_ws/install/amr_gazebo/lib/pkgconfig/amr_gazebo.pc'
[0.304s] Level 1:colcon.colcon_core.environment:checking '/home/piyansh46/Code/SIH_2026/ros2_ws/install/amr_gazebo/lib/python3.12/site-packages'
[0.304s] Level 1:colcon.colcon_core.environment:checking '/home/piyansh46/Code/SIH_2026/ros2_ws/install/amr_gazebo/bin'
[0.305s] INFO:colcon.colcon_core.shell:Creating package descriptor '/home/piyansh46/Code/SIH_2026/ros2_ws/install/amr_gazebo/share/amr_gazebo/package.dsv'
[0.305s] INFO:colcon.colcon_core.shell:Creating package script '/home/piyansh46/Code/SIH_2026/ros2_ws/install/amr_gazebo/share/amr_gazebo/package.sh'
[0.306s] INFO:colcon.colcon_core.shell:Creating package script '/home/piyansh46/Code/SIH_2026/ros2_ws/install/amr_gazebo/share/amr_gazebo/package.bash'
[0.307s] INFO:colcon.colcon_core.shell:Creating package script '/home/piyansh46/Code/SIH_2026/ros2_ws/install/amr_gazebo/share/amr_gazebo/package.zsh'
[0.308s] Level 1:colcon.colcon_core.environment:create_file_with_runtime_dependencies(/home/piyansh46/Code/SIH_2026/ros2_ws/install/amr_gazebo/share/colcon-core/packages/amr_gazebo)
[0.310s] Level 1:colcon.colcon_core.environment:create_environment_scripts_only(amr_nav)
[0.311s] DEBUG:colcon.colcon_core.event_handler.log_command:Invoked command in '/home/piyansh46/Code/SIH_2026/ros2_ws/build/amr_nav' returned '0': CMAKE_PREFIX_PATH=${CMAKE_PREFIX_PATH}:/opt/ros/jazzy DEBUGINFOD_URLS=https://debuginfod.ubuntu.com /usr/bin/cmake --install /home/piyansh46/Code/SIH_2026/ros2_ws/build/amr_nav
[0.312s] Level 1:colcon.colcon_core.environment:checking '/home/piyansh46/Code/SIH_2026/ros2_ws/install/amr_nav' for CMake module files
[0.315s] Level 1:colcon.colcon_core.environment:checking '/home/piyansh46/Code/SIH_2026/ros2_ws/install/amr_nav' for CMake config files
[0.315s] Level 1:colcon.colcon_core.shell:create_environment_hook('amr_nav', 'cmake_prefix_path')
[0.315s] INFO:colcon.colcon_core.shell:Creating environment descriptor '/home/piyansh46/Code/SIH_2026/ros2_ws/install/amr_nav/share/amr_nav/hook/cmake_prefix_path.dsv'
[0.317s] INFO:colcon.colcon_core.shell:Creating environment hook '/home/piyansh46/Code/SIH_2026/ros2_ws/install/amr_nav/share/amr_nav/hook/cmake_prefix_path.sh'
[0.317s] Level 1:colcon.colcon_core.environment:checking '/home/piyansh46/Code/SIH_2026/ros2_ws/install/amr_nav/bin'
[0.318s] Level 1:colcon.colcon_core.environment:checking '/home/piyansh46/Code/SIH_2026/ros2_ws/install/amr_nav/lib/pkgconfig/amr_nav.pc'
[0.318s] Level 1:colcon.colcon_core.environment:checking '/home/piyansh46/Code/SIH_2026/ros2_ws/install/amr_nav/lib/python3.12/site-packages'
[0.318s] Level 1:colcon.colcon_core.environment:checking '/home/piyansh46/Code/SIH_2026/ros2_ws/install/amr_nav/bin'
[0.318s] INFO:colcon.colcon_core.shell:Creating package descriptor '/home/piyansh46/Code/SIH_2026/ros2_ws/install/amr_nav/share/amr_nav/package.dsv'
[0.319s] INFO:colcon.colcon_core.shell:Creating package script '/home/piyansh46/Code/SIH_2026/ros2_ws/install/amr_nav/share/amr_nav/package.sh'
[0.320s] INFO:colcon.colcon_core.shell:Creating package script '/home/piyansh46/Code/SIH_2026/ros2_ws/install/amr_nav/share/amr_nav/package.bash'
[0.321s] INFO:colcon.colcon_core.shell:Creating package script '/home/piyansh46/Code/SIH_2026/ros2_ws/install/amr_nav/share/amr_nav/package.zsh'
[0.321s] Level 1:colcon.colcon_core.environment:create_file_with_runtime_dependencies(/home/piyansh46/Code/SIH_2026/ros2_ws/install/amr_nav/share/colcon-core/packages/amr_nav)
[0.322s] Level 1:colcon.colcon_core.environment:create_environment_scripts_only(amr_nav)
[0.323s] Level 1:colcon.colcon_core.environment:checking '/home/piyansh46/Code/SIH_2026/ros2_ws/install/amr_nav' for CMake module files
[0.324s] Level 1:colcon.colcon_core.environment:checking '/home/piyansh46/Code/SIH_2026/ros2_ws/install/amr_nav' for CMake config files
[0.324s] Level 1:colcon.colcon_core.shell:create_environment_hook('amr_nav', 'cmake_prefix_path')
[0.324s] INFO:colcon.colcon_core.shell:Creating environment descriptor '/home/piyansh46/Code/SIH_2026/ros2_ws/install/amr_nav/share/amr_nav/hook/cmake_prefix_path.dsv'
[0.325s] INFO:colcon.colcon_core.shell:Creating environment hook '/home/piyansh46/Code/SIH_2026/ros2_ws/install/amr_nav/share/amr_nav/hook/cmake_prefix_path.sh'
[0.325s] Level 1:colcon.colcon_core.environment:checking '/home/piyansh46/Code/SIH_2026/ros2_ws/install/amr_nav/bin'
[0.325s] Level 1:colcon.colcon_core.environment:checking '/home/piyansh46/Code/SIH_2026/ros2_ws/install/amr_nav/lib/pkgconfig/amr_nav.pc'
[0.326s] Level 1:colcon.colcon_core.environment:checking '/home/piyansh46/Code/SIH_2026/ros2_ws/install/amr_nav/lib/python3.12/site-packages'
[0.326s] Level 1:colcon.colcon_core.environment:checking '/home/piyansh46/Code/SIH_2026/ros2_ws/install/amr_nav/bin'
[0.327s] INFO:colcon.colcon_core.shell:Creating package descriptor '/home/piyansh46/Code/SIH_2026/ros2_ws/install/amr_nav/share/amr_nav/package.dsv'
[0.328s] INFO:colcon.colcon_core.shell:Creating package script '/home/piyansh46/Code/SIH_2026/ros2_ws/install/amr_nav/share/amr_nav/package.sh'
[0.329s] INFO:colcon.colcon_core.shell:Creating package script '/home/piyansh46/Code/SIH_2026/ros2_ws/install/amr_nav/share/amr_nav/package.bash'
[0.329s] INFO:colcon.colcon_core.shell:Creating package script '/home/piyansh46/Code/SIH_2026/ros2_ws/install/amr_nav/share/amr_nav/package.zsh'
[0.330s] Level 1:colcon.colcon_core.environment:create_file_with_runtime_dependencies(/home/piyansh46/Code/SIH_2026/ros2_ws/install/amr_nav/share/colcon-core/packages/amr_nav)
[0.590s] DEBUG:colcon.colcon_core.event_handler.log_command:Invoked command in '/home/piyansh46/Code/SIH_2026/ros2_ws/build/amr_msgs' returned '0': CMAKE_PREFIX_PATH=${CMAKE_PREFIX_PATH}:/opt/ros/jazzy DEBUGINFOD_URLS=https://debuginfod.ubuntu.com /usr/bin/cmake --build /home/piyansh46/Code/SIH_2026/ros2_ws/build/amr_msgs -- -j12 -l12
[0.592s] DEBUG:colcon.colcon_core.event_handler.log_command:Invoking command in '/home/piyansh46/Code/SIH_2026/ros2_ws/build/amr_msgs': CMAKE_PREFIX_PATH=${CMAKE_PREFIX_PATH}:/opt/ros/jazzy DEBUGINFOD_URLS=https://debuginfod.ubuntu.com /usr/bin/cmake --install /home/piyansh46/Code/SIH_2026/ros2_ws/build/amr_msgs
[0.661s] Level 1:colcon.colcon_core.environment:create_environment_scripts_only(amr_msgs)
[0.661s] Level 1:colcon.colcon_core.environment:checking '/home/piyansh46/Code/SIH_2026/ros2_ws/install/amr_msgs' for CMake module files
[0.662s] DEBUG:colcon.colcon_core.event_handler.log_command:Invoked command in '/home/piyansh46/Code/SIH_2026/ros2_ws/build/amr_msgs' returned '0': CMAKE_PREFIX_PATH=${CMAKE_PREFIX_PATH}:/opt/ros/jazzy DEBUGINFOD_URLS=https://debuginfod.ubuntu.com /usr/bin/cmake --install /home/piyansh46/Code/SIH_2026/ros2_ws/build/amr_msgs
[0.663s] Level 1:colcon.colcon_core.environment:checking '/home/piyansh46/Code/SIH_2026/ros2_ws/install/amr_msgs' for CMake config files
[0.664s] Level 1:colcon.colcon_core.shell:create_environment_hook('amr_msgs', 'cmake_prefix_path')
[0.664s] INFO:colcon.colcon_core.shell:Creating environment descriptor '/home/piyansh46/Code/SIH_2026/ros2_ws/install/amr_msgs/share/amr_msgs/hook/cmake_prefix_path.dsv'
[0.664s] INFO:colcon.colcon_core.shell:Creating environment hook '/home/piyansh46/Code/SIH_2026/ros2_ws/install/amr_msgs/share/amr_msgs/hook/cmake_prefix_path.sh'
[0.665s] Level 1:colcon.colcon_core.environment:checking '/home/piyansh46/Code/SIH_2026/ros2_ws/install/amr_msgs/lib'
[0.665s] Level 1:colcon.colcon_core.shell:create_environment_hook('amr_msgs', 'ld_library_path_lib')
[0.665s] INFO:colcon.colcon_core.shell:Creating environment descriptor '/home/piyansh46/Code/SIH_2026/ros2_ws/install/amr_msgs/share/amr_msgs/hook/ld_library_path_lib.dsv'
[0.665s] INFO:colcon.colcon_core.shell:Creating environment hook '/home/piyansh46/Code/SIH_2026/ros2_ws/install/amr_msgs/share/amr_msgs/hook/ld_library_path_lib.sh'
[0.666s] Level 1:colcon.colcon_core.environment:checking '/home/piyansh46/Code/SIH_2026/ros2_ws/install/amr_msgs/bin'
[0.666s] Level 1:colcon.colcon_core.environment:checking '/home/piyansh46/Code/SIH_2026/ros2_ws/install/amr_msgs/lib/pkgconfig/amr_msgs.pc'
[0.666s] Level 1:colcon.colcon_core.environment:checking '/home/piyansh46/Code/SIH_2026/ros2_ws/install/amr_msgs/lib/python3.12/site-packages'
[0.666s] Level 1:colcon.colcon_core.shell:create_environment_hook('amr_msgs', 'pythonpath')
[0.666s] INFO:colcon.colcon_core.shell:Creating environment descriptor '/home/piyansh46/Code/SIH_2026/ros2_ws/install/amr_msgs/share/amr_msgs/hook/pythonpath.dsv'
[0.666s] INFO:colcon.colcon_core.shell:Creating environment hook '/home/piyansh46/Code/SIH_2026/ros2_ws/install/amr_msgs/share/amr_msgs/hook/pythonpath.sh'
[0.667s] Level 1:colcon.colcon_core.environment:checking '/home/piyansh46/Code/SIH_2026/ros2_ws/install/amr_msgs/bin'
[0.667s] INFO:colcon.colcon_core.shell:Creating package descriptor '/home/piyansh46/Code/SIH_2026/ros2_ws/install/amr_msgs/share/amr_msgs/package.dsv'
[0.668s] INFO:colcon.colcon_core.shell:Creating package script '/home/piyansh46/Code/SIH_2026/ros2_ws/install/amr_msgs/share/amr_msgs/package.sh'
[0.669s] INFO:colcon.colcon_core.shell:Creating package script '/home/piyansh46/Code/SIH_2026/ros2_ws/install/amr_msgs/share/amr_msgs/package.bash'
[0.669s] INFO:colcon.colcon_core.shell:Creating package script '/home/piyansh46/Code/SIH_2026/ros2_ws/install/amr_msgs/share/amr_msgs/package.zsh'
[0.669s] Level 1:colcon.colcon_core.environment:create_file_with_runtime_dependencies(/home/piyansh46/Code/SIH_2026/ros2_ws/install/amr_msgs/share/colcon-core/packages/amr_msgs)
[0.670s] Level 1:colcon.colcon_core.environment:create_environment_scripts_only(amr_msgs)
[0.670s] Level 1:colcon.colcon_core.environment:checking '/home/piyansh46/Code/SIH_2026/ros2_ws/install/amr_msgs' for CMake module files
[0.671s] Level 1:colcon.colcon_core.environment:checking '/home/piyansh46/Code/SIH_2026/ros2_ws/install/amr_msgs' for CMake config files
[0.671s] Level 1:colcon.colcon_core.shell:create_environment_hook('amr_msgs', 'cmake_prefix_path')
[0.672s] INFO:colcon.colcon_core.shell:Creating environment descriptor '/home/piyansh46/Code/SIH_2026/ros2_ws/install/amr_msgs/share/amr_msgs/hook/cmake_prefix_path.dsv'
[0.672s] INFO:colcon.colcon_core.shell:Creating environment hook '/home/piyansh46/Code/SIH_2026/ros2_ws/install/amr_msgs/share/amr_msgs/hook/cmake_prefix_path.sh'
[0.672s] Level 1:colcon.colcon_core.environment:checking '/home/piyansh46/Code/SIH_2026/ros2_ws/install/amr_msgs/lib'
[0.672s] Level 1:colcon.colcon_core.shell:create_environment_hook('amr_msgs', 'ld_library_path_lib')
[0.673s] INFO:colcon.colcon_core.shell:Creating environment descriptor '/home/piyansh46/Code/SIH_2026/ros2_ws/install/amr_msgs/share/amr_msgs/hook/ld_library_path_lib.dsv'
[0.673s] INFO:colcon.colcon_core.shell:Creating environment hook '/home/piyansh46/Code/SIH_2026/ros2_ws/install/amr_msgs/share/amr_msgs/hook/ld_library_path_lib.sh'
[0.673s] Level 1:colcon.colcon_core.environment:checking '/home/piyansh46/Code/SIH_2026/ros2_ws/install/amr_msgs/bin'
[0.673s] Level 1:colcon.colcon_core.environment:checking '/home/piyansh46/Code/SIH_2026/ros2_ws/install/amr_msgs/lib/pkgconfig/amr_msgs.pc'
[0.674s] Level 1:colcon.colcon_core.environment:checking '/home/piyansh46/Code/SIH_2026/ros2_ws/install/amr_msgs/lib/python3.12/site-packages'
[0.674s] Level 1:colcon.colcon_core.shell:create_environment_hook('amr_msgs', 'pythonpath')
[0.674s] INFO:colcon.colcon_core.shell:Creating environment descriptor '/home/piyansh46/Code/SIH_2026/ros2_ws/install/amr_msgs/share/amr_msgs/hook/pythonpath.dsv'
[0.674s] INFO:colcon.colcon_core.shell:Creating environment hook '/home/piyansh46/Code/SIH_2026/ros2_ws/install/amr_msgs/share/amr_msgs/hook/pythonpath.sh'
[0.675s] Level 1:colcon.colcon_core.environment:checking '/home/piyansh46/Code/SIH_2026/ros2_ws/install/amr_msgs/bin'
[0.675s] INFO:colcon.colcon_core.shell:Creating package descriptor '/home/piyansh46/Code/SIH_2026/ros2_ws/install/amr_msgs/share/amr_msgs/package.dsv'
[0.676s] INFO:colcon.colcon_core.shell:Creating package script '/home/piyansh46/Code/SIH_2026/ros2_ws/install/amr_msgs/share/amr_msgs/package.sh'
[0.676s] INFO:colcon.colcon_core.shell:Creating package script '/home/piyansh46/Code/SIH_2026/ros2_ws/install/amr_msgs/share/amr_msgs/package.bash'
[0.677s] INFO:colcon.colcon_core.shell:Creating package script '/home/piyansh46/Code/SIH_2026/ros2_ws/install/amr_msgs/share/amr_msgs/package.zsh'
[0.677s] Level 1:colcon.colcon_core.environment:create_file_with_runtime_dependencies(/home/piyansh46/Code/SIH_2026/ros2_ws/install/amr_msgs/share/colcon-core/packages/amr_msgs)
[0.677s] INFO:colcon.colcon_ros.task.ament_python.build:Building ROS package in '/home/piyansh46/Code/SIH_2026/ros2_ws/src/amr_coordination' with build type 'ament_python'
[0.678s] Level 1:colcon.colcon_core.shell:create_environment_hook('amr_coordination', 'ament_prefix_path')
[0.678s] INFO:colcon.colcon_core.shell:Creating environment descriptor '/home/piyansh46/Code/SIH_2026/ros2_ws/install/amr_coordination/share/amr_coordination/hook/ament_prefix_path.dsv'
[0.678s] INFO:colcon.colcon_core.shell:Creating environment hook '/home/piyansh46/Code/SIH_2026/ros2_ws/install/amr_coordination/share/amr_coordination/hook/ament_prefix_path.sh'
[0.679s] DEBUG:colcon.colcon_core.shell:Skip shell extension 'dsv' for command environment
[0.878s] INFO:colcon.colcon_core.task.python.build:Building Python package in '/home/piyansh46/Code/SIH_2026/ros2_ws/src/amr_coordination'
[0.879s] DEBUG:colcon.colcon_core.shell:Skip shell extension 'dsv' for command environment
[1.396s] DEBUG:colcon.colcon_core.task.python.build:Available setuptools commands: easy_install, install_egg_info, egg_info, clean, sdist, install_lib, check, update_catalog, bdist_dumb, build, dist_info, extract_messages, register, compile_catalog, alias, upload, upload_docs, bdist_egg, editable_wheel, install_scripts, rotate, install, symlink_data, init_catalog, bdist_rpm, saveopts, test, develop, setopt, install_headers, bdist_wheel, build_py, build_scripts, build_ext, build_clib, install_data, bdist
[1.707s] DEBUG:colcon.colcon_core.task.python.build:Available setuptools 'develop' options: --no-find-links, --upgrade, --install-dir, --optimize, --version, --help, --prefix, --egg-path, --index-url, --install-layout, --zip-ok, --exclude-scripts, --verbose, --multi-version, --script-dir, --always-copy, --find-links, --always-unzip, --build-directory, --editable, --quiet, --local-snapshots-ok, --force-installation-into-system-dir, --site-dirs, --record, --no-user-cfg, --dry-run, --uninstall, --user, --allow-hosts, --no-deps
[1.709s] DEBUG:colcon.colcon_core.event_handler.log_command:Invoking command in '/home/piyansh46/Code/SIH_2026/ros2_ws/build/amr_coordination': AMENT_PREFIX_PATH=/home/piyansh46/Code/SIH_2026/ros2_ws/install/amr_msgs:${AMENT_PREFIX_PATH} CMAKE_PREFIX_PATH=/home/piyansh46/Code/SIH_2026/ros2_ws/install/amr_msgs:${CMAKE_PREFIX_PATH} DEBUGINFOD_URLS=https://debuginfod.ubuntu.com LD_LIBRARY_PATH=/home/piyansh46/Code/SIH_2026/ros2_ws/install/amr_msgs/lib:${LD_LIBRARY_PATH} PYTHONPATH=/home/piyansh46/Code/SIH_2026/ros2_ws/build/amr_coordination/prefix_override:/usr/lib/python3/dist-packages/colcon_core/task/python/colcon_distutils_commands:/home/piyansh46/Code/SIH_2026/ros2_ws/install/amr_coordination/lib/python3.12/site-packages:/home/piyansh46/Code/SIH_2026/ros2_ws/install/amr_msgs/lib/python3.12/site-packages:${PYTHONPATH} /usr/bin/python3 -W ignore:setup.py install is deprecated -W ignore:easy_install command is deprecated setup.py develop --editable --build-directory /home/piyansh46/Code/SIH_2026/ros2_ws/build/amr_coordination/build --no-deps symlink_data
[2.233s] Level 1:colcon.colcon_core.shell:create_environment_hook('amr_coordination', 'pythonpath_develop')
[2.234s] INFO:colcon.colcon_core.shell:Creating environment descriptor '/home/piyansh46/Code/SIH_2026/ros2_ws/build/amr_coordination/share/amr_coordination/hook/pythonpath_develop.dsv'
[2.234s] DEBUG:colcon.colcon_core.event_handler.log_command:Invoked command in '/home/piyansh46/Code/SIH_2026/ros2_ws/build/amr_coordination' returned '0': AMENT_PREFIX_PATH=/home/piyansh46/Code/SIH_2026/ros2_ws/install/amr_msgs:${AMENT_PREFIX_PATH} CMAKE_PREFIX_PATH=/home/piyansh46/Code/SIH_2026/ros2_ws/install/amr_msgs:${CMAKE_PREFIX_PATH} DEBUGINFOD_URLS=https://debuginfod.ubuntu.com LD_LIBRARY_PATH=/home/piyansh46/Code/SIH_2026/ros2_ws/install/amr_msgs/lib:${LD_LIBRARY_PATH} PYTHONPATH=/home/piyansh46/Code/SIH_2026/ros2_ws/build/amr_coordination/prefix_override:/usr/lib/python3/dist-packages/colcon_core/task/python/colcon_distutils_commands:/home/piyansh46/Code/SIH_2026/ros2_ws/install/amr_coordination/lib/python3.12/site-packages:/home/piyansh46/Code/SIH_2026/ros2_ws/install/amr_msgs/lib/python3.12/site-packages:${PYTHONPATH} /usr/bin/python3 -W ignore:setup.py install is deprecated -W ignore:easy_install command is deprecated setup.py develop --editable --build-directory /home/piyansh46/Code/SIH_2026/ros2_ws/build/amr_coordination/build --no-deps symlink_data
[2.235s] INFO:colcon.colcon_core.shell:Creating environment hook '/home/piyansh46/Code/SIH_2026/ros2_ws/build/amr_coordination/share/amr_coordination/hook/pythonpath_develop.sh'
[2.236s] Level 1:colcon.colcon_core.environment:checking '/home/piyansh46/Code/SIH_2026/ros2_ws/install/amr_coordination' for CMake module files
[2.236s] Level 1:colcon.colcon_core.environment:checking '/home/piyansh46/Code/SIH_2026/ros2_ws/install/amr_coordination' for CMake config files
[2.237s] Level 1:colcon.colcon_core.environment:checking '/home/piyansh46/Code/SIH_2026/ros2_ws/install/amr_coordination/lib'
[2.237s] Level 1:colcon.colcon_core.environment:checking '/home/piyansh46/Code/SIH_2026/ros2_ws/install/amr_coordination/bin'
[2.237s] Level 1:colcon.colcon_core.environment:checking '/home/piyansh46/Code/SIH_2026/ros2_ws/install/amr_coordination/lib/pkgconfig/amr_coordination.pc'
[2.237s] Level 1:colcon.colcon_core.environment:checking '/home/piyansh46/Code/SIH_2026/ros2_ws/install/amr_coordination/lib/python3.12/site-packages'
[2.237s] Level 1:colcon.colcon_core.shell:create_environment_hook('amr_coordination', 'pythonpath')
[2.237s] INFO:colcon.colcon_core.shell:Creating environment descriptor '/home/piyansh46/Code/SIH_2026/ros2_ws/install/amr_coordination/share/amr_coordination/hook/pythonpath.dsv'
[2.237s] INFO:colcon.colcon_core.shell:Creating environment hook '/home/piyansh46/Code/SIH_2026/ros2_ws/install/amr_coordination/share/amr_coordination/hook/pythonpath.sh'
[2.238s] Level 1:colcon.colcon_core.environment:checking '/home/piyansh46/Code/SIH_2026/ros2_ws/install/amr_coordination/bin'
[2.238s] Level 1:colcon.colcon_core.environment:create_environment_scripts_only(amr_coordination)
[2.238s] INFO:colcon.colcon_core.shell:Creating package descriptor '/home/piyansh46/Code/SIH_2026/ros2_ws/install/amr_coordination/share/amr_coordination/package.dsv'
[2.238s] INFO:colcon.colcon_core.shell:Creating package script '/home/piyansh46/Code/SIH_2026/ros2_ws/install/amr_coordination/share/amr_coordination/package.sh'
[2.239s] INFO:colcon.colcon_core.shell:Creating package script '/home/piyansh46/Code/SIH_2026/ros2_ws/install/amr_coordination/share/amr_coordination/package.bash'
[2.239s] INFO:colcon.colcon_core.shell:Creating package script '/home/piyansh46/Code/SIH_2026/ros2_ws/install/amr_coordination/share/amr_coordination/package.zsh'
[2.239s] Level 1:colcon.colcon_core.environment:create_file_with_runtime_dependencies(/home/piyansh46/Code/SIH_2026/ros2_ws/install/amr_coordination/share/colcon-core/packages/amr_coordination)
[2.239s] INFO:colcon.colcon_ros.task.ament_cmake.build:Building ROS package in '/home/piyansh46/Code/SIH_2026/ros2_ws/src/amr_bringup' with build type 'ament_cmake'
[2.239s] INFO:colcon.colcon_cmake.task.cmake.build:Building CMake package in '/home/piyansh46/Code/SIH_2026/ros2_ws/src/amr_bringup'
[2.239s] DEBUG:colcon.colcon_core.shell:Skip shell extension 'dsv' for command environment
[2.252s] DEBUG:colcon.colcon_core.event_handler.log_command:Invoking command in '/home/piyansh46/Code/SIH_2026/ros2_ws/build/amr_bringup': AMENT_PREFIX_PATH=/home/piyansh46/Code/SIH_2026/ros2_ws/install/amr_coordination:/home/piyansh46/Code/SIH_2026/ros2_ws/install/amr_nav:/home/piyansh46/Code/SIH_2026/ros2_ws/install/amr_msgs:/home/piyansh46/Code/SIH_2026/ros2_ws/install/amr_gazebo:${AMENT_PREFIX_PATH} CMAKE_PREFIX_PATH=/home/piyansh46/Code/SIH_2026/ros2_ws/install/amr_nav:/home/piyansh46/Code/SIH_2026/ros2_ws/install/amr_msgs:/home/piyansh46/Code/SIH_2026/ros2_ws/install/amr_gazebo:/opt/ros/jazzy/opt/gz_sim_vendor:/opt/ros/jazzy/opt/gz_sensors_vendor:/opt/ros/jazzy/opt/gz_physics_vendor:/opt/ros/jazzy/opt/sdformat_vendor:/opt/ros/jazzy/opt/gz_gui_vendor:/opt/ros/jazzy/opt/gz_transport_vendor:/opt/ros/jazzy/opt/gz_rendering_vendor:/opt/ros/jazzy/opt/gz_plugin_vendor:/opt/ros/jazzy/opt/gz_fuel_tools_vendor:/opt/ros/jazzy/opt/gz_msgs_vendor:/opt/ros/jazzy/opt/gz_common_vendor:/opt/ros/jazzy/opt/gz_math_vendor:/opt/ros/jazzy/opt/gz_utils_vendor:/opt/ros/jazzy/opt/gz_tools_vendor:/opt/ros/jazzy/opt/gz_ogre_next_vendor:/opt/ros/jazzy/opt/gz_dartsim_vendor:/opt/ros/jazzy/opt/gz_cmake_vendor:/opt/ros/jazzy DEBUGINFOD_URLS=https://debuginfod.ubuntu.com LD_LIBRARY_PATH=/home/piyansh46/Code/SIH_2026/ros2_ws/install/amr_msgs/lib:${LD_LIBRARY_PATH} PYTHONPATH=/home/piyansh46/Code/SIH_2026/ros2_ws/build/amr_coordination:/home/piyansh46/Code/SIH_2026/ros2_ws/install/amr_coordination/lib/python3.12/site-packages:/home/piyansh46/Code/SIH_2026/ros2_ws/install/amr_msgs/lib/python3.12/site-packages:${PYTHONPATH} /usr/bin/cmake --build /home/piyansh46/Code/SIH_2026/ros2_ws/build/amr_bringup -- -j12 -l12
[2.292s] DEBUG:colcon.colcon_core.event_handler.log_command:Invoked command in '/home/piyansh46/Code/SIH_2026/ros2_ws/build/amr_bringup' returned '0': AMENT_PREFIX_PATH=/home/piyansh46/Code/SIH_2026/ros2_ws/install/amr_coordination:/home/piyansh46/Code/SIH_2026/ros2_ws/install/amr_nav:/home/piyansh46/Code/SIH_2026/ros2_ws/install/amr_msgs:/home/piyansh46/Code/SIH_2026/ros2_ws/install/amr_gazebo:${AMENT_PREFIX_PATH} CMAKE_PREFIX_PATH=/home/piyansh46/Code/SIH_2026/ros2_ws/install/amr_nav:/home/piyansh46/Code/SIH_2026/ros2_ws/install/amr_msgs:/home/piyansh46/Code/SIH_2026/ros2_ws/install/amr_gazebo:/opt/ros/jazzy/opt/gz_sim_vendor:/opt/ros/jazzy/opt/gz_sensors_vendor:/opt/ros/jazzy/opt/gz_physics_vendor:/opt/ros/jazzy/opt/sdformat_vendor:/opt/ros/jazzy/opt/gz_gui_vendor:/opt/ros/jazzy/opt/gz_transport_vendor:/opt/ros/jazzy/opt/gz_rendering_vendor:/opt/ros/jazzy/opt/gz_plugin_vendor:/opt/ros/jazzy/opt/gz_fuel_tools_vendor:/opt/ros/jazzy/opt/gz_msgs_vendor:/opt/ros/jazzy/opt/gz_common_vendor:/opt/ros/jazzy/opt/gz_math_vendor:/opt/ros/jazzy/opt/gz_utils_vendor:/opt/ros/jazzy/opt/gz_tools_vendor:/opt/ros/jazzy/opt/gz_ogre_next_vendor:/opt/ros/jazzy/opt/gz_dartsim_vendor:/opt/ros/jazzy/opt/gz_cmake_vendor:/opt/ros/jazzy DEBUGINFOD_URLS=https://debuginfod.ubuntu.com LD_LIBRARY_PATH=/home/piyansh46/Code/SIH_2026/ros2_ws/install/amr_msgs/lib:${LD_LIBRARY_PATH} PYTHONPATH=/home/piyansh46/Code/SIH_2026/ros2_ws/build/amr_coordination:/home/piyansh46/Code/SIH_2026/ros2_ws/install/amr_coordination/lib/python3.12/site-packages:/home/piyansh46/Code/SIH_2026/ros2_ws/install/amr_msgs/lib/python3.12/site-packages:${PYTHONPATH} /usr/bin/cmake --build /home/piyansh46/Code/SIH_2026/ros2_ws/build/amr_bringup -- -j12 -l12
[2.293s] DEBUG:colcon.colcon_core.event_handler.log_command:Invoking command in '/home/piyansh46/Code/SIH_2026/ros2_ws/build/amr_bringup': AMENT_PREFIX_PATH=/home/piyansh46/Code/SIH_2026/ros2_ws/install/amr_coordination:/home/piyansh46/Code/SIH_2026/ros2_ws/install/amr_nav:/home/piyansh46/Code/SIH_2026/ros2_ws/install/amr_msgs:/home/piyansh46/Code/SIH_2026/ros2_ws/install/amr_gazebo:${AMENT_PREFIX_PATH} CMAKE_PREFIX_PATH=/home/piyansh46/Code/SIH_2026/ros2_ws/install/amr_nav:/home/piyansh46/Code/SIH_2026/ros2_ws/install/amr_msgs:/home/piyansh46/Code/SIH_2026/ros2_ws/install/amr_gazebo:/opt/ros/jazzy/opt/gz_sim_vendor:/opt/ros/jazzy/opt/gz_sensors_vendor:/opt/ros/jazzy/opt/gz_physics_vendor:/opt/ros/jazzy/opt/sdformat_vendor:/opt/ros/jazzy/opt/gz_gui_vendor:/opt/ros/jazzy/opt/gz_transport_vendor:/opt/ros/jazzy/opt/gz_rendering_vendor:/opt/ros/jazzy/opt/gz_plugin_vendor:/opt/ros/jazzy/opt/gz_fuel_tools_vendor:/opt/ros/jazzy/opt/gz_msgs_vendor:/opt/ros/jazzy/opt/gz_common_vendor:/opt/ros/jazzy/opt/gz_math_vendor:/opt/ros/jazzy/opt/gz_utils_vendor:/opt/ros/jazzy/opt/gz_tools_vendor:/opt/ros/jazzy/opt/gz_ogre_next_vendor:/opt/ros/jazzy/opt/gz_dartsim_vendor:/opt/ros/jazzy/opt/gz_cmake_vendor:/opt/ros/jazzy DEBUGINFOD_URLS=https://debuginfod.ubuntu.com LD_LIBRARY_PATH=/home/piyansh46/Code/SIH_2026/ros2_ws/install/amr_msgs/lib:${LD_LIBRARY_PATH} PYTHONPATH=/home/piyansh46/Code/SIH_2026/ros2_ws/build/amr_coordination:/home/piyansh46/Code/SIH_2026/ros2_ws/install/amr_coordination/lib/python3.12/site-packages:/home/piyansh46/Code/SIH_2026/ros2_ws/install/amr_msgs/lib/python3.12/site-packages:${PYTHONPATH} /usr/bin/cmake --install /home/piyansh46/Code/SIH_2026/ros2_ws/build/amr_bringup
[2.315s] Level 1:colcon.colcon_core.environment:create_environment_scripts_only(amr_bringup)
[2.315s] Level 1:colcon.colcon_core.environment:checking '/home/piyansh46/Code/SIH_2026/ros2_ws/install/amr_bringup' for CMake module files
[2.316s] DEBUG:colcon.colcon_core.event_handler.log_command:Invoked command in '/home/piyansh46/Code/SIH_2026/ros2_ws/build/amr_bringup' returned '0': AMENT_PREFIX_PATH=/home/piyansh46/Code/SIH_2026/ros2_ws/install/amr_coordination:/home/piyansh46/Code/SIH_2026/ros2_ws/install/amr_nav:/home/piyansh46/Code/SIH_2026/ros2_ws/install/amr_msgs:/home/piyansh46/Code/SIH_2026/ros2_ws/install/amr_gazebo:${AMENT_PREFIX_PATH} CMAKE_PREFIX_PATH=/home/piyansh46/Code/SIH_2026/ros2_ws/install/amr_nav:/home/piyansh46/Code/SIH_2026/ros2_ws/install/amr_msgs:/home/piyansh46/Code/SIH_2026/ros2_ws/install/amr_gazebo:/opt/ros/jazzy/opt/gz_sim_vendor:/opt/ros/jazzy/opt/gz_sensors_vendor:/opt/ros/jazzy/opt/gz_physics_vendor:/opt/ros/jazzy/opt/sdformat_vendor:/opt/ros/jazzy/opt/gz_gui_vendor:/opt/ros/jazzy/opt/gz_transport_vendor:/opt/ros/jazzy/opt/gz_rendering_vendor:/opt/ros/jazzy/opt/gz_plugin_vendor:/opt/ros/jazzy/opt/gz_fuel_tools_vendor:/opt/ros/jazzy/opt/gz_msgs_vendor:/opt/ros/jazzy/opt/gz_common_vendor:/opt/ros/jazzy/opt/gz_math_vendor:/opt/ros/jazzy/opt/gz_utils_vendor:/opt/ros/jazzy/opt/gz_tools_vendor:/opt/ros/jazzy/opt/gz_ogre_next_vendor:/opt/ros/jazzy/opt/gz_dartsim_vendor:/opt/ros/jazzy/opt/gz_cmake_vendor:/opt/ros/jazzy DEBUGINFOD_URLS=https://debuginfod.ubuntu.com LD_LIBRARY_PATH=/home/piyansh46/Code/SIH_2026/ros2_ws/install/amr_msgs/lib:${LD_LIBRARY_PATH} PYTHONPATH=/home/piyansh46/Code/SIH_2026/ros2_ws/build/amr_coordination:/home/piyansh46/Code/SIH_2026/ros2_ws/install/amr_coordination/lib/python3.12/site-packages:/home/piyansh46/Code/SIH_2026/ros2_ws/install/amr_msgs/lib/python3.12/site-packages:${PYTHONPATH} /usr/bin/cmake --install /home/piyansh46/Code/SIH_2026/ros2_ws/build/amr_bringup
[2.316s] Level 1:colcon.colcon_core.environment:checking '/home/piyansh46/Code/SIH_2026/ros2_ws/install/amr_bringup' for CMake config files
[2.316s] Level 1:colcon.colcon_core.shell:create_environment_hook('amr_bringup', 'cmake_prefix_path')
[2.316s] INFO:colcon.colcon_core.shell:Creating environment descriptor '/home/piyansh46/Code/SIH_2026/ros2_ws/install/amr_bringup/share/amr_bringup/hook/cmake_prefix_path.dsv'
[2.317s] INFO:colcon.colcon_core.shell:Creating environment hook '/home/piyansh46/Code/SIH_2026/ros2_ws/install/amr_bringup/share/amr_bringup/hook/cmake_prefix_path.sh'
[2.318s] Level 1:colcon.colcon_core.environment:checking '/home/piyansh46/Code/SIH_2026/ros2_ws/install/amr_bringup/bin'
[2.318s] Level 1:colcon.colcon_core.environment:checking '/home/piyansh46/Code/SIH_2026/ros2_ws/install/amr_bringup/lib/pkgconfig/amr_bringup.pc'
[2.318s] Level 1:colcon.colcon_core.environment:checking '/home/piyansh46/Code/SIH_2026/ros2_ws/install/amr_bringup/lib/python3.12/site-packages'
[2.318s] Level 1:colcon.colcon_core.environment:checking '/home/piyansh46/Code/SIH_2026/ros2_ws/install/amr_bringup/bin'
[2.319s] INFO:colcon.colcon_core.shell:Creating package descriptor '/home/piyansh46/Code/SIH_2026/ros2_ws/install/amr_bringup/share/amr_bringup/package.dsv'
[2.319s] INFO:colcon.colcon_core.shell:Creating package script '/home/piyansh46/Code/SIH_2026/ros2_ws/install/amr_bringup/share/amr_bringup/package.sh'
[2.320s] INFO:colcon.colcon_core.shell:Creating package script '/home/piyansh46/Code/SIH_2026/ros2_ws/install/amr_bringup/share/amr_bringup/package.bash'
[2.320s] INFO:colcon.colcon_core.shell:Creating package script '/home/piyansh46/Code/SIH_2026/ros2_ws/install/amr_bringup/share/amr_bringup/package.zsh'
[2.320s] Level 1:colcon.colcon_core.environment:create_file_with_runtime_dependencies(/home/piyansh46/Code/SIH_2026/ros2_ws/install/amr_bringup/share/colcon-core/packages/amr_bringup)
[2.320s] Level 1:colcon.colcon_core.environment:create_environment_scripts_only(amr_bringup)
[2.321s] Level 1:colcon.colcon_core.environment:checking '/home/piyansh46/Code/SIH_2026/ros2_ws/install/amr_bringup' for CMake module files
[2.321s] Level 1:colcon.colcon_core.environment:checking '/home/piyansh46/Code/SIH_2026/ros2_ws/install/amr_bringup' for CMake config files
[2.321s] Level 1:colcon.colcon_core.shell:create_environment_hook('amr_bringup', 'cmake_prefix_path')
[2.321s] INFO:colcon.colcon_core.shell:Creating environment descriptor '/home/piyansh46/Code/SIH_2026/ros2_ws/install/amr_bringup/share/amr_bringup/hook/cmake_prefix_path.dsv'
[2.321s] INFO:colcon.colcon_core.shell:Creating environment hook '/home/piyansh46/Code/SIH_2026/ros2_ws/install/amr_bringup/share/amr_bringup/hook/cmake_prefix_path.sh'
[2.322s] Level 1:colcon.colcon_core.environment:checking '/home/piyansh46/Code/SIH_2026/ros2_ws/install/amr_bringup/bin'
[2.322s] Level 1:colcon.colcon_core.environment:checking '/home/piyansh46/Code/SIH_2026/ros2_ws/install/amr_bringup/lib/pkgconfig/amr_bringup.pc'
[2.322s] Level 1:colcon.colcon_core.environment:checking '/home/piyansh46/Code/SIH_2026/ros2_ws/install/amr_bringup/lib/python3.12/site-packages'
[2.322s] Level 1:colcon.colcon_core.environment:checking '/home/piyansh46/Code/SIH_2026/ros2_ws/install/amr_bringup/bin'
[2.322s] INFO:colcon.colcon_core.shell:Creating package descriptor '/home/piyansh46/Code/SIH_2026/ros2_ws/install/amr_bringup/share/amr_bringup/package.dsv'
[2.323s] INFO:colcon.colcon_core.shell:Creating package script '/home/piyansh46/Code/SIH_2026/ros2_ws/install/amr_bringup/share/amr_bringup/package.sh'
[2.323s] INFO:colcon.colcon_core.shell:Creating package script '/home/piyansh46/Code/SIH_2026/ros2_ws/install/amr_bringup/share/amr_bringup/package.bash'
[2.323s] INFO:colcon.colcon_core.shell:Creating package script '/home/piyansh46/Code/SIH_2026/ros2_ws/install/amr_bringup/share/amr_bringup/package.zsh'
[2.323s] Level 1:colcon.colcon_core.environment:create_file_with_runtime_dependencies(/home/piyansh46/Code/SIH_2026/ros2_ws/install/amr_bringup/share/colcon-core/packages/amr_bringup)
[2.323s] DEBUG:colcon.colcon_parallel_executor.executor.parallel:closing loop
[2.324s] DEBUG:colcon.colcon_parallel_executor.executor.parallel:loop closed
[2.324s] DEBUG:colcon.colcon_parallel_executor.executor.parallel:run_until_complete finished with '0'
[2.324s] DEBUG:colcon.colcon_core.event_reactor:joining thread
[2.330s] INFO:colcon.colcon_core.plugin_system:Skipping extension 'colcon_notification.desktop_notification.terminal_notifier': Not used on non-Darwin systems
[2.330s] INFO:colcon.colcon_core.plugin_system:Skipping extension 'colcon_notification.desktop_notification.win32': Not used on non-Windows systems
[2.330s] INFO:colcon.colcon_notification.desktop_notification:Sending desktop notification using 'notify2'
[2.344s] DEBUG:colcon.colcon_core.event_reactor:joined thread
[2.344s] INFO:colcon.colcon_core.shell:Creating prefix script '/home/piyansh46/Code/SIH_2026/ros2_ws/install/local_setup.sh'
[2.345s] INFO:colcon.colcon_core.shell:Creating prefix util module '/home/piyansh46/Code/SIH_2026/ros2_ws/install/_local_setup_util_sh.py'
[2.346s] INFO:colcon.colcon_core.shell:Creating prefix chain script '/home/piyansh46/Code/SIH_2026/ros2_ws/install/setup.sh'
[2.347s] INFO:colcon.colcon_core.shell:Creating prefix script '/home/piyansh46/Code/SIH_2026/ros2_ws/install/local_setup.bash'
[2.347s] INFO:colcon.colcon_core.shell:Creating prefix chain script '/home/piyansh46/Code/SIH_2026/ros2_ws/install/setup.bash'
[2.348s] INFO:colcon.colcon_core.shell:Creating prefix script '/home/piyansh46/Code/SIH_2026/ros2_ws/install/local_setup.zsh'
[2.349s] INFO:colcon.colcon_core.shell:Creating prefix chain script '/home/piyansh46/Code/SIH_2026/ros2_ws/install/setup.zsh'
