[0.013s] Invoking command in '/home/piyansh46/Code/SIH_2026/ros2_ws/build/amr_nav': CMAKE_PREFIX_PATH=${CMAKE_PREFIX_PATH}:/opt/ros/jazzy DEBUGINFOD_URLS=https://debuginfod.ubuntu.com /usr/bin/cmake --build /home/piyansh46/Code/SIH_2026/ros2_ws/build/amr_nav -- -j12 -l12
[0.070s] Invoked command in '/home/piyansh46/Code/SIH_2026/ros2_ws/build/amr_nav' returned '0': CMAKE_PREFIX_PATH=${CMAKE_PREFIX_PATH}:/opt/ros/jazzy DEBUGINFOD_URLS=https://debuginfod.ubuntu.com /usr/bin/cmake --build /home/piyansh46/Code/SIH_2026/ros2_ws/build/amr_nav -- -j12 -l12
[0.071s] Invoking command in '/home/piyansh46/Code/SIH_2026/ros2_ws/build/amr_nav': CMAKE_PREFIX_PATH=${CMAKE_PREFIX_PATH}:/opt/ros/jazzy DEBUGINFOD_URLS=https://debuginfod.ubuntu.com /usr/bin/cmake --install /home/piyansh46/Code/SIH_2026/ros2_ws/build/amr_nav
[0.079s] -- Install configuration: ""
[0.079s] -- Execute custom install script
[0.080s] -- Up-to-date symlink: /home/piyansh46/Code/SIH_2026/ros2_ws/install/amr_nav/share/amr_nav/config/nav2_params.yaml
[0.080s] -- Up-to-date symlink: /home/piyansh46/Code/SIH_2026/ros2_ws/install/amr_nav/share/amr_nav/maps/warehouse_map.pgm
[0.080s] -- Up-to-date symlink: /home/piyansh46/Code/SIH_2026/ros2_ws/install/amr_nav/share/amr_nav/maps/warehouse_map.yaml
[0.081s] -- Up-to-date symlink: /home/piyansh46/Code/SIH_2026/ros2_ws/install/amr_nav/share/amr_nav/launch/robot_nav.launch.py
[0.081s] -- Up-to-date symlink: /home/piyansh46/Code/SIH_2026/ros2_ws/install/amr_nav/share/ament_index/resource_index/package_run_dependencies/amr_nav
[0.081s] -- Up-to-date symlink: /home/piyansh46/Code/SIH_2026/ros2_ws/install/amr_nav/share/ament_index/resource_index/parent_prefix_path/amr_nav
[0.081s] -- Up-to-date symlink: /home/piyansh46/Code/SIH_2026/ros2_ws/install/amr_nav/share/amr_nav/environment/ament_prefix_path.sh
[0.081s] -- Up-to-date symlink: /home/piyansh46/Code/SIH_2026/ros2_ws/install/amr_nav/share/amr_nav/environment/ament_prefix_path.dsv
[0.082s] -- Up-to-date symlink: /home/piyansh46/Code/SIH_2026/ros2_ws/install/amr_nav/share/amr_nav/environment/path.sh
[0.082s] -- Up-to-date symlink: /home/piyansh46/Code/SIH_2026/ros2_ws/install/amr_nav/share/amr_nav/environment/path.dsv
[0.082s] -- Up-to-date symlink: /home/piyansh46/Code/SIH_2026/ros2_ws/install/amr_nav/share/amr_nav/local_setup.bash
[0.082s] -- Up-to-date symlink: /home/piyansh46/Code/SIH_2026/ros2_ws/install/amr_nav/share/amr_nav/local_setup.sh
[0.083s] -- Up-to-date symlink: /home/piyansh46/Code/SIH_2026/ros2_ws/install/amr_nav/share/amr_nav/local_setup.zsh
[0.083s] -- Up-to-date symlink: /home/piyansh46/Code/SIH_2026/ros2_ws/install/amr_nav/share/amr_nav/local_setup.dsv
[0.083s] -- Symlinking: /home/piyansh46/Code/SIH_2026/ros2_ws/install/amr_nav/share/amr_nav/package.dsv
[0.092s] -- Up-to-date symlink: /home/piyansh46/Code/SIH_2026/ros2_ws/install/amr_nav/share/ament_index/resource_index/packages/amr_nav
[0.093s] -- Up-to-date symlink: /home/piyansh46/Code/SIH_2026/ros2_ws/install/amr_nav/share/amr_nav/cmake/amr_navConfig.cmake
[0.093s] -- Up-to-date symlink: /home/piyansh46/Code/SIH_2026/ros2_ws/install/amr_nav/share/amr_nav/cmake/amr_navConfig-version.cmake
[0.093s] -- Up-to-date symlink: /home/piyansh46/Code/SIH_2026/ros2_ws/install/amr_nav/share/amr_nav/package.xml
[0.095s] Invoked command in '/home/piyansh46/Code/SIH_2026/ros2_ws/build/amr_nav' returned '0': CMAKE_PREFIX_PATH=${CMAKE_PREFIX_PATH}:/opt/ros/jazzy DEBUGINFOD_URLS=https://debuginfod.ubuntu.com /usr/bin/cmake --install /home/piyansh46/Code/SIH_2026/ros2_ws/build/amr_nav
