[0.009s] Invoking command in '/home/neer/Desktop/SIH/ros2_ws/build/amr_gazebo': CMAKE_PREFIX_PATH=${CMAKE_PREFIX_PATH}:/opt/ros/jazzy DEBUGINFOD_URLS=https://debuginfod.ubuntu.com /usr/bin/cmake /home/neer/Desktop/SIH/ros2_ws/src/amr_gazebo -DAMENT_CMAKE_SYMLINK_INSTALL=1 -DCMAKE_INSTALL_PREFIX=/home/neer/Desktop/SIH/ros2_ws/install/amr_gazebo
[0.059s] -- The C compiler identification is GNU 13.3.0
[0.122s] -- The CXX compiler identification is GNU 13.3.0
[0.137s] -- Detecting C compiler ABI info
[0.253s] -- Detecting C compiler ABI info - done
[0.262s] -- Check for working C compiler: /usr/bin/cc - skipped
[0.262s] -- Detecting C compile features
[0.262s] -- Detecting C compile features - done
[0.271s] -- Detecting CXX compiler ABI info
[0.389s] -- Detecting CXX compiler ABI info - done
[0.400s] -- Check for working CXX compiler: /usr/bin/c++ - skipped
[0.400s] -- Detecting CXX compile features
[0.400s] -- Detecting CXX compile features - done
[0.403s] -- Found ament_cmake: 2.5.6 (/opt/ros/jazzy/share/ament_cmake/cmake)
[0.534s] -- Found Python3: /usr/bin/python3 (found version "3.12.3") found components: Interpreter 
[0.592s] -- Override CMake install command with custom implementation using symlinks instead of copying resources
[0.690s] -- Configuring done (0.7s)
[0.691s] -- Generating done (0.0s)
[0.692s] -- Build files have been written to: /home/neer/Desktop/SIH/ros2_ws/build/amr_gazebo
[0.696s] Invoked command in '/home/neer/Desktop/SIH/ros2_ws/build/amr_gazebo' returned '0': CMAKE_PREFIX_PATH=${CMAKE_PREFIX_PATH}:/opt/ros/jazzy DEBUGINFOD_URLS=https://debuginfod.ubuntu.com /usr/bin/cmake /home/neer/Desktop/SIH/ros2_ws/src/amr_gazebo -DAMENT_CMAKE_SYMLINK_INSTALL=1 -DCMAKE_INSTALL_PREFIX=/home/neer/Desktop/SIH/ros2_ws/install/amr_gazebo
[0.697s] Invoking command in '/home/neer/Desktop/SIH/ros2_ws/build/amr_gazebo': CMAKE_PREFIX_PATH=${CMAKE_PREFIX_PATH}:/opt/ros/jazzy DEBUGINFOD_URLS=https://debuginfod.ubuntu.com /usr/bin/cmake --build /home/neer/Desktop/SIH/ros2_ws/build/amr_gazebo -- -j28 -l28
[0.749s] Invoked command in '/home/neer/Desktop/SIH/ros2_ws/build/amr_gazebo' returned '0': CMAKE_PREFIX_PATH=${CMAKE_PREFIX_PATH}:/opt/ros/jazzy DEBUGINFOD_URLS=https://debuginfod.ubuntu.com /usr/bin/cmake --build /home/neer/Desktop/SIH/ros2_ws/build/amr_gazebo -- -j28 -l28
[0.751s] Invoking command in '/home/neer/Desktop/SIH/ros2_ws/build/amr_gazebo': CMAKE_PREFIX_PATH=${CMAKE_PREFIX_PATH}:/opt/ros/jazzy DEBUGINFOD_URLS=https://debuginfod.ubuntu.com /usr/bin/cmake --install /home/neer/Desktop/SIH/ros2_ws/build/amr_gazebo
[0.758s] -- Install configuration: ""
[0.759s] -- Execute custom install script
[0.759s] -- Symlinking: /home/neer/Desktop/SIH/ros2_ws/install/amr_gazebo/share/amr_gazebo/worlds/warehouse.sdf
[0.766s] -- Symlinking: /home/neer/Desktop/SIH/ros2_ws/install/amr_gazebo/share/amr_gazebo/models/amr_robot/model.config
[0.773s] -- Symlinking: /home/neer/Desktop/SIH/ros2_ws/install/amr_gazebo/share/amr_gazebo/models/amr_robot/model.sdf
[0.780s] -- Symlinking: /home/neer/Desktop/SIH/ros2_ws/install/amr_gazebo/share/amr_gazebo/launch/sim_world.launch.py
[0.788s] -- Symlinking: /home/neer/Desktop/SIH/ros2_ws/install/amr_gazebo/share/amr_gazebo/config/bridge_params.yaml
[0.795s] -- Symlinking: /home/neer/Desktop/SIH/ros2_ws/install/amr_gazebo/share/amr_gazebo/rviz/multi_robot.rviz
[0.801s] -- Symlinking: /home/neer/Desktop/SIH/ros2_ws/install/amr_gazebo/share/ament_index/resource_index/package_run_dependencies/amr_gazebo
[0.808s] -- Symlinking: /home/neer/Desktop/SIH/ros2_ws/install/amr_gazebo/share/ament_index/resource_index/parent_prefix_path/amr_gazebo
[0.816s] -- Symlinking: /home/neer/Desktop/SIH/ros2_ws/install/amr_gazebo/share/amr_gazebo/environment/ament_prefix_path.sh
[0.821s] -- Symlinking: /home/neer/Desktop/SIH/ros2_ws/install/amr_gazebo/share/amr_gazebo/environment/ament_prefix_path.dsv
[0.828s] -- Symlinking: /home/neer/Desktop/SIH/ros2_ws/install/amr_gazebo/share/amr_gazebo/environment/path.sh
[0.834s] -- Symlinking: /home/neer/Desktop/SIH/ros2_ws/install/amr_gazebo/share/amr_gazebo/environment/path.dsv
[0.842s] -- Symlinking: /home/neer/Desktop/SIH/ros2_ws/install/amr_gazebo/share/amr_gazebo/local_setup.bash
[0.849s] -- Symlinking: /home/neer/Desktop/SIH/ros2_ws/install/amr_gazebo/share/amr_gazebo/local_setup.sh
[0.857s] -- Symlinking: /home/neer/Desktop/SIH/ros2_ws/install/amr_gazebo/share/amr_gazebo/local_setup.zsh
[0.862s] -- Symlinking: /home/neer/Desktop/SIH/ros2_ws/install/amr_gazebo/share/amr_gazebo/local_setup.dsv
[0.870s] -- Symlinking: /home/neer/Desktop/SIH/ros2_ws/install/amr_gazebo/share/amr_gazebo/package.dsv
[0.877s] -- Symlinking: /home/neer/Desktop/SIH/ros2_ws/install/amr_gazebo/share/ament_index/resource_index/packages/amr_gazebo
[0.885s] -- Symlinking: /home/neer/Desktop/SIH/ros2_ws/install/amr_gazebo/share/amr_gazebo/cmake/amr_gazeboConfig.cmake
[0.891s] -- Symlinking: /home/neer/Desktop/SIH/ros2_ws/install/amr_gazebo/share/amr_gazebo/cmake/amr_gazeboConfig-version.cmake
[0.896s] -- Symlinking: /home/neer/Desktop/SIH/ros2_ws/install/amr_gazebo/share/amr_gazebo/package.xml
[0.905s] Invoked command in '/home/neer/Desktop/SIH/ros2_ws/build/amr_gazebo' returned '0': CMAKE_PREFIX_PATH=${CMAKE_PREFIX_PATH}:/opt/ros/jazzy DEBUGINFOD_URLS=https://debuginfod.ubuntu.com /usr/bin/cmake --install /home/neer/Desktop/SIH/ros2_ws/build/amr_gazebo
