running develop
running egg_info
creating amr_coordination.egg-info
writing amr_coordination.egg-info/PKG-INFO
writing dependency_links to amr_coordination.egg-info/dependency_links.txt
writing entry points to amr_coordination.egg-info/entry_points.txt
writing requirements to amr_coordination.egg-info/requires.txt
writing top-level names to amr_coordination.egg-info/top_level.txt
writing manifest file 'amr_coordination.egg-info/SOURCES.txt'
reading manifest file 'amr_coordination.egg-info/SOURCES.txt'
writing manifest file 'amr_coordination.egg-info/SOURCES.txt'
running build_ext
Creating /home/piyansh46/Code/SIH_2026/ros2_ws/install/amr_coordination/lib/python3.12/site-packages/amr-coordination.egg-link (link to .)
Installing choke_negotiator script to /home/piyansh46/Code/SIH_2026/ros2_ws/install/amr_coordination/lib/amr_coordination
Installing conflict_detector script to /home/piyansh46/Code/SIH_2026/ros2_ws/install/amr_coordination/lib/amr_coordination
Installing goal_dispatcher script to /home/piyansh46/Code/SIH_2026/ros2_ws/install/amr_coordination/lib/amr_coordination
Installing goal_sequencer script to /home/piyansh46/Code/SIH_2026/ros2_ws/install/amr_coordination/lib/amr_coordination
Installing metrics_logger script to /home/piyansh46/Code/SIH_2026/ros2_ws/install/amr_coordination/lib/amr_coordination
Installing obstacle_relay script to /home/piyansh46/Code/SIH_2026/ros2_ws/install/amr_coordination/lib/amr_coordination
Installing path_sharer script to /home/piyansh46/Code/SIH_2026/ros2_ws/install/amr_coordination/lib/amr_coordination
Installing send_goal script to /home/piyansh46/Code/SIH_2026/ros2_ws/install/amr_coordination/lib/amr_coordination

Installed /home/piyansh46/Code/SIH_2026/ros2_ws/build/amr_coordination
running symlink_data
creating /home/piyansh46/Code/SIH_2026/ros2_ws/install/amr_coordination/share/ament_index
creating /home/piyansh46/Code/SIH_2026/ros2_ws/install/amr_coordination/share/ament_index/resource_index
creating /home/piyansh46/Code/SIH_2026/ros2_ws/install/amr_coordination/share/ament_index/resource_index/packages
symbolically linking /home/piyansh46/Code/SIH_2026/ros2_ws/build/amr_coordination/resource/amr_coordination -> /home/piyansh46/Code/SIH_2026/ros2_ws/install/amr_coordination/share/ament_index/resource_index/packages
symbolically linking /home/piyansh46/Code/SIH_2026/ros2_ws/build/amr_coordination/package.xml -> /home/piyansh46/Code/SIH_2026/ros2_ws/install/amr_coordination/share/amr_coordination
creating /home/piyansh46/Code/SIH_2026/ros2_ws/install/amr_coordination/share/amr_coordination/launch
symbolically linking /home/piyansh46/Code/SIH_2026/ros2_ws/build/amr_coordination/launch/single_robot_coordination.launch.py -> /home/piyansh46/Code/SIH_2026/ros2_ws/install/amr_coordination/share/amr_coordination/launch
symbolically linking /home/piyansh46/Code/SIH_2026/ros2_ws/build/amr_coordination/launch/baseline.launch.py -> /home/piyansh46/Code/SIH_2026/ros2_ws/install/amr_coordination/share/amr_coordination/launch
symbolically linking /home/piyansh46/Code/SIH_2026/ros2_ws/build/amr_coordination/launch/coordination.launch.py -> /home/piyansh46/Code/SIH_2026/ros2_ws/install/amr_coordination/share/amr_coordination/launch
creating /home/piyansh46/Code/SIH_2026/ros2_ws/install/amr_coordination/share/amr_coordination/config
symbolically linking /home/piyansh46/Code/SIH_2026/ros2_ws/build/amr_coordination/config/waypoints.yaml -> /home/piyansh46/Code/SIH_2026/ros2_ws/install/amr_coordination/share/amr_coordination/config
symbolically linking /home/piyansh46/Code/SIH_2026/ros2_ws/build/amr_coordination/config/chokepoint.yaml -> /home/piyansh46/Code/SIH_2026/ros2_ws/install/amr_coordination/share/amr_coordination/config
