[  1%] Built target amr_msgs__rosidl_generator_type_description
[  3%] Built target amr_msgs__rs
[  3%] Built target ament_cmake_python_symlink_amr_msgs
[  4%] Built target amr_msgs__cpp
[ 26%] Built target amr_msgs__rosidl_generator_c
[ 35%] Built target amr_msgs__rosidl_typesupport_c
[ 44%] Built target amr_msgs__rosidl_typesupport_introspection_c
[ 53%] Built target amr_msgs__rosidl_typesupport_introspection_cpp
[ 63%] Built target amr_msgs__rosidl_typesupport_fastrtps_cpp
[ 72%] Built target amr_msgs__rosidl_typesupport_fastrtps_c
[ 81%] Built target amr_msgs__rosidl_typesupport_cpp
[ 81%] Built target amr_msgs
[ 83%] Built target amr_msgs__py
[ 90%] Built target amr_msgs__rosidl_generator_py
[ 98%] Built target amr_msgs_s__rosidl_typesupport_fastrtps_c
[100%] Built target amr_msgs_s__rosidl_typesupport_c
[100%] Built target amr_msgs_s__rosidl_typesupport_introspection_c
running egg_info
writing amr_msgs.egg-info/PKG-INFO
writing dependency_links to amr_msgs.egg-info/dependency_links.txt
writing top-level names to amr_msgs.egg-info/top_level.txt
reading manifest file 'amr_msgs.egg-info/SOURCES.txt'
writing manifest file 'amr_msgs.egg-info/SOURCES.txt'
[100%] Built target ament_cmake_python_build_amr_msgs_egg
-- Install configuration: ""
-- Execute custom install script
-- Up-to-date symlink: /home/neer/Desktop/SIH/ros2_ws/install/amr_msgs/share/ament_index/resource_index/rosidl_interfaces/amr_msgs
-- Up-to-date symlink: /home/neer/Desktop/SIH/ros2_ws/install/amr_msgs/share/amr_msgs/msg/RobotPlan.json
-- Up-to-date symlink: /home/neer/Desktop/SIH/ros2_ws/install/amr_msgs/share/amr_msgs/msg/DetectedObstacle.json
-- Up-to-date symlink: /home/neer/Desktop/SIH/ros2_ws/install/amr_msgs/share/amr_msgs/msg/ChokeRequest.json
-- Up-to-date symlink: /home/neer/Desktop/SIH/ros2_ws/install/amr_msgs/share/amr_msgs/msg/RobotStatus.json
-- Up-to-date symlink: /home/neer/Desktop/SIH/ros2_ws/install/amr_msgs/include/amr_msgs/amr_msgs/msg/choke_request.h
-- Up-to-date symlink: /home/neer/Desktop/SIH/ros2_ws/install/amr_msgs/include/amr_msgs/amr_msgs/msg/detail/choke_request__functions.h
-- Up-to-date symlink: /home/neer/Desktop/SIH/ros2_ws/install/amr_msgs/include/amr_msgs/amr_msgs/msg/detail/choke_request__struct.h
-- Up-to-date symlink: /home/neer/Desktop/SIH/ros2_ws/install/amr_msgs/include/amr_msgs/amr_msgs/msg/detail/choke_request__type_support.h
-- Up-to-date symlink: /home/neer/Desktop/SIH/ros2_ws/install/amr_msgs/include/amr_msgs/amr_msgs/msg/detail/detected_obstacle__functions.h
-- Up-to-date symlink: /home/neer/Desktop/SIH/ros2_ws/install/amr_msgs/include/amr_msgs/amr_msgs/msg/detail/detected_obstacle__struct.h
-- Up-to-date symlink: /home/neer/Desktop/SIH/ros2_ws/install/amr_msgs/include/amr_msgs/amr_msgs/msg/detail/detected_obstacle__type_support.h
-- Up-to-date symlink: /home/neer/Desktop/SIH/ros2_ws/install/amr_msgs/include/amr_msgs/amr_msgs/msg/detail/robot_plan__functions.h
-- Up-to-date symlink: /home/neer/Desktop/SIH/ros2_ws/install/amr_msgs/include/amr_msgs/amr_msgs/msg/detail/robot_plan__struct.h
-- Up-to-date symlink: /home/neer/Desktop/SIH/ros2_ws/install/amr_msgs/include/amr_msgs/amr_msgs/msg/detail/robot_plan__type_support.h
-- Up-to-date symlink: /home/neer/Desktop/SIH/ros2_ws/install/amr_msgs/include/amr_msgs/amr_msgs/msg/detail/robot_status__functions.h
-- Up-to-date symlink: /home/neer/Desktop/SIH/ros2_ws/install/amr_msgs/include/amr_msgs/amr_msgs/msg/detail/robot_status__struct.h
-- Up-to-date symlink: /home/neer/Desktop/SIH/ros2_ws/install/amr_msgs/include/amr_msgs/amr_msgs/msg/detail/robot_status__type_support.h
-- Up-to-date symlink: /home/neer/Desktop/SIH/ros2_ws/install/amr_msgs/include/amr_msgs/amr_msgs/msg/detected_obstacle.h
-- Up-to-date symlink: /home/neer/Desktop/SIH/ros2_ws/install/amr_msgs/include/amr_msgs/amr_msgs/msg/robot_plan.h
-- Up-to-date symlink: /home/neer/Desktop/SIH/ros2_ws/install/amr_msgs/include/amr_msgs/amr_msgs/msg/robot_status.h
-- Up-to-date symlink: /home/neer/Desktop/SIH/ros2_ws/install/amr_msgs/include/amr_msgs/amr_msgs/msg/rosidl_generator_c__visibility_control.h
-- Up-to-date symlink: /home/neer/Desktop/SIH/ros2_ws/install/amr_msgs/share/amr_msgs/environment/library_path.sh
-- Up-to-date symlink: /home/neer/Desktop/SIH/ros2_ws/install/amr_msgs/share/amr_msgs/environment/library_path.dsv
-- Up-to-date symlink: /home/neer/Desktop/SIH/ros2_ws/install/amr_msgs/include/amr_msgs/amr_msgs/msg/detail/choke_request__rosidl_typesupport_fastrtps_c.h
-- Up-to-date symlink: /home/neer/Desktop/SIH/ros2_ws/install/amr_msgs/include/amr_msgs/amr_msgs/msg/detail/detected_obstacle__rosidl_typesupport_fastrtps_c.h
-- Up-to-date symlink: /home/neer/Desktop/SIH/ros2_ws/install/amr_msgs/include/amr_msgs/amr_msgs/msg/detail/robot_plan__rosidl_typesupport_fastrtps_c.h
-- Up-to-date symlink: /home/neer/Desktop/SIH/ros2_ws/install/amr_msgs/include/amr_msgs/amr_msgs/msg/detail/robot_status__rosidl_typesupport_fastrtps_c.h
-- Up-to-date symlink: /home/neer/Desktop/SIH/ros2_ws/install/amr_msgs/include/amr_msgs/amr_msgs/msg/rosidl_typesupport_fastrtps_c__visibility_control.h
-- Up-to-date symlink: /home/neer/Desktop/SIH/ros2_ws/install/amr_msgs/include/amr_msgs/amr_msgs/msg/detail/choke_request__rosidl_typesupport_introspection_c.h
-- Up-to-date symlink: /home/neer/Desktop/SIH/ros2_ws/install/amr_msgs/include/amr_msgs/amr_msgs/msg/detail/detected_obstacle__rosidl_typesupport_introspection_c.h
-- Up-to-date symlink: /home/neer/Desktop/SIH/ros2_ws/install/amr_msgs/include/amr_msgs/amr_msgs/msg/detail/robot_plan__rosidl_typesupport_introspection_c.h
-- Up-to-date symlink: /home/neer/Desktop/SIH/ros2_ws/install/amr_msgs/include/amr_msgs/amr_msgs/msg/detail/robot_status__rosidl_typesupport_introspection_c.h
-- Up-to-date symlink: /home/neer/Desktop/SIH/ros2_ws/install/amr_msgs/include/amr_msgs/amr_msgs/msg/rosidl_typesupport_introspection_c__visibility_control.h
-- Up-to-date symlink: /home/neer/Desktop/SIH/ros2_ws/install/amr_msgs/include/amr_msgs/amr_msgs/msg/choke_request.hpp
-- Up-to-date symlink: /home/neer/Desktop/SIH/ros2_ws/install/amr_msgs/include/amr_msgs/amr_msgs/msg/detail/choke_request__builder.hpp
-- Up-to-date symlink: /home/neer/Desktop/SIH/ros2_ws/install/amr_msgs/include/amr_msgs/amr_msgs/msg/detail/choke_request__struct.hpp
-- Up-to-date symlink: /home/neer/Desktop/SIH/ros2_ws/install/amr_msgs/include/amr_msgs/amr_msgs/msg/detail/choke_request__traits.hpp
-- Up-to-date symlink: /home/neer/Desktop/SIH/ros2_ws/install/amr_msgs/include/amr_msgs/amr_msgs/msg/detail/choke_request__type_support.hpp
-- Up-to-date symlink: /home/neer/Desktop/SIH/ros2_ws/install/amr_msgs/include/amr_msgs/amr_msgs/msg/detail/detected_obstacle__builder.hpp
-- Up-to-date symlink: /home/neer/Desktop/SIH/ros2_ws/install/amr_msgs/include/amr_msgs/amr_msgs/msg/detail/detected_obstacle__struct.hpp
-- Up-to-date symlink: /home/neer/Desktop/SIH/ros2_ws/install/amr_msgs/include/amr_msgs/amr_msgs/msg/detail/detected_obstacle__traits.hpp
-- Up-to-date symlink: /home/neer/Desktop/SIH/ros2_ws/install/amr_msgs/include/amr_msgs/amr_msgs/msg/detail/detected_obstacle__type_support.hpp
-- Up-to-date symlink: /home/neer/Desktop/SIH/ros2_ws/install/amr_msgs/include/amr_msgs/amr_msgs/msg/detail/robot_plan__builder.hpp
-- Up-to-date symlink: /home/neer/Desktop/SIH/ros2_ws/install/amr_msgs/include/amr_msgs/amr_msgs/msg/detail/robot_plan__struct.hpp
-- Up-to-date symlink: /home/neer/Desktop/SIH/ros2_ws/install/amr_msgs/include/amr_msgs/amr_msgs/msg/detail/robot_plan__traits.hpp
-- Up-to-date symlink: /home/neer/Desktop/SIH/ros2_ws/install/amr_msgs/include/amr_msgs/amr_msgs/msg/detail/robot_plan__type_support.hpp
-- Up-to-date symlink: /home/neer/Desktop/SIH/ros2_ws/install/amr_msgs/include/amr_msgs/amr_msgs/msg/detail/robot_status__builder.hpp
-- Up-to-date symlink: /home/neer/Desktop/SIH/ros2_ws/install/amr_msgs/include/amr_msgs/amr_msgs/msg/detail/robot_status__struct.hpp
-- Up-to-date symlink: /home/neer/Desktop/SIH/ros2_ws/install/amr_msgs/include/amr_msgs/amr_msgs/msg/detail/robot_status__traits.hpp
-- Up-to-date symlink: /home/neer/Desktop/SIH/ros2_ws/install/amr_msgs/include/amr_msgs/amr_msgs/msg/detail/robot_status__type_support.hpp
-- Up-to-date symlink: /home/neer/Desktop/SIH/ros2_ws/install/amr_msgs/include/amr_msgs/amr_msgs/msg/detected_obstacle.hpp
-- Up-to-date symlink: /home/neer/Desktop/SIH/ros2_ws/install/amr_msgs/include/amr_msgs/amr_msgs/msg/robot_plan.hpp
-- Up-to-date symlink: /home/neer/Desktop/SIH/ros2_ws/install/amr_msgs/include/amr_msgs/amr_msgs/msg/robot_status.hpp
-- Up-to-date symlink: /home/neer/Desktop/SIH/ros2_ws/install/amr_msgs/include/amr_msgs/amr_msgs/msg/rosidl_generator_cpp__visibility_control.hpp
-- Up-to-date symlink: /home/neer/Desktop/SIH/ros2_ws/install/amr_msgs/include/amr_msgs/amr_msgs/msg/detail/choke_request__rosidl_typesupport_fastrtps_cpp.hpp
-- Up-to-date symlink: /home/neer/Desktop/SIH/ros2_ws/install/amr_msgs/include/amr_msgs/amr_msgs/msg/detail/detected_obstacle__rosidl_typesupport_fastrtps_cpp.hpp
-- Up-to-date symlink: /home/neer/Desktop/SIH/ros2_ws/install/amr_msgs/include/amr_msgs/amr_msgs/msg/detail/robot_plan__rosidl_typesupport_fastrtps_cpp.hpp
-- Up-to-date symlink: /home/neer/Desktop/SIH/ros2_ws/install/amr_msgs/include/amr_msgs/amr_msgs/msg/detail/robot_status__rosidl_typesupport_fastrtps_cpp.hpp
-- Up-to-date symlink: /home/neer/Desktop/SIH/ros2_ws/install/amr_msgs/include/amr_msgs/amr_msgs/msg/rosidl_typesupport_fastrtps_cpp__visibility_control.h
-- Up-to-date symlink: /home/neer/Desktop/SIH/ros2_ws/install/amr_msgs/include/amr_msgs/amr_msgs/msg/detail/choke_request__rosidl_typesupport_introspection_cpp.hpp
-- Up-to-date symlink: /home/neer/Desktop/SIH/ros2_ws/install/amr_msgs/include/amr_msgs/amr_msgs/msg/detail/detected_obstacle__rosidl_typesupport_introspection_cpp.hpp
-- Up-to-date symlink: /home/neer/Desktop/SIH/ros2_ws/install/amr_msgs/include/amr_msgs/amr_msgs/msg/detail/robot_plan__rosidl_typesupport_introspection_cpp.hpp
-- Up-to-date symlink: /home/neer/Desktop/SIH/ros2_ws/install/amr_msgs/include/amr_msgs/amr_msgs/msg/detail/robot_status__rosidl_typesupport_introspection_cpp.hpp
-- Up-to-date symlink: /home/neer/Desktop/SIH/ros2_ws/install/amr_msgs/share/amr_msgs/environment/pythonpath.sh
-- Up-to-date symlink: /home/neer/Desktop/SIH/ros2_ws/install/amr_msgs/share/amr_msgs/environment/pythonpath.dsv
-- Up-to-date symlink: /home/neer/Desktop/SIH/ros2_ws/install/amr_msgs/lib/python3.12/site-packages/amr_msgs-0.1.0-py3.12.egg-info/PKG-INFO
-- Up-to-date symlink: /home/neer/Desktop/SIH/ros2_ws/install/amr_msgs/lib/python3.12/site-packages/amr_msgs-0.1.0-py3.12.egg-info/SOURCES.txt
-- Up-to-date symlink: /home/neer/Desktop/SIH/ros2_ws/install/amr_msgs/lib/python3.12/site-packages/amr_msgs-0.1.0-py3.12.egg-info/dependency_links.txt
-- Up-to-date symlink: /home/neer/Desktop/SIH/ros2_ws/install/amr_msgs/lib/python3.12/site-packages/amr_msgs-0.1.0-py3.12.egg-info/top_level.txt
-- Up-to-date symlink: /home/neer/Desktop/SIH/ros2_ws/install/amr_msgs/lib/python3.12/site-packages/amr_msgs/__init__.py
-- Up-to-date symlink: /home/neer/Desktop/SIH/ros2_ws/install/amr_msgs/lib/python3.12/site-packages/amr_msgs/_amr_msgs_s.ep.rosidl_typesupport_c.c
-- Up-to-date symlink: /home/neer/Desktop/SIH/ros2_ws/install/amr_msgs/lib/python3.12/site-packages/amr_msgs/_amr_msgs_s.ep.rosidl_typesupport_fastrtps_c.c
-- Up-to-date symlink: /home/neer/Desktop/SIH/ros2_ws/install/amr_msgs/lib/python3.12/site-packages/amr_msgs/_amr_msgs_s.ep.rosidl_typesupport_introspection_c.c
-- Up-to-date symlink: /home/neer/Desktop/SIH/ros2_ws/install/amr_msgs/lib/python3.12/site-packages/amr_msgs/amr_msgs_s__rosidl_typesupport_c.so
-- Up-to-date symlink: /home/neer/Desktop/SIH/ros2_ws/install/amr_msgs/lib/python3.12/site-packages/amr_msgs/amr_msgs_s__rosidl_typesupport_fastrtps_c.so
-- Up-to-date symlink: /home/neer/Desktop/SIH/ros2_ws/install/amr_msgs/lib/python3.12/site-packages/amr_msgs/amr_msgs_s__rosidl_typesupport_introspection_c.so
-- Up-to-date symlink: /home/neer/Desktop/SIH/ros2_ws/install/amr_msgs/lib/python3.12/site-packages/amr_msgs/msg/__init__.py
-- Up-to-date symlink: /home/neer/Desktop/SIH/ros2_ws/install/amr_msgs/lib/python3.12/site-packages/amr_msgs/msg/_choke_request.py
-- Up-to-date symlink: /home/neer/Desktop/SIH/ros2_ws/install/amr_msgs/lib/python3.12/site-packages/amr_msgs/msg/_choke_request_s.c
-- Up-to-date symlink: /home/neer/Desktop/SIH/ros2_ws/install/amr_msgs/lib/python3.12/site-packages/amr_msgs/msg/_detected_obstacle.py
-- Up-to-date symlink: /home/neer/Desktop/SIH/ros2_ws/install/amr_msgs/lib/python3.12/site-packages/amr_msgs/msg/_detected_obstacle_s.c
-- Up-to-date symlink: /home/neer/Desktop/SIH/ros2_ws/install/amr_msgs/lib/python3.12/site-packages/amr_msgs/msg/_robot_plan.py
-- Up-to-date symlink: /home/neer/Desktop/SIH/ros2_ws/install/amr_msgs/lib/python3.12/site-packages/amr_msgs/msg/_robot_plan_s.c
-- Up-to-date symlink: /home/neer/Desktop/SIH/ros2_ws/install/amr_msgs/lib/python3.12/site-packages/amr_msgs/msg/_robot_status.py
-- Up-to-date symlink: /home/neer/Desktop/SIH/ros2_ws/install/amr_msgs/lib/python3.12/site-packages/amr_msgs/msg/_robot_status_s.c
-- Up-to-date symlink: /home/neer/Desktop/SIH/ros2_ws/install/amr_msgs/lib/python3.12/site-packages/amr_msgs/amr_msgs_s__rosidl_typesupport_fastrtps_c.so
-- Up-to-date symlink: /home/neer/Desktop/SIH/ros2_ws/install/amr_msgs/lib/python3.12/site-packages/amr_msgs/amr_msgs_s__rosidl_typesupport_introspection_c.so
-- Up-to-date symlink: /home/neer/Desktop/SIH/ros2_ws/install/amr_msgs/lib/python3.12/site-packages/amr_msgs/amr_msgs_s__rosidl_typesupport_c.so
-- Up-to-date symlink: /home/neer/Desktop/SIH/ros2_ws/install/amr_msgs/share/ament_index/resource_index/rust_packages/amr_msgs
-- Up-to-date symlink: /home/neer/Desktop/SIH/ros2_ws/install/amr_msgs/share/amr_msgs/rust/Cargo.toml
-- Up-to-date symlink: /home/neer/Desktop/SIH/ros2_ws/install/amr_msgs/share/amr_msgs/rust/build.rs
-- Up-to-date symlink: /home/neer/Desktop/SIH/ros2_ws/install/amr_msgs/share/amr_msgs/rust/src/lib.rs
-- Up-to-date symlink: /home/neer/Desktop/SIH/ros2_ws/install/amr_msgs/share/amr_msgs/rust/src/msg.rs
-- Up-to-date symlink: /home/neer/Desktop/SIH/ros2_ws/install/amr_msgs/share/amr_msgs/rust/src/msg/rmw.rs
-- Up-to-date symlink: /home/neer/Desktop/SIH/ros2_ws/install/amr_msgs/share/amr_msgs/msg/RobotPlan.idl
-- Up-to-date symlink: /home/neer/Desktop/SIH/ros2_ws/install/amr_msgs/share/amr_msgs/msg/DetectedObstacle.idl
-- Up-to-date symlink: /home/neer/Desktop/SIH/ros2_ws/install/amr_msgs/share/amr_msgs/msg/ChokeRequest.idl
-- Up-to-date symlink: /home/neer/Desktop/SIH/ros2_ws/install/amr_msgs/share/amr_msgs/msg/RobotStatus.idl
-- Up-to-date symlink: /home/neer/Desktop/SIH/ros2_ws/install/amr_msgs/share/amr_msgs/msg/RobotPlan.msg
-- Up-to-date symlink: /home/neer/Desktop/SIH/ros2_ws/install/amr_msgs/share/amr_msgs/msg/DetectedObstacle.msg
-- Up-to-date symlink: /home/neer/Desktop/SIH/ros2_ws/install/amr_msgs/share/amr_msgs/msg/ChokeRequest.msg
-- Up-to-date symlink: /home/neer/Desktop/SIH/ros2_ws/install/amr_msgs/share/amr_msgs/msg/RobotStatus.msg
-- Up-to-date symlink: /home/neer/Desktop/SIH/ros2_ws/install/amr_msgs/share/ament_index/resource_index/package_run_dependencies/amr_msgs
-- Up-to-date symlink: /home/neer/Desktop/SIH/ros2_ws/install/amr_msgs/share/ament_index/resource_index/parent_prefix_path/amr_msgs
-- Up-to-date symlink: /home/neer/Desktop/SIH/ros2_ws/install/amr_msgs/share/amr_msgs/environment/ament_prefix_path.sh
-- Up-to-date symlink: /home/neer/Desktop/SIH/ros2_ws/install/amr_msgs/share/amr_msgs/environment/ament_prefix_path.dsv
-- Up-to-date symlink: /home/neer/Desktop/SIH/ros2_ws/install/amr_msgs/share/amr_msgs/environment/path.sh
-- Up-to-date symlink: /home/neer/Desktop/SIH/ros2_ws/install/amr_msgs/share/amr_msgs/environment/path.dsv
-- Up-to-date symlink: /home/neer/Desktop/SIH/ros2_ws/install/amr_msgs/share/amr_msgs/local_setup.bash
-- Up-to-date symlink: /home/neer/Desktop/SIH/ros2_ws/install/amr_msgs/share/amr_msgs/local_setup.sh
-- Up-to-date symlink: /home/neer/Desktop/SIH/ros2_ws/install/amr_msgs/share/amr_msgs/local_setup.zsh
-- Up-to-date symlink: /home/neer/Desktop/SIH/ros2_ws/install/amr_msgs/share/amr_msgs/local_setup.dsv
-- Symlinking: /home/neer/Desktop/SIH/ros2_ws/install/amr_msgs/share/amr_msgs/package.dsv
-- Up-to-date symlink: /home/neer/Desktop/SIH/ros2_ws/install/amr_msgs/share/ament_index/resource_index/packages/amr_msgs
-- Up-to-date symlink: /home/neer/Desktop/SIH/ros2_ws/install/amr_msgs/share/amr_msgs/cmake/rosidl_cmake-extras.cmake
-- Up-to-date symlink: /home/neer/Desktop/SIH/ros2_ws/install/amr_msgs/share/amr_msgs/cmake/ament_cmake_export_dependencies-extras.cmake
-- Up-to-date symlink: /home/neer/Desktop/SIH/ros2_ws/install/amr_msgs/share/amr_msgs/cmake/ament_cmake_export_include_directories-extras.cmake
-- Up-to-date symlink: /home/neer/Desktop/SIH/ros2_ws/install/amr_msgs/share/amr_msgs/cmake/ament_cmake_export_libraries-extras.cmake
-- Up-to-date symlink: /home/neer/Desktop/SIH/ros2_ws/install/amr_msgs/share/amr_msgs/cmake/ament_cmake_export_targets-extras.cmake
-- Up-to-date symlink: /home/neer/Desktop/SIH/ros2_ws/install/amr_msgs/share/amr_msgs/cmake/rosidl_cmake_export_typesupport_targets-extras.cmake
-- Up-to-date symlink: /home/neer/Desktop/SIH/ros2_ws/install/amr_msgs/share/amr_msgs/cmake/rosidl_cmake_export_typesupport_libraries-extras.cmake
-- Up-to-date symlink: /home/neer/Desktop/SIH/ros2_ws/install/amr_msgs/share/amr_msgs/cmake/rosidl_cmake_aggregate_target-extras.cmake
-- Up-to-date symlink: /home/neer/Desktop/SIH/ros2_ws/install/amr_msgs/share/amr_msgs/cmake/amr_msgsConfig.cmake
-- Up-to-date symlink: /home/neer/Desktop/SIH/ros2_ws/install/amr_msgs/share/amr_msgs/cmake/amr_msgsConfig-version.cmake
-- Up-to-date symlink: /home/neer/Desktop/SIH/ros2_ws/install/amr_msgs/share/amr_msgs/package.xml
-- Up-to-date: /home/neer/Desktop/SIH/ros2_ws/install/amr_msgs/lib/libamr_msgs__rosidl_generator_c.so
-- Up-to-date: /home/neer/Desktop/SIH/ros2_ws/install/amr_msgs/lib/libamr_msgs__rosidl_typesupport_fastrtps_c.so
-- Up-to-date: /home/neer/Desktop/SIH/ros2_ws/install/amr_msgs/lib/libamr_msgs__rosidl_typesupport_introspection_c.so
-- Up-to-date: /home/neer/Desktop/SIH/ros2_ws/install/amr_msgs/lib/libamr_msgs__rosidl_typesupport_c.so
-- Up-to-date: /home/neer/Desktop/SIH/ros2_ws/install/amr_msgs/lib/libamr_msgs__rosidl_typesupport_fastrtps_cpp.so
-- Up-to-date: /home/neer/Desktop/SIH/ros2_ws/install/amr_msgs/lib/libamr_msgs__rosidl_typesupport_introspection_cpp.so
-- Up-to-date: /home/neer/Desktop/SIH/ros2_ws/install/amr_msgs/lib/libamr_msgs__rosidl_typesupport_cpp.so
Listing '/home/neer/Desktop/SIH/ros2_ws/install/amr_msgs/lib/python3.12/site-packages/amr_msgs'...
Listing '/home/neer/Desktop/SIH/ros2_ws/install/amr_msgs/lib/python3.12/site-packages/amr_msgs/msg'...
-- Up-to-date: /home/neer/Desktop/SIH/ros2_ws/install/amr_msgs/lib/libamr_msgs__rosidl_generator_py.so
-- Up-to-date: /home/neer/Desktop/SIH/ros2_ws/install/amr_msgs/share/amr_msgs/cmake/export_amr_msgs__rosidl_generator_cExport.cmake
-- Up-to-date: /home/neer/Desktop/SIH/ros2_ws/install/amr_msgs/share/amr_msgs/cmake/export_amr_msgs__rosidl_generator_cExport-noconfig.cmake
-- Up-to-date: /home/neer/Desktop/SIH/ros2_ws/install/amr_msgs/share/amr_msgs/cmake/export_amr_msgs__rosidl_typesupport_fastrtps_cExport.cmake
-- Up-to-date: /home/neer/Desktop/SIH/ros2_ws/install/amr_msgs/share/amr_msgs/cmake/export_amr_msgs__rosidl_typesupport_fastrtps_cExport-noconfig.cmake
-- Up-to-date: /home/neer/Desktop/SIH/ros2_ws/install/amr_msgs/share/amr_msgs/cmake/amr_msgs__rosidl_typesupport_introspection_cExport.cmake
-- Up-to-date: /home/neer/Desktop/SIH/ros2_ws/install/amr_msgs/share/amr_msgs/cmake/amr_msgs__rosidl_typesupport_introspection_cExport-noconfig.cmake
-- Up-to-date: /home/neer/Desktop/SIH/ros2_ws/install/amr_msgs/share/amr_msgs/cmake/amr_msgs__rosidl_typesupport_cExport.cmake
-- Up-to-date: /home/neer/Desktop/SIH/ros2_ws/install/amr_msgs/share/amr_msgs/cmake/amr_msgs__rosidl_typesupport_cExport-noconfig.cmake
-- Up-to-date: /home/neer/Desktop/SIH/ros2_ws/install/amr_msgs/share/amr_msgs/cmake/export_amr_msgs__rosidl_generator_cppExport.cmake
-- Up-to-date: /home/neer/Desktop/SIH/ros2_ws/install/amr_msgs/share/amr_msgs/cmake/export_amr_msgs__rosidl_typesupport_fastrtps_cppExport.cmake
-- Up-to-date: /home/neer/Desktop/SIH/ros2_ws/install/amr_msgs/share/amr_msgs/cmake/export_amr_msgs__rosidl_typesupport_fastrtps_cppExport-noconfig.cmake
-- Up-to-date: /home/neer/Desktop/SIH/ros2_ws/install/amr_msgs/share/amr_msgs/cmake/amr_msgs__rosidl_typesupport_introspection_cppExport.cmake
-- Up-to-date: /home/neer/Desktop/SIH/ros2_ws/install/amr_msgs/share/amr_msgs/cmake/amr_msgs__rosidl_typesupport_introspection_cppExport-noconfig.cmake
-- Up-to-date: /home/neer/Desktop/SIH/ros2_ws/install/amr_msgs/share/amr_msgs/cmake/amr_msgs__rosidl_typesupport_cppExport.cmake
-- Up-to-date: /home/neer/Desktop/SIH/ros2_ws/install/amr_msgs/share/amr_msgs/cmake/amr_msgs__rosidl_typesupport_cppExport-noconfig.cmake
-- Up-to-date: /home/neer/Desktop/SIH/ros2_ws/install/amr_msgs/share/amr_msgs/cmake/export_amr_msgs__rosidl_generator_pyExport.cmake
-- Up-to-date: /home/neer/Desktop/SIH/ros2_ws/install/amr_msgs/share/amr_msgs/cmake/export_amr_msgs__rosidl_generator_pyExport-noconfig.cmake
