-- Found ament_cmake: 2.5.6 (/opt/ros/jazzy/share/ament_cmake/cmake)
-- Override CMake install command with custom implementation using symlinks instead of copying resources
-- Found rosidl_default_generators: 1.6.1 (/opt/ros/jazzy/share/rosidl_default_generators/cmake)
-- Using all available rosidl_typesupport_c: rosidl_typesupport_fastrtps_c;rosidl_typesupport_introspection_c
-- Using all available rosidl_typesupport_cpp: rosidl_typesupport_fastrtps_cpp;rosidl_typesupport_introspection_cpp
-- Found rosidl_adapter: 4.6.9 (/opt/ros/jazzy/share/rosidl_adapter/cmake)
-- Found builtin_interfaces: 2.0.4 (/opt/ros/jazzy/share/builtin_interfaces/cmake)
-- Found geometry_msgs: 5.3.8 (/opt/ros/jazzy/share/geometry_msgs/cmake)
-- Found nav_msgs: 5.3.8 (/opt/ros/jazzy/share/nav_msgs/cmake)
-- Found ament_cmake_ros: 0.12.1 (/opt/ros/jazzy/share/ament_cmake_ros/cmake)
-- Using all available rosidl_typesupport_c: rosidl_typesupport_fastrtps_c;rosidl_typesupport_introspection_c
-- Using all available rosidl_typesupport_cpp: rosidl_typesupport_fastrtps_cpp;rosidl_typesupport_introspection_cpp
-- Found python_cmake_module: 0.11.1 (/opt/ros/jazzy/share/python_cmake_module/cmake)
-- Found Python3: /usr/bin/python3 (found version "3.12.3") found components: Interpreter Development NumPy Development.Module Development.Embed 
-- Found Python3: /usr/bin/python3 (found version "3.12.3") found components: Interpreter 
-- Configuring done (0.9s)
-- Generating done (0.0s)
-- Build files have been written to: /home/neer/Desktop/SIH/ros2_ws/build/amr_msgs
[  1%] [34m[1mGenerating type hashes for ROS interfaces[0m
[  3%] [34m[1mGenerating Rust code for ROS interfaces[0m
[  3%] Built target ament_cmake_python_symlink_amr_msgs
running egg_info
writing amr_msgs.egg-info/PKG-INFO
writing dependency_links to amr_msgs.egg-info/dependency_links.txt
writing top-level names to amr_msgs.egg-info/top_level.txt
[  3%] Built target amr_msgs__rosidl_generator_type_description
reading manifest file 'amr_msgs.egg-info/SOURCES.txt'
writing manifest file 'amr_msgs.egg-info/SOURCES.txt'
[  4%] [34m[1mGenerating C code for ROS interfaces[0m
[  6%] [34m[1mGenerating C++ code for ROS interfaces[0m
[  6%] Built target ament_cmake_python_build_amr_msgs_egg
[  6%] Built target amr_msgs__rs
[  6%] Built target amr_msgs__cpp
[  9%] [32mBuilding C object CMakeFiles/amr_msgs__rosidl_generator_c.dir/rosidl_generator_c/amr_msgs/msg/detail/choke_request__description.c.o[0m
[  9%] [32mBuilding C object CMakeFiles/amr_msgs__rosidl_generator_c.dir/rosidl_generator_c/amr_msgs/msg/detail/detected_obstacle__type_support.c.o[0m
[ 10%] [32mBuilding C object CMakeFiles/amr_msgs__rosidl_generator_c.dir/rosidl_generator_c/amr_msgs/msg/detail/choke_request__functions.c.o[0m
[ 12%] [32mBuilding C object CMakeFiles/amr_msgs__rosidl_generator_c.dir/rosidl_generator_c/amr_msgs/msg/detail/choke_request__type_support.c.o[0m
[ 16%] [32mBuilding C object CMakeFiles/amr_msgs__rosidl_generator_c.dir/rosidl_generator_c/amr_msgs/msg/detail/robot_status__description.c.o[0m
[ 16%] [32mBuilding C object CMakeFiles/amr_msgs__rosidl_generator_c.dir/rosidl_generator_c/amr_msgs/msg/detail/robot_plan__description.c.o[0m
[ 16%] [32mBuilding C object CMakeFiles/amr_msgs__rosidl_generator_c.dir/rosidl_generator_c/amr_msgs/msg/detail/robot_plan__functions.c.o[0m
[ 18%] [32mBuilding C object CMakeFiles/amr_msgs__rosidl_generator_c.dir/rosidl_generator_c/amr_msgs/msg/detail/robot_status__functions.c.o[0m
[ 21%] [32mBuilding C object CMakeFiles/amr_msgs__rosidl_generator_c.dir/rosidl_generator_c/amr_msgs/msg/detail/detected_obstacle__description.c.o[0m
[ 21%] [32mBuilding C object CMakeFiles/amr_msgs__rosidl_generator_c.dir/rosidl_generator_c/amr_msgs/msg/detail/robot_plan__type_support.c.o[0m
[ 23%] [32mBuilding C object CMakeFiles/amr_msgs__rosidl_generator_c.dir/rosidl_generator_c/amr_msgs/msg/detail/detected_obstacle__functions.c.o[0m
[ 24%] [32mBuilding C object CMakeFiles/amr_msgs__rosidl_generator_c.dir/rosidl_generator_c/amr_msgs/msg/detail/robot_status__type_support.c.o[0m
[ 26%] [32m[1mLinking C shared library libamr_msgs__rosidl_generator_c.so[0m
[ 26%] Built target amr_msgs__rosidl_generator_c
[ 29%] [34m[1mGenerating C++ introspection for ROS interfaces[0m
[ 27%] [34m[1mGenerating C type support dispatch for ROS interfaces[0m
[ 30%] [34m[1mGenerating C type support for eProsima Fast-RTPS[0m
[ 33%] [34m[1mGenerating C++ type support dispatch for ROS interfaces[0m
[ 33%] [34m[1mGenerating C introspection for ROS interfaces[0m
[ 35%] [34m[1mGenerating C++ type support for eProsima Fast-RTPS[0m
[ 38%] [32mBuilding C object CMakeFiles/amr_msgs__rosidl_typesupport_introspection_c.dir/rosidl_typesupport_introspection_c/amr_msgs/msg/detail/robot_status__type_support.c.o[0m
[ 40%] [32mBuilding CXX object CMakeFiles/amr_msgs__rosidl_typesupport_cpp.dir/rosidl_typesupport_cpp/amr_msgs/msg/robot_plan__type_support.cpp.o[0m
[ 41%] [32mBuilding CXX object CMakeFiles/amr_msgs__rosidl_typesupport_introspection_cpp.dir/rosidl_typesupport_introspection_cpp/amr_msgs/msg/detail/detected_obstacle__type_support.cpp.o[0m
[ 41%] [32mBuilding CXX object CMakeFiles/amr_msgs__rosidl_typesupport_cpp.dir/rosidl_typesupport_cpp/amr_msgs/msg/detected_obstacle__type_support.cpp.o[0m
[ 43%] [32mBuilding CXX object CMakeFiles/amr_msgs__rosidl_typesupport_cpp.dir/rosidl_typesupport_cpp/amr_msgs/msg/choke_request__type_support.cpp.o[0m
[ 44%] [32mBuilding CXX object CMakeFiles/amr_msgs__rosidl_typesupport_introspection_cpp.dir/rosidl_typesupport_introspection_cpp/amr_msgs/msg/detail/robot_status__type_support.cpp.o[0m
[ 46%] [32mBuilding C object CMakeFiles/amr_msgs__rosidl_typesupport_introspection_c.dir/rosidl_typesupport_introspection_c/amr_msgs/msg/detail/robot_plan__type_support.c.o[0m
[ 49%] [32mBuilding C object CMakeFiles/amr_msgs__rosidl_typesupport_introspection_c.dir/rosidl_typesupport_introspection_c/amr_msgs/msg/detail/detected_obstacle__type_support.c.o[0m
[ 49%] [32mBuilding C object CMakeFiles/amr_msgs__rosidl_typesupport_introspection_c.dir/rosidl_typesupport_introspection_c/amr_msgs/msg/detail/choke_request__type_support.c.o[0m
[ 50%] [32mBuilding CXX object CMakeFiles/amr_msgs__rosidl_typesupport_introspection_cpp.dir/rosidl_typesupport_introspection_cpp/amr_msgs/msg/detail/robot_plan__type_support.cpp.o[0m
[ 52%] [32mBuilding CXX object CMakeFiles/amr_msgs__rosidl_typesupport_introspection_cpp.dir/rosidl_typesupport_introspection_cpp/amr_msgs/msg/detail/choke_request__type_support.cpp.o[0m
[ 53%] [32mBuilding CXX object CMakeFiles/amr_msgs__rosidl_typesupport_cpp.dir/rosidl_typesupport_cpp/amr_msgs/msg/robot_status__type_support.cpp.o[0m
[ 56%] [32mBuilding CXX object CMakeFiles/amr_msgs__rosidl_typesupport_c.dir/rosidl_typesupport_c/amr_msgs/msg/robot_plan__type_support.cpp.o[0m
[ 56%] [32mBuilding CXX object CMakeFiles/amr_msgs__rosidl_typesupport_c.dir/rosidl_typesupport_c/amr_msgs/msg/choke_request__type_support.cpp.o[0m
[ 58%] [32mBuilding CXX object CMakeFiles/amr_msgs__rosidl_typesupport_c.dir/rosidl_typesupport_c/amr_msgs/msg/detected_obstacle__type_support.cpp.o[0m
[ 60%] [32mBuilding CXX object CMakeFiles/amr_msgs__rosidl_typesupport_c.dir/rosidl_typesupport_c/amr_msgs/msg/robot_status__type_support.cpp.o[0m
[ 61%] [32m[1mLinking C shared library libamr_msgs__rosidl_typesupport_introspection_c.so[0m
[ 63%] [32mBuilding CXX object CMakeFiles/amr_msgs__rosidl_typesupport_fastrtps_cpp.dir/rosidl_typesupport_fastrtps_cpp/amr_msgs/msg/detail/dds_fastrtps/robot_plan__type_support.cpp.o[0m
[ 64%] [32mBuilding CXX object CMakeFiles/amr_msgs__rosidl_typesupport_fastrtps_cpp.dir/rosidl_typesupport_fastrtps_cpp/amr_msgs/msg/detail/dds_fastrtps/detected_obstacle__type_support.cpp.o[0m
[ 66%] [32mBuilding CXX object CMakeFiles/amr_msgs__rosidl_typesupport_fastrtps_cpp.dir/rosidl_typesupport_fastrtps_cpp/amr_msgs/msg/detail/dds_fastrtps/choke_request__type_support.cpp.o[0m
[ 67%] [32mBuilding CXX object CMakeFiles/amr_msgs__rosidl_typesupport_fastrtps_cpp.dir/rosidl_typesupport_fastrtps_cpp/amr_msgs/msg/detail/dds_fastrtps/robot_status__type_support.cpp.o[0m
[ 72%] [32mBuilding CXX object CMakeFiles/amr_msgs__rosidl_typesupport_fastrtps_c.dir/rosidl_typesupport_fastrtps_c/amr_msgs/msg/detail/choke_request__type_support_c.cpp.o[0m
[ 72%] [32mBuilding CXX object CMakeFiles/amr_msgs__rosidl_typesupport_fastrtps_c.dir/rosidl_typesupport_fastrtps_c/amr_msgs/msg/detail/detected_obstacle__type_support_c.cpp.o[0m
[ 72%] [32mBuilding CXX object CMakeFiles/amr_msgs__rosidl_typesupport_fastrtps_c.dir/rosidl_typesupport_fastrtps_c/amr_msgs/msg/detail/robot_status__type_support_c.cpp.o[0m
[ 73%] [32mBuilding CXX object CMakeFiles/amr_msgs__rosidl_typesupport_fastrtps_c.dir/rosidl_typesupport_fastrtps_c/amr_msgs/msg/detail/robot_plan__type_support_c.cpp.o[0m
[ 73%] Built target amr_msgs__rosidl_typesupport_introspection_c
[ 75%] [32m[1mLinking CXX shared library libamr_msgs__rosidl_typesupport_c.so[0m
[ 75%] Built target amr_msgs__rosidl_typesupport_c
[ 76%] [32m[1mLinking CXX shared library libamr_msgs__rosidl_typesupport_cpp.so[0m
[ 76%] Built target amr_msgs__rosidl_typesupport_cpp
[ 78%] [32m[1mLinking CXX shared library libamr_msgs__rosidl_typesupport_introspection_cpp.so[0m
[ 78%] Built target amr_msgs__rosidl_typesupport_introspection_cpp
[ 80%] [32m[1mLinking CXX shared library libamr_msgs__rosidl_typesupport_fastrtps_cpp.so[0m
[ 81%] [32m[1mLinking CXX shared library libamr_msgs__rosidl_typesupport_fastrtps_c.so[0m
[ 81%] Built target amr_msgs__rosidl_typesupport_fastrtps_cpp
[ 81%] Built target amr_msgs__rosidl_typesupport_fastrtps_c
[ 81%] Built target amr_msgs
[ 83%] [34m[1mGenerating Python code for ROS interfaces[0m
[ 83%] Built target amr_msgs__py
[ 86%] [32mBuilding C object CMakeFiles/amr_msgs__rosidl_generator_py.dir/rosidl_generator_py/amr_msgs/msg/_choke_request_s.c.o[0m
[ 86%] [32mBuilding C object CMakeFiles/amr_msgs__rosidl_generator_py.dir/rosidl_generator_py/amr_msgs/msg/_robot_status_s.c.o[0m
[ 87%] [32mBuilding C object CMakeFiles/amr_msgs__rosidl_generator_py.dir/rosidl_generator_py/amr_msgs/msg/_detected_obstacle_s.c.o[0m
[ 89%] [32mBuilding C object CMakeFiles/amr_msgs__rosidl_generator_py.dir/rosidl_generator_py/amr_msgs/msg/_robot_plan_s.c.o[0m
[ 90%] [32m[1mLinking C shared library libamr_msgs__rosidl_generator_py.so[0m
[ 90%] Built target amr_msgs__rosidl_generator_py
[ 93%] [32mBuilding C object CMakeFiles/amr_msgs_s__rosidl_typesupport_fastrtps_c.dir/rosidl_generator_py/amr_msgs/_amr_msgs_s.ep.rosidl_typesupport_fastrtps_c.c.o[0m
[ 93%] [32mBuilding C object CMakeFiles/amr_msgs_s__rosidl_typesupport_c.dir/rosidl_generator_py/amr_msgs/_amr_msgs_s.ep.rosidl_typesupport_c.c.o[0m
[ 95%] [32mBuilding C object CMakeFiles/amr_msgs_s__rosidl_typesupport_introspection_c.dir/rosidl_generator_py/amr_msgs/_amr_msgs_s.ep.rosidl_typesupport_introspection_c.c.o[0m
[ 96%] [32m[1mLinking C shared module rosidl_generator_py/amr_msgs/amr_msgs_s__rosidl_typesupport_c.so[0m
[ 98%] [32m[1mLinking C shared module rosidl_generator_py/amr_msgs/amr_msgs_s__rosidl_typesupport_introspection_c.so[0m
[100%] [32m[1mLinking C shared module rosidl_generator_py/amr_msgs/amr_msgs_s__rosidl_typesupport_fastrtps_c.so[0m
[100%] Built target amr_msgs_s__rosidl_typesupport_introspection_c
[100%] Built target amr_msgs_s__rosidl_typesupport_c
[100%] Built target amr_msgs_s__rosidl_typesupport_fastrtps_c
-- Install configuration: ""
-- Execute custom install script
-- Up-to-date symlink: /home/neer/Desktop/SIH/ros2_ws/install/amr_msgs/share/ament_index/resource_index/rosidl_interfaces/amr_msgs
-- Up-to-date symlink: /home/neer/Desktop/SIH/ros2_ws/install/amr_msgs/share/amr_msgs/msg/RobotPlan.json
-- Up-to-date symlink: /home/neer/Desktop/SIH/ros2_ws/install/amr_msgs/share/amr_msgs/msg/DetectedObstacle.json
-- Up-to-date symlink: /home/neer/Desktop/SIH/ros2_ws/install/amr_msgs/share/amr_msgs/msg/ChokeRequest.json
-- Symlinking: /home/neer/Desktop/SIH/ros2_ws/install/amr_msgs/share/amr_msgs/msg/RobotStatus.json
-- Up-to-date symlink: /home/neer/Desktop/SIH/ros2_ws/install/amr_msgs/include/amr_msgs/amr_msgs/msg/choke_request.h
-- Up-to-date symlink: /home/neer/Desktop/SIH/ros2_ws/install/amr_msgs/include/amr_msgs/amr_msgs/msg/detail/choke_request__functions.h
-- Up-to-date symlink: /home/neer/Desktop/SIH/ros2_ws/install/amr_msgs/include/amr_msgs/amr_msgs/msg/detail/choke_request__struct.h
-- Up-to-date symlink: /home/neer/Desktop/SIH/ros2_ws/install/amr_msgs/include/amr_msgs/amr_msgs/msg/detail/choke_request__type_support.h
-- Up-to-date symlink: /home/neer/Desktop/SIH/ros2_ws/install/amr_msgs/include/amr_msgs/amr_msgs/msg/detail/detected_obstacle__functions.h
-- Up-to-date symlink: /home/neer/Desktop/SIH/ros2_ws/install/amr_msgs/include/amr_msgs/amr_msgs/msg/detail/detected_obstacle__struct.h
-- Up-to-date symlink: /home/neer/Desktop/SIH/ros2_ws/install/amr_msgs/include/amr_msgs/amr_msgs/msg/detail/detected_obstacle__type_support.h
-- Up-to-date symlink: /home/neer/Desktop/SIH/ros2_ws/install/amr_msgs/include/amr_msgs/amr_msgs/msg/detail/robot_plan__functions.h
-- Up-to-date symlink: /home/neer/Desktop/SIH/ros2_ws/install/amr_msgs/include/amr_msgs/amr_msgs/msg/detail/robot_plan__struct.h
-- Up-to-date symlink: /home/neer/Desktop/SIH/ros2_ws/install/amr_msgs/include/amr_msgs/amr_msgs/msg/detail/robot_plan__type_support.h
-- Symlinking: /home/neer/Desktop/SIH/ros2_ws/install/amr_msgs/include/amr_msgs/amr_msgs/msg/detail/robot_status__functions.h
-- Symlinking: /home/neer/Desktop/SIH/ros2_ws/install/amr_msgs/include/amr_msgs/amr_msgs/msg/detail/robot_status__struct.h
-- Symlinking: /home/neer/Desktop/SIH/ros2_ws/install/amr_msgs/include/amr_msgs/amr_msgs/msg/detail/robot_status__type_support.h
-- Up-to-date symlink: /home/neer/Desktop/SIH/ros2_ws/install/amr_msgs/include/amr_msgs/amr_msgs/msg/detected_obstacle.h
-- Up-to-date symlink: /home/neer/Desktop/SIH/ros2_ws/install/amr_msgs/include/amr_msgs/amr_msgs/msg/robot_plan.h
-- Symlinking: /home/neer/Desktop/SIH/ros2_ws/install/amr_msgs/include/amr_msgs/amr_msgs/msg/robot_status.h
-- Up-to-date symlink: /home/neer/Desktop/SIH/ros2_ws/install/amr_msgs/include/amr_msgs/amr_msgs/msg/rosidl_generator_c__visibility_control.h
-- Up-to-date symlink: /home/neer/Desktop/SIH/ros2_ws/install/amr_msgs/share/amr_msgs/environment/library_path.sh
-- Up-to-date symlink: /home/neer/Desktop/SIH/ros2_ws/install/amr_msgs/share/amr_msgs/environment/library_path.dsv
-- Up-to-date symlink: /home/neer/Desktop/SIH/ros2_ws/install/amr_msgs/include/amr_msgs/amr_msgs/msg/detail/choke_request__rosidl_typesupport_fastrtps_c.h
-- Up-to-date symlink: /home/neer/Desktop/SIH/ros2_ws/install/amr_msgs/include/amr_msgs/amr_msgs/msg/detail/detected_obstacle__rosidl_typesupport_fastrtps_c.h
-- Up-to-date symlink: /home/neer/Desktop/SIH/ros2_ws/install/amr_msgs/include/amr_msgs/amr_msgs/msg/detail/robot_plan__rosidl_typesupport_fastrtps_c.h
-- Symlinking: /home/neer/Desktop/SIH/ros2_ws/install/amr_msgs/include/amr_msgs/amr_msgs/msg/detail/robot_status__rosidl_typesupport_fastrtps_c.h
-- Up-to-date symlink: /home/neer/Desktop/SIH/ros2_ws/install/amr_msgs/include/amr_msgs/amr_msgs/msg/rosidl_typesupport_fastrtps_c__visibility_control.h
-- Up-to-date symlink: /home/neer/Desktop/SIH/ros2_ws/install/amr_msgs/include/amr_msgs/amr_msgs/msg/detail/choke_request__rosidl_typesupport_introspection_c.h
-- Up-to-date symlink: /home/neer/Desktop/SIH/ros2_ws/install/amr_msgs/include/amr_msgs/amr_msgs/msg/detail/detected_obstacle__rosidl_typesupport_introspection_c.h
-- Up-to-date symlink: /home/neer/Desktop/SIH/ros2_ws/install/amr_msgs/include/amr_msgs/amr_msgs/msg/detail/robot_plan__rosidl_typesupport_introspection_c.h
-- Symlinking: /home/neer/Desktop/SIH/ros2_ws/install/amr_msgs/include/amr_msgs/amr_msgs/msg/detail/robot_status__rosidl_typesupport_introspection_c.h
-- Up-to-date symlink: /home/neer/Desktop/SIH/ros2_ws/install/amr_msgs/include/amr_msgs/amr_msgs/msg/rosidl_typesupport_introspection_c__visibility_control.h
-- Up-to-date symlink: /home/neer/Desktop/SIH/ros2_ws/install/amr_msgs/include/amr_msgs/amr_msgs/msg/choke_request.hpp
-- Up-to-date symlink: /home/neer/Desktop/SIH/ros2_ws/install/amr_msgs/include/amr_msgs/amr_msgs/msg/detail/choke_request__builder.hpp
-- Up-to-date symlink: /home/neer/Desktop/SIH/ros2_ws/install/amr_msgs/include/amr_msgs/amr_msgs/msg/detail/choke_request__struct.hpp
-- Up-to-date symlink: /home/neer/Desktop/SIH/ros2_ws/install/amr_msgs/include/amr_msgs/amr_msgs/msg/detail/choke_request__traits.hpp
-- Up-to-date symlink: /home/neer/Desktop/SIH/ros2_ws/install/amr_msgs/include/amr_msgs/amr_msgs/msg/detail/choke_request__type_support.hpp
-- Up-to-date symlink: /home/neer/Desktop/SIH/ros2_ws/install/amr_msgs/include/amr_msgs/amr_msgs/msg/detail/detected_obstacle__builder.hpp
-- Up-to-date symlink: /home/neer/Desktop/SIH/ros2_ws/install/amr_msgs/include/amr_msgs/amr_msgs/msg/detail/detected_obstacle__struct.hpp
-- Up-to-date symlink: /home/neer/Desktop/SIH/ros2_ws/install/amr_msgs/include/amr_msgs/amr_msgs/msg/detail/detected_obstacle__traits.hpp
-- Up-to-date symlink: /home/neer/Desktop/SIH/ros2_ws/install/amr_msgs/include/amr_msgs/amr_msgs/msg/detail/detected_obstacle__type_support.hpp
-- Up-to-date symlink: /home/neer/Desktop/SIH/ros2_ws/install/amr_msgs/include/amr_msgs/amr_msgs/msg/detail/robot_plan__builder.hpp
-- Up-to-date symlink: /home/neer/Desktop/SIH/ros2_ws/install/amr_msgs/include/amr_msgs/amr_msgs/msg/detail/robot_plan__struct.hpp
-- Up-to-date symlink: /home/neer/Desktop/SIH/ros2_ws/install/amr_msgs/include/amr_msgs/amr_msgs/msg/detail/robot_plan__traits.hpp
-- Up-to-date symlink: /home/neer/Desktop/SIH/ros2_ws/install/amr_msgs/include/amr_msgs/amr_msgs/msg/detail/robot_plan__type_support.hpp
-- Symlinking: /home/neer/Desktop/SIH/ros2_ws/install/amr_msgs/include/amr_msgs/amr_msgs/msg/detail/robot_status__builder.hpp
-- Symlinking: /home/neer/Desktop/SIH/ros2_ws/install/amr_msgs/include/amr_msgs/amr_msgs/msg/detail/robot_status__struct.hpp
-- Symlinking: /home/neer/Desktop/SIH/ros2_ws/install/amr_msgs/include/amr_msgs/amr_msgs/msg/detail/robot_status__traits.hpp
-- Symlinking: /home/neer/Desktop/SIH/ros2_ws/install/amr_msgs/include/amr_msgs/amr_msgs/msg/detail/robot_status__type_support.hpp
-- Up-to-date symlink: /home/neer/Desktop/SIH/ros2_ws/install/amr_msgs/include/amr_msgs/amr_msgs/msg/detected_obstacle.hpp
-- Up-to-date symlink: /home/neer/Desktop/SIH/ros2_ws/install/amr_msgs/include/amr_msgs/amr_msgs/msg/robot_plan.hpp
-- Symlinking: /home/neer/Desktop/SIH/ros2_ws/install/amr_msgs/include/amr_msgs/amr_msgs/msg/robot_status.hpp
-- Up-to-date symlink: /home/neer/Desktop/SIH/ros2_ws/install/amr_msgs/include/amr_msgs/amr_msgs/msg/rosidl_generator_cpp__visibility_control.hpp
-- Up-to-date symlink: /home/neer/Desktop/SIH/ros2_ws/install/amr_msgs/include/amr_msgs/amr_msgs/msg/detail/choke_request__rosidl_typesupport_fastrtps_cpp.hpp
-- Up-to-date symlink: /home/neer/Desktop/SIH/ros2_ws/install/amr_msgs/include/amr_msgs/amr_msgs/msg/detail/detected_obstacle__rosidl_typesupport_fastrtps_cpp.hpp
-- Up-to-date symlink: /home/neer/Desktop/SIH/ros2_ws/install/amr_msgs/include/amr_msgs/amr_msgs/msg/detail/robot_plan__rosidl_typesupport_fastrtps_cpp.hpp
-- Symlinking: /home/neer/Desktop/SIH/ros2_ws/install/amr_msgs/include/amr_msgs/amr_msgs/msg/detail/robot_status__rosidl_typesupport_fastrtps_cpp.hpp
-- Up-to-date symlink: /home/neer/Desktop/SIH/ros2_ws/install/amr_msgs/include/amr_msgs/amr_msgs/msg/rosidl_typesupport_fastrtps_cpp__visibility_control.h
-- Up-to-date symlink: /home/neer/Desktop/SIH/ros2_ws/install/amr_msgs/include/amr_msgs/amr_msgs/msg/detail/choke_request__rosidl_typesupport_introspection_cpp.hpp
-- Up-to-date symlink: /home/neer/Desktop/SIH/ros2_ws/install/amr_msgs/include/amr_msgs/amr_msgs/msg/detail/detected_obstacle__rosidl_typesupport_introspection_cpp.hpp
-- Up-to-date symlink: /home/neer/Desktop/SIH/ros2_ws/install/amr_msgs/include/amr_msgs/amr_msgs/msg/detail/robot_plan__rosidl_typesupport_introspection_cpp.hpp
-- Symlinking: /home/neer/Desktop/SIH/ros2_ws/install/amr_msgs/include/amr_msgs/amr_msgs/msg/detail/robot_status__rosidl_typesupport_introspection_cpp.hpp
-- Up-to-date symlink: /home/neer/Desktop/SIH/ros2_ws/install/amr_msgs/share/amr_msgs/environment/pythonpath.sh
-- Up-to-date symlink: /home/neer/Desktop/SIH/ros2_ws/install/amr_msgs/share/amr_msgs/environment/pythonpath.dsv
-- Up-to-date symlink: /home/neer/Desktop/SIH/ros2_ws/install/amr_msgs/lib/python3.12/site-packages/amr_msgs-0.1.0-py3.12.egg-info/PKG-INFO
-- Up-to-date symlink: /home/neer/Desktop/SIH/ros2_ws/install/amr_msgs/lib/python3.12/site-packages/amr_msgs-0.1.0-py3.12.egg-info/SOURCES.txt
-- Up-to-date symlink: /home/neer/Desktop/SIH/ros2_ws/install/amr_msgs/lib/python3.12/site-packages/amr_msgs-0.1.0-py3.12.egg-info/dependency_links.txt
-- Up-to-date symlink: /home/neer/Desktop/SIH/ros2_ws/install/amr_msgs/lib/python3.12/site-packages/amr_msgs-0.1.0-py3.12.egg-info/top_level.txt
-- Up-to-date symlink: /home/neer/Desktop/SIH/ros2_ws/install/amr_msgs/lib/python3.12/site-packages/amr_msgs/__init__.py
-- Up-to-date symlink: /home/neer/Desktop/SIH/ros2_ws/install/amr_msgs/lib/python3.12/site-packages/amr_msgs/_amr_msgs_s.ep.rosidl_typesupport_c.c
-- Up-to-date symlink: /home/neer/Desktop/SIH/ros2_ws/install/amr_msgs/lib/python3.12/site-packages/amr_msgs/_amr_msgs_s.ep.rosidl_typesupport_fastrtps_c.c
-- Up-to-date symlink: /home/neer/Desktop/SIH/ros2_ws/install/amr_msgs/lib/python3.12/site-packages/amr_msgs/_amr_msgs_s.ep.rosidl_typesupport_introspection_c.c
-- Up-to-date symlink: /home/neer/Desktop/SIH/ros2_ws/install/amr_msgs/lib/python3.12/site-packages/amr_msgs/amr_msgs_s__rosidl_typesupport_c.so
-- Up-to-date symlink: /home/neer/Desktop/SIH/ros2_ws/install/amr_msgs/lib/python3.12/site-packages/amr_msgs/amr_msgs_s__rosidl_typesupport_fastrtps_c.so
-- Up-to-date symlink: /home/neer/Desktop/SIH/ros2_ws/install/amr_msgs/lib/python3.12/site-packages/amr_msgs/amr_msgs_s__rosidl_typesupport_introspection_c.so
-- Up-to-date symlink: /home/neer/Desktop/SIH/ros2_ws/install/amr_msgs/lib/python3.12/site-packages/amr_msgs/msg/__init__.py
-- Up-to-date symlink: /home/neer/Desktop/SIH/ros2_ws/install/amr_msgs/lib/python3.12/site-packages/amr_msgs/msg/_choke_request.py
-- Up-to-date symlink: /home/neer/Desktop/SIH/ros2_ws/install/amr_msgs/lib/python3.12/site-packages/amr_msgs/msg/_choke_request_s.c
-- Up-to-date symlink: /home/neer/Desktop/SIH/ros2_ws/install/amr_msgs/lib/python3.12/site-packages/amr_msgs/msg/_detected_obstacle.py
-- Up-to-date symlink: /home/neer/Desktop/SIH/ros2_ws/install/amr_msgs/lib/python3.12/site-packages/amr_msgs/msg/_detected_obstacle_s.c
-- Up-to-date symlink: /home/neer/Desktop/SIH/ros2_ws/install/amr_msgs/lib/python3.12/site-packages/amr_msgs/msg/_robot_plan.py
-- Up-to-date symlink: /home/neer/Desktop/SIH/ros2_ws/install/amr_msgs/lib/python3.12/site-packages/amr_msgs/msg/_robot_plan_s.c
-- Symlinking: /home/neer/Desktop/SIH/ros2_ws/install/amr_msgs/lib/python3.12/site-packages/amr_msgs/msg/_robot_status.py
-- Symlinking: /home/neer/Desktop/SIH/ros2_ws/install/amr_msgs/lib/python3.12/site-packages/amr_msgs/msg/_robot_status_s.c
-- Up-to-date symlink: /home/neer/Desktop/SIH/ros2_ws/install/amr_msgs/lib/python3.12/site-packages/amr_msgs/amr_msgs_s__rosidl_typesupport_fastrtps_c.so
-- Up-to-date symlink: /home/neer/Desktop/SIH/ros2_ws/install/amr_msgs/lib/python3.12/site-packages/amr_msgs/amr_msgs_s__rosidl_typesupport_introspection_c.so
-- Up-to-date symlink: /home/neer/Desktop/SIH/ros2_ws/install/amr_msgs/lib/python3.12/site-packages/amr_msgs/amr_msgs_s__rosidl_typesupport_c.so
-- Up-to-date symlink: /home/neer/Desktop/SIH/ros2_ws/install/amr_msgs/share/ament_index/resource_index/rust_packages/amr_msgs
-- Up-to-date symlink: /home/neer/Desktop/SIH/ros2_ws/install/amr_msgs/share/amr_msgs/rust/Cargo.toml
-- Up-to-date symlink: /home/neer/Desktop/SIH/ros2_ws/install/amr_msgs/share/amr_msgs/rust/build.rs
-- Up-to-date symlink: /home/neer/Desktop/SIH/ros2_ws/install/amr_msgs/share/amr_msgs/rust/src/lib.rs
-- Up-to-date symlink: /home/neer/Desktop/SIH/ros2_ws/install/amr_msgs/share/amr_msgs/rust/src/msg.rs
-- Up-to-date symlink: /home/neer/Desktop/SIH/ros2_ws/install/amr_msgs/share/amr_msgs/rust/src/msg/rmw.rs
-- Up-to-date symlink: /home/neer/Desktop/SIH/ros2_ws/install/amr_msgs/share/amr_msgs/msg/RobotPlan.idl
-- Up-to-date symlink: /home/neer/Desktop/SIH/ros2_ws/install/amr_msgs/share/amr_msgs/msg/DetectedObstacle.idl
-- Up-to-date symlink: /home/neer/Desktop/SIH/ros2_ws/install/amr_msgs/share/amr_msgs/msg/ChokeRequest.idl
-- Symlinking: /home/neer/Desktop/SIH/ros2_ws/install/amr_msgs/share/amr_msgs/msg/RobotStatus.idl
-- Up-to-date symlink: /home/neer/Desktop/SIH/ros2_ws/install/amr_msgs/share/amr_msgs/msg/RobotPlan.msg
-- Up-to-date symlink: /home/neer/Desktop/SIH/ros2_ws/install/amr_msgs/share/amr_msgs/msg/DetectedObstacle.msg
-- Up-to-date symlink: /home/neer/Desktop/SIH/ros2_ws/install/amr_msgs/share/amr_msgs/msg/ChokeRequest.msg
-- Symlinking: /home/neer/Desktop/SIH/ros2_ws/install/amr_msgs/share/amr_msgs/msg/RobotStatus.msg
-- Up-to-date symlink: /home/neer/Desktop/SIH/ros2_ws/install/amr_msgs/share/ament_index/resource_index/package_run_dependencies/amr_msgs
-- Up-to-date symlink: /home/neer/Desktop/SIH/ros2_ws/install/amr_msgs/share/ament_index/resource_index/parent_prefix_path/amr_msgs
-- Up-to-date symlink: /home/neer/Desktop/SIH/ros2_ws/install/amr_msgs/share/amr_msgs/environment/ament_prefix_path.sh
-- Up-to-date symlink: /home/neer/Desktop/SIH/ros2_ws/install/amr_msgs/share/amr_msgs/environment/ament_prefix_path.dsv
-- Up-to-date symlink: /home/neer/Desktop/SIH/ros2_ws/install/amr_msgs/share/amr_msgs/environment/path.sh
-- Up-to-date symlink: /home/neer/Desktop/SIH/ros2_ws/install/amr_msgs/share/amr_msgs/environment/path.dsv
-- Up-to-date symlink: /home/neer/Desktop/SIH/ros2_ws/install/amr_msgs/share/amr_msgs/local_setup.bash
-- Up-to-date symlink: /home/neer/Desktop/SIH/ros2_ws/install/amr_msgs/share/amr_msgs/local_setup.sh
-- Up-to-date symlink: /home/neer/Desktop/SIH/ros2_ws/install/amr_msgs/share/amr_msgs/local_setup.zsh
-- Up-to-date symlink: /home/neer/Desktop/SIH/ros2_ws/install/amr_msgs/share/amr_msgs/local_setup.dsv
-- Symlinking: /home/neer/Desktop/SIH/ros2_ws/install/amr_msgs/share/amr_msgs/package.dsv
-- Up-to-date symlink: /home/neer/Desktop/SIH/ros2_ws/install/amr_msgs/share/ament_index/resource_index/packages/amr_msgs
-- Up-to-date symlink: /home/neer/Desktop/SIH/ros2_ws/install/amr_msgs/share/amr_msgs/cmake/rosidl_cmake-extras.cmake
-- Up-to-date symlink: /home/neer/Desktop/SIH/ros2_ws/install/amr_msgs/share/amr_msgs/cmake/ament_cmake_export_dependencies-extras.cmake
-- Up-to-date symlink: /home/neer/Desktop/SIH/ros2_ws/install/amr_msgs/share/amr_msgs/cmake/ament_cmake_export_include_directories-extras.cmake
-- Up-to-date symlink: /home/neer/Desktop/SIH/ros2_ws/install/amr_msgs/share/amr_msgs/cmake/ament_cmake_export_libraries-extras.cmake
-- Up-to-date symlink: /home/neer/Desktop/SIH/ros2_ws/install/amr_msgs/share/amr_msgs/cmake/ament_cmake_export_targets-extras.cmake
-- Up-to-date symlink: /home/neer/Desktop/SIH/ros2_ws/install/amr_msgs/share/amr_msgs/cmake/rosidl_cmake_export_typesupport_targets-extras.cmake
-- Up-to-date symlink: /home/neer/Desktop/SIH/ros2_ws/install/amr_msgs/share/amr_msgs/cmake/rosidl_cmake_export_typesupport_libraries-extras.cmake
-- Up-to-date symlink: /home/neer/Desktop/SIH/ros2_ws/install/amr_msgs/share/amr_msgs/cmake/rosidl_cmake_aggregate_target-extras.cmake
-- Up-to-date symlink: /home/neer/Desktop/SIH/ros2_ws/install/amr_msgs/share/amr_msgs/cmake/amr_msgsConfig.cmake
-- Up-to-date symlink: /home/neer/Desktop/SIH/ros2_ws/install/amr_msgs/share/amr_msgs/cmake/amr_msgsConfig-version.cmake
-- Up-to-date symlink: /home/neer/Desktop/SIH/ros2_ws/install/amr_msgs/share/amr_msgs/package.xml
-- Installing: /home/neer/Desktop/SIH/ros2_ws/install/amr_msgs/lib/libamr_msgs__rosidl_generator_c.so
-- Set non-toolchain portion of runtime path of "/home/neer/Desktop/SIH/ros2_ws/install/amr_msgs/lib/libamr_msgs__rosidl_generator_c.so" to ""
-- Installing: /home/neer/Desktop/SIH/ros2_ws/install/amr_msgs/lib/libamr_msgs__rosidl_typesupport_fastrtps_c.so
-- Set non-toolchain portion of runtime path of "/home/neer/Desktop/SIH/ros2_ws/install/amr_msgs/lib/libamr_msgs__rosidl_typesupport_fastrtps_c.so" to ""
-- Installing: /home/neer/Desktop/SIH/ros2_ws/install/amr_msgs/lib/libamr_msgs__rosidl_typesupport_introspection_c.so
-- Set non-toolchain portion of runtime path of "/home/neer/Desktop/SIH/ros2_ws/install/amr_msgs/lib/libamr_msgs__rosidl_typesupport_introspection_c.so" to ""
-- Installing: /home/neer/Desktop/SIH/ros2_ws/install/amr_msgs/lib/libamr_msgs__rosidl_typesupport_c.so
-- Set non-toolchain portion of runtime path of "/home/neer/Desktop/SIH/ros2_ws/install/amr_msgs/lib/libamr_msgs__rosidl_typesupport_c.so" to ""
-- Installing: /home/neer/Desktop/SIH/ros2_ws/install/amr_msgs/lib/libamr_msgs__rosidl_typesupport_fastrtps_cpp.so
-- Set non-toolchain portion of runtime path of "/home/neer/Desktop/SIH/ros2_ws/install/amr_msgs/lib/libamr_msgs__rosidl_typesupport_fastrtps_cpp.so" to ""
-- Installing: /home/neer/Desktop/SIH/ros2_ws/install/amr_msgs/lib/libamr_msgs__rosidl_typesupport_introspection_cpp.so
-- Set non-toolchain portion of runtime path of "/home/neer/Desktop/SIH/ros2_ws/install/amr_msgs/lib/libamr_msgs__rosidl_typesupport_introspection_cpp.so" to ""
-- Installing: /home/neer/Desktop/SIH/ros2_ws/install/amr_msgs/lib/libamr_msgs__rosidl_typesupport_cpp.so
-- Set non-toolchain portion of runtime path of "/home/neer/Desktop/SIH/ros2_ws/install/amr_msgs/lib/libamr_msgs__rosidl_typesupport_cpp.so" to ""
Listing '/home/neer/Desktop/SIH/ros2_ws/install/amr_msgs/lib/python3.12/site-packages/amr_msgs'...
Compiling '/home/neer/Desktop/SIH/ros2_ws/install/amr_msgs/lib/python3.12/site-packages/amr_msgs/__init__.py'...
Listing '/home/neer/Desktop/SIH/ros2_ws/install/amr_msgs/lib/python3.12/site-packages/amr_msgs/msg'...
Compiling '/home/neer/Desktop/SIH/ros2_ws/install/amr_msgs/lib/python3.12/site-packages/amr_msgs/msg/__init__.py'...
Compiling '/home/neer/Desktop/SIH/ros2_ws/install/amr_msgs/lib/python3.12/site-packages/amr_msgs/msg/_choke_request.py'...
Compiling '/home/neer/Desktop/SIH/ros2_ws/install/amr_msgs/lib/python3.12/site-packages/amr_msgs/msg/_detected_obstacle.py'...
Compiling '/home/neer/Desktop/SIH/ros2_ws/install/amr_msgs/lib/python3.12/site-packages/amr_msgs/msg/_robot_plan.py'...
Compiling '/home/neer/Desktop/SIH/ros2_ws/install/amr_msgs/lib/python3.12/site-packages/amr_msgs/msg/_robot_status.py'...
-- Installing: /home/neer/Desktop/SIH/ros2_ws/install/amr_msgs/lib/libamr_msgs__rosidl_generator_py.so
-- Set non-toolchain portion of runtime path of "/home/neer/Desktop/SIH/ros2_ws/install/amr_msgs/lib/libamr_msgs__rosidl_generator_py.so" to ""
-- Up-to-date: /home/neer/Desktop/SIH/ros2_ws/install/amr_msgs/share/amr_msgs/cmake/export_amr_msgs__rosidl_generator_cExport.cmake
-- Up-to-date: /home/neer/Desktop/SIH/ros2_ws/install/amr_msgs/share/amr_msgs/cmake/export_amr_msgs__rosidl_generator_cExport-noconfig.cmake
-- Up-to-date: /home/neer/Desktop/SIH/ros2_ws/install/amr_msgs/share/amr_msgs/cmake/export_amr_msgs__rosidl_typesupport_fastrtps_cExport.cmake
-- Up-to-date: /home/neer/Desktop/SIH/ros2_ws/install/amr_msgs/share/amr_msgs/cmake/export_amr_msgs__rosidl_typesupport_fastrtps_cExport-noconfig.cmake
-- Up-to-date: /home/neer/Desktop/SIH/ros2_ws/install/amr_msgs/share/amr_msgs/cmake/amr_msgs__rosidl_typesupport_introspection_cExport.cmake
-- Up-to-date: /home/neer/Desktop/SIH/ros2_ws/install/amr_msgs/share/amr_msgs/cmake/amr_msgs__rosidl_typesupport_introspection_cExport-noconfig.cmake
-- Up-to-date: /home/neer/Desktop/SIH/ros2_ws/install/amr_msgs/share/amr_msgs/cmake/amr_msgs__rosidl_typesupport_cExport.cmake
-- Up-to-date: /home/neer/Desktop/SIH/ros2_ws/install/amr_msgs/share/amr_msgs/cmake/amr_msgs__rosidl_typesupport_cExport-noconfig.cmake
-- Up-to-date: /home/neer/Desktop/SIH/ros2_ws/install/amr_msgs/share/amr_msgs/cmake/export_amr_msgs__rosidl_generator_cppExport.cmake
-- Up-to-date: /home/neer/Desktop/SIH/ros2_ws/install/amr_msgs/share/amr_msgs/cmake/export_amr_msgs__rosidl_typesupport_fastrtps_cppExport.cmake
-- Up-to-date: /home/neer/Desktop/SIH/ros2_ws/install/amr_msgs/share/amr_msgs/cmake/export_amr_msgs__rosidl_typesupport_fastrtps_cppExport-noconfig.cmake
-- Up-to-date: /home/neer/Desktop/SIH/ros2_ws/install/amr_msgs/share/amr_msgs/cmake/amr_msgs__rosidl_typesupport_introspection_cppExport.cmake
-- Up-to-date: /home/neer/Desktop/SIH/ros2_ws/install/amr_msgs/share/amr_msgs/cmake/amr_msgs__rosidl_typesupport_introspection_cppExport-noconfig.cmake
-- Up-to-date: /home/neer/Desktop/SIH/ros2_ws/install/amr_msgs/share/amr_msgs/cmake/amr_msgs__rosidl_typesupport_cppExport.cmake
-- Up-to-date: /home/neer/Desktop/SIH/ros2_ws/install/amr_msgs/share/amr_msgs/cmake/amr_msgs__rosidl_typesupport_cppExport-noconfig.cmake
-- Up-to-date: /home/neer/Desktop/SIH/ros2_ws/install/amr_msgs/share/amr_msgs/cmake/export_amr_msgs__rosidl_generator_pyExport.cmake
-- Up-to-date: /home/neer/Desktop/SIH/ros2_ws/install/amr_msgs/share/amr_msgs/cmake/export_amr_msgs__rosidl_generator_pyExport-noconfig.cmake
