[0.024s] Invoking command in '/home/piyansh46/Code/SIH_2026/ros2_ws/build/amr_msgs': CMAKE_PREFIX_PATH=${CMAKE_PREFIX_PATH}:/opt/ros/jazzy DEBUGINFOD_URLS=https://debuginfod.ubuntu.com /usr/bin/cmake --build /home/piyansh46/Code/SIH_2026/ros2_ws/build/amr_msgs -- -j12 -l12
[0.155s] [  1%] Built target amr_msgs__rosidl_generator_type_description
[0.161s] [  3%] Built target amr_msgs__rs
[0.169s] [  3%] Built target ament_cmake_python_symlink_amr_msgs
[0.184s] [  4%] Built target amr_msgs__cpp
[0.212s] [ 26%] Built target amr_msgs__rosidl_generator_c
[0.246s] [ 35%] Built target amr_msgs__rosidl_typesupport_introspection_c
[0.247s] [ 44%] Built target amr_msgs__rosidl_typesupport_c
[0.254s] [ 72%] Built target amr_msgs__rosidl_typesupport_fastrtps_c
[0.254s] [ 72%] Built target amr_msgs__rosidl_typesupport_cpp
[0.254s] [ 72%] Built target amr_msgs__rosidl_typesupport_fastrtps_cpp
[0.254s] [ 81%] Built target amr_msgs__rosidl_typesupport_introspection_cpp
[0.275s] [ 81%] Built target amr_msgs
[0.300s] [ 83%] Built target amr_msgs__py
[0.340s] [ 90%] Built target amr_msgs__rosidl_generator_py
[0.364s] [100%] Built target amr_msgs_s__rosidl_typesupport_introspection_c
[0.364s] [100%] Built target amr_msgs_s__rosidl_typesupport_c
[0.364s] [100%] Built target amr_msgs_s__rosidl_typesupport_fastrtps_c
[0.380s] running egg_info
[0.396s] writing amr_msgs.egg-info/PKG-INFO
[0.396s] writing dependency_links to amr_msgs.egg-info/dependency_links.txt
[0.396s] writing top-level names to amr_msgs.egg-info/top_level.txt
[0.442s] reading manifest file 'amr_msgs.egg-info/SOURCES.txt'
[0.442s] writing manifest file 'amr_msgs.egg-info/SOURCES.txt'
[0.476s] [100%] Built target ament_cmake_python_build_amr_msgs_egg
[0.498s] Invoked command in '/home/piyansh46/Code/SIH_2026/ros2_ws/build/amr_msgs' returned '0': CMAKE_PREFIX_PATH=${CMAKE_PREFIX_PATH}:/opt/ros/jazzy DEBUGINFOD_URLS=https://debuginfod.ubuntu.com /usr/bin/cmake --build /home/piyansh46/Code/SIH_2026/ros2_ws/build/amr_msgs -- -j12 -l12
[0.501s] Invoking command in '/home/piyansh46/Code/SIH_2026/ros2_ws/build/amr_msgs': CMAKE_PREFIX_PATH=${CMAKE_PREFIX_PATH}:/opt/ros/jazzy DEBUGINFOD_URLS=https://debuginfod.ubuntu.com /usr/bin/cmake --install /home/piyansh46/Code/SIH_2026/ros2_ws/build/amr_msgs
[0.516s] -- Install configuration: ""
[0.517s] -- Execute custom install script
[0.517s] -- Up-to-date symlink: /home/piyansh46/Code/SIH_2026/ros2_ws/install/amr_msgs/share/ament_index/resource_index/rosidl_interfaces/amr_msgs
[0.517s] -- Up-to-date symlink: /home/piyansh46/Code/SIH_2026/ros2_ws/install/amr_msgs/share/amr_msgs/msg/RobotPlan.json
[0.518s] -- Up-to-date symlink: /home/piyansh46/Code/SIH_2026/ros2_ws/install/amr_msgs/share/amr_msgs/msg/DetectedObstacle.json
[0.518s] -- Up-to-date symlink: /home/piyansh46/Code/SIH_2026/ros2_ws/install/amr_msgs/share/amr_msgs/msg/ChokeRequest.json
[0.518s] -- Up-to-date symlink: /home/piyansh46/Code/SIH_2026/ros2_ws/install/amr_msgs/share/amr_msgs/msg/RobotStatus.json
[0.520s] -- Up-to-date symlink: /home/piyansh46/Code/SIH_2026/ros2_ws/install/amr_msgs/include/amr_msgs/amr_msgs/msg/choke_request.h
[0.520s] -- Up-to-date symlink: /home/piyansh46/Code/SIH_2026/ros2_ws/install/amr_msgs/include/amr_msgs/amr_msgs/msg/detail/choke_request__functions.h
[0.521s] -- Up-to-date symlink: /home/piyansh46/Code/SIH_2026/ros2_ws/install/amr_msgs/include/amr_msgs/amr_msgs/msg/detail/choke_request__struct.h
[0.521s] -- Up-to-date symlink: /home/piyansh46/Code/SIH_2026/ros2_ws/install/amr_msgs/include/amr_msgs/amr_msgs/msg/detail/choke_request__type_support.h
[0.521s] -- Up-to-date symlink: /home/piyansh46/Code/SIH_2026/ros2_ws/install/amr_msgs/include/amr_msgs/amr_msgs/msg/detail/detected_obstacle__functions.h
[0.521s] -- Up-to-date symlink: /home/piyansh46/Code/SIH_2026/ros2_ws/install/amr_msgs/include/amr_msgs/amr_msgs/msg/detail/detected_obstacle__struct.h
[0.521s] -- Up-to-date symlink: /home/piyansh46/Code/SIH_2026/ros2_ws/install/amr_msgs/include/amr_msgs/amr_msgs/msg/detail/detected_obstacle__type_support.h
[0.521s] -- Up-to-date symlink: /home/piyansh46/Code/SIH_2026/ros2_ws/install/amr_msgs/include/amr_msgs/amr_msgs/msg/detail/robot_plan__functions.h
[0.521s] -- Up-to-date symlink: /home/piyansh46/Code/SIH_2026/ros2_ws/install/amr_msgs/include/amr_msgs/amr_msgs/msg/detail/robot_plan__struct.h
[0.522s] -- Up-to-date symlink: /home/piyansh46/Code/SIH_2026/ros2_ws/install/amr_msgs/include/amr_msgs/amr_msgs/msg/detail/robot_plan__type_support.h
[0.522s] -- Up-to-date symlink: /home/piyansh46/Code/SIH_2026/ros2_ws/install/amr_msgs/include/amr_msgs/amr_msgs/msg/detail/robot_status__functions.h
[0.522s] -- Up-to-date symlink: /home/piyansh46/Code/SIH_2026/ros2_ws/install/amr_msgs/include/amr_msgs/amr_msgs/msg/detail/robot_status__struct.h
[0.522s] -- Up-to-date symlink: /home/piyansh46/Code/SIH_2026/ros2_ws/install/amr_msgs/include/amr_msgs/amr_msgs/msg/detail/robot_status__type_support.h
[0.522s] -- Up-to-date symlink: /home/piyansh46/Code/SIH_2026/ros2_ws/install/amr_msgs/include/amr_msgs/amr_msgs/msg/detected_obstacle.h
[0.522s] -- Up-to-date symlink: /home/piyansh46/Code/SIH_2026/ros2_ws/install/amr_msgs/include/amr_msgs/amr_msgs/msg/robot_plan.h
[0.522s] -- Up-to-date symlink: /home/piyansh46/Code/SIH_2026/ros2_ws/install/amr_msgs/include/amr_msgs/amr_msgs/msg/robot_status.h
[0.522s] -- Up-to-date symlink: /home/piyansh46/Code/SIH_2026/ros2_ws/install/amr_msgs/include/amr_msgs/amr_msgs/msg/rosidl_generator_c__visibility_control.h
[0.522s] -- Up-to-date symlink: /home/piyansh46/Code/SIH_2026/ros2_ws/install/amr_msgs/share/amr_msgs/environment/library_path.sh
[0.523s] -- Up-to-date symlink: /home/piyansh46/Code/SIH_2026/ros2_ws/install/amr_msgs/share/amr_msgs/environment/library_path.dsv
[0.523s] -- Up-to-date symlink: /home/piyansh46/Code/SIH_2026/ros2_ws/install/amr_msgs/include/amr_msgs/amr_msgs/msg/detail/choke_request__rosidl_typesupport_fastrtps_c.h
[0.523s] -- Up-to-date symlink: /home/piyansh46/Code/SIH_2026/ros2_ws/install/amr_msgs/include/amr_msgs/amr_msgs/msg/detail/detected_obstacle__rosidl_typesupport_fastrtps_c.h
[0.523s] -- Up-to-date symlink: /home/piyansh46/Code/SIH_2026/ros2_ws/install/amr_msgs/include/amr_msgs/amr_msgs/msg/detail/robot_plan__rosidl_typesupport_fastrtps_c.h
[0.523s] -- Up-to-date symlink: /home/piyansh46/Code/SIH_2026/ros2_ws/install/amr_msgs/include/amr_msgs/amr_msgs/msg/detail/robot_status__rosidl_typesupport_fastrtps_c.h
[0.523s] -- Up-to-date symlink: /home/piyansh46/Code/SIH_2026/ros2_ws/install/amr_msgs/include/amr_msgs/amr_msgs/msg/rosidl_typesupport_fastrtps_c__visibility_control.h
[0.523s] -- Up-to-date symlink: /home/piyansh46/Code/SIH_2026/ros2_ws/install/amr_msgs/include/amr_msgs/amr_msgs/msg/detail/choke_request__rosidl_typesupport_introspection_c.h
[0.523s] -- Up-to-date symlink: /home/piyansh46/Code/SIH_2026/ros2_ws/install/amr_msgs/include/amr_msgs/amr_msgs/msg/detail/detected_obstacle__rosidl_typesupport_introspection_c.h
[0.523s] -- Up-to-date symlink: /home/piyansh46/Code/SIH_2026/ros2_ws/install/amr_msgs/include/amr_msgs/amr_msgs/msg/detail/robot_plan__rosidl_typesupport_introspection_c.h
[0.524s] -- Up-to-date symlink: /home/piyansh46/Code/SIH_2026/ros2_ws/install/amr_msgs/include/amr_msgs/amr_msgs/msg/detail/robot_status__rosidl_typesupport_introspection_c.h
[0.524s] -- Up-to-date symlink: /home/piyansh46/Code/SIH_2026/ros2_ws/install/amr_msgs/include/amr_msgs/amr_msgs/msg/rosidl_typesupport_introspection_c__visibility_control.h
[0.524s] -- Up-to-date symlink: /home/piyansh46/Code/SIH_2026/ros2_ws/install/amr_msgs/include/amr_msgs/amr_msgs/msg/choke_request.hpp
[0.525s] -- Up-to-date symlink: /home/piyansh46/Code/SIH_2026/ros2_ws/install/amr_msgs/include/amr_msgs/amr_msgs/msg/detail/choke_request__builder.hpp
[0.525s] -- Up-to-date symlink: /home/piyansh46/Code/SIH_2026/ros2_ws/install/amr_msgs/include/amr_msgs/amr_msgs/msg/detail/choke_request__struct.hpp
[0.525s] -- Up-to-date symlink: /home/piyansh46/Code/SIH_2026/ros2_ws/install/amr_msgs/include/amr_msgs/amr_msgs/msg/detail/choke_request__traits.hpp
[0.525s] -- Up-to-date symlink: /home/piyansh46/Code/SIH_2026/ros2_ws/install/amr_msgs/include/amr_msgs/amr_msgs/msg/detail/choke_request__type_support.hpp
[0.525s] -- Up-to-date symlink: /home/piyansh46/Code/SIH_2026/ros2_ws/install/amr_msgs/include/amr_msgs/amr_msgs/msg/detail/detected_obstacle__builder.hpp
[0.525s] -- Up-to-date symlink: /home/piyansh46/Code/SIH_2026/ros2_ws/install/amr_msgs/include/amr_msgs/amr_msgs/msg/detail/detected_obstacle__struct.hpp
[0.526s] -- Up-to-date symlink: /home/piyansh46/Code/SIH_2026/ros2_ws/install/amr_msgs/include/amr_msgs/amr_msgs/msg/detail/detected_obstacle__traits.hpp
[0.526s] -- Up-to-date symlink: /home/piyansh46/Code/SIH_2026/ros2_ws/install/amr_msgs/include/amr_msgs/amr_msgs/msg/detail/detected_obstacle__type_support.hpp
[0.526s] -- Up-to-date symlink: /home/piyansh46/Code/SIH_2026/ros2_ws/install/amr_msgs/include/amr_msgs/amr_msgs/msg/detail/robot_plan__builder.hpp
[0.526s] -- Up-to-date symlink: /home/piyansh46/Code/SIH_2026/ros2_ws/install/amr_msgs/include/amr_msgs/amr_msgs/msg/detail/robot_plan__struct.hpp
[0.526s] -- Up-to-date symlink: /home/piyansh46/Code/SIH_2026/ros2_ws/install/amr_msgs/include/amr_msgs/amr_msgs/msg/detail/robot_plan__traits.hpp
[0.526s] -- Up-to-date symlink: /home/piyansh46/Code/SIH_2026/ros2_ws/install/amr_msgs/include/amr_msgs/amr_msgs/msg/detail/robot_plan__type_support.hpp
[0.526s] -- Up-to-date symlink: /home/piyansh46/Code/SIH_2026/ros2_ws/install/amr_msgs/include/amr_msgs/amr_msgs/msg/detail/robot_status__builder.hpp
[0.526s] -- Up-to-date symlink: /home/piyansh46/Code/SIH_2026/ros2_ws/install/amr_msgs/include/amr_msgs/amr_msgs/msg/detail/robot_status__struct.hpp
[0.526s] -- Up-to-date symlink: /home/piyansh46/Code/SIH_2026/ros2_ws/install/amr_msgs/include/amr_msgs/amr_msgs/msg/detail/robot_status__traits.hpp
[0.526s] -- Up-to-date symlink: /home/piyansh46/Code/SIH_2026/ros2_ws/install/amr_msgs/include/amr_msgs/amr_msgs/msg/detail/robot_status__type_support.hpp
[0.527s] -- Up-to-date symlink: /home/piyansh46/Code/SIH_2026/ros2_ws/install/amr_msgs/include/amr_msgs/amr_msgs/msg/detected_obstacle.hpp
[0.527s] -- Up-to-date symlink: /home/piyansh46/Code/SIH_2026/ros2_ws/install/amr_msgs/include/amr_msgs/amr_msgs/msg/robot_plan.hpp
[0.527s] -- Up-to-date symlink: /home/piyansh46/Code/SIH_2026/ros2_ws/install/amr_msgs/include/amr_msgs/amr_msgs/msg/robot_status.hpp
[0.527s] -- Up-to-date symlink: /home/piyansh46/Code/SIH_2026/ros2_ws/install/amr_msgs/include/amr_msgs/amr_msgs/msg/rosidl_generator_cpp__visibility_control.hpp
[0.527s] -- Up-to-date symlink: /home/piyansh46/Code/SIH_2026/ros2_ws/install/amr_msgs/include/amr_msgs/amr_msgs/msg/detail/choke_request__rosidl_typesupport_fastrtps_cpp.hpp
[0.527s] -- Up-to-date symlink: /home/piyansh46/Code/SIH_2026/ros2_ws/install/amr_msgs/include/amr_msgs/amr_msgs/msg/detail/detected_obstacle__rosidl_typesupport_fastrtps_cpp.hpp
[0.527s] -- Up-to-date symlink: /home/piyansh46/Code/SIH_2026/ros2_ws/install/amr_msgs/include/amr_msgs/amr_msgs/msg/detail/robot_plan__rosidl_typesupport_fastrtps_cpp.hpp
[0.528s] -- Up-to-date symlink: /home/piyansh46/Code/SIH_2026/ros2_ws/install/amr_msgs/include/amr_msgs/amr_msgs/msg/detail/robot_status__rosidl_typesupport_fastrtps_cpp.hpp
[0.528s] -- Up-to-date symlink: /home/piyansh46/Code/SIH_2026/ros2_ws/install/amr_msgs/include/amr_msgs/amr_msgs/msg/rosidl_typesupport_fastrtps_cpp__visibility_control.h
[0.528s] -- Up-to-date symlink: /home/piyansh46/Code/SIH_2026/ros2_ws/install/amr_msgs/include/amr_msgs/amr_msgs/msg/detail/choke_request__rosidl_typesupport_introspection_cpp.hpp
[0.529s] -- Up-to-date symlink: /home/piyansh46/Code/SIH_2026/ros2_ws/install/amr_msgs/include/amr_msgs/amr_msgs/msg/detail/detected_obstacle__rosidl_typesupport_introspection_cpp.hpp
[0.529s] -- Up-to-date symlink: /home/piyansh46/Code/SIH_2026/ros2_ws/install/amr_msgs/include/amr_msgs/amr_msgs/msg/detail/robot_plan__rosidl_typesupport_introspection_cpp.hpp
[0.529s] -- Up-to-date symlink: /home/piyansh46/Code/SIH_2026/ros2_ws/install/amr_msgs/include/amr_msgs/amr_msgs/msg/detail/robot_status__rosidl_typesupport_introspection_cpp.hpp
[0.529s] -- Up-to-date symlink: /home/piyansh46/Code/SIH_2026/ros2_ws/install/amr_msgs/share/amr_msgs/environment/pythonpath.sh
[0.529s] -- Up-to-date symlink: /home/piyansh46/Code/SIH_2026/ros2_ws/install/amr_msgs/share/amr_msgs/environment/pythonpath.dsv
[0.529s] -- Up-to-date symlink: /home/piyansh46/Code/SIH_2026/ros2_ws/install/amr_msgs/lib/python3.12/site-packages/amr_msgs-0.1.0-py3.12.egg-info/PKG-INFO
[0.529s] -- Up-to-date symlink: /home/piyansh46/Code/SIH_2026/ros2_ws/install/amr_msgs/lib/python3.12/site-packages/amr_msgs-0.1.0-py3.12.egg-info/SOURCES.txt
[0.529s] -- Up-to-date symlink: /home/piyansh46/Code/SIH_2026/ros2_ws/install/amr_msgs/lib/python3.12/site-packages/amr_msgs-0.1.0-py3.12.egg-info/dependency_links.txt
[0.530s] -- Up-to-date symlink: /home/piyansh46/Code/SIH_2026/ros2_ws/install/amr_msgs/lib/python3.12/site-packages/amr_msgs-0.1.0-py3.12.egg-info/top_level.txt
[0.530s] -- Up-to-date symlink: /home/piyansh46/Code/SIH_2026/ros2_ws/install/amr_msgs/lib/python3.12/site-packages/amr_msgs/__init__.py
[0.530s] -- Up-to-date symlink: /home/piyansh46/Code/SIH_2026/ros2_ws/install/amr_msgs/lib/python3.12/site-packages/amr_msgs/_amr_msgs_s.ep.rosidl_typesupport_c.c
[0.530s] -- Up-to-date symlink: /home/piyansh46/Code/SIH_2026/ros2_ws/install/amr_msgs/lib/python3.12/site-packages/amr_msgs/_amr_msgs_s.ep.rosidl_typesupport_fastrtps_c.c
[0.530s] -- Up-to-date symlink: /home/piyansh46/Code/SIH_2026/ros2_ws/install/amr_msgs/lib/python3.12/site-packages/amr_msgs/_amr_msgs_s.ep.rosidl_typesupport_introspection_c.c
[0.531s] -- Up-to-date symlink: /home/piyansh46/Code/SIH_2026/ros2_ws/install/amr_msgs/lib/python3.12/site-packages/amr_msgs/amr_msgs_s__rosidl_typesupport_c.so
[0.531s] -- Up-to-date symlink: /home/piyansh46/Code/SIH_2026/ros2_ws/install/amr_msgs/lib/python3.12/site-packages/amr_msgs/amr_msgs_s__rosidl_typesupport_fastrtps_c.so
[0.531s] -- Up-to-date symlink: /home/piyansh46/Code/SIH_2026/ros2_ws/install/amr_msgs/lib/python3.12/site-packages/amr_msgs/amr_msgs_s__rosidl_typesupport_introspection_c.so
[0.531s] -- Up-to-date symlink: /home/piyansh46/Code/SIH_2026/ros2_ws/install/amr_msgs/lib/python3.12/site-packages/amr_msgs/msg/__init__.py
[0.531s] -- Up-to-date symlink: /home/piyansh46/Code/SIH_2026/ros2_ws/install/amr_msgs/lib/python3.12/site-packages/amr_msgs/msg/_choke_request.py
[0.531s] -- Up-to-date symlink: /home/piyansh46/Code/SIH_2026/ros2_ws/install/amr_msgs/lib/python3.12/site-packages/amr_msgs/msg/_choke_request_s.c
[0.531s] -- Up-to-date symlink: /home/piyansh46/Code/SIH_2026/ros2_ws/install/amr_msgs/lib/python3.12/site-packages/amr_msgs/msg/_detected_obstacle.py
[0.531s] -- Up-to-date symlink: /home/piyansh46/Code/SIH_2026/ros2_ws/install/amr_msgs/lib/python3.12/site-packages/amr_msgs/msg/_detected_obstacle_s.c
[0.531s] -- Up-to-date symlink: /home/piyansh46/Code/SIH_2026/ros2_ws/install/amr_msgs/lib/python3.12/site-packages/amr_msgs/msg/_robot_plan.py
[0.532s] -- Up-to-date symlink: /home/piyansh46/Code/SIH_2026/ros2_ws/install/amr_msgs/lib/python3.12/site-packages/amr_msgs/msg/_robot_plan_s.c
[0.532s] -- Up-to-date symlink: /home/piyansh46/Code/SIH_2026/ros2_ws/install/amr_msgs/lib/python3.12/site-packages/amr_msgs/msg/_robot_status.py
[0.532s] -- Up-to-date symlink: /home/piyansh46/Code/SIH_2026/ros2_ws/install/amr_msgs/lib/python3.12/site-packages/amr_msgs/msg/_robot_status_s.c
[0.532s] -- Up-to-date symlink: /home/piyansh46/Code/SIH_2026/ros2_ws/install/amr_msgs/lib/python3.12/site-packages/amr_msgs/amr_msgs_s__rosidl_typesupport_fastrtps_c.so
[0.532s] -- Up-to-date symlink: /home/piyansh46/Code/SIH_2026/ros2_ws/install/amr_msgs/lib/python3.12/site-packages/amr_msgs/amr_msgs_s__rosidl_typesupport_introspection_c.so
[0.532s] -- Up-to-date symlink: /home/piyansh46/Code/SIH_2026/ros2_ws/install/amr_msgs/lib/python3.12/site-packages/amr_msgs/amr_msgs_s__rosidl_typesupport_c.so
[0.533s] -- Up-to-date symlink: /home/piyansh46/Code/SIH_2026/ros2_ws/install/amr_msgs/share/ament_index/resource_index/rust_packages/amr_msgs
[0.533s] -- Up-to-date symlink: /home/piyansh46/Code/SIH_2026/ros2_ws/install/amr_msgs/share/amr_msgs/rust/Cargo.toml
[0.533s] -- Up-to-date symlink: /home/piyansh46/Code/SIH_2026/ros2_ws/install/amr_msgs/share/amr_msgs/rust/build.rs
[0.534s] -- Up-to-date symlink: /home/piyansh46/Code/SIH_2026/ros2_ws/install/amr_msgs/share/amr_msgs/rust/src/lib.rs
[0.534s] -- Up-to-date symlink: /home/piyansh46/Code/SIH_2026/ros2_ws/install/amr_msgs/share/amr_msgs/rust/src/msg.rs
[0.534s] -- Up-to-date symlink: /home/piyansh46/Code/SIH_2026/ros2_ws/install/amr_msgs/share/amr_msgs/rust/src/msg/rmw.rs
[0.534s] -- Up-to-date symlink: /home/piyansh46/Code/SIH_2026/ros2_ws/install/amr_msgs/share/amr_msgs/msg/RobotPlan.idl
[0.534s] -- Up-to-date symlink: /home/piyansh46/Code/SIH_2026/ros2_ws/install/amr_msgs/share/amr_msgs/msg/DetectedObstacle.idl
[0.534s] -- Up-to-date symlink: /home/piyansh46/Code/SIH_2026/ros2_ws/install/amr_msgs/share/amr_msgs/msg/ChokeRequest.idl
[0.534s] -- Up-to-date symlink: /home/piyansh46/Code/SIH_2026/ros2_ws/install/amr_msgs/share/amr_msgs/msg/RobotStatus.idl
[0.535s] -- Up-to-date symlink: /home/piyansh46/Code/SIH_2026/ros2_ws/install/amr_msgs/share/amr_msgs/msg/RobotPlan.msg
[0.535s] -- Up-to-date symlink: /home/piyansh46/Code/SIH_2026/ros2_ws/install/amr_msgs/share/amr_msgs/msg/DetectedObstacle.msg
[0.535s] -- Up-to-date symlink: /home/piyansh46/Code/SIH_2026/ros2_ws/install/amr_msgs/share/amr_msgs/msg/ChokeRequest.msg
[0.535s] -- Up-to-date symlink: /home/piyansh46/Code/SIH_2026/ros2_ws/install/amr_msgs/share/amr_msgs/msg/RobotStatus.msg
[0.535s] -- Up-to-date symlink: /home/piyansh46/Code/SIH_2026/ros2_ws/install/amr_msgs/share/ament_index/resource_index/package_run_dependencies/amr_msgs
[0.535s] -- Up-to-date symlink: /home/piyansh46/Code/SIH_2026/ros2_ws/install/amr_msgs/share/ament_index/resource_index/parent_prefix_path/amr_msgs
[0.535s] -- Up-to-date symlink: /home/piyansh46/Code/SIH_2026/ros2_ws/install/amr_msgs/share/amr_msgs/environment/ament_prefix_path.sh
[0.536s] -- Up-to-date symlink: /home/piyansh46/Code/SIH_2026/ros2_ws/install/amr_msgs/share/amr_msgs/environment/ament_prefix_path.dsv
[0.536s] -- Up-to-date symlink: /home/piyansh46/Code/SIH_2026/ros2_ws/install/amr_msgs/share/amr_msgs/environment/path.sh
[0.536s] -- Up-to-date symlink: /home/piyansh46/Code/SIH_2026/ros2_ws/install/amr_msgs/share/amr_msgs/environment/path.dsv
[0.536s] -- Up-to-date symlink: /home/piyansh46/Code/SIH_2026/ros2_ws/install/amr_msgs/share/amr_msgs/local_setup.bash
[0.536s] -- Up-to-date symlink: /home/piyansh46/Code/SIH_2026/ros2_ws/install/amr_msgs/share/amr_msgs/local_setup.sh
[0.536s] -- Up-to-date symlink: /home/piyansh46/Code/SIH_2026/ros2_ws/install/amr_msgs/share/amr_msgs/local_setup.zsh
[0.536s] -- Up-to-date symlink: /home/piyansh46/Code/SIH_2026/ros2_ws/install/amr_msgs/share/amr_msgs/local_setup.dsv
[0.536s] -- Symlinking: /home/piyansh46/Code/SIH_2026/ros2_ws/install/amr_msgs/share/amr_msgs/package.dsv
[0.552s] -- Up-to-date symlink: /home/piyansh46/Code/SIH_2026/ros2_ws/install/amr_msgs/share/ament_index/resource_index/packages/amr_msgs
[0.552s] -- Up-to-date symlink: /home/piyansh46/Code/SIH_2026/ros2_ws/install/amr_msgs/share/amr_msgs/cmake/rosidl_cmake-extras.cmake
[0.553s] -- Up-to-date symlink: /home/piyansh46/Code/SIH_2026/ros2_ws/install/amr_msgs/share/amr_msgs/cmake/ament_cmake_export_dependencies-extras.cmake
[0.553s] -- Up-to-date symlink: /home/piyansh46/Code/SIH_2026/ros2_ws/install/amr_msgs/share/amr_msgs/cmake/ament_cmake_export_include_directories-extras.cmake
[0.553s] -- Up-to-date symlink: /home/piyansh46/Code/SIH_2026/ros2_ws/install/amr_msgs/share/amr_msgs/cmake/ament_cmake_export_libraries-extras.cmake
[0.553s] -- Up-to-date symlink: /home/piyansh46/Code/SIH_2026/ros2_ws/install/amr_msgs/share/amr_msgs/cmake/ament_cmake_export_targets-extras.cmake
[0.553s] -- Up-to-date symlink: /home/piyansh46/Code/SIH_2026/ros2_ws/install/amr_msgs/share/amr_msgs/cmake/rosidl_cmake_export_typesupport_targets-extras.cmake
[0.553s] -- Up-to-date symlink: /home/piyansh46/Code/SIH_2026/ros2_ws/install/amr_msgs/share/amr_msgs/cmake/rosidl_cmake_export_typesupport_libraries-extras.cmake
[0.553s] -- Up-to-date symlink: /home/piyansh46/Code/SIH_2026/ros2_ws/install/amr_msgs/share/amr_msgs/cmake/rosidl_cmake_aggregate_target-extras.cmake
[0.554s] -- Up-to-date symlink: /home/piyansh46/Code/SIH_2026/ros2_ws/install/amr_msgs/share/amr_msgs/cmake/amr_msgsConfig.cmake
[0.555s] -- Up-to-date symlink: /home/piyansh46/Code/SIH_2026/ros2_ws/install/amr_msgs/share/amr_msgs/cmake/amr_msgsConfig-version.cmake
[0.555s] -- Up-to-date symlink: /home/piyansh46/Code/SIH_2026/ros2_ws/install/amr_msgs/share/amr_msgs/package.xml
[0.555s] -- Up-to-date: /home/piyansh46/Code/SIH_2026/ros2_ws/install/amr_msgs/lib/libamr_msgs__rosidl_generator_c.so
[0.555s] -- Up-to-date: /home/piyansh46/Code/SIH_2026/ros2_ws/install/amr_msgs/lib/libamr_msgs__rosidl_typesupport_fastrtps_c.so
[0.555s] -- Up-to-date: /home/piyansh46/Code/SIH_2026/ros2_ws/install/amr_msgs/lib/libamr_msgs__rosidl_typesupport_introspection_c.so
[0.555s] -- Up-to-date: /home/piyansh46/Code/SIH_2026/ros2_ws/install/amr_msgs/lib/libamr_msgs__rosidl_typesupport_c.so
[0.556s] -- Up-to-date: /home/piyansh46/Code/SIH_2026/ros2_ws/install/amr_msgs/lib/libamr_msgs__rosidl_typesupport_fastrtps_cpp.so
[0.556s] -- Up-to-date: /home/piyansh46/Code/SIH_2026/ros2_ws/install/amr_msgs/lib/libamr_msgs__rosidl_typesupport_introspection_cpp.so
[0.556s] -- Up-to-date: /home/piyansh46/Code/SIH_2026/ros2_ws/install/amr_msgs/lib/libamr_msgs__rosidl_typesupport_cpp.so
[0.611s] Listing '/home/piyansh46/Code/SIH_2026/ros2_ws/install/amr_msgs/lib/python3.12/site-packages/amr_msgs'...
[0.612s] Listing '/home/piyansh46/Code/SIH_2026/ros2_ws/install/amr_msgs/lib/python3.12/site-packages/amr_msgs/msg'...
[0.620s] -- Up-to-date: /home/piyansh46/Code/SIH_2026/ros2_ws/install/amr_msgs/lib/libamr_msgs__rosidl_generator_py.so
[0.620s] -- Up-to-date: /home/piyansh46/Code/SIH_2026/ros2_ws/install/amr_msgs/share/amr_msgs/cmake/export_amr_msgs__rosidl_generator_cExport.cmake
[0.620s] -- Up-to-date: /home/piyansh46/Code/SIH_2026/ros2_ws/install/amr_msgs/share/amr_msgs/cmake/export_amr_msgs__rosidl_generator_cExport-noconfig.cmake
[0.620s] -- Up-to-date: /home/piyansh46/Code/SIH_2026/ros2_ws/install/amr_msgs/share/amr_msgs/cmake/export_amr_msgs__rosidl_typesupport_fastrtps_cExport.cmake
[0.621s] -- Up-to-date: /home/piyansh46/Code/SIH_2026/ros2_ws/install/amr_msgs/share/amr_msgs/cmake/export_amr_msgs__rosidl_typesupport_fastrtps_cExport-noconfig.cmake
[0.621s] -- Up-to-date: /home/piyansh46/Code/SIH_2026/ros2_ws/install/amr_msgs/share/amr_msgs/cmake/amr_msgs__rosidl_typesupport_introspection_cExport.cmake
[0.621s] -- Up-to-date: /home/piyansh46/Code/SIH_2026/ros2_ws/install/amr_msgs/share/amr_msgs/cmake/amr_msgs__rosidl_typesupport_introspection_cExport-noconfig.cmake
[0.621s] -- Up-to-date: /home/piyansh46/Code/SIH_2026/ros2_ws/install/amr_msgs/share/amr_msgs/cmake/amr_msgs__rosidl_typesupport_cExport.cmake
[0.621s] -- Up-to-date: /home/piyansh46/Code/SIH_2026/ros2_ws/install/amr_msgs/share/amr_msgs/cmake/amr_msgs__rosidl_typesupport_cExport-noconfig.cmake
[0.621s] -- Up-to-date: /home/piyansh46/Code/SIH_2026/ros2_ws/install/amr_msgs/share/amr_msgs/cmake/export_amr_msgs__rosidl_generator_cppExport.cmake
[0.621s] -- Up-to-date: /home/piyansh46/Code/SIH_2026/ros2_ws/install/amr_msgs/share/amr_msgs/cmake/export_amr_msgs__rosidl_typesupport_fastrtps_cppExport.cmake
[0.621s] -- Up-to-date: /home/piyansh46/Code/SIH_2026/ros2_ws/install/amr_msgs/share/amr_msgs/cmake/export_amr_msgs__rosidl_typesupport_fastrtps_cppExport-noconfig.cmake
[0.621s] -- Up-to-date: /home/piyansh46/Code/SIH_2026/ros2_ws/install/amr_msgs/share/amr_msgs/cmake/amr_msgs__rosidl_typesupport_introspection_cppExport.cmake
[0.621s] -- Up-to-date: /home/piyansh46/Code/SIH_2026/ros2_ws/install/amr_msgs/share/amr_msgs/cmake/amr_msgs__rosidl_typesupport_introspection_cppExport-noconfig.cmake
[0.621s] -- Up-to-date: /home/piyansh46/Code/SIH_2026/ros2_ws/install/amr_msgs/share/amr_msgs/cmake/amr_msgs__rosidl_typesupport_cppExport.cmake
[0.622s] -- Up-to-date: /home/piyansh46/Code/SIH_2026/ros2_ws/install/amr_msgs/share/amr_msgs/cmake/amr_msgs__rosidl_typesupport_cppExport-noconfig.cmake
[0.622s] -- Up-to-date: /home/piyansh46/Code/SIH_2026/ros2_ws/install/amr_msgs/share/amr_msgs/cmake/export_amr_msgs__rosidl_generator_pyExport.cmake
[0.622s] -- Up-to-date: /home/piyansh46/Code/SIH_2026/ros2_ws/install/amr_msgs/share/amr_msgs/cmake/export_amr_msgs__rosidl_generator_pyExport-noconfig.cmake
[0.625s] Invoked command in '/home/piyansh46/Code/SIH_2026/ros2_ws/build/amr_msgs' returned '0': CMAKE_PREFIX_PATH=${CMAKE_PREFIX_PATH}:/opt/ros/jazzy DEBUGINFOD_URLS=https://debuginfod.ubuntu.com /usr/bin/cmake --install /home/piyansh46/Code/SIH_2026/ros2_ws/build/amr_msgs
