[0.049s] DEBUG:colcon:Command line arguments: ['/usr/bin/colcon', 'build', '--packages-select', 'amr_gazebo', 'amr_nav']
[0.049s] DEBUG:colcon:Parsed command line arguments: Namespace(log_base=None, log_level=None, verb_name='build', build_base='build', install_base='install', merge_install=False, symlink_install=False, test_result_base=None, continue_on_error=False, executor='parallel', parallel_workers=28, event_handlers=None, ignore_user_meta=False, metas=['./colcon.meta'], base_paths=['.'], packages_ignore=None, packages_ignore_regex=None, paths=None, packages_up_to=None, packages_up_to_regex=None, packages_above=None, packages_above_and_dependencies=None, packages_above_depth=None, packages_select_by_dep=None, packages_skip_by_dep=None, packages_skip_up_to=None, packages_select_build_failed=False, packages_skip_build_finished=False, packages_select_test_failures=False, packages_skip_test_passed=False, packages_select=['amr_gazebo', 'amr_nav'], packages_skip=None, packages_select_regex=None, packages_skip_regex=None, packages_start=None, packages_end=None, allow_overriding=[], cmake_args=None, cmake_target=None, cmake_target_skip_unavailable=False, cmake_clean_cache=False, cmake_clean_first=False, cmake_force_configure=False, ament_cmake_args=None, catkin_cmake_args=None, catkin_skip_building_tests=False, mixin_files=None, mixin=None, verb_parser=<colcon_mixin.mixin.mixin_argument.MixinArgumentDecorator object at 0x7535ed8b19d0>, verb_extension=<colcon_core.verb.build.BuildVerb object at 0x7535ed8b1160>, main=<bound method BuildVerb.main of <colcon_core.verb.build.BuildVerb object at 0x7535ed8b1160>>, mixin_verb=('build',))
[0.067s] Level 1:colcon.colcon_core.package_discovery:discover_packages(colcon_meta) check parameters
[0.067s] Level 1:colcon.colcon_core.package_discovery:discover_packages(recursive) check parameters
[0.067s] Level 1:colcon.colcon_core.package_discovery:discover_packages(ignore) check parameters
[0.067s] Level 1:colcon.colcon_core.package_discovery:discover_packages(path) check parameters
[0.067s] Level 1:colcon.colcon_core.package_discovery:discover_packages(colcon_meta) discover
[0.067s] Level 1:colcon.colcon_core.package_discovery:discover_packages(recursive) discover
[0.067s] INFO:colcon.colcon_core.package_discovery:Crawling recursively for packages in '/home/neer/Desktop/SIH/ros2_ws'
[0.067s] Level 1:colcon.colcon_core.package_identification:_identify(.) by extensions ['ignore', 'ignore_ament_install']
[0.067s] Level 1:colcon.colcon_core.package_identification:_identify(.) by extension 'ignore'
[0.067s] Level 1:colcon.colcon_core.package_identification:_identify(.) by extension 'ignore_ament_install'
[0.067s] Level 1:colcon.colcon_core.package_identification:_identify(.) by extensions ['colcon_pkg']
[0.067s] Level 1:colcon.colcon_core.package_identification:_identify(.) by extension 'colcon_pkg'
[0.067s] Level 1:colcon.colcon_core.package_identification:_identify(.) by extensions ['colcon_meta']
[0.067s] Level 1:colcon.colcon_core.package_identification:_identify(.) by extension 'colcon_meta'
[0.067s] Level 1:colcon.colcon_core.package_identification:_identify(.) by extensions ['ros']
[0.067s] Level 1:colcon.colcon_core.package_identification:_identify(.) by extension 'ros'
[0.080s] Level 1:colcon.colcon_core.package_identification:_identify(.) by extensions ['cmake', 'python']
[0.081s] Level 1:colcon.colcon_core.package_identification:_identify(.) by extension 'cmake'
[0.081s] Level 1:colcon.colcon_core.package_identification:_identify(.) by extension 'python'
[0.081s] Level 1:colcon.colcon_core.package_identification:_identify(.) by extensions ['python_setup_py']
[0.081s] Level 1:colcon.colcon_core.package_identification:_identify(.) by extension 'python_setup_py'
[0.081s] Level 1:colcon.colcon_core.package_identification:_identify(build) by extensions ['ignore', 'ignore_ament_install']
[0.081s] Level 1:colcon.colcon_core.package_identification:_identify(build) by extension 'ignore'
[0.081s] Level 1:colcon.colcon_core.package_identification:_identify(build) ignored
[0.081s] Level 1:colcon.colcon_core.package_identification:_identify(install) by extensions ['ignore', 'ignore_ament_install']
[0.081s] Level 1:colcon.colcon_core.package_identification:_identify(install) by extension 'ignore'
[0.081s] Level 1:colcon.colcon_core.package_identification:_identify(install) ignored
[0.081s] Level 1:colcon.colcon_core.package_identification:_identify(log) by extensions ['ignore', 'ignore_ament_install']
[0.081s] Level 1:colcon.colcon_core.package_identification:_identify(log) by extension 'ignore'
[0.081s] Level 1:colcon.colcon_core.package_identification:_identify(log) ignored
[0.081s] Level 1:colcon.colcon_core.package_identification:_identify(results) by extensions ['ignore', 'ignore_ament_install']
[0.081s] Level 1:colcon.colcon_core.package_identification:_identify(results) by extension 'ignore'
[0.081s] Level 1:colcon.colcon_core.package_identification:_identify(results) by extension 'ignore_ament_install'
[0.081s] Level 1:colcon.colcon_core.package_identification:_identify(results) by extensions ['colcon_pkg']
[0.081s] Level 1:colcon.colcon_core.package_identification:_identify(results) by extension 'colcon_pkg'
[0.081s] Level 1:colcon.colcon_core.package_identification:_identify(results) by extensions ['colcon_meta']
[0.081s] Level 1:colcon.colcon_core.package_identification:_identify(results) by extension 'colcon_meta'
[0.081s] Level 1:colcon.colcon_core.package_identification:_identify(results) by extensions ['ros']
[0.081s] Level 1:colcon.colcon_core.package_identification:_identify(results) by extension 'ros'
[0.081s] Level 1:colcon.colcon_core.package_identification:_identify(results) by extensions ['cmake', 'python']
[0.081s] Level 1:colcon.colcon_core.package_identification:_identify(results) by extension 'cmake'
[0.081s] Level 1:colcon.colcon_core.package_identification:_identify(results) by extension 'python'
[0.081s] Level 1:colcon.colcon_core.package_identification:_identify(results) by extensions ['python_setup_py']
[0.081s] Level 1:colcon.colcon_core.package_identification:_identify(results) by extension 'python_setup_py'
[0.081s] Level 1:colcon.colcon_core.package_identification:_identify(src) by extensions ['ignore', 'ignore_ament_install']
[0.081s] Level 1:colcon.colcon_core.package_identification:_identify(src) by extension 'ignore'
[0.081s] Level 1:colcon.colcon_core.package_identification:_identify(src) by extension 'ignore_ament_install'
[0.081s] Level 1:colcon.colcon_core.package_identification:_identify(src) by extensions ['colcon_pkg']
[0.081s] Level 1:colcon.colcon_core.package_identification:_identify(src) by extension 'colcon_pkg'
[0.081s] Level 1:colcon.colcon_core.package_identification:_identify(src) by extensions ['colcon_meta']
[0.081s] Level 1:colcon.colcon_core.package_identification:_identify(src) by extension 'colcon_meta'
[0.081s] Level 1:colcon.colcon_core.package_identification:_identify(src) by extensions ['ros']
[0.081s] Level 1:colcon.colcon_core.package_identification:_identify(src) by extension 'ros'
[0.081s] Level 1:colcon.colcon_core.package_identification:_identify(src) by extensions ['cmake', 'python']
[0.081s] Level 1:colcon.colcon_core.package_identification:_identify(src) by extension 'cmake'
[0.081s] Level 1:colcon.colcon_core.package_identification:_identify(src) by extension 'python'
[0.082s] Level 1:colcon.colcon_core.package_identification:_identify(src) by extensions ['python_setup_py']
[0.082s] Level 1:colcon.colcon_core.package_identification:_identify(src) by extension 'python_setup_py'
[0.082s] Level 1:colcon.colcon_core.package_identification:_identify(src/amr_bringup) by extensions ['ignore', 'ignore_ament_install']
[0.082s] Level 1:colcon.colcon_core.package_identification:_identify(src/amr_bringup) by extension 'ignore'
[0.082s] Level 1:colcon.colcon_core.package_identification:_identify(src/amr_bringup) by extension 'ignore_ament_install'
[0.082s] Level 1:colcon.colcon_core.package_identification:_identify(src/amr_bringup) by extensions ['colcon_pkg']
[0.082s] Level 1:colcon.colcon_core.package_identification:_identify(src/amr_bringup) by extension 'colcon_pkg'
[0.082s] Level 1:colcon.colcon_core.package_identification:_identify(src/amr_bringup) by extensions ['colcon_meta']
[0.082s] Level 1:colcon.colcon_core.package_identification:_identify(src/amr_bringup) by extension 'colcon_meta'
[0.082s] Level 1:colcon.colcon_core.package_identification:_identify(src/amr_bringup) by extensions ['ros']
[0.082s] Level 1:colcon.colcon_core.package_identification:_identify(src/amr_bringup) by extension 'ros'
[0.083s] DEBUG:colcon.colcon_core.package_identification:Package 'src/amr_bringup' with type 'ros.ament_cmake' and name 'amr_bringup'
[0.083s] Level 1:colcon.colcon_core.package_identification:_identify(src/amr_coordination) by extensions ['ignore', 'ignore_ament_install']
[0.083s] Level 1:colcon.colcon_core.package_identification:_identify(src/amr_coordination) by extension 'ignore'
[0.083s] Level 1:colcon.colcon_core.package_identification:_identify(src/amr_coordination) by extension 'ignore_ament_install'
[0.083s] Level 1:colcon.colcon_core.package_identification:_identify(src/amr_coordination) by extensions ['colcon_pkg']
[0.083s] Level 1:colcon.colcon_core.package_identification:_identify(src/amr_coordination) by extension 'colcon_pkg'
[0.083s] Level 1:colcon.colcon_core.package_identification:_identify(src/amr_coordination) by extensions ['colcon_meta']
[0.083s] Level 1:colcon.colcon_core.package_identification:_identify(src/amr_coordination) by extension 'colcon_meta'
[0.083s] Level 1:colcon.colcon_core.package_identification:_identify(src/amr_coordination) by extensions ['ros']
[0.083s] Level 1:colcon.colcon_core.package_identification:_identify(src/amr_coordination) by extension 'ros'
[0.083s] DEBUG:colcon.colcon_core.package_identification:Package 'src/amr_coordination' with type 'ros.ament_python' and name 'amr_coordination'
[0.084s] Level 1:colcon.colcon_core.package_identification:_identify(src/amr_gazebo) by extensions ['ignore', 'ignore_ament_install']
[0.084s] Level 1:colcon.colcon_core.package_identification:_identify(src/amr_gazebo) by extension 'ignore'
[0.084s] Level 1:colcon.colcon_core.package_identification:_identify(src/amr_gazebo) by extension 'ignore_ament_install'
[0.084s] Level 1:colcon.colcon_core.package_identification:_identify(src/amr_gazebo) by extensions ['colcon_pkg']
[0.084s] Level 1:colcon.colcon_core.package_identification:_identify(src/amr_gazebo) by extension 'colcon_pkg'
[0.084s] Level 1:colcon.colcon_core.package_identification:_identify(src/amr_gazebo) by extensions ['colcon_meta']
[0.084s] Level 1:colcon.colcon_core.package_identification:_identify(src/amr_gazebo) by extension 'colcon_meta'
[0.084s] Level 1:colcon.colcon_core.package_identification:_identify(src/amr_gazebo) by extensions ['ros']
[0.084s] Level 1:colcon.colcon_core.package_identification:_identify(src/amr_gazebo) by extension 'ros'
[0.084s] DEBUG:colcon.colcon_core.package_identification:Package 'src/amr_gazebo' with type 'ros.ament_cmake' and name 'amr_gazebo'
[0.084s] Level 1:colcon.colcon_core.package_identification:_identify(src/amr_msgs) by extensions ['ignore', 'ignore_ament_install']
[0.084s] Level 1:colcon.colcon_core.package_identification:_identify(src/amr_msgs) by extension 'ignore'
[0.084s] Level 1:colcon.colcon_core.package_identification:_identify(src/amr_msgs) by extension 'ignore_ament_install'
[0.084s] Level 1:colcon.colcon_core.package_identification:_identify(src/amr_msgs) by extensions ['colcon_pkg']
[0.084s] Level 1:colcon.colcon_core.package_identification:_identify(src/amr_msgs) by extension 'colcon_pkg'
[0.084s] Level 1:colcon.colcon_core.package_identification:_identify(src/amr_msgs) by extensions ['colcon_meta']
[0.084s] Level 1:colcon.colcon_core.package_identification:_identify(src/amr_msgs) by extension 'colcon_meta'
[0.084s] Level 1:colcon.colcon_core.package_identification:_identify(src/amr_msgs) by extensions ['ros']
[0.084s] Level 1:colcon.colcon_core.package_identification:_identify(src/amr_msgs) by extension 'ros'
[0.084s] DEBUG:colcon.colcon_core.package_identification:Package 'src/amr_msgs' with type 'ros.ament_cmake' and name 'amr_msgs'
[0.084s] Level 1:colcon.colcon_core.package_identification:_identify(src/amr_nav) by extensions ['ignore', 'ignore_ament_install']
[0.084s] Level 1:colcon.colcon_core.package_identification:_identify(src/amr_nav) by extension 'ignore'
[0.084s] Level 1:colcon.colcon_core.package_identification:_identify(src/amr_nav) by extension 'ignore_ament_install'
[0.084s] Level 1:colcon.colcon_core.package_identification:_identify(src/amr_nav) by extensions ['colcon_pkg']
[0.084s] Level 1:colcon.colcon_core.package_identification:_identify(src/amr_nav) by extension 'colcon_pkg'
[0.085s] Level 1:colcon.colcon_core.package_identification:_identify(src/amr_nav) by extensions ['colcon_meta']
[0.085s] Level 1:colcon.colcon_core.package_identification:_identify(src/amr_nav) by extension 'colcon_meta'
[0.085s] Level 1:colcon.colcon_core.package_identification:_identify(src/amr_nav) by extensions ['ros']
[0.085s] Level 1:colcon.colcon_core.package_identification:_identify(src/amr_nav) by extension 'ros'
[0.085s] DEBUG:colcon.colcon_core.package_identification:Package 'src/amr_nav' with type 'ros.ament_cmake' and name 'amr_nav'
[0.085s] Level 1:colcon.colcon_core.package_discovery:discover_packages(recursive) using defaults
[0.085s] Level 1:colcon.colcon_core.package_discovery:discover_packages(ignore) discover
[0.085s] Level 1:colcon.colcon_core.package_discovery:discover_packages(ignore) using defaults
[0.085s] Level 1:colcon.colcon_core.package_discovery:discover_packages(path) discover
[0.085s] Level 1:colcon.colcon_core.package_discovery:discover_packages(path) using defaults
[0.099s] INFO:colcon.colcon_core.package_selection:Skipping not selected package 'amr_msgs' in 'src/amr_msgs'
[0.099s] INFO:colcon.colcon_core.package_selection:Skipping not selected package 'amr_coordination' in 'src/amr_coordination'
[0.099s] INFO:colcon.colcon_core.package_selection:Skipping not selected package 'amr_bringup' in 'src/amr_bringup'
[0.100s] Level 1:colcon.colcon_core.package_discovery:discover_packages(prefix_path) check parameters
[0.100s] Level 1:colcon.colcon_core.package_discovery:discover_packages(prefix_path) discover
[0.100s] DEBUG:colcon.colcon_installed_package_information.package_discovery:Found 5 installed packages in /home/neer/Desktop/SIH/ros2_ws/install
[0.101s] DEBUG:colcon.colcon_installed_package_information.package_discovery:Found 0 installed packages in /home/neer/ros2_ws/install
[0.101s] DEBUG:colcon.colcon_installed_package_information.package_discovery:Found 413 installed packages in /opt/ros/jazzy
[0.102s] Level 1:colcon.colcon_core.package_discovery:discover_packages(prefix_path) using defaults
[0.125s] WARNING:colcon.colcon_core.package_selection:Some selected packages are already built in one or more underlay workspaces:
	'amr_nav' is in: /home/neer/Desktop/SIH/ros2_ws/install/amr_nav
	'amr_gazebo' is in: /home/neer/Desktop/SIH/ros2_ws/install/amr_gazebo
If a package in a merged underlay workspace is overridden and it installs headers, then all packages in the overlay must sort their include directories by workspace order. Failure to do so may result in build failures or undefined behavior at run time.
If the overridden package is used by another package in any underlay, then the overriding package in the overlay must be API and ABI compatible or undefined behavior at run time may occur.

If you understand the risks and want to override a package anyways, add the following to the command line:
	--allow-overriding amr_gazebo amr_nav

This may be promoted to an error in a future release of colcon-override-check.
[0.125s] Level 5:colcon.colcon_core.verb:set package 'amr_gazebo' build argument 'cmake_args' from command line to 'None'
[0.125s] Level 5:colcon.colcon_core.verb:set package 'amr_gazebo' build argument 'cmake_target' from command line to 'None'
[0.125s] Level 5:colcon.colcon_core.verb:set package 'amr_gazebo' build argument 'cmake_target_skip_unavailable' from command line to 'False'
[0.125s] Level 5:colcon.colcon_core.verb:set package 'amr_gazebo' build argument 'cmake_clean_cache' from command line to 'False'
[0.125s] Level 5:colcon.colcon_core.verb:set package 'amr_gazebo' build argument 'cmake_clean_first' from command line to 'False'
[0.125s] Level 5:colcon.colcon_core.verb:set package 'amr_gazebo' build argument 'cmake_force_configure' from command line to 'False'
[0.125s] Level 5:colcon.colcon_core.verb:set package 'amr_gazebo' build argument 'ament_cmake_args' from command line to 'None'
[0.125s] Level 5:colcon.colcon_core.verb:set package 'amr_gazebo' build argument 'catkin_cmake_args' from command line to 'None'
[0.125s] Level 5:colcon.colcon_core.verb:set package 'amr_gazebo' build argument 'catkin_skip_building_tests' from command line to 'False'
[0.125s] DEBUG:colcon.colcon_core.verb:Building package 'amr_gazebo' with the following arguments: {'ament_cmake_args': None, 'build_base': '/home/neer/Desktop/SIH/ros2_ws/build/amr_gazebo', 'catkin_cmake_args': None, 'catkin_skip_building_tests': False, 'cmake_args': None, 'cmake_clean_cache': False, 'cmake_clean_first': False, 'cmake_force_configure': False, 'cmake_target': None, 'cmake_target_skip_unavailable': False, 'install_base': '/home/neer/Desktop/SIH/ros2_ws/install/amr_gazebo', 'merge_install': False, 'path': '/home/neer/Desktop/SIH/ros2_ws/src/amr_gazebo', 'symlink_install': False, 'test_result_base': None}
[0.125s] Level 5:colcon.colcon_core.verb:set package 'amr_nav' build argument 'cmake_args' from command line to 'None'
[0.125s] Level 5:colcon.colcon_core.verb:set package 'amr_nav' build argument 'cmake_target' from command line to 'None'
[0.125s] Level 5:colcon.colcon_core.verb:set package 'amr_nav' build argument 'cmake_target_skip_unavailable' from command line to 'False'
[0.125s] Level 5:colcon.colcon_core.verb:set package 'amr_nav' build argument 'cmake_clean_cache' from command line to 'False'
[0.125s] Level 5:colcon.colcon_core.verb:set package 'amr_nav' build argument 'cmake_clean_first' from command line to 'False'
[0.125s] Level 5:colcon.colcon_core.verb:set package 'amr_nav' build argument 'cmake_force_configure' from command line to 'False'
[0.125s] Level 5:colcon.colcon_core.verb:set package 'amr_nav' build argument 'ament_cmake_args' from command line to 'None'
[0.125s] Level 5:colcon.colcon_core.verb:set package 'amr_nav' build argument 'catkin_cmake_args' from command line to 'None'
[0.125s] Level 5:colcon.colcon_core.verb:set package 'amr_nav' build argument 'catkin_skip_building_tests' from command line to 'False'
[0.126s] DEBUG:colcon.colcon_core.verb:Building package 'amr_nav' with the following arguments: {'ament_cmake_args': None, 'build_base': '/home/neer/Desktop/SIH/ros2_ws/build/amr_nav', 'catkin_cmake_args': None, 'catkin_skip_building_tests': False, 'cmake_args': None, 'cmake_clean_cache': False, 'cmake_clean_first': False, 'cmake_force_configure': False, 'cmake_target': None, 'cmake_target_skip_unavailable': False, 'install_base': '/home/neer/Desktop/SIH/ros2_ws/install/amr_nav', 'merge_install': False, 'path': '/home/neer/Desktop/SIH/ros2_ws/src/amr_nav', 'symlink_install': False, 'test_result_base': None}
[0.126s] INFO:colcon.colcon_core.executor:Executing jobs using 'parallel' executor
[0.127s] DEBUG:colcon.colcon_parallel_executor.executor.parallel:run_until_complete
[0.127s] INFO:colcon.colcon_ros.task.ament_cmake.build:Building ROS package in '/home/neer/Desktop/SIH/ros2_ws/src/amr_gazebo' with build type 'ament_cmake'
[0.127s] INFO:colcon.colcon_cmake.task.cmake.build:Building CMake package in '/home/neer/Desktop/SIH/ros2_ws/src/amr_gazebo'
[0.128s] INFO:colcon.colcon_core.plugin_system:Skipping extension 'colcon_core.shell.bat': Not used on non-Windows systems
[0.128s] INFO:colcon.colcon_core.shell:Skip shell extension 'powershell' for command environment: Not usable outside of PowerShell
[0.128s] DEBUG:colcon.colcon_core.shell:Skip shell extension 'dsv' for command environment
[0.130s] INFO:colcon.colcon_ros.task.ament_cmake.build:Building ROS package in '/home/neer/Desktop/SIH/ros2_ws/src/amr_nav' with build type 'ament_cmake'
[0.130s] INFO:colcon.colcon_cmake.task.cmake.build:Building CMake package in '/home/neer/Desktop/SIH/ros2_ws/src/amr_nav'
[0.130s] INFO:colcon.colcon_core.shell:Skip shell extension 'powershell' for command environment: Not usable outside of PowerShell
[0.130s] DEBUG:colcon.colcon_core.shell:Skip shell extension 'dsv' for command environment
[0.134s] DEBUG:colcon.colcon_core.event_handler.log_command:Invoking command in '/home/neer/Desktop/SIH/ros2_ws/build/amr_gazebo': CMAKE_PREFIX_PATH=${CMAKE_PREFIX_PATH}:/home/neer/Desktop/SIH/ros2_ws/install/amr_coordination:/opt/ros/jazzy DEBUGINFOD_URLS=https://debuginfod.ubuntu.com /usr/bin/cmake /home/neer/Desktop/SIH/ros2_ws/src/amr_gazebo -DCMAKE_INSTALL_PREFIX=/home/neer/Desktop/SIH/ros2_ws/install/amr_gazebo
[0.136s] DEBUG:colcon.colcon_core.event_handler.log_command:Invoking command in '/home/neer/Desktop/SIH/ros2_ws/build/amr_nav': CMAKE_PREFIX_PATH=${CMAKE_PREFIX_PATH}:/home/neer/Desktop/SIH/ros2_ws/install/amr_coordination:/opt/ros/jazzy DEBUGINFOD_URLS=https://debuginfod.ubuntu.com /usr/bin/cmake /home/neer/Desktop/SIH/ros2_ws/src/amr_nav -DCMAKE_INSTALL_PREFIX=/home/neer/Desktop/SIH/ros2_ws/install/amr_nav
[0.321s] DEBUG:colcon.colcon_core.event_handler.log_command:Invoked command in '/home/neer/Desktop/SIH/ros2_ws/build/amr_nav' returned '0': CMAKE_PREFIX_PATH=${CMAKE_PREFIX_PATH}:/home/neer/Desktop/SIH/ros2_ws/install/amr_coordination:/opt/ros/jazzy DEBUGINFOD_URLS=https://debuginfod.ubuntu.com /usr/bin/cmake /home/neer/Desktop/SIH/ros2_ws/src/amr_nav -DCMAKE_INSTALL_PREFIX=/home/neer/Desktop/SIH/ros2_ws/install/amr_nav
[0.321s] DEBUG:colcon.colcon_core.event_handler.log_command:Invoking command in '/home/neer/Desktop/SIH/ros2_ws/build/amr_nav': CMAKE_PREFIX_PATH=${CMAKE_PREFIX_PATH}:/home/neer/Desktop/SIH/ros2_ws/install/amr_coordination:/opt/ros/jazzy DEBUGINFOD_URLS=https://debuginfod.ubuntu.com /usr/bin/cmake --build /home/neer/Desktop/SIH/ros2_ws/build/amr_nav -- -j28 -l28
[0.325s] DEBUG:colcon.colcon_core.event_handler.log_command:Invoked command in '/home/neer/Desktop/SIH/ros2_ws/build/amr_gazebo' returned '0': CMAKE_PREFIX_PATH=${CMAKE_PREFIX_PATH}:/home/neer/Desktop/SIH/ros2_ws/install/amr_coordination:/opt/ros/jazzy DEBUGINFOD_URLS=https://debuginfod.ubuntu.com /usr/bin/cmake /home/neer/Desktop/SIH/ros2_ws/src/amr_gazebo -DCMAKE_INSTALL_PREFIX=/home/neer/Desktop/SIH/ros2_ws/install/amr_gazebo
[0.326s] DEBUG:colcon.colcon_core.event_handler.log_command:Invoking command in '/home/neer/Desktop/SIH/ros2_ws/build/amr_gazebo': CMAKE_PREFIX_PATH=${CMAKE_PREFIX_PATH}:/home/neer/Desktop/SIH/ros2_ws/install/amr_coordination:/opt/ros/jazzy DEBUGINFOD_URLS=https://debuginfod.ubuntu.com /usr/bin/cmake --build /home/neer/Desktop/SIH/ros2_ws/build/amr_gazebo -- -j28 -l28
[0.345s] DEBUG:colcon.colcon_core.event_handler.log_command:Invoked command in '/home/neer/Desktop/SIH/ros2_ws/build/amr_nav' returned '0': CMAKE_PREFIX_PATH=${CMAKE_PREFIX_PATH}:/home/neer/Desktop/SIH/ros2_ws/install/amr_coordination:/opt/ros/jazzy DEBUGINFOD_URLS=https://debuginfod.ubuntu.com /usr/bin/cmake --build /home/neer/Desktop/SIH/ros2_ws/build/amr_nav -- -j28 -l28
[0.350s] DEBUG:colcon.colcon_core.event_handler.log_command:Invoking command in '/home/neer/Desktop/SIH/ros2_ws/build/amr_nav': CMAKE_PREFIX_PATH=${CMAKE_PREFIX_PATH}:/home/neer/Desktop/SIH/ros2_ws/install/amr_coordination:/opt/ros/jazzy DEBUGINFOD_URLS=https://debuginfod.ubuntu.com /usr/bin/cmake --install /home/neer/Desktop/SIH/ros2_ws/build/amr_nav
[0.351s] DEBUG:colcon.colcon_core.event_handler.log_command:Invoked command in '/home/neer/Desktop/SIH/ros2_ws/build/amr_gazebo' returned '0': CMAKE_PREFIX_PATH=${CMAKE_PREFIX_PATH}:/home/neer/Desktop/SIH/ros2_ws/install/amr_coordination:/opt/ros/jazzy DEBUGINFOD_URLS=https://debuginfod.ubuntu.com /usr/bin/cmake --build /home/neer/Desktop/SIH/ros2_ws/build/amr_gazebo -- -j28 -l28
[0.351s] DEBUG:colcon.colcon_core.event_handler.log_command:Invoking command in '/home/neer/Desktop/SIH/ros2_ws/build/amr_gazebo': CMAKE_PREFIX_PATH=${CMAKE_PREFIX_PATH}:/home/neer/Desktop/SIH/ros2_ws/install/amr_coordination:/opt/ros/jazzy DEBUGINFOD_URLS=https://debuginfod.ubuntu.com /usr/bin/cmake --install /home/neer/Desktop/SIH/ros2_ws/build/amr_gazebo
[0.364s] Level 1:colcon.colcon_core.environment:create_environment_scripts_only(amr_nav)
[0.364s] DEBUG:colcon.colcon_core.event_handler.log_command:Invoked command in '/home/neer/Desktop/SIH/ros2_ws/build/amr_nav' returned '0': CMAKE_PREFIX_PATH=${CMAKE_PREFIX_PATH}:/home/neer/Desktop/SIH/ros2_ws/install/amr_coordination:/opt/ros/jazzy DEBUGINFOD_URLS=https://debuginfod.ubuntu.com /usr/bin/cmake --install /home/neer/Desktop/SIH/ros2_ws/build/amr_nav
[0.365s] Level 1:colcon.colcon_core.environment:checking '/home/neer/Desktop/SIH/ros2_ws/install/amr_nav' for CMake module files
[0.366s] Level 1:colcon.colcon_core.environment:checking '/home/neer/Desktop/SIH/ros2_ws/install/amr_nav' for CMake config files
[0.366s] Level 1:colcon.colcon_core.shell:create_environment_hook('amr_nav', 'cmake_prefix_path')
[0.366s] INFO:colcon.colcon_core.shell:Creating environment hook '/home/neer/Desktop/SIH/ros2_ws/install/amr_nav/share/amr_nav/hook/cmake_prefix_path.ps1'
[0.366s] INFO:colcon.colcon_core.shell:Creating environment descriptor '/home/neer/Desktop/SIH/ros2_ws/install/amr_nav/share/amr_nav/hook/cmake_prefix_path.dsv'
[0.366s] INFO:colcon.colcon_core.shell:Creating environment hook '/home/neer/Desktop/SIH/ros2_ws/install/amr_nav/share/amr_nav/hook/cmake_prefix_path.sh'
[0.367s] Level 1:colcon.colcon_core.environment:checking '/home/neer/Desktop/SIH/ros2_ws/install/amr_nav/bin'
[0.367s] Level 1:colcon.colcon_core.environment:checking '/home/neer/Desktop/SIH/ros2_ws/install/amr_nav/lib/pkgconfig/amr_nav.pc'
[0.367s] Level 1:colcon.colcon_core.environment:checking '/home/neer/Desktop/SIH/ros2_ws/install/amr_nav/lib/python3.12/site-packages'
[0.367s] Level 1:colcon.colcon_core.environment:checking '/home/neer/Desktop/SIH/ros2_ws/install/amr_nav/bin'
[0.367s] INFO:colcon.colcon_core.shell:Creating package script '/home/neer/Desktop/SIH/ros2_ws/install/amr_nav/share/amr_nav/package.ps1'
[0.368s] INFO:colcon.colcon_core.shell:Creating package descriptor '/home/neer/Desktop/SIH/ros2_ws/install/amr_nav/share/amr_nav/package.dsv'
[0.368s] INFO:colcon.colcon_core.shell:Creating package script '/home/neer/Desktop/SIH/ros2_ws/install/amr_nav/share/amr_nav/package.sh'
[0.368s] INFO:colcon.colcon_core.shell:Creating package script '/home/neer/Desktop/SIH/ros2_ws/install/amr_nav/share/amr_nav/package.bash'
[0.369s] INFO:colcon.colcon_core.shell:Creating package script '/home/neer/Desktop/SIH/ros2_ws/install/amr_nav/share/amr_nav/package.zsh'
[0.369s] Level 1:colcon.colcon_core.environment:create_file_with_runtime_dependencies(/home/neer/Desktop/SIH/ros2_ws/install/amr_nav/share/colcon-core/packages/amr_nav)
[0.369s] Level 1:colcon.colcon_core.environment:create_environment_scripts_only(amr_nav)
[0.369s] Level 1:colcon.colcon_core.environment:checking '/home/neer/Desktop/SIH/ros2_ws/install/amr_nav' for CMake module files
[0.369s] Level 1:colcon.colcon_core.environment:checking '/home/neer/Desktop/SIH/ros2_ws/install/amr_nav' for CMake config files
[0.370s] Level 1:colcon.colcon_core.shell:create_environment_hook('amr_nav', 'cmake_prefix_path')
[0.370s] INFO:colcon.colcon_core.shell:Creating environment hook '/home/neer/Desktop/SIH/ros2_ws/install/amr_nav/share/amr_nav/hook/cmake_prefix_path.ps1'
[0.370s] INFO:colcon.colcon_core.shell:Creating environment descriptor '/home/neer/Desktop/SIH/ros2_ws/install/amr_nav/share/amr_nav/hook/cmake_prefix_path.dsv'
[0.370s] INFO:colcon.colcon_core.shell:Creating environment hook '/home/neer/Desktop/SIH/ros2_ws/install/amr_nav/share/amr_nav/hook/cmake_prefix_path.sh'
[0.370s] Level 1:colcon.colcon_core.environment:checking '/home/neer/Desktop/SIH/ros2_ws/install/amr_nav/bin'
[0.370s] Level 1:colcon.colcon_core.environment:checking '/home/neer/Desktop/SIH/ros2_ws/install/amr_nav/lib/pkgconfig/amr_nav.pc'
[0.370s] Level 1:colcon.colcon_core.environment:checking '/home/neer/Desktop/SIH/ros2_ws/install/amr_nav/lib/python3.12/site-packages'
[0.371s] Level 1:colcon.colcon_core.environment:checking '/home/neer/Desktop/SIH/ros2_ws/install/amr_nav/bin'
[0.371s] INFO:colcon.colcon_core.shell:Creating package script '/home/neer/Desktop/SIH/ros2_ws/install/amr_nav/share/amr_nav/package.ps1'
[0.371s] INFO:colcon.colcon_core.shell:Creating package descriptor '/home/neer/Desktop/SIH/ros2_ws/install/amr_nav/share/amr_nav/package.dsv'
[0.371s] INFO:colcon.colcon_core.shell:Creating package script '/home/neer/Desktop/SIH/ros2_ws/install/amr_nav/share/amr_nav/package.sh'
[0.371s] INFO:colcon.colcon_core.shell:Creating package script '/home/neer/Desktop/SIH/ros2_ws/install/amr_nav/share/amr_nav/package.bash'
[0.371s] INFO:colcon.colcon_core.shell:Creating package script '/home/neer/Desktop/SIH/ros2_ws/install/amr_nav/share/amr_nav/package.zsh'
[0.372s] Level 1:colcon.colcon_core.environment:create_file_with_runtime_dependencies(/home/neer/Desktop/SIH/ros2_ws/install/amr_nav/share/colcon-core/packages/amr_nav)
[0.372s] Level 1:colcon.colcon_core.environment:create_environment_scripts_only(amr_gazebo)
[0.373s] Level 1:colcon.colcon_core.environment:checking '/home/neer/Desktop/SIH/ros2_ws/install/amr_gazebo' for CMake module files
[0.373s] Level 1:colcon.colcon_core.environment:checking '/home/neer/Desktop/SIH/ros2_ws/install/amr_gazebo' for CMake config files
[0.373s] Level 1:colcon.colcon_core.shell:create_environment_hook('amr_gazebo', 'cmake_prefix_path')
[0.373s] INFO:colcon.colcon_core.shell:Creating environment hook '/home/neer/Desktop/SIH/ros2_ws/install/amr_gazebo/share/amr_gazebo/hook/cmake_prefix_path.ps1'
[0.373s] INFO:colcon.colcon_core.shell:Creating environment descriptor '/home/neer/Desktop/SIH/ros2_ws/install/amr_gazebo/share/amr_gazebo/hook/cmake_prefix_path.dsv'
[0.373s] INFO:colcon.colcon_core.shell:Creating environment hook '/home/neer/Desktop/SIH/ros2_ws/install/amr_gazebo/share/amr_gazebo/hook/cmake_prefix_path.sh'
[0.374s] Level 1:colcon.colcon_core.environment:checking '/home/neer/Desktop/SIH/ros2_ws/install/amr_gazebo/bin'
[0.374s] Level 1:colcon.colcon_core.environment:checking '/home/neer/Desktop/SIH/ros2_ws/install/amr_gazebo/lib/pkgconfig/amr_gazebo.pc'
[0.374s] Level 1:colcon.colcon_core.environment:checking '/home/neer/Desktop/SIH/ros2_ws/install/amr_gazebo/lib/python3.12/site-packages'
[0.374s] Level 1:colcon.colcon_core.environment:checking '/home/neer/Desktop/SIH/ros2_ws/install/amr_gazebo/bin'
[0.374s] INFO:colcon.colcon_core.shell:Creating package script '/home/neer/Desktop/SIH/ros2_ws/install/amr_gazebo/share/amr_gazebo/package.ps1'
[0.374s] INFO:colcon.colcon_core.shell:Creating package descriptor '/home/neer/Desktop/SIH/ros2_ws/install/amr_gazebo/share/amr_gazebo/package.dsv'
[0.374s] INFO:colcon.colcon_core.shell:Creating package script '/home/neer/Desktop/SIH/ros2_ws/install/amr_gazebo/share/amr_gazebo/package.sh'
[0.375s] INFO:colcon.colcon_core.shell:Creating package script '/home/neer/Desktop/SIH/ros2_ws/install/amr_gazebo/share/amr_gazebo/package.bash'
[0.375s] INFO:colcon.colcon_core.shell:Creating package script '/home/neer/Desktop/SIH/ros2_ws/install/amr_gazebo/share/amr_gazebo/package.zsh'
[0.375s] Level 1:colcon.colcon_core.environment:create_file_with_runtime_dependencies(/home/neer/Desktop/SIH/ros2_ws/install/amr_gazebo/share/colcon-core/packages/amr_gazebo)
[0.375s] Level 1:colcon.colcon_core.environment:create_environment_scripts_only(amr_gazebo)
[0.375s] Level 1:colcon.colcon_core.environment:checking '/home/neer/Desktop/SIH/ros2_ws/install/amr_gazebo' for CMake module files
[0.375s] Level 1:colcon.colcon_core.environment:checking '/home/neer/Desktop/SIH/ros2_ws/install/amr_gazebo' for CMake config files
[0.376s] DEBUG:colcon.colcon_core.event_handler.log_command:Invoked command in '/home/neer/Desktop/SIH/ros2_ws/build/amr_gazebo' returned '0': CMAKE_PREFIX_PATH=${CMAKE_PREFIX_PATH}:/home/neer/Desktop/SIH/ros2_ws/install/amr_coordination:/opt/ros/jazzy DEBUGINFOD_URLS=https://debuginfod.ubuntu.com /usr/bin/cmake --install /home/neer/Desktop/SIH/ros2_ws/build/amr_gazebo
[0.376s] Level 1:colcon.colcon_core.shell:create_environment_hook('amr_gazebo', 'cmake_prefix_path')
[0.376s] INFO:colcon.colcon_core.shell:Creating environment hook '/home/neer/Desktop/SIH/ros2_ws/install/amr_gazebo/share/amr_gazebo/hook/cmake_prefix_path.ps1'
[0.376s] INFO:colcon.colcon_core.shell:Creating environment descriptor '/home/neer/Desktop/SIH/ros2_ws/install/amr_gazebo/share/amr_gazebo/hook/cmake_prefix_path.dsv'
[0.376s] INFO:colcon.colcon_core.shell:Creating environment hook '/home/neer/Desktop/SIH/ros2_ws/install/amr_gazebo/share/amr_gazebo/hook/cmake_prefix_path.sh'
[0.376s] Level 1:colcon.colcon_core.environment:checking '/home/neer/Desktop/SIH/ros2_ws/install/amr_gazebo/bin'
[0.376s] Level 1:colcon.colcon_core.environment:checking '/home/neer/Desktop/SIH/ros2_ws/install/amr_gazebo/lib/pkgconfig/amr_gazebo.pc'
[0.376s] Level 1:colcon.colcon_core.environment:checking '/home/neer/Desktop/SIH/ros2_ws/install/amr_gazebo/lib/python3.12/site-packages'
[0.377s] Level 1:colcon.colcon_core.environment:checking '/home/neer/Desktop/SIH/ros2_ws/install/amr_gazebo/bin'
[0.377s] INFO:colcon.colcon_core.shell:Creating package script '/home/neer/Desktop/SIH/ros2_ws/install/amr_gazebo/share/amr_gazebo/package.ps1'
[0.377s] INFO:colcon.colcon_core.shell:Creating package descriptor '/home/neer/Desktop/SIH/ros2_ws/install/amr_gazebo/share/amr_gazebo/package.dsv'
[0.377s] INFO:colcon.colcon_core.shell:Creating package script '/home/neer/Desktop/SIH/ros2_ws/install/amr_gazebo/share/amr_gazebo/package.sh'
[0.377s] INFO:colcon.colcon_core.shell:Creating package script '/home/neer/Desktop/SIH/ros2_ws/install/amr_gazebo/share/amr_gazebo/package.bash'
[0.377s] INFO:colcon.colcon_core.shell:Creating package script '/home/neer/Desktop/SIH/ros2_ws/install/amr_gazebo/share/amr_gazebo/package.zsh'
[0.378s] Level 1:colcon.colcon_core.environment:create_file_with_runtime_dependencies(/home/neer/Desktop/SIH/ros2_ws/install/amr_gazebo/share/colcon-core/packages/amr_gazebo)
[0.378s] DEBUG:colcon.colcon_parallel_executor.executor.parallel:closing loop
[0.378s] DEBUG:colcon.colcon_parallel_executor.executor.parallel:loop closed
[0.378s] DEBUG:colcon.colcon_parallel_executor.executor.parallel:run_until_complete finished with '0'
[0.378s] DEBUG:colcon.colcon_core.event_reactor:joining thread
[0.381s] INFO:colcon.colcon_core.plugin_system:Skipping extension 'colcon_notification.desktop_notification.terminal_notifier': Not used on non-Darwin systems
[0.381s] INFO:colcon.colcon_core.plugin_system:Skipping extension 'colcon_notification.desktop_notification.win32': Not used on non-Windows systems
[0.381s] INFO:colcon.colcon_notification.desktop_notification:Sending desktop notification using 'notify2'
[0.385s] DEBUG:colcon.colcon_core.event_reactor:joined thread
[0.386s] INFO:colcon.colcon_core.shell:Creating prefix script '/home/neer/Desktop/SIH/ros2_ws/install/local_setup.ps1'
[0.386s] INFO:colcon.colcon_core.shell:Creating prefix util module '/home/neer/Desktop/SIH/ros2_ws/install/_local_setup_util_ps1.py'
[0.386s] INFO:colcon.colcon_core.shell:Creating prefix chain script '/home/neer/Desktop/SIH/ros2_ws/install/setup.ps1'
[0.387s] INFO:colcon.colcon_core.shell:Creating prefix script '/home/neer/Desktop/SIH/ros2_ws/install/local_setup.sh'
[0.387s] INFO:colcon.colcon_core.shell:Creating prefix util module '/home/neer/Desktop/SIH/ros2_ws/install/_local_setup_util_sh.py'
[0.388s] INFO:colcon.colcon_core.shell:Creating prefix chain script '/home/neer/Desktop/SIH/ros2_ws/install/setup.sh'
[0.388s] INFO:colcon.colcon_core.shell:Creating prefix script '/home/neer/Desktop/SIH/ros2_ws/install/local_setup.bash'
[0.388s] INFO:colcon.colcon_core.shell:Creating prefix chain script '/home/neer/Desktop/SIH/ros2_ws/install/setup.bash'
[0.389s] INFO:colcon.colcon_core.shell:Creating prefix script '/home/neer/Desktop/SIH/ros2_ws/install/local_setup.zsh'
[0.389s] INFO:colcon.colcon_core.shell:Creating prefix chain script '/home/neer/Desktop/SIH/ros2_ws/install/setup.zsh'
