running develop
Removing /home/neer/Desktop/SIH/ros2_ws/install/amr_coordination/lib/python3.12/site-packages/amr-coordination.egg-link (link to .)
running egg_info
writing ../../build/amr_coordination/amr_coordination.egg-info/PKG-INFO
writing dependency_links to ../../build/amr_coordination/amr_coordination.egg-info/dependency_links.txt
writing entry points to ../../build/amr_coordination/amr_coordination.egg-info/entry_points.txt
writing requirements to ../../build/amr_coordination/amr_coordination.egg-info/requires.txt
writing top-level names to ../../build/amr_coordination/amr_coordination.egg-info/top_level.txt
reading manifest file '../../build/amr_coordination/amr_coordination.egg-info/SOURCES.txt'
writing manifest file '../../build/amr_coordination/amr_coordination.egg-info/SOURCES.txt'
running build
running build_py
creating /home/neer/Desktop/SIH/ros2_ws/build/amr_coordination/build
creating /home/neer/Desktop/SIH/ros2_ws/build/amr_coordination/build/lib
creating /home/neer/Desktop/SIH/ros2_ws/build/amr_coordination/build/lib/amr_coordination
copying amr_coordination/choke_negotiator.py -> /home/neer/Desktop/SIH/ros2_ws/build/amr_coordination/build/lib/amr_coordination
copying amr_coordination/goal_sequencer.py -> /home/neer/Desktop/SIH/ros2_ws/build/amr_coordination/build/lib/amr_coordination
copying amr_coordination/conflict_detector.py -> /home/neer/Desktop/SIH/ros2_ws/build/amr_coordination/build/lib/amr_coordination
copying amr_coordination/path_sharer.py -> /home/neer/Desktop/SIH/ros2_ws/build/amr_coordination/build/lib/amr_coordination
copying amr_coordination/obstacle_relay.py -> /home/neer/Desktop/SIH/ros2_ws/build/amr_coordination/build/lib/amr_coordination
copying amr_coordination/goal_dispatcher.py -> /home/neer/Desktop/SIH/ros2_ws/build/amr_coordination/build/lib/amr_coordination
copying amr_coordination/__init__.py -> /home/neer/Desktop/SIH/ros2_ws/build/amr_coordination/build/lib/amr_coordination
copying amr_coordination/metrics_logger.py -> /home/neer/Desktop/SIH/ros2_ws/build/amr_coordination/build/lib/amr_coordination
running install
running install_lib
creating /home/neer/Desktop/SIH/ros2_ws/install/amr_coordination/lib/python3.12/site-packages/amr_coordination
copying /home/neer/Desktop/SIH/ros2_ws/build/amr_coordination/build/lib/amr_coordination/choke_negotiator.py -> /home/neer/Desktop/SIH/ros2_ws/install/amr_coordination/lib/python3.12/site-packages/amr_coordination
copying /home/neer/Desktop/SIH/ros2_ws/build/amr_coordination/build/lib/amr_coordination/goal_sequencer.py -> /home/neer/Desktop/SIH/ros2_ws/install/amr_coordination/lib/python3.12/site-packages/amr_coordination
copying /home/neer/Desktop/SIH/ros2_ws/build/amr_coordination/build/lib/amr_coordination/conflict_detector.py -> /home/neer/Desktop/SIH/ros2_ws/install/amr_coordination/lib/python3.12/site-packages/amr_coordination
copying /home/neer/Desktop/SIH/ros2_ws/build/amr_coordination/build/lib/amr_coordination/path_sharer.py -> /home/neer/Desktop/SIH/ros2_ws/install/amr_coordination/lib/python3.12/site-packages/amr_coordination
copying /home/neer/Desktop/SIH/ros2_ws/build/amr_coordination/build/lib/amr_coordination/obstacle_relay.py -> /home/neer/Desktop/SIH/ros2_ws/install/amr_coordination/lib/python3.12/site-packages/amr_coordination
copying /home/neer/Desktop/SIH/ros2_ws/build/amr_coordination/build/lib/amr_coordination/goal_dispatcher.py -> /home/neer/Desktop/SIH/ros2_ws/install/amr_coordination/lib/python3.12/site-packages/amr_coordination
copying /home/neer/Desktop/SIH/ros2_ws/build/amr_coordination/build/lib/amr_coordination/__init__.py -> /home/neer/Desktop/SIH/ros2_ws/install/amr_coordination/lib/python3.12/site-packages/amr_coordination
copying /home/neer/Desktop/SIH/ros2_ws/build/amr_coordination/build/lib/amr_coordination/metrics_logger.py -> /home/neer/Desktop/SIH/ros2_ws/install/amr_coordination/lib/python3.12/site-packages/amr_coordination
byte-compiling /home/neer/Desktop/SIH/ros2_ws/install/amr_coordination/lib/python3.12/site-packages/amr_coordination/choke_negotiator.py to choke_negotiator.cpython-312.pyc
byte-compiling /home/neer/Desktop/SIH/ros2_ws/install/amr_coordination/lib/python3.12/site-packages/amr_coordination/goal_sequencer.py to goal_sequencer.cpython-312.pyc
byte-compiling /home/neer/Desktop/SIH/ros2_ws/install/amr_coordination/lib/python3.12/site-packages/amr_coordination/conflict_detector.py to conflict_detector.cpython-312.pyc
byte-compiling /home/neer/Desktop/SIH/ros2_ws/install/amr_coordination/lib/python3.12/site-packages/amr_coordination/path_sharer.py to path_sharer.cpython-312.pyc
byte-compiling /home/neer/Desktop/SIH/ros2_ws/install/amr_coordination/lib/python3.12/site-packages/amr_coordination/obstacle_relay.py to obstacle_relay.cpython-312.pyc
byte-compiling /home/neer/Desktop/SIH/ros2_ws/install/amr_coordination/lib/python3.12/site-packages/amr_coordination/goal_dispatcher.py to goal_dispatcher.cpython-312.pyc
byte-compiling /home/neer/Desktop/SIH/ros2_ws/install/amr_coordination/lib/python3.12/site-packages/amr_coordination/__init__.py to __init__.cpython-312.pyc
byte-compiling /home/neer/Desktop/SIH/ros2_ws/install/amr_coordination/lib/python3.12/site-packages/amr_coordination/metrics_logger.py to metrics_logger.cpython-312.pyc
running install_data
copying resource/amr_coordination -> /home/neer/Desktop/SIH/ros2_ws/install/amr_coordination/share/ament_index/resource_index/packages
copying package.xml -> /home/neer/Desktop/SIH/ros2_ws/install/amr_coordination/share/amr_coordination
copying launch/baseline.launch.py -> /home/neer/Desktop/SIH/ros2_ws/install/amr_coordination/share/amr_coordination/launch
copying launch/coordination.launch.py -> /home/neer/Desktop/SIH/ros2_ws/install/amr_coordination/share/amr_coordination/launch
copying config/waypoints.yaml -> /home/neer/Desktop/SIH/ros2_ws/install/amr_coordination/share/amr_coordination/config
copying config/chokepoint.yaml -> /home/neer/Desktop/SIH/ros2_ws/install/amr_coordination/share/amr_coordination/config
running install_egg_info
Copying ../../build/amr_coordination/amr_coordination.egg-info to /home/neer/Desktop/SIH/ros2_ws/install/amr_coordination/lib/python3.12/site-packages/amr_coordination-0.1.0-py3.12.egg-info
running install_scripts
Installing choke_negotiator script to /home/neer/Desktop/SIH/ros2_ws/install/amr_coordination/lib/amr_coordination
Installing conflict_detector script to /home/neer/Desktop/SIH/ros2_ws/install/amr_coordination/lib/amr_coordination
Installing goal_dispatcher script to /home/neer/Desktop/SIH/ros2_ws/install/amr_coordination/lib/amr_coordination
Installing goal_sequencer script to /home/neer/Desktop/SIH/ros2_ws/install/amr_coordination/lib/amr_coordination
Installing metrics_logger script to /home/neer/Desktop/SIH/ros2_ws/install/amr_coordination/lib/amr_coordination
Installing obstacle_relay script to /home/neer/Desktop/SIH/ros2_ws/install/amr_coordination/lib/amr_coordination
Installing path_sharer script to /home/neer/Desktop/SIH/ros2_ws/install/amr_coordination/lib/amr_coordination
writing list of installed files to '/home/neer/Desktop/SIH/ros2_ws/build/amr_coordination/install.log'
