[0.397s] Invoking command in '/home/neer/Desktop/SIH/ros2_ws/build/amr_coordination': CMAKE_PREFIX_PATH=/home/neer/Desktop/SIH/ros2_ws/install/amr_msgs:/home/neer/Desktop/SIH/ros2_ws/install/amr_bringup:/home/neer/Desktop/SIH/ros2_ws/install/amr_nav:/home/neer/Desktop/SIH/ros2_ws/install/amr_gazebo:/opt/ros/jazzy/opt/gz_sim_vendor:/opt/ros/jazzy/opt/gz_sensors_vendor:/opt/ros/jazzy/opt/gz_physics_vendor:/opt/ros/jazzy/opt/sdformat_vendor:/opt/ros/jazzy/opt/gz_gui_vendor:/opt/ros/jazzy/opt/gz_transport_vendor:/opt/ros/jazzy/opt/gz_rendering_vendor:/opt/ros/jazzy/opt/gz_plugin_vendor:/opt/ros/jazzy/opt/gz_fuel_tools_vendor:/opt/ros/jazzy/opt/gz_msgs_vendor:/opt/ros/jazzy/opt/gz_common_vendor:/opt/ros/jazzy/opt/gz_math_vendor:/opt/ros/jazzy/opt/gz_utils_vendor:/opt/ros/jazzy/opt/gz_tools_vendor:/opt/ros/jazzy/opt/gz_ogre_next_vendor:/opt/ros/jazzy/opt/gz_dartsim_vendor:/opt/ros/jazzy/opt/gz_cmake_vendor DEBUGINFOD_URLS=https://debuginfod.ubuntu.com PYTHONPATH=/home/neer/Desktop/SIH/ros2_ws/build/amr_coordination/prefix_override:/usr/lib/python3/dist-packages/colcon_core/task/python/colcon_distutils_commands:/home/neer/Desktop/SIH/ros2_ws/install/amr_coordination/lib/python3.12/site-packages:/home/neer/Desktop/SIH/ros2_ws/install/amr_msgs/lib/python3.12/site-packages:/home/neer/Desktop/SIH/ros2_ws/build/amr_coordination:/home/neer/Desktop/SIH/ros2_ws/install/amr_coordination/lib/python3.12/site-packages:/opt/ros/jazzy/lib/python3.12/site-packages /usr/bin/python3 -W ignore:setup.py install is deprecated -W ignore:easy_install command is deprecated setup.py develop --uninstall --editable --build-directory /home/neer/Desktop/SIH/ros2_ws/build/amr_coordination/build
[0.539s] running develop
[0.633s] Removing /home/neer/Desktop/SIH/ros2_ws/install/amr_coordination/lib/python3.12/site-packages/amr-coordination.egg-link (link to .)
[0.647s] Invoked command in '/home/neer/Desktop/SIH/ros2_ws/build/amr_coordination' returned '0': CMAKE_PREFIX_PATH=/home/neer/Desktop/SIH/ros2_ws/install/amr_msgs:/home/neer/Desktop/SIH/ros2_ws/install/amr_bringup:/home/neer/Desktop/SIH/ros2_ws/install/amr_nav:/home/neer/Desktop/SIH/ros2_ws/install/amr_gazebo:/opt/ros/jazzy/opt/gz_sim_vendor:/opt/ros/jazzy/opt/gz_sensors_vendor:/opt/ros/jazzy/opt/gz_physics_vendor:/opt/ros/jazzy/opt/sdformat_vendor:/opt/ros/jazzy/opt/gz_gui_vendor:/opt/ros/jazzy/opt/gz_transport_vendor:/opt/ros/jazzy/opt/gz_rendering_vendor:/opt/ros/jazzy/opt/gz_plugin_vendor:/opt/ros/jazzy/opt/gz_fuel_tools_vendor:/opt/ros/jazzy/opt/gz_msgs_vendor:/opt/ros/jazzy/opt/gz_common_vendor:/opt/ros/jazzy/opt/gz_math_vendor:/opt/ros/jazzy/opt/gz_utils_vendor:/opt/ros/jazzy/opt/gz_tools_vendor:/opt/ros/jazzy/opt/gz_ogre_next_vendor:/opt/ros/jazzy/opt/gz_dartsim_vendor:/opt/ros/jazzy/opt/gz_cmake_vendor DEBUGINFOD_URLS=https://debuginfod.ubuntu.com PYTHONPATH=/home/neer/Desktop/SIH/ros2_ws/build/amr_coordination/prefix_override:/usr/lib/python3/dist-packages/colcon_core/task/python/colcon_distutils_commands:/home/neer/Desktop/SIH/ros2_ws/install/amr_coordination/lib/python3.12/site-packages:/home/neer/Desktop/SIH/ros2_ws/install/amr_msgs/lib/python3.12/site-packages:/home/neer/Desktop/SIH/ros2_ws/build/amr_coordination:/home/neer/Desktop/SIH/ros2_ws/install/amr_coordination/lib/python3.12/site-packages:/opt/ros/jazzy/lib/python3.12/site-packages /usr/bin/python3 -W ignore:setup.py install is deprecated -W ignore:easy_install command is deprecated setup.py develop --uninstall --editable --build-directory /home/neer/Desktop/SIH/ros2_ws/build/amr_coordination/build
[0.649s] Invoking command in '/home/neer/Desktop/SIH/ros2_ws/src/amr_coordination': CMAKE_PREFIX_PATH=/home/neer/Desktop/SIH/ros2_ws/install/amr_msgs:/home/neer/Desktop/SIH/ros2_ws/install/amr_bringup:/home/neer/Desktop/SIH/ros2_ws/install/amr_nav:/home/neer/Desktop/SIH/ros2_ws/install/amr_gazebo:/opt/ros/jazzy/opt/gz_sim_vendor:/opt/ros/jazzy/opt/gz_sensors_vendor:/opt/ros/jazzy/opt/gz_physics_vendor:/opt/ros/jazzy/opt/sdformat_vendor:/opt/ros/jazzy/opt/gz_gui_vendor:/opt/ros/jazzy/opt/gz_transport_vendor:/opt/ros/jazzy/opt/gz_rendering_vendor:/opt/ros/jazzy/opt/gz_plugin_vendor:/opt/ros/jazzy/opt/gz_fuel_tools_vendor:/opt/ros/jazzy/opt/gz_msgs_vendor:/opt/ros/jazzy/opt/gz_common_vendor:/opt/ros/jazzy/opt/gz_math_vendor:/opt/ros/jazzy/opt/gz_utils_vendor:/opt/ros/jazzy/opt/gz_tools_vendor:/opt/ros/jazzy/opt/gz_ogre_next_vendor:/opt/ros/jazzy/opt/gz_dartsim_vendor:/opt/ros/jazzy/opt/gz_cmake_vendor DEBUGINFOD_URLS=https://debuginfod.ubuntu.com PYTHONPATH=/home/neer/Desktop/SIH/ros2_ws/build/amr_coordination/prefix_override:/usr/lib/python3/dist-packages/colcon_core/task/python/colcon_distutils_commands:/home/neer/Desktop/SIH/ros2_ws/install/amr_coordination/lib/python3.12/site-packages:/home/neer/Desktop/SIH/ros2_ws/install/amr_msgs/lib/python3.12/site-packages:/home/neer/Desktop/SIH/ros2_ws/build/amr_coordination:/home/neer/Desktop/SIH/ros2_ws/install/amr_coordination/lib/python3.12/site-packages:/opt/ros/jazzy/lib/python3.12/site-packages /usr/bin/python3 -W ignore:setup.py install is deprecated -W ignore:easy_install command is deprecated setup.py egg_info --egg-base ../../build/amr_coordination build --build-base /home/neer/Desktop/SIH/ros2_ws/build/amr_coordination/build install --record /home/neer/Desktop/SIH/ros2_ws/build/amr_coordination/install.log --install-scripts $base/lib/amr_coordination --single-version-externally-managed install_data --force
[0.774s] running egg_info
[0.784s] writing ../../build/amr_coordination/amr_coordination.egg-info/PKG-INFO
[0.784s] writing dependency_links to ../../build/amr_coordination/amr_coordination.egg-info/dependency_links.txt
[0.784s] writing entry points to ../../build/amr_coordination/amr_coordination.egg-info/entry_points.txt
[0.785s] writing requirements to ../../build/amr_coordination/amr_coordination.egg-info/requires.txt
[0.785s] writing top-level names to ../../build/amr_coordination/amr_coordination.egg-info/top_level.txt
[0.805s] reading manifest file '../../build/amr_coordination/amr_coordination.egg-info/SOURCES.txt'
[0.805s] writing manifest file '../../build/amr_coordination/amr_coordination.egg-info/SOURCES.txt'
[0.805s] running build
[0.805s] running build_py
[0.805s] creating /home/neer/Desktop/SIH/ros2_ws/build/amr_coordination/build
[0.805s] creating /home/neer/Desktop/SIH/ros2_ws/build/amr_coordination/build/lib
[0.806s] creating /home/neer/Desktop/SIH/ros2_ws/build/amr_coordination/build/lib/amr_coordination
[0.806s] copying amr_coordination/choke_negotiator.py -> /home/neer/Desktop/SIH/ros2_ws/build/amr_coordination/build/lib/amr_coordination
[0.806s] copying amr_coordination/goal_sequencer.py -> /home/neer/Desktop/SIH/ros2_ws/build/amr_coordination/build/lib/amr_coordination
[0.806s] copying amr_coordination/conflict_detector.py -> /home/neer/Desktop/SIH/ros2_ws/build/amr_coordination/build/lib/amr_coordination
[0.806s] copying amr_coordination/path_sharer.py -> /home/neer/Desktop/SIH/ros2_ws/build/amr_coordination/build/lib/amr_coordination
[0.806s] copying amr_coordination/obstacle_relay.py -> /home/neer/Desktop/SIH/ros2_ws/build/amr_coordination/build/lib/amr_coordination
[0.806s] copying amr_coordination/goal_dispatcher.py -> /home/neer/Desktop/SIH/ros2_ws/build/amr_coordination/build/lib/amr_coordination
[0.806s] copying amr_coordination/__init__.py -> /home/neer/Desktop/SIH/ros2_ws/build/amr_coordination/build/lib/amr_coordination
[0.807s] copying amr_coordination/metrics_logger.py -> /home/neer/Desktop/SIH/ros2_ws/build/amr_coordination/build/lib/amr_coordination
[0.807s] running install
[0.809s] running install_lib
[0.818s] creating /home/neer/Desktop/SIH/ros2_ws/install/amr_coordination/lib/python3.12/site-packages/amr_coordination
[0.818s] copying /home/neer/Desktop/SIH/ros2_ws/build/amr_coordination/build/lib/amr_coordination/choke_negotiator.py -> /home/neer/Desktop/SIH/ros2_ws/install/amr_coordination/lib/python3.12/site-packages/amr_coordination
[0.819s] copying /home/neer/Desktop/SIH/ros2_ws/build/amr_coordination/build/lib/amr_coordination/goal_sequencer.py -> /home/neer/Desktop/SIH/ros2_ws/install/amr_coordination/lib/python3.12/site-packages/amr_coordination
[0.819s] copying /home/neer/Desktop/SIH/ros2_ws/build/amr_coordination/build/lib/amr_coordination/conflict_detector.py -> /home/neer/Desktop/SIH/ros2_ws/install/amr_coordination/lib/python3.12/site-packages/amr_coordination
[0.819s] copying /home/neer/Desktop/SIH/ros2_ws/build/amr_coordination/build/lib/amr_coordination/path_sharer.py -> /home/neer/Desktop/SIH/ros2_ws/install/amr_coordination/lib/python3.12/site-packages/amr_coordination
[0.819s] copying /home/neer/Desktop/SIH/ros2_ws/build/amr_coordination/build/lib/amr_coordination/obstacle_relay.py -> /home/neer/Desktop/SIH/ros2_ws/install/amr_coordination/lib/python3.12/site-packages/amr_coordination
[0.819s] copying /home/neer/Desktop/SIH/ros2_ws/build/amr_coordination/build/lib/amr_coordination/goal_dispatcher.py -> /home/neer/Desktop/SIH/ros2_ws/install/amr_coordination/lib/python3.12/site-packages/amr_coordination
[0.819s] copying /home/neer/Desktop/SIH/ros2_ws/build/amr_coordination/build/lib/amr_coordination/__init__.py -> /home/neer/Desktop/SIH/ros2_ws/install/amr_coordination/lib/python3.12/site-packages/amr_coordination
[0.819s] copying /home/neer/Desktop/SIH/ros2_ws/build/amr_coordination/build/lib/amr_coordination/metrics_logger.py -> /home/neer/Desktop/SIH/ros2_ws/install/amr_coordination/lib/python3.12/site-packages/amr_coordination
[0.819s] byte-compiling /home/neer/Desktop/SIH/ros2_ws/install/amr_coordination/lib/python3.12/site-packages/amr_coordination/choke_negotiator.py to choke_negotiator.cpython-312.pyc
[0.821s] byte-compiling /home/neer/Desktop/SIH/ros2_ws/install/amr_coordination/lib/python3.12/site-packages/amr_coordination/goal_sequencer.py to goal_sequencer.cpython-312.pyc
[0.822s] byte-compiling /home/neer/Desktop/SIH/ros2_ws/install/amr_coordination/lib/python3.12/site-packages/amr_coordination/conflict_detector.py to conflict_detector.cpython-312.pyc
[0.823s] byte-compiling /home/neer/Desktop/SIH/ros2_ws/install/amr_coordination/lib/python3.12/site-packages/amr_coordination/path_sharer.py to path_sharer.cpython-312.pyc
[0.823s] byte-compiling /home/neer/Desktop/SIH/ros2_ws/install/amr_coordination/lib/python3.12/site-packages/amr_coordination/obstacle_relay.py to obstacle_relay.cpython-312.pyc
[0.825s] byte-compiling /home/neer/Desktop/SIH/ros2_ws/install/amr_coordination/lib/python3.12/site-packages/amr_coordination/goal_dispatcher.py to goal_dispatcher.cpython-312.pyc
[0.826s] byte-compiling /home/neer/Desktop/SIH/ros2_ws/install/amr_coordination/lib/python3.12/site-packages/amr_coordination/__init__.py to __init__.cpython-312.pyc
[0.826s] byte-compiling /home/neer/Desktop/SIH/ros2_ws/install/amr_coordination/lib/python3.12/site-packages/amr_coordination/metrics_logger.py to metrics_logger.cpython-312.pyc
[0.827s] running install_data
[0.827s] copying resource/amr_coordination -> /home/neer/Desktop/SIH/ros2_ws/install/amr_coordination/share/ament_index/resource_index/packages
[0.827s] copying package.xml -> /home/neer/Desktop/SIH/ros2_ws/install/amr_coordination/share/amr_coordination
[0.827s] copying launch/baseline.launch.py -> /home/neer/Desktop/SIH/ros2_ws/install/amr_coordination/share/amr_coordination/launch
[0.827s] copying launch/coordination.launch.py -> /home/neer/Desktop/SIH/ros2_ws/install/amr_coordination/share/amr_coordination/launch
[0.827s] copying config/waypoints.yaml -> /home/neer/Desktop/SIH/ros2_ws/install/amr_coordination/share/amr_coordination/config
[0.827s] copying config/chokepoint.yaml -> /home/neer/Desktop/SIH/ros2_ws/install/amr_coordination/share/amr_coordination/config
[0.827s] running install_egg_info
[0.837s] Copying ../../build/amr_coordination/amr_coordination.egg-info to /home/neer/Desktop/SIH/ros2_ws/install/amr_coordination/lib/python3.12/site-packages/amr_coordination-0.1.0-py3.12.egg-info
[0.839s] running install_scripts
[0.903s] Installing choke_negotiator script to /home/neer/Desktop/SIH/ros2_ws/install/amr_coordination/lib/amr_coordination
[0.903s] Installing conflict_detector script to /home/neer/Desktop/SIH/ros2_ws/install/amr_coordination/lib/amr_coordination
[0.903s] Installing goal_dispatcher script to /home/neer/Desktop/SIH/ros2_ws/install/amr_coordination/lib/amr_coordination
[0.903s] Installing goal_sequencer script to /home/neer/Desktop/SIH/ros2_ws/install/amr_coordination/lib/amr_coordination
[0.903s] Installing metrics_logger script to /home/neer/Desktop/SIH/ros2_ws/install/amr_coordination/lib/amr_coordination
[0.903s] Installing obstacle_relay script to /home/neer/Desktop/SIH/ros2_ws/install/amr_coordination/lib/amr_coordination
[0.903s] Installing path_sharer script to /home/neer/Desktop/SIH/ros2_ws/install/amr_coordination/lib/amr_coordination
[0.903s] writing list of installed files to '/home/neer/Desktop/SIH/ros2_ws/build/amr_coordination/install.log'
[0.917s] Invoked command in '/home/neer/Desktop/SIH/ros2_ws/src/amr_coordination' returned '0': CMAKE_PREFIX_PATH=/home/neer/Desktop/SIH/ros2_ws/install/amr_msgs:/home/neer/Desktop/SIH/ros2_ws/install/amr_bringup:/home/neer/Desktop/SIH/ros2_ws/install/amr_nav:/home/neer/Desktop/SIH/ros2_ws/install/amr_gazebo:/opt/ros/jazzy/opt/gz_sim_vendor:/opt/ros/jazzy/opt/gz_sensors_vendor:/opt/ros/jazzy/opt/gz_physics_vendor:/opt/ros/jazzy/opt/sdformat_vendor:/opt/ros/jazzy/opt/gz_gui_vendor:/opt/ros/jazzy/opt/gz_transport_vendor:/opt/ros/jazzy/opt/gz_rendering_vendor:/opt/ros/jazzy/opt/gz_plugin_vendor:/opt/ros/jazzy/opt/gz_fuel_tools_vendor:/opt/ros/jazzy/opt/gz_msgs_vendor:/opt/ros/jazzy/opt/gz_common_vendor:/opt/ros/jazzy/opt/gz_math_vendor:/opt/ros/jazzy/opt/gz_utils_vendor:/opt/ros/jazzy/opt/gz_tools_vendor:/opt/ros/jazzy/opt/gz_ogre_next_vendor:/opt/ros/jazzy/opt/gz_dartsim_vendor:/opt/ros/jazzy/opt/gz_cmake_vendor DEBUGINFOD_URLS=https://debuginfod.ubuntu.com PYTHONPATH=/home/neer/Desktop/SIH/ros2_ws/build/amr_coordination/prefix_override:/usr/lib/python3/dist-packages/colcon_core/task/python/colcon_distutils_commands:/home/neer/Desktop/SIH/ros2_ws/install/amr_coordination/lib/python3.12/site-packages:/home/neer/Desktop/SIH/ros2_ws/install/amr_msgs/lib/python3.12/site-packages:/home/neer/Desktop/SIH/ros2_ws/build/amr_coordination:/home/neer/Desktop/SIH/ros2_ws/install/amr_coordination/lib/python3.12/site-packages:/opt/ros/jazzy/lib/python3.12/site-packages /usr/bin/python3 -W ignore:setup.py install is deprecated -W ignore:easy_install command is deprecated setup.py egg_info --egg-base ../../build/amr_coordination build --build-base /home/neer/Desktop/SIH/ros2_ws/build/amr_coordination/build install --record /home/neer/Desktop/SIH/ros2_ws/build/amr_coordination/install.log --install-scripts $base/lib/amr_coordination --single-version-externally-managed install_data --force
