-- The C compiler identification is GNU 13.3.0
-- The CXX compiler identification is GNU 13.3.0
-- Detecting C compiler ABI info
-- Detecting C compiler ABI info - done
-- Check for working C compiler: /usr/bin/cc - skipped
-- Detecting C compile features
-- Detecting C compile features - done
-- Detecting CXX compiler ABI info
-- Detecting CXX compiler ABI info - done
-- Check for working CXX compiler: /usr/bin/c++ - skipped
-- Detecting CXX compile features
-- Detecting CXX compile features - done
-- Found ament_cmake: 2.5.6 (/opt/ros/jazzy/share/ament_cmake/cmake)
-- Found Python3: /usr/bin/python3 (found version "3.12.3") found components: Interpreter 
-- Override CMake install command with custom implementation using symlinks instead of copying resources
-- Found rosidl_default_generators: 1.6.1 (/opt/ros/jazzy/share/rosidl_default_generators/cmake)
-- Using all available rosidl_typesupport_c: rosidl_typesupport_fastrtps_c;rosidl_typesupport_introspection_c
-- Using all available rosidl_typesupport_cpp: rosidl_typesupport_fastrtps_cpp;rosidl_typesupport_introspection_cpp
-- Found rosidl_adapter: 4.6.9 (/opt/ros/jazzy/share/rosidl_adapter/cmake)
-- Found builtin_interfaces: 2.0.4 (/opt/ros/jazzy/share/builtin_interfaces/cmake)
-- Found geometry_msgs: 5.3.8 (/opt/ros/jazzy/share/geometry_msgs/cmake)
-- Found nav_msgs: 5.3.8 (/opt/ros/jazzy/share/nav_msgs/cmake)
-- Found ament_cmake_ros: 0.12.1 (/opt/ros/jazzy/share/ament_cmake_ros/cmake)
-- Using all available rosidl_typesupport_c: rosidl_typesupport_fastrtps_c;rosidl_typesupport_introspection_c
-- Using all available rosidl_typesupport_cpp: rosidl_typesupport_fastrtps_cpp;rosidl_typesupport_introspection_cpp
-- Found python_cmake_module: 0.11.1 (/opt/ros/jazzy/share/python_cmake_module/cmake)
-- Found PythonExtra: /usr/bin/python3  
-- Found Python3: /usr/bin/python3 (found version "3.12.3") found components: Interpreter Development NumPy Development.Module Development.Embed 
-- Found Python3: /usr/bin/python3 (found version "3.12.3") found components: Interpreter 
-- Configuring done (3.5s)
-- Generating done (0.0s)
-- Build files have been written to: /home/neer/Desktop/SIH/ros2_ws/build/amr_msgs
[  1%] [34m[1mGenerating type hashes for ROS interfaces[0m
[  3%] [34m[1mGenerating Rust code for ROS interfaces[0m
[  3%] Built target ament_cmake_python_symlink_amr_msgs
running egg_info
creating amr_msgs.egg-info
writing amr_msgs.egg-info/PKG-INFO
writing dependency_links to amr_msgs.egg-info/dependency_links.txt
writing top-level names to amr_msgs.egg-info/top_level.txt
writing manifest file 'amr_msgs.egg-info/SOURCES.txt'
[  3%] Built target amr_msgs__rosidl_generator_type_description
[  5%] [34m[1mGenerating C code for ROS interfaces[0m
[  5%] Built target amr_msgs__rs
[  7%] [34m[1mGenerating C++ code for ROS interfaces[0m
reading manifest file 'amr_msgs.egg-info/SOURCES.txt'
writing manifest file 'amr_msgs.egg-info/SOURCES.txt'
[  7%] Built target ament_cmake_python_build_amr_msgs_egg
[  7%] Built target amr_msgs__cpp
[  9%] [32mBuilding C object CMakeFiles/amr_msgs__rosidl_generator_c.dir/rosidl_generator_c/amr_msgs/msg/detail/choke_request__description.c.o[0m
[ 10%] [32mBuilding C object CMakeFiles/amr_msgs__rosidl_generator_c.dir/rosidl_generator_c/amr_msgs/msg/detail/choke_request__functions.c.o[0m
[ 12%] [32mBuilding C object CMakeFiles/amr_msgs__rosidl_generator_c.dir/rosidl_generator_c/amr_msgs/msg/detail/choke_request__type_support.c.o[0m
[ 14%] [32mBuilding C object CMakeFiles/amr_msgs__rosidl_generator_c.dir/rosidl_generator_c/amr_msgs/msg/detail/robot_plan__description.c.o[0m
[ 18%] [32mBuilding C object CMakeFiles/amr_msgs__rosidl_generator_c.dir/rosidl_generator_c/amr_msgs/msg/detail/robot_plan__functions.c.o[0m
[ 16%] [32mBuilding C object CMakeFiles/amr_msgs__rosidl_generator_c.dir/rosidl_generator_c/amr_msgs/msg/detail/robot_plan__type_support.c.o[0m
[ 20%] [32mBuilding C object CMakeFiles/amr_msgs__rosidl_generator_c.dir/rosidl_generator_c/amr_msgs/msg/detail/detected_obstacle__description.c.o[0m
[ 23%] [32mBuilding C object CMakeFiles/amr_msgs__rosidl_generator_c.dir/rosidl_generator_c/amr_msgs/msg/detail/detected_obstacle__type_support.c.o[0m
[ 23%] [32mBuilding C object CMakeFiles/amr_msgs__rosidl_generator_c.dir/rosidl_generator_c/amr_msgs/msg/detail/detected_obstacle__functions.c.o[0m
[ 25%] [32m[1mLinking C shared library libamr_msgs__rosidl_generator_c.so[0m
[ 25%] Built target amr_msgs__rosidl_generator_c
[ 27%] [34m[1mGenerating C introspection for ROS interfaces[0m
[ 32%] [34m[1mGenerating C++ type support for eProsima Fast-RTPS[0m
[ 32%] [34m[1mGenerating C type support dispatch for ROS interfaces[0m
[ 32%] [34m[1mGenerating C type support for eProsima Fast-RTPS[0m
[ 34%] [34m[1mGenerating C++ introspection for ROS interfaces[0m
[ 36%] [34m[1mGenerating C++ type support dispatch for ROS interfaces[0m
[ 38%] [32mBuilding CXX object CMakeFiles/amr_msgs__rosidl_typesupport_cpp.dir/rosidl_typesupport_cpp/amr_msgs/msg/detected_obstacle__type_support.cpp.o[0m
[ 40%] [32mBuilding CXX object CMakeFiles/amr_msgs__rosidl_typesupport_c.dir/rosidl_typesupport_c/amr_msgs/msg/robot_plan__type_support.cpp.o[0m
[ 41%] [32mBuilding CXX object CMakeFiles/amr_msgs__rosidl_typesupport_cpp.dir/rosidl_typesupport_cpp/amr_msgs/msg/robot_plan__type_support.cpp.o[0m
[ 43%] [32mBuilding CXX object CMakeFiles/amr_msgs__rosidl_typesupport_cpp.dir/rosidl_typesupport_cpp/amr_msgs/msg/choke_request__type_support.cpp.o[0m
[ 47%] [32mBuilding CXX object CMakeFiles/amr_msgs__rosidl_typesupport_c.dir/rosidl_typesupport_c/amr_msgs/msg/choke_request__type_support.cpp.o[0m
[ 47%] [32mBuilding CXX object CMakeFiles/amr_msgs__rosidl_typesupport_c.dir/rosidl_typesupport_c/amr_msgs/msg/detected_obstacle__type_support.cpp.o[0m
[ 50%] [32mBuilding C object CMakeFiles/amr_msgs__rosidl_typesupport_introspection_c.dir/rosidl_typesupport_introspection_c/amr_msgs/msg/detail/detected_obstacle__type_support.c.o[0m
[ 50%] [32mBuilding C object CMakeFiles/amr_msgs__rosidl_typesupport_introspection_c.dir/rosidl_typesupport_introspection_c/amr_msgs/msg/detail/choke_request__type_support.c.o[0m
[ 52%] [32mBuilding C object CMakeFiles/amr_msgs__rosidl_typesupport_introspection_c.dir/rosidl_typesupport_introspection_c/amr_msgs/msg/detail/robot_plan__type_support.c.o[0m
[ 54%] [32mBuilding CXX object CMakeFiles/amr_msgs__rosidl_typesupport_introspection_cpp.dir/rosidl_typesupport_introspection_cpp/amr_msgs/msg/detail/choke_request__type_support.cpp.o[0m
[ 58%] [32mBuilding CXX object CMakeFiles/amr_msgs__rosidl_typesupport_introspection_cpp.dir/rosidl_typesupport_introspection_cpp/amr_msgs/msg/detail/robot_plan__type_support.cpp.o[0m
[ 58%] [32mBuilding CXX object CMakeFiles/amr_msgs__rosidl_typesupport_introspection_cpp.dir/rosidl_typesupport_introspection_cpp/amr_msgs/msg/detail/detected_obstacle__type_support.cpp.o[0m
[ 61%] [32mBuilding CXX object CMakeFiles/amr_msgs__rosidl_typesupport_fastrtps_cpp.dir/rosidl_typesupport_fastrtps_cpp/amr_msgs/msg/detail/dds_fastrtps/detected_obstacle__type_support.cpp.o[0m
[ 61%] [32mBuilding CXX object CMakeFiles/amr_msgs__rosidl_typesupport_fastrtps_cpp.dir/rosidl_typesupport_fastrtps_cpp/amr_msgs/msg/detail/dds_fastrtps/choke_request__type_support.cpp.o[0m
[ 63%] [32mBuilding CXX object CMakeFiles/amr_msgs__rosidl_typesupport_fastrtps_cpp.dir/rosidl_typesupport_fastrtps_cpp/amr_msgs/msg/detail/dds_fastrtps/robot_plan__type_support.cpp.o[0m
[ 65%] [32mBuilding CXX object CMakeFiles/amr_msgs__rosidl_typesupport_fastrtps_c.dir/rosidl_typesupport_fastrtps_c/amr_msgs/msg/detail/detected_obstacle__type_support_c.cpp.o[0m
[ 67%] [32m[1mLinking CXX shared library libamr_msgs__rosidl_typesupport_c.so[0m
[ 69%] [32mBuilding CXX object CMakeFiles/amr_msgs__rosidl_typesupport_fastrtps_c.dir/rosidl_typesupport_fastrtps_c/amr_msgs/msg/detail/robot_plan__type_support_c.cpp.o[0m
[ 70%] [32mBuilding CXX object CMakeFiles/amr_msgs__rosidl_typesupport_fastrtps_c.dir/rosidl_typesupport_fastrtps_c/amr_msgs/msg/detail/choke_request__type_support_c.cpp.o[0m
[ 72%] [32m[1mLinking C shared library libamr_msgs__rosidl_typesupport_introspection_c.so[0m
[ 72%] Built target amr_msgs__rosidl_typesupport_introspection_c
[ 72%] Built target amr_msgs__rosidl_typesupport_c
[ 74%] [32m[1mLinking CXX shared library libamr_msgs__rosidl_typesupport_introspection_cpp.so[0m
[ 74%] Built target amr_msgs__rosidl_typesupport_introspection_cpp
[ 76%] [32m[1mLinking CXX shared library libamr_msgs__rosidl_typesupport_cpp.so[0m
[ 76%] Built target amr_msgs__rosidl_typesupport_cpp
[ 78%] [32m[1mLinking CXX shared library libamr_msgs__rosidl_typesupport_fastrtps_cpp.so[0m
[ 80%] [32m[1mLinking CXX shared library libamr_msgs__rosidl_typesupport_fastrtps_c.so[0m
[ 80%] Built target amr_msgs__rosidl_typesupport_fastrtps_cpp
[ 80%] Built target amr_msgs__rosidl_typesupport_fastrtps_c
[ 80%] Built target amr_msgs
[ 81%] [34m[1mGenerating Python code for ROS interfaces[0m
[ 81%] Built target amr_msgs__py
[ 83%] [32mBuilding C object CMakeFiles/amr_msgs__rosidl_generator_py.dir/rosidl_generator_py/amr_msgs/msg/_robot_plan_s.c.o[0m
[ 85%] [32mBuilding C object CMakeFiles/amr_msgs__rosidl_generator_py.dir/rosidl_generator_py/amr_msgs/msg/_detected_obstacle_s.c.o[0m
[ 87%] [32mBuilding C object CMakeFiles/amr_msgs__rosidl_generator_py.dir/rosidl_generator_py/amr_msgs/msg/_choke_request_s.c.o[0m
[ 89%] [32m[1mLinking C shared library libamr_msgs__rosidl_generator_py.so[0m
[ 89%] Built target amr_msgs__rosidl_generator_py
[ 90%] [32mBuilding C object CMakeFiles/amr_msgs_s__rosidl_typesupport_fastrtps_c.dir/rosidl_generator_py/amr_msgs/_amr_msgs_s.ep.rosidl_typesupport_fastrtps_c.c.o[0m
[ 92%] [32mBuilding C object CMakeFiles/amr_msgs_s__rosidl_typesupport_introspection_c.dir/rosidl_generator_py/amr_msgs/_amr_msgs_s.ep.rosidl_typesupport_introspection_c.c.o[0m
[ 94%] [32mBuilding C object CMakeFiles/amr_msgs_s__rosidl_typesupport_c.dir/rosidl_generator_py/amr_msgs/_amr_msgs_s.ep.rosidl_typesupport_c.c.o[0m
[ 96%] [32m[1mLinking C shared module rosidl_generator_py/amr_msgs/amr_msgs_s__rosidl_typesupport_introspection_c.so[0m
[ 98%] [32m[1mLinking C shared module rosidl_generator_py/amr_msgs/amr_msgs_s__rosidl_typesupport_fastrtps_c.so[0m
[100%] [32m[1mLinking C shared module rosidl_generator_py/amr_msgs/amr_msgs_s__rosidl_typesupport_c.so[0m
[100%] Built target amr_msgs_s__rosidl_typesupport_introspection_c
[100%] Built target amr_msgs_s__rosidl_typesupport_c
[100%] Built target amr_msgs_s__rosidl_typesupport_fastrtps_c
-- Install configuration: ""
-- Execute custom install script
-- Symlinking: /home/neer/Desktop/SIH/ros2_ws/install/amr_msgs/share/ament_index/resource_index/rosidl_interfaces/amr_msgs
-- Symlinking: /home/neer/Desktop/SIH/ros2_ws/install/amr_msgs/share/amr_msgs/msg/RobotPlan.json
-- Symlinking: /home/neer/Desktop/SIH/ros2_ws/install/amr_msgs/share/amr_msgs/msg/DetectedObstacle.json
-- Symlinking: /home/neer/Desktop/SIH/ros2_ws/install/amr_msgs/share/amr_msgs/msg/ChokeRequest.json
-- Symlinking: /home/neer/Desktop/SIH/ros2_ws/install/amr_msgs/include/amr_msgs/amr_msgs/msg/choke_request.h
-- Symlinking: /home/neer/Desktop/SIH/ros2_ws/install/amr_msgs/include/amr_msgs/amr_msgs/msg/detail/choke_request__functions.h
-- Symlinking: /home/neer/Desktop/SIH/ros2_ws/install/amr_msgs/include/amr_msgs/amr_msgs/msg/detail/choke_request__struct.h
-- Symlinking: /home/neer/Desktop/SIH/ros2_ws/install/amr_msgs/include/amr_msgs/amr_msgs/msg/detail/choke_request__type_support.h
-- Symlinking: /home/neer/Desktop/SIH/ros2_ws/install/amr_msgs/include/amr_msgs/amr_msgs/msg/detail/detected_obstacle__functions.h
-- Symlinking: /home/neer/Desktop/SIH/ros2_ws/install/amr_msgs/include/amr_msgs/amr_msgs/msg/detail/detected_obstacle__struct.h
-- Symlinking: /home/neer/Desktop/SIH/ros2_ws/install/amr_msgs/include/amr_msgs/amr_msgs/msg/detail/detected_obstacle__type_support.h
-- Symlinking: /home/neer/Desktop/SIH/ros2_ws/install/amr_msgs/include/amr_msgs/amr_msgs/msg/detail/robot_plan__functions.h
-- Symlinking: /home/neer/Desktop/SIH/ros2_ws/install/amr_msgs/include/amr_msgs/amr_msgs/msg/detail/robot_plan__struct.h
-- Symlinking: /home/neer/Desktop/SIH/ros2_ws/install/amr_msgs/include/amr_msgs/amr_msgs/msg/detail/robot_plan__type_support.h
-- Symlinking: /home/neer/Desktop/SIH/ros2_ws/install/amr_msgs/include/amr_msgs/amr_msgs/msg/detected_obstacle.h
-- Symlinking: /home/neer/Desktop/SIH/ros2_ws/install/amr_msgs/include/amr_msgs/amr_msgs/msg/robot_plan.h
-- Symlinking: /home/neer/Desktop/SIH/ros2_ws/install/amr_msgs/include/amr_msgs/amr_msgs/msg/rosidl_generator_c__visibility_control.h
-- Symlinking: /home/neer/Desktop/SIH/ros2_ws/install/amr_msgs/share/amr_msgs/environment/library_path.sh
-- Symlinking: /home/neer/Desktop/SIH/ros2_ws/install/amr_msgs/share/amr_msgs/environment/library_path.dsv
-- Symlinking: /home/neer/Desktop/SIH/ros2_ws/install/amr_msgs/include/amr_msgs/amr_msgs/msg/detail/choke_request__rosidl_typesupport_fastrtps_c.h
-- Symlinking: /home/neer/Desktop/SIH/ros2_ws/install/amr_msgs/include/amr_msgs/amr_msgs/msg/detail/detected_obstacle__rosidl_typesupport_fastrtps_c.h
-- Symlinking: /home/neer/Desktop/SIH/ros2_ws/install/amr_msgs/include/amr_msgs/amr_msgs/msg/detail/robot_plan__rosidl_typesupport_fastrtps_c.h
-- Symlinking: /home/neer/Desktop/SIH/ros2_ws/install/amr_msgs/include/amr_msgs/amr_msgs/msg/rosidl_typesupport_fastrtps_c__visibility_control.h
-- Symlinking: /home/neer/Desktop/SIH/ros2_ws/install/amr_msgs/include/amr_msgs/amr_msgs/msg/detail/choke_request__rosidl_typesupport_introspection_c.h
-- Symlinking: /home/neer/Desktop/SIH/ros2_ws/install/amr_msgs/include/amr_msgs/amr_msgs/msg/detail/detected_obstacle__rosidl_typesupport_introspection_c.h
-- Symlinking: /home/neer/Desktop/SIH/ros2_ws/install/amr_msgs/include/amr_msgs/amr_msgs/msg/detail/robot_plan__rosidl_typesupport_introspection_c.h
-- Symlinking: /home/neer/Desktop/SIH/ros2_ws/install/amr_msgs/include/amr_msgs/amr_msgs/msg/rosidl_typesupport_introspection_c__visibility_control.h
-- Symlinking: /home/neer/Desktop/SIH/ros2_ws/install/amr_msgs/include/amr_msgs/amr_msgs/msg/choke_request.hpp
-- Symlinking: /home/neer/Desktop/SIH/ros2_ws/install/amr_msgs/include/amr_msgs/amr_msgs/msg/detail/choke_request__builder.hpp
-- Symlinking: /home/neer/Desktop/SIH/ros2_ws/install/amr_msgs/include/amr_msgs/amr_msgs/msg/detail/choke_request__struct.hpp
-- Symlinking: /home/neer/Desktop/SIH/ros2_ws/install/amr_msgs/include/amr_msgs/amr_msgs/msg/detail/choke_request__traits.hpp
-- Symlinking: /home/neer/Desktop/SIH/ros2_ws/install/amr_msgs/include/amr_msgs/amr_msgs/msg/detail/choke_request__type_support.hpp
-- Symlinking: /home/neer/Desktop/SIH/ros2_ws/install/amr_msgs/include/amr_msgs/amr_msgs/msg/detail/detected_obstacle__builder.hpp
-- Symlinking: /home/neer/Desktop/SIH/ros2_ws/install/amr_msgs/include/amr_msgs/amr_msgs/msg/detail/detected_obstacle__struct.hpp
-- Symlinking: /home/neer/Desktop/SIH/ros2_ws/install/amr_msgs/include/amr_msgs/amr_msgs/msg/detail/detected_obstacle__traits.hpp
-- Symlinking: /home/neer/Desktop/SIH/ros2_ws/install/amr_msgs/include/amr_msgs/amr_msgs/msg/detail/detected_obstacle__type_support.hpp
-- Symlinking: /home/neer/Desktop/SIH/ros2_ws/install/amr_msgs/include/amr_msgs/amr_msgs/msg/detail/robot_plan__builder.hpp
-- Symlinking: /home/neer/Desktop/SIH/ros2_ws/install/amr_msgs/include/amr_msgs/amr_msgs/msg/detail/robot_plan__struct.hpp
-- Symlinking: /home/neer/Desktop/SIH/ros2_ws/install/amr_msgs/include/amr_msgs/amr_msgs/msg/detail/robot_plan__traits.hpp
-- Symlinking: /home/neer/Desktop/SIH/ros2_ws/install/amr_msgs/include/amr_msgs/amr_msgs/msg/detail/robot_plan__type_support.hpp
-- Symlinking: /home/neer/Desktop/SIH/ros2_ws/install/amr_msgs/include/amr_msgs/amr_msgs/msg/detected_obstacle.hpp
-- Symlinking: /home/neer/Desktop/SIH/ros2_ws/install/amr_msgs/include/amr_msgs/amr_msgs/msg/robot_plan.hpp
-- Symlinking: /home/neer/Desktop/SIH/ros2_ws/install/amr_msgs/include/amr_msgs/amr_msgs/msg/rosidl_generator_cpp__visibility_control.hpp
-- Symlinking: /home/neer/Desktop/SIH/ros2_ws/install/amr_msgs/include/amr_msgs/amr_msgs/msg/detail/choke_request__rosidl_typesupport_fastrtps_cpp.hpp
-- Symlinking: /home/neer/Desktop/SIH/ros2_ws/install/amr_msgs/include/amr_msgs/amr_msgs/msg/detail/detected_obstacle__rosidl_typesupport_fastrtps_cpp.hpp
-- Symlinking: /home/neer/Desktop/SIH/ros2_ws/install/amr_msgs/include/amr_msgs/amr_msgs/msg/detail/robot_plan__rosidl_typesupport_fastrtps_cpp.hpp
-- Symlinking: /home/neer/Desktop/SIH/ros2_ws/install/amr_msgs/include/amr_msgs/amr_msgs/msg/rosidl_typesupport_fastrtps_cpp__visibility_control.h
-- Symlinking: /home/neer/Desktop/SIH/ros2_ws/install/amr_msgs/include/amr_msgs/amr_msgs/msg/detail/choke_request__rosidl_typesupport_introspection_cpp.hpp
-- Symlinking: /home/neer/Desktop/SIH/ros2_ws/install/amr_msgs/include/amr_msgs/amr_msgs/msg/detail/detected_obstacle__rosidl_typesupport_introspection_cpp.hpp
-- Symlinking: /home/neer/Desktop/SIH/ros2_ws/install/amr_msgs/include/amr_msgs/amr_msgs/msg/detail/robot_plan__rosidl_typesupport_introspection_cpp.hpp
-- Symlinking: /home/neer/Desktop/SIH/ros2_ws/install/amr_msgs/share/amr_msgs/environment/pythonpath.sh
-- Symlinking: /home/neer/Desktop/SIH/ros2_ws/install/amr_msgs/share/amr_msgs/environment/pythonpath.dsv
-- Symlinking: /home/neer/Desktop/SIH/ros2_ws/install/amr_msgs/lib/python3.12/site-packages/amr_msgs-0.1.0-py3.12.egg-info/PKG-INFO
-- Symlinking: /home/neer/Desktop/SIH/ros2_ws/install/amr_msgs/lib/python3.12/site-packages/amr_msgs-0.1.0-py3.12.egg-info/SOURCES.txt
-- Symlinking: /home/neer/Desktop/SIH/ros2_ws/install/amr_msgs/lib/python3.12/site-packages/amr_msgs-0.1.0-py3.12.egg-info/dependency_links.txt
-- Symlinking: /home/neer/Desktop/SIH/ros2_ws/install/amr_msgs/lib/python3.12/site-packages/amr_msgs-0.1.0-py3.12.egg-info/top_level.txt
-- Symlinking: /home/neer/Desktop/SIH/ros2_ws/install/amr_msgs/lib/python3.12/site-packages/amr_msgs/__init__.py
-- Symlinking: /home/neer/Desktop/SIH/ros2_ws/install/amr_msgs/lib/python3.12/site-packages/amr_msgs/_amr_msgs_s.ep.rosidl_typesupport_c.c
-- Symlinking: /home/neer/Desktop/SIH/ros2_ws/install/amr_msgs/lib/python3.12/site-packages/amr_msgs/_amr_msgs_s.ep.rosidl_typesupport_fastrtps_c.c
-- Symlinking: /home/neer/Desktop/SIH/ros2_ws/install/amr_msgs/lib/python3.12/site-packages/amr_msgs/_amr_msgs_s.ep.rosidl_typesupport_introspection_c.c
-- Symlinking: /home/neer/Desktop/SIH/ros2_ws/install/amr_msgs/lib/python3.12/site-packages/amr_msgs/amr_msgs_s__rosidl_typesupport_c.so
-- Symlinking: /home/neer/Desktop/SIH/ros2_ws/install/amr_msgs/lib/python3.12/site-packages/amr_msgs/amr_msgs_s__rosidl_typesupport_fastrtps_c.so
-- Symlinking: /home/neer/Desktop/SIH/ros2_ws/install/amr_msgs/lib/python3.12/site-packages/amr_msgs/amr_msgs_s__rosidl_typesupport_introspection_c.so
-- Symlinking: /home/neer/Desktop/SIH/ros2_ws/install/amr_msgs/lib/python3.12/site-packages/amr_msgs/msg/__init__.py
-- Symlinking: /home/neer/Desktop/SIH/ros2_ws/install/amr_msgs/lib/python3.12/site-packages/amr_msgs/msg/_choke_request.py
-- Symlinking: /home/neer/Desktop/SIH/ros2_ws/install/amr_msgs/lib/python3.12/site-packages/amr_msgs/msg/_choke_request_s.c
-- Symlinking: /home/neer/Desktop/SIH/ros2_ws/install/amr_msgs/lib/python3.12/site-packages/amr_msgs/msg/_detected_obstacle.py
-- Symlinking: /home/neer/Desktop/SIH/ros2_ws/install/amr_msgs/lib/python3.12/site-packages/amr_msgs/msg/_detected_obstacle_s.c
-- Symlinking: /home/neer/Desktop/SIH/ros2_ws/install/amr_msgs/lib/python3.12/site-packages/amr_msgs/msg/_robot_plan.py
-- Symlinking: /home/neer/Desktop/SIH/ros2_ws/install/amr_msgs/lib/python3.12/site-packages/amr_msgs/msg/_robot_plan_s.c
-- Up-to-date symlink: /home/neer/Desktop/SIH/ros2_ws/install/amr_msgs/lib/python3.12/site-packages/amr_msgs/amr_msgs_s__rosidl_typesupport_fastrtps_c.so
-- Up-to-date symlink: /home/neer/Desktop/SIH/ros2_ws/install/amr_msgs/lib/python3.12/site-packages/amr_msgs/amr_msgs_s__rosidl_typesupport_introspection_c.so
-- Up-to-date symlink: /home/neer/Desktop/SIH/ros2_ws/install/amr_msgs/lib/python3.12/site-packages/amr_msgs/amr_msgs_s__rosidl_typesupport_c.so
-- Symlinking: /home/neer/Desktop/SIH/ros2_ws/install/amr_msgs/share/ament_index/resource_index/rust_packages/amr_msgs
-- Symlinking: /home/neer/Desktop/SIH/ros2_ws/install/amr_msgs/share/amr_msgs/rust/Cargo.toml
-- Symlinking: /home/neer/Desktop/SIH/ros2_ws/install/amr_msgs/share/amr_msgs/rust/build.rs
-- Symlinking: /home/neer/Desktop/SIH/ros2_ws/install/amr_msgs/share/amr_msgs/rust/src/lib.rs
-- Symlinking: /home/neer/Desktop/SIH/ros2_ws/install/amr_msgs/share/amr_msgs/rust/src/msg.rs
-- Symlinking: /home/neer/Desktop/SIH/ros2_ws/install/amr_msgs/share/amr_msgs/rust/src/msg/rmw.rs
-- Symlinking: /home/neer/Desktop/SIH/ros2_ws/install/amr_msgs/share/amr_msgs/msg/RobotPlan.idl
-- Symlinking: /home/neer/Desktop/SIH/ros2_ws/install/amr_msgs/share/amr_msgs/msg/DetectedObstacle.idl
-- Symlinking: /home/neer/Desktop/SIH/ros2_ws/install/amr_msgs/share/amr_msgs/msg/ChokeRequest.idl
-- Symlinking: /home/neer/Desktop/SIH/ros2_ws/install/amr_msgs/share/amr_msgs/msg/RobotPlan.msg
-- Symlinking: /home/neer/Desktop/SIH/ros2_ws/install/amr_msgs/share/amr_msgs/msg/DetectedObstacle.msg
-- Symlinking: /home/neer/Desktop/SIH/ros2_ws/install/amr_msgs/share/amr_msgs/msg/ChokeRequest.msg
-- Symlinking: /home/neer/Desktop/SIH/ros2_ws/install/amr_msgs/share/ament_index/resource_index/package_run_dependencies/amr_msgs
-- Symlinking: /home/neer/Desktop/SIH/ros2_ws/install/amr_msgs/share/ament_index/resource_index/parent_prefix_path/amr_msgs
-- Symlinking: /home/neer/Desktop/SIH/ros2_ws/install/amr_msgs/share/amr_msgs/environment/ament_prefix_path.sh
-- Symlinking: /home/neer/Desktop/SIH/ros2_ws/install/amr_msgs/share/amr_msgs/environment/ament_prefix_path.dsv
-- Symlinking: /home/neer/Desktop/SIH/ros2_ws/install/amr_msgs/share/amr_msgs/environment/path.sh
-- Symlinking: /home/neer/Desktop/SIH/ros2_ws/install/amr_msgs/share/amr_msgs/environment/path.dsv
-- Symlinking: /home/neer/Desktop/SIH/ros2_ws/install/amr_msgs/share/amr_msgs/local_setup.bash
-- Symlinking: /home/neer/Desktop/SIH/ros2_ws/install/amr_msgs/share/amr_msgs/local_setup.sh
-- Symlinking: /home/neer/Desktop/SIH/ros2_ws/install/amr_msgs/share/amr_msgs/local_setup.zsh
-- Symlinking: /home/neer/Desktop/SIH/ros2_ws/install/amr_msgs/share/amr_msgs/local_setup.dsv
-- Symlinking: /home/neer/Desktop/SIH/ros2_ws/install/amr_msgs/share/amr_msgs/package.dsv
-- Symlinking: /home/neer/Desktop/SIH/ros2_ws/install/amr_msgs/share/ament_index/resource_index/packages/amr_msgs
-- Symlinking: /home/neer/Desktop/SIH/ros2_ws/install/amr_msgs/share/amr_msgs/cmake/rosidl_cmake-extras.cmake
-- Symlinking: /home/neer/Desktop/SIH/ros2_ws/install/amr_msgs/share/amr_msgs/cmake/ament_cmake_export_dependencies-extras.cmake
-- Symlinking: /home/neer/Desktop/SIH/ros2_ws/install/amr_msgs/share/amr_msgs/cmake/ament_cmake_export_include_directories-extras.cmake
-- Symlinking: /home/neer/Desktop/SIH/ros2_ws/install/amr_msgs/share/amr_msgs/cmake/ament_cmake_export_libraries-extras.cmake
-- Symlinking: /home/neer/Desktop/SIH/ros2_ws/install/amr_msgs/share/amr_msgs/cmake/ament_cmake_export_targets-extras.cmake
-- Symlinking: /home/neer/Desktop/SIH/ros2_ws/install/amr_msgs/share/amr_msgs/cmake/rosidl_cmake_export_typesupport_targets-extras.cmake
-- Symlinking: /home/neer/Desktop/SIH/ros2_ws/install/amr_msgs/share/amr_msgs/cmake/rosidl_cmake_export_typesupport_libraries-extras.cmake
-- Symlinking: /home/neer/Desktop/SIH/ros2_ws/install/amr_msgs/share/amr_msgs/cmake/rosidl_cmake_aggregate_target-extras.cmake
-- Symlinking: /home/neer/Desktop/SIH/ros2_ws/install/amr_msgs/share/amr_msgs/cmake/amr_msgsConfig.cmake
-- Symlinking: /home/neer/Desktop/SIH/ros2_ws/install/amr_msgs/share/amr_msgs/cmake/amr_msgsConfig-version.cmake
-- Symlinking: /home/neer/Desktop/SIH/ros2_ws/install/amr_msgs/share/amr_msgs/package.xml
-- Installing: /home/neer/Desktop/SIH/ros2_ws/install/amr_msgs/lib/libamr_msgs__rosidl_generator_c.so
-- Set non-toolchain portion of runtime path of "/home/neer/Desktop/SIH/ros2_ws/install/amr_msgs/lib/libamr_msgs__rosidl_generator_c.so" to ""
-- Installing: /home/neer/Desktop/SIH/ros2_ws/install/amr_msgs/lib/libamr_msgs__rosidl_typesupport_fastrtps_c.so
-- Set non-toolchain portion of runtime path of "/home/neer/Desktop/SIH/ros2_ws/install/amr_msgs/lib/libamr_msgs__rosidl_typesupport_fastrtps_c.so" to ""
-- Installing: /home/neer/Desktop/SIH/ros2_ws/install/amr_msgs/lib/libamr_msgs__rosidl_typesupport_introspection_c.so
-- Set non-toolchain portion of runtime path of "/home/neer/Desktop/SIH/ros2_ws/install/amr_msgs/lib/libamr_msgs__rosidl_typesupport_introspection_c.so" to ""
-- Installing: /home/neer/Desktop/SIH/ros2_ws/install/amr_msgs/lib/libamr_msgs__rosidl_typesupport_c.so
-- Set non-toolchain portion of runtime path of "/home/neer/Desktop/SIH/ros2_ws/install/amr_msgs/lib/libamr_msgs__rosidl_typesupport_c.so" to ""
-- Installing: /home/neer/Desktop/SIH/ros2_ws/install/amr_msgs/lib/libamr_msgs__rosidl_typesupport_fastrtps_cpp.so
-- Set non-toolchain portion of runtime path of "/home/neer/Desktop/SIH/ros2_ws/install/amr_msgs/lib/libamr_msgs__rosidl_typesupport_fastrtps_cpp.so" to ""
-- Installing: /home/neer/Desktop/SIH/ros2_ws/install/amr_msgs/lib/libamr_msgs__rosidl_typesupport_introspection_cpp.so
-- Set non-toolchain portion of runtime path of "/home/neer/Desktop/SIH/ros2_ws/install/amr_msgs/lib/libamr_msgs__rosidl_typesupport_introspection_cpp.so" to ""
-- Installing: /home/neer/Desktop/SIH/ros2_ws/install/amr_msgs/lib/libamr_msgs__rosidl_typesupport_cpp.so
-- Set non-toolchain portion of runtime path of "/home/neer/Desktop/SIH/ros2_ws/install/amr_msgs/lib/libamr_msgs__rosidl_typesupport_cpp.so" to ""
Listing '/home/neer/Desktop/SIH/ros2_ws/install/amr_msgs/lib/python3.12/site-packages/amr_msgs'...
Compiling '/home/neer/Desktop/SIH/ros2_ws/install/amr_msgs/lib/python3.12/site-packages/amr_msgs/__init__.py'...
Listing '/home/neer/Desktop/SIH/ros2_ws/install/amr_msgs/lib/python3.12/site-packages/amr_msgs/msg'...
Compiling '/home/neer/Desktop/SIH/ros2_ws/install/amr_msgs/lib/python3.12/site-packages/amr_msgs/msg/__init__.py'...
Compiling '/home/neer/Desktop/SIH/ros2_ws/install/amr_msgs/lib/python3.12/site-packages/amr_msgs/msg/_choke_request.py'...
Compiling '/home/neer/Desktop/SIH/ros2_ws/install/amr_msgs/lib/python3.12/site-packages/amr_msgs/msg/_detected_obstacle.py'...
Compiling '/home/neer/Desktop/SIH/ros2_ws/install/amr_msgs/lib/python3.12/site-packages/amr_msgs/msg/_robot_plan.py'...
-- Installing: /home/neer/Desktop/SIH/ros2_ws/install/amr_msgs/lib/libamr_msgs__rosidl_generator_py.so
-- Set non-toolchain portion of runtime path of "/home/neer/Desktop/SIH/ros2_ws/install/amr_msgs/lib/libamr_msgs__rosidl_generator_py.so" to ""
-- Installing: /home/neer/Desktop/SIH/ros2_ws/install/amr_msgs/share/amr_msgs/cmake/export_amr_msgs__rosidl_generator_cExport.cmake
-- Installing: /home/neer/Desktop/SIH/ros2_ws/install/amr_msgs/share/amr_msgs/cmake/export_amr_msgs__rosidl_generator_cExport-noconfig.cmake
-- Installing: /home/neer/Desktop/SIH/ros2_ws/install/amr_msgs/share/amr_msgs/cmake/export_amr_msgs__rosidl_typesupport_fastrtps_cExport.cmake
-- Installing: /home/neer/Desktop/SIH/ros2_ws/install/amr_msgs/share/amr_msgs/cmake/export_amr_msgs__rosidl_typesupport_fastrtps_cExport-noconfig.cmake
-- Installing: /home/neer/Desktop/SIH/ros2_ws/install/amr_msgs/share/amr_msgs/cmake/amr_msgs__rosidl_typesupport_introspection_cExport.cmake
-- Installing: /home/neer/Desktop/SIH/ros2_ws/install/amr_msgs/share/amr_msgs/cmake/amr_msgs__rosidl_typesupport_introspection_cExport-noconfig.cmake
-- Installing: /home/neer/Desktop/SIH/ros2_ws/install/amr_msgs/share/amr_msgs/cmake/amr_msgs__rosidl_typesupport_cExport.cmake
-- Installing: /home/neer/Desktop/SIH/ros2_ws/install/amr_msgs/share/amr_msgs/cmake/amr_msgs__rosidl_typesupport_cExport-noconfig.cmake
-- Installing: /home/neer/Desktop/SIH/ros2_ws/install/amr_msgs/share/amr_msgs/cmake/export_amr_msgs__rosidl_generator_cppExport.cmake
-- Installing: /home/neer/Desktop/SIH/ros2_ws/install/amr_msgs/share/amr_msgs/cmake/export_amr_msgs__rosidl_typesupport_fastrtps_cppExport.cmake
-- Installing: /home/neer/Desktop/SIH/ros2_ws/install/amr_msgs/share/amr_msgs/cmake/export_amr_msgs__rosidl_typesupport_fastrtps_cppExport-noconfig.cmake
-- Installing: /home/neer/Desktop/SIH/ros2_ws/install/amr_msgs/share/amr_msgs/cmake/amr_msgs__rosidl_typesupport_introspection_cppExport.cmake
-- Installing: /home/neer/Desktop/SIH/ros2_ws/install/amr_msgs/share/amr_msgs/cmake/amr_msgs__rosidl_typesupport_introspection_cppExport-noconfig.cmake
-- Installing: /home/neer/Desktop/SIH/ros2_ws/install/amr_msgs/share/amr_msgs/cmake/amr_msgs__rosidl_typesupport_cppExport.cmake
-- Installing: /home/neer/Desktop/SIH/ros2_ws/install/amr_msgs/share/amr_msgs/cmake/amr_msgs__rosidl_typesupport_cppExport-noconfig.cmake
-- Installing: /home/neer/Desktop/SIH/ros2_ws/install/amr_msgs/share/amr_msgs/cmake/export_amr_msgs__rosidl_generator_pyExport.cmake
-- Installing: /home/neer/Desktop/SIH/ros2_ws/install/amr_msgs/share/amr_msgs/cmake/export_amr_msgs__rosidl_generator_pyExport-noconfig.cmake
