-- Install configuration: ""
-- Execute custom install script
-- Symlinking: /home/neer/Desktop/SIH/ros2_ws/install/amr_bringup/share/amr_bringup/launch/__pycache__/full_baseline.launch.cpython-312.pyc
-- Symlinking: /home/neer/Desktop/SIH/ros2_ws/install/amr_bringup/share/amr_bringup/launch/__pycache__/full_demo.launch.cpython-312.pyc
-- Up-to-date symlink: /home/neer/Desktop/SIH/ros2_ws/install/amr_bringup/share/amr_bringup/launch/full_baseline.launch.py
-- Up-to-date symlink: /home/neer/Desktop/SIH/ros2_ws/install/amr_bringup/share/amr_bringup/launch/full_demo.launch.py
-- Up-to-date symlink: /home/neer/Desktop/SIH/ros2_ws/install/amr_bringup/share/amr_bringup/launch/scenarios/dead_end_deadlock.launch.py
-- Up-to-date symlink: /home/neer/Desktop/SIH/ros2_ws/install/amr_bringup/share/amr_bringup/launch/scenarios/dynamic_obstacle.launch.py
-- Up-to-date symlink: /home/neer/Desktop/SIH/ros2_ws/install/amr_bringup/share/amr_bringup/launch/scenarios/rapid_dispatch.launch.py
-- Up-to-date symlink: /home/neer/Desktop/SIH/ros2_ws/install/amr_bringup/share/amr_bringup/launch/scenarios/robot_goes_silent.launch.py
-- Up-to-date symlink: /home/neer/Desktop/SIH/ros2_ws/install/amr_bringup/share/amr_bringup/launch/scenarios/simultaneous_choke.launch.py
-- Up-to-date symlink: /home/neer/Desktop/SIH/ros2_ws/install/amr_bringup/share/amr_bringup/launch/scenarios/t_junction.launch.py
-- Up-to-date symlink: /home/neer/Desktop/SIH/ros2_ws/install/amr_bringup/share/ament_index/resource_index/package_run_dependencies/amr_bringup
-- Up-to-date symlink: /home/neer/Desktop/SIH/ros2_ws/install/amr_bringup/share/ament_index/resource_index/parent_prefix_path/amr_bringup
-- Up-to-date symlink: /home/neer/Desktop/SIH/ros2_ws/install/amr_bringup/share/amr_bringup/environment/ament_prefix_path.sh
-- Up-to-date symlink: /home/neer/Desktop/SIH/ros2_ws/install/amr_bringup/share/amr_bringup/environment/ament_prefix_path.dsv
-- Up-to-date symlink: /home/neer/Desktop/SIH/ros2_ws/install/amr_bringup/share/amr_bringup/environment/path.sh
-- Up-to-date symlink: /home/neer/Desktop/SIH/ros2_ws/install/amr_bringup/share/amr_bringup/environment/path.dsv
-- Up-to-date symlink: /home/neer/Desktop/SIH/ros2_ws/install/amr_bringup/share/amr_bringup/local_setup.bash
-- Up-to-date symlink: /home/neer/Desktop/SIH/ros2_ws/install/amr_bringup/share/amr_bringup/local_setup.sh
-- Up-to-date symlink: /home/neer/Desktop/SIH/ros2_ws/install/amr_bringup/share/amr_bringup/local_setup.zsh
-- Up-to-date symlink: /home/neer/Desktop/SIH/ros2_ws/install/amr_bringup/share/amr_bringup/local_setup.dsv
-- Symlinking: /home/neer/Desktop/SIH/ros2_ws/install/amr_bringup/share/amr_bringup/package.dsv
-- Up-to-date symlink: /home/neer/Desktop/SIH/ros2_ws/install/amr_bringup/share/ament_index/resource_index/packages/amr_bringup
-- Up-to-date symlink: /home/neer/Desktop/SIH/ros2_ws/install/amr_bringup/share/amr_bringup/cmake/amr_bringupConfig.cmake
-- Up-to-date symlink: /home/neer/Desktop/SIH/ros2_ws/install/amr_bringup/share/amr_bringup/cmake/amr_bringupConfig-version.cmake
-- Up-to-date symlink: /home/neer/Desktop/SIH/ros2_ws/install/amr_bringup/share/amr_bringup/package.xml
