[0.087s] DEBUG:colcon:Command line arguments: ['/usr/bin/colcon', 'build', '--symlink-install', '--packages-select', 'amr_msgs']
[0.087s] DEBUG:colcon:Parsed command line arguments: Namespace(log_base=None, log_level=None, verb_name='build', build_base='build', install_base='install', merge_install=False, symlink_install=True, test_result_base=None, continue_on_error=False, executor='parallel', parallel_workers=28, event_handlers=None, ignore_user_meta=False, metas=['./colcon.meta'], base_paths=['.'], packages_ignore=None, packages_ignore_regex=None, paths=None, packages_up_to=None, packages_up_to_regex=None, packages_above=None, packages_above_and_dependencies=None, packages_above_depth=None, packages_select_by_dep=None, packages_skip_by_dep=None, packages_skip_up_to=None, packages_select_build_failed=False, packages_skip_build_finished=False, packages_select_test_failures=False, packages_skip_test_passed=False, packages_select=['amr_msgs'], packages_skip=None, packages_select_regex=None, packages_skip_regex=None, packages_start=None, packages_end=None, allow_overriding=[], cmake_args=None, cmake_target=None, cmake_target_skip_unavailable=False, cmake_clean_cache=False, cmake_clean_first=False, cmake_force_configure=False, ament_cmake_args=None, catkin_cmake_args=None, catkin_skip_building_tests=False, mixin_files=None, mixin=None, verb_parser=<colcon_mixin.mixin.mixin_argument.MixinArgumentDecorator object at 0x7459c1ea15e0>, verb_extension=<colcon_core.verb.build.BuildVerb object at 0x7459c1ea1190>, main=<bound method BuildVerb.main of <colcon_core.verb.build.BuildVerb object at 0x7459c1ea1190>>, mixin_verb=('build',))
[0.123s] Level 1:colcon.colcon_core.package_discovery:discover_packages(colcon_meta) check parameters
[0.123s] Level 1:colcon.colcon_core.package_discovery:discover_packages(recursive) check parameters
[0.123s] Level 1:colcon.colcon_core.package_discovery:discover_packages(ignore) check parameters
[0.123s] Level 1:colcon.colcon_core.package_discovery:discover_packages(path) check parameters
[0.123s] Level 1:colcon.colcon_core.package_discovery:discover_packages(colcon_meta) discover
[0.123s] Level 1:colcon.colcon_core.package_discovery:discover_packages(recursive) discover
[0.123s] INFO:colcon.colcon_core.package_discovery:Crawling recursively for packages in '/home/neer/Desktop/SIH/ros2_ws'
[0.123s] Level 1:colcon.colcon_core.package_identification:_identify(.) by extensions ['ignore', 'ignore_ament_install']
[0.123s] Level 1:colcon.colcon_core.package_identification:_identify(.) by extension 'ignore'
[0.123s] Level 1:colcon.colcon_core.package_identification:_identify(.) by extension 'ignore_ament_install'
[0.123s] Level 1:colcon.colcon_core.package_identification:_identify(.) by extensions ['colcon_pkg']
[0.123s] Level 1:colcon.colcon_core.package_identification:_identify(.) by extension 'colcon_pkg'
[0.123s] Level 1:colcon.colcon_core.package_identification:_identify(.) by extensions ['colcon_meta']
[0.123s] Level 1:colcon.colcon_core.package_identification:_identify(.) by extension 'colcon_meta'
[0.123s] Level 1:colcon.colcon_core.package_identification:_identify(.) by extensions ['ros']
[0.123s] Level 1:colcon.colcon_core.package_identification:_identify(.) by extension 'ros'
[0.141s] Level 1:colcon.colcon_core.package_identification:_identify(.) by extensions ['cmake', 'python']
[0.141s] Level 1:colcon.colcon_core.package_identification:_identify(.) by extension 'cmake'
[0.141s] Level 1:colcon.colcon_core.package_identification:_identify(.) by extension 'python'
[0.141s] Level 1:colcon.colcon_core.package_identification:_identify(.) by extensions ['python_setup_py']
[0.141s] Level 1:colcon.colcon_core.package_identification:_identify(.) by extension 'python_setup_py'
[0.141s] Level 1:colcon.colcon_core.package_identification:_identify(build) by extensions ['ignore', 'ignore_ament_install']
[0.142s] Level 1:colcon.colcon_core.package_identification:_identify(build) by extension 'ignore'
[0.142s] Level 1:colcon.colcon_core.package_identification:_identify(build) ignored
[0.142s] Level 1:colcon.colcon_core.package_identification:_identify(install) by extensions ['ignore', 'ignore_ament_install']
[0.142s] Level 1:colcon.colcon_core.package_identification:_identify(install) by extension 'ignore'
[0.142s] Level 1:colcon.colcon_core.package_identification:_identify(install) ignored
[0.142s] Level 1:colcon.colcon_core.package_identification:_identify(log) by extensions ['ignore', 'ignore_ament_install']
[0.142s] Level 1:colcon.colcon_core.package_identification:_identify(log) by extension 'ignore'
[0.142s] Level 1:colcon.colcon_core.package_identification:_identify(log) ignored
[0.142s] Level 1:colcon.colcon_core.package_identification:_identify(results) by extensions ['ignore', 'ignore_ament_install']
[0.142s] Level 1:colcon.colcon_core.package_identification:_identify(results) by extension 'ignore'
[0.142s] Level 1:colcon.colcon_core.package_identification:_identify(results) by extension 'ignore_ament_install'
[0.142s] Level 1:colcon.colcon_core.package_identification:_identify(results) by extensions ['colcon_pkg']
[0.142s] Level 1:colcon.colcon_core.package_identification:_identify(results) by extension 'colcon_pkg'
[0.142s] Level 1:colcon.colcon_core.package_identification:_identify(results) by extensions ['colcon_meta']
[0.142s] Level 1:colcon.colcon_core.package_identification:_identify(results) by extension 'colcon_meta'
[0.142s] Level 1:colcon.colcon_core.package_identification:_identify(results) by extensions ['ros']
[0.142s] Level 1:colcon.colcon_core.package_identification:_identify(results) by extension 'ros'
[0.142s] Level 1:colcon.colcon_core.package_identification:_identify(results) by extensions ['cmake', 'python']
[0.142s] Level 1:colcon.colcon_core.package_identification:_identify(results) by extension 'cmake'
[0.142s] Level 1:colcon.colcon_core.package_identification:_identify(results) by extension 'python'
[0.142s] Level 1:colcon.colcon_core.package_identification:_identify(results) by extensions ['python_setup_py']
[0.142s] Level 1:colcon.colcon_core.package_identification:_identify(results) by extension 'python_setup_py'
[0.142s] Level 1:colcon.colcon_core.package_identification:_identify(src) by extensions ['ignore', 'ignore_ament_install']
[0.142s] Level 1:colcon.colcon_core.package_identification:_identify(src) by extension 'ignore'
[0.142s] Level 1:colcon.colcon_core.package_identification:_identify(src) by extension 'ignore_ament_install'
[0.142s] Level 1:colcon.colcon_core.package_identification:_identify(src) by extensions ['colcon_pkg']
[0.142s] Level 1:colcon.colcon_core.package_identification:_identify(src) by extension 'colcon_pkg'
[0.142s] Level 1:colcon.colcon_core.package_identification:_identify(src) by extensions ['colcon_meta']
[0.142s] Level 1:colcon.colcon_core.package_identification:_identify(src) by extension 'colcon_meta'
[0.142s] Level 1:colcon.colcon_core.package_identification:_identify(src) by extensions ['ros']
[0.142s] Level 1:colcon.colcon_core.package_identification:_identify(src) by extension 'ros'
[0.142s] Level 1:colcon.colcon_core.package_identification:_identify(src) by extensions ['cmake', 'python']
[0.142s] Level 1:colcon.colcon_core.package_identification:_identify(src) by extension 'cmake'
[0.142s] Level 1:colcon.colcon_core.package_identification:_identify(src) by extension 'python'
[0.143s] Level 1:colcon.colcon_core.package_identification:_identify(src) by extensions ['python_setup_py']
[0.143s] Level 1:colcon.colcon_core.package_identification:_identify(src) by extension 'python_setup_py'
[0.143s] Level 1:colcon.colcon_core.package_identification:_identify(src/amr_bringup) by extensions ['ignore', 'ignore_ament_install']
[0.143s] Level 1:colcon.colcon_core.package_identification:_identify(src/amr_bringup) by extension 'ignore'
[0.143s] Level 1:colcon.colcon_core.package_identification:_identify(src/amr_bringup) by extension 'ignore_ament_install'
[0.143s] Level 1:colcon.colcon_core.package_identification:_identify(src/amr_bringup) by extensions ['colcon_pkg']
[0.143s] Level 1:colcon.colcon_core.package_identification:_identify(src/amr_bringup) by extension 'colcon_pkg'
[0.143s] Level 1:colcon.colcon_core.package_identification:_identify(src/amr_bringup) by extensions ['colcon_meta']
[0.143s] Level 1:colcon.colcon_core.package_identification:_identify(src/amr_bringup) by extension 'colcon_meta'
[0.143s] Level 1:colcon.colcon_core.package_identification:_identify(src/amr_bringup) by extensions ['ros']
[0.143s] Level 1:colcon.colcon_core.package_identification:_identify(src/amr_bringup) by extension 'ros'
[0.145s] DEBUG:colcon.colcon_core.package_identification:Package 'src/amr_bringup' with type 'ros.ament_cmake' and name 'amr_bringup'
[0.145s] Level 1:colcon.colcon_core.package_identification:_identify(src/amr_coordination) by extensions ['ignore', 'ignore_ament_install']
[0.145s] Level 1:colcon.colcon_core.package_identification:_identify(src/amr_coordination) by extension 'ignore'
[0.145s] Level 1:colcon.colcon_core.package_identification:_identify(src/amr_coordination) by extension 'ignore_ament_install'
[0.145s] Level 1:colcon.colcon_core.package_identification:_identify(src/amr_coordination) by extensions ['colcon_pkg']
[0.145s] Level 1:colcon.colcon_core.package_identification:_identify(src/amr_coordination) by extension 'colcon_pkg'
[0.145s] Level 1:colcon.colcon_core.package_identification:_identify(src/amr_coordination) by extensions ['colcon_meta']
[0.145s] Level 1:colcon.colcon_core.package_identification:_identify(src/amr_coordination) by extension 'colcon_meta'
[0.145s] Level 1:colcon.colcon_core.package_identification:_identify(src/amr_coordination) by extensions ['ros']
[0.145s] Level 1:colcon.colcon_core.package_identification:_identify(src/amr_coordination) by extension 'ros'
[0.146s] DEBUG:colcon.colcon_core.package_identification:Package 'src/amr_coordination' with type 'ros.ament_python' and name 'amr_coordination'
[0.146s] Level 1:colcon.colcon_core.package_identification:_identify(src/amr_gazebo) by extensions ['ignore', 'ignore_ament_install']
[0.146s] Level 1:colcon.colcon_core.package_identification:_identify(src/amr_gazebo) by extension 'ignore'
[0.146s] Level 1:colcon.colcon_core.package_identification:_identify(src/amr_gazebo) by extension 'ignore_ament_install'
[0.146s] Level 1:colcon.colcon_core.package_identification:_identify(src/amr_gazebo) by extensions ['colcon_pkg']
[0.146s] Level 1:colcon.colcon_core.package_identification:_identify(src/amr_gazebo) by extension 'colcon_pkg'
[0.146s] Level 1:colcon.colcon_core.package_identification:_identify(src/amr_gazebo) by extensions ['colcon_meta']
[0.146s] Level 1:colcon.colcon_core.package_identification:_identify(src/amr_gazebo) by extension 'colcon_meta'
[0.146s] Level 1:colcon.colcon_core.package_identification:_identify(src/amr_gazebo) by extensions ['ros']
[0.146s] Level 1:colcon.colcon_core.package_identification:_identify(src/amr_gazebo) by extension 'ros'
[0.146s] DEBUG:colcon.colcon_core.package_identification:Package 'src/amr_gazebo' with type 'ros.ament_cmake' and name 'amr_gazebo'
[0.146s] Level 1:colcon.colcon_core.package_identification:_identify(src/amr_msgs) by extensions ['ignore', 'ignore_ament_install']
[0.146s] Level 1:colcon.colcon_core.package_identification:_identify(src/amr_msgs) by extension 'ignore'
[0.146s] Level 1:colcon.colcon_core.package_identification:_identify(src/amr_msgs) by extension 'ignore_ament_install'
[0.146s] Level 1:colcon.colcon_core.package_identification:_identify(src/amr_msgs) by extensions ['colcon_pkg']
[0.146s] Level 1:colcon.colcon_core.package_identification:_identify(src/amr_msgs) by extension 'colcon_pkg'
[0.146s] Level 1:colcon.colcon_core.package_identification:_identify(src/amr_msgs) by extensions ['colcon_meta']
[0.147s] Level 1:colcon.colcon_core.package_identification:_identify(src/amr_msgs) by extension 'colcon_meta'
[0.147s] Level 1:colcon.colcon_core.package_identification:_identify(src/amr_msgs) by extensions ['ros']
[0.147s] Level 1:colcon.colcon_core.package_identification:_identify(src/amr_msgs) by extension 'ros'
[0.147s] DEBUG:colcon.colcon_core.package_identification:Package 'src/amr_msgs' with type 'ros.ament_cmake' and name 'amr_msgs'
[0.147s] Level 1:colcon.colcon_core.package_identification:_identify(src/amr_nav) by extensions ['ignore', 'ignore_ament_install']
[0.147s] Level 1:colcon.colcon_core.package_identification:_identify(src/amr_nav) by extension 'ignore'
[0.147s] Level 1:colcon.colcon_core.package_identification:_identify(src/amr_nav) by extension 'ignore_ament_install'
[0.147s] Level 1:colcon.colcon_core.package_identification:_identify(src/amr_nav) by extensions ['colcon_pkg']
[0.147s] Level 1:colcon.colcon_core.package_identification:_identify(src/amr_nav) by extension 'colcon_pkg'
[0.147s] Level 1:colcon.colcon_core.package_identification:_identify(src/amr_nav) by extensions ['colcon_meta']
[0.147s] Level 1:colcon.colcon_core.package_identification:_identify(src/amr_nav) by extension 'colcon_meta'
[0.147s] Level 1:colcon.colcon_core.package_identification:_identify(src/amr_nav) by extensions ['ros']
[0.147s] Level 1:colcon.colcon_core.package_identification:_identify(src/amr_nav) by extension 'ros'
[0.148s] DEBUG:colcon.colcon_core.package_identification:Package 'src/amr_nav' with type 'ros.ament_cmake' and name 'amr_nav'
[0.148s] Level 1:colcon.colcon_core.package_discovery:discover_packages(recursive) using defaults
[0.148s] Level 1:colcon.colcon_core.package_discovery:discover_packages(ignore) discover
[0.148s] Level 1:colcon.colcon_core.package_discovery:discover_packages(ignore) using defaults
[0.148s] Level 1:colcon.colcon_core.package_discovery:discover_packages(path) discover
[0.148s] Level 1:colcon.colcon_core.package_discovery:discover_packages(path) using defaults
[0.164s] INFO:colcon.colcon_core.package_selection:Skipping not selected package 'amr_gazebo' in 'src/amr_gazebo'
[0.164s] INFO:colcon.colcon_core.package_selection:Skipping not selected package 'amr_nav' in 'src/amr_nav'
[0.164s] INFO:colcon.colcon_core.package_selection:Skipping not selected package 'amr_coordination' in 'src/amr_coordination'
[0.164s] INFO:colcon.colcon_core.package_selection:Skipping not selected package 'amr_bringup' in 'src/amr_bringup'
[0.164s] Level 1:colcon.colcon_core.package_discovery:discover_packages(prefix_path) check parameters
[0.164s] Level 1:colcon.colcon_core.package_discovery:discover_packages(prefix_path) discover
[0.166s] DEBUG:colcon.colcon_installed_package_information.package_discovery:Found 0 installed packages in /home/neer/ros2_ws/install
[0.167s] DEBUG:colcon.colcon_installed_package_information.package_discovery:Found 413 installed packages in /opt/ros/jazzy
[0.168s] Level 1:colcon.colcon_core.package_discovery:discover_packages(prefix_path) using defaults
[0.200s] Level 5:colcon.colcon_core.verb:set package 'amr_msgs' build argument 'cmake_args' from command line to 'None'
[0.200s] Level 5:colcon.colcon_core.verb:set package 'amr_msgs' build argument 'cmake_target' from command line to 'None'
[0.200s] Level 5:colcon.colcon_core.verb:set package 'amr_msgs' build argument 'cmake_target_skip_unavailable' from command line to 'False'
[0.200s] Level 5:colcon.colcon_core.verb:set package 'amr_msgs' build argument 'cmake_clean_cache' from command line to 'False'
[0.200s] Level 5:colcon.colcon_core.verb:set package 'amr_msgs' build argument 'cmake_clean_first' from command line to 'False'
[0.200s] Level 5:colcon.colcon_core.verb:set package 'amr_msgs' build argument 'cmake_force_configure' from command line to 'False'
[0.200s] Level 5:colcon.colcon_core.verb:set package 'amr_msgs' build argument 'ament_cmake_args' from command line to 'None'
[0.200s] Level 5:colcon.colcon_core.verb:set package 'amr_msgs' build argument 'catkin_cmake_args' from command line to 'None'
[0.200s] Level 5:colcon.colcon_core.verb:set package 'amr_msgs' build argument 'catkin_skip_building_tests' from command line to 'False'
[0.200s] DEBUG:colcon.colcon_core.verb:Building package 'amr_msgs' with the following arguments: {'ament_cmake_args': None, 'build_base': '/home/neer/Desktop/SIH/ros2_ws/build/amr_msgs', 'catkin_cmake_args': None, 'catkin_skip_building_tests': False, 'cmake_args': None, 'cmake_clean_cache': False, 'cmake_clean_first': False, 'cmake_force_configure': False, 'cmake_target': None, 'cmake_target_skip_unavailable': False, 'install_base': '/home/neer/Desktop/SIH/ros2_ws/install/amr_msgs', 'merge_install': False, 'path': '/home/neer/Desktop/SIH/ros2_ws/src/amr_msgs', 'symlink_install': True, 'test_result_base': None}
[0.200s] INFO:colcon.colcon_core.executor:Executing jobs using 'parallel' executor
[0.201s] DEBUG:colcon.colcon_parallel_executor.executor.parallel:run_until_complete
[0.201s] INFO:colcon.colcon_ros.task.ament_cmake.build:Building ROS package in '/home/neer/Desktop/SIH/ros2_ws/src/amr_msgs' with build type 'ament_cmake'
[0.201s] INFO:colcon.colcon_cmake.task.cmake.build:Building CMake package in '/home/neer/Desktop/SIH/ros2_ws/src/amr_msgs'
[0.204s] INFO:colcon.colcon_core.plugin_system:Skipping extension 'colcon_core.shell.bat': Not used on non-Windows systems
[0.204s] INFO:colcon.colcon_core.shell:Skip shell extension 'powershell' for command environment: Not usable outside of PowerShell
[0.204s] DEBUG:colcon.colcon_core.shell:Skip shell extension 'dsv' for command environment
[0.211s] DEBUG:colcon.colcon_core.event_handler.log_command:Invoking command in '/home/neer/Desktop/SIH/ros2_ws/build/amr_msgs': CMAKE_PREFIX_PATH=${CMAKE_PREFIX_PATH}:/opt/ros/jazzy DEBUGINFOD_URLS=https://debuginfod.ubuntu.com /usr/bin/cmake /home/neer/Desktop/SIH/ros2_ws/src/amr_msgs -DAMENT_CMAKE_SYMLINK_INSTALL=1 -DCMAKE_INSTALL_PREFIX=/home/neer/Desktop/SIH/ros2_ws/install/amr_msgs
[3.724s] DEBUG:colcon.colcon_core.event_handler.log_command:Invoked command in '/home/neer/Desktop/SIH/ros2_ws/build/amr_msgs' returned '0': CMAKE_PREFIX_PATH=${CMAKE_PREFIX_PATH}:/opt/ros/jazzy DEBUGINFOD_URLS=https://debuginfod.ubuntu.com /usr/bin/cmake /home/neer/Desktop/SIH/ros2_ws/src/amr_msgs -DAMENT_CMAKE_SYMLINK_INSTALL=1 -DCMAKE_INSTALL_PREFIX=/home/neer/Desktop/SIH/ros2_ws/install/amr_msgs
[3.726s] DEBUG:colcon.colcon_core.event_handler.log_command:Invoking command in '/home/neer/Desktop/SIH/ros2_ws/build/amr_msgs': CMAKE_PREFIX_PATH=${CMAKE_PREFIX_PATH}:/opt/ros/jazzy DEBUGINFOD_URLS=https://debuginfod.ubuntu.com /usr/bin/cmake --build /home/neer/Desktop/SIH/ros2_ws/build/amr_msgs -- -j28 -l28
[5.729s] DEBUG:colcon.colcon_core.event_handler.log_command:Invoked command in '/home/neer/Desktop/SIH/ros2_ws/build/amr_msgs' returned '0': CMAKE_PREFIX_PATH=${CMAKE_PREFIX_PATH}:/opt/ros/jazzy DEBUGINFOD_URLS=https://debuginfod.ubuntu.com /usr/bin/cmake --build /home/neer/Desktop/SIH/ros2_ws/build/amr_msgs -- -j28 -l28
[5.743s] DEBUG:colcon.colcon_core.event_handler.log_command:Invoking command in '/home/neer/Desktop/SIH/ros2_ws/build/amr_msgs': CMAKE_PREFIX_PATH=${CMAKE_PREFIX_PATH}:/opt/ros/jazzy DEBUGINFOD_URLS=https://debuginfod.ubuntu.com /usr/bin/cmake --install /home/neer/Desktop/SIH/ros2_ws/build/amr_msgs
[6.710s] Level 1:colcon.colcon_core.environment:create_environment_scripts_only(amr_msgs)
[6.710s] DEBUG:colcon.colcon_core.event_handler.log_command:Invoked command in '/home/neer/Desktop/SIH/ros2_ws/build/amr_msgs' returned '0': CMAKE_PREFIX_PATH=${CMAKE_PREFIX_PATH}:/opt/ros/jazzy DEBUGINFOD_URLS=https://debuginfod.ubuntu.com /usr/bin/cmake --install /home/neer/Desktop/SIH/ros2_ws/build/amr_msgs
[6.713s] Level 1:colcon.colcon_core.environment:checking '/home/neer/Desktop/SIH/ros2_ws/install/amr_msgs' for CMake module files
[6.714s] Level 1:colcon.colcon_core.environment:checking '/home/neer/Desktop/SIH/ros2_ws/install/amr_msgs' for CMake config files
[6.714s] Level 1:colcon.colcon_core.shell:create_environment_hook('amr_msgs', 'cmake_prefix_path')
[6.715s] INFO:colcon.colcon_core.shell:Creating environment hook '/home/neer/Desktop/SIH/ros2_ws/install/amr_msgs/share/amr_msgs/hook/cmake_prefix_path.ps1'
[6.715s] INFO:colcon.colcon_core.shell:Creating environment descriptor '/home/neer/Desktop/SIH/ros2_ws/install/amr_msgs/share/amr_msgs/hook/cmake_prefix_path.dsv'
[6.715s] INFO:colcon.colcon_core.shell:Creating environment hook '/home/neer/Desktop/SIH/ros2_ws/install/amr_msgs/share/amr_msgs/hook/cmake_prefix_path.sh'
[6.716s] Level 1:colcon.colcon_core.environment:checking '/home/neer/Desktop/SIH/ros2_ws/install/amr_msgs/lib'
[6.716s] Level 1:colcon.colcon_core.shell:create_environment_hook('amr_msgs', 'ld_library_path_lib')
[6.716s] INFO:colcon.colcon_core.shell:Creating environment hook '/home/neer/Desktop/SIH/ros2_ws/install/amr_msgs/share/amr_msgs/hook/ld_library_path_lib.ps1'
[6.717s] INFO:colcon.colcon_core.shell:Creating environment descriptor '/home/neer/Desktop/SIH/ros2_ws/install/amr_msgs/share/amr_msgs/hook/ld_library_path_lib.dsv'
[6.717s] INFO:colcon.colcon_core.shell:Creating environment hook '/home/neer/Desktop/SIH/ros2_ws/install/amr_msgs/share/amr_msgs/hook/ld_library_path_lib.sh'
[6.717s] Level 1:colcon.colcon_core.environment:checking '/home/neer/Desktop/SIH/ros2_ws/install/amr_msgs/bin'
[6.717s] Level 1:colcon.colcon_core.environment:checking '/home/neer/Desktop/SIH/ros2_ws/install/amr_msgs/lib/pkgconfig/amr_msgs.pc'
[6.717s] Level 1:colcon.colcon_core.environment:checking '/home/neer/Desktop/SIH/ros2_ws/install/amr_msgs/lib/python3.12/site-packages'
[6.717s] Level 1:colcon.colcon_core.shell:create_environment_hook('amr_msgs', 'pythonpath')
[6.717s] INFO:colcon.colcon_core.shell:Creating environment hook '/home/neer/Desktop/SIH/ros2_ws/install/amr_msgs/share/amr_msgs/hook/pythonpath.ps1'
[6.717s] INFO:colcon.colcon_core.shell:Creating environment descriptor '/home/neer/Desktop/SIH/ros2_ws/install/amr_msgs/share/amr_msgs/hook/pythonpath.dsv'
[6.718s] INFO:colcon.colcon_core.shell:Creating environment hook '/home/neer/Desktop/SIH/ros2_ws/install/amr_msgs/share/amr_msgs/hook/pythonpath.sh'
[6.718s] Level 1:colcon.colcon_core.environment:checking '/home/neer/Desktop/SIH/ros2_ws/install/amr_msgs/bin'
[6.718s] INFO:colcon.colcon_core.shell:Creating package script '/home/neer/Desktop/SIH/ros2_ws/install/amr_msgs/share/amr_msgs/package.ps1'
[6.719s] INFO:colcon.colcon_core.shell:Creating package descriptor '/home/neer/Desktop/SIH/ros2_ws/install/amr_msgs/share/amr_msgs/package.dsv'
[6.719s] INFO:colcon.colcon_core.shell:Creating package script '/home/neer/Desktop/SIH/ros2_ws/install/amr_msgs/share/amr_msgs/package.sh'
[6.720s] INFO:colcon.colcon_core.shell:Creating package script '/home/neer/Desktop/SIH/ros2_ws/install/amr_msgs/share/amr_msgs/package.bash'
[6.720s] INFO:colcon.colcon_core.shell:Creating package script '/home/neer/Desktop/SIH/ros2_ws/install/amr_msgs/share/amr_msgs/package.zsh'
[6.721s] Level 1:colcon.colcon_core.environment:create_file_with_runtime_dependencies(/home/neer/Desktop/SIH/ros2_ws/install/amr_msgs/share/colcon-core/packages/amr_msgs)
[6.721s] Level 1:colcon.colcon_core.environment:create_environment_scripts_only(amr_msgs)
[6.721s] Level 1:colcon.colcon_core.environment:checking '/home/neer/Desktop/SIH/ros2_ws/install/amr_msgs' for CMake module files
[6.721s] Level 1:colcon.colcon_core.environment:checking '/home/neer/Desktop/SIH/ros2_ws/install/amr_msgs' for CMake config files
[6.722s] Level 1:colcon.colcon_core.shell:create_environment_hook('amr_msgs', 'cmake_prefix_path')
[6.722s] INFO:colcon.colcon_core.shell:Creating environment hook '/home/neer/Desktop/SIH/ros2_ws/install/amr_msgs/share/amr_msgs/hook/cmake_prefix_path.ps1'
[6.722s] INFO:colcon.colcon_core.shell:Creating environment descriptor '/home/neer/Desktop/SIH/ros2_ws/install/amr_msgs/share/amr_msgs/hook/cmake_prefix_path.dsv'
[6.723s] INFO:colcon.colcon_core.shell:Creating environment hook '/home/neer/Desktop/SIH/ros2_ws/install/amr_msgs/share/amr_msgs/hook/cmake_prefix_path.sh'
[6.723s] Level 1:colcon.colcon_core.environment:checking '/home/neer/Desktop/SIH/ros2_ws/install/amr_msgs/lib'
[6.723s] Level 1:colcon.colcon_core.shell:create_environment_hook('amr_msgs', 'ld_library_path_lib')
[6.723s] INFO:colcon.colcon_core.shell:Creating environment hook '/home/neer/Desktop/SIH/ros2_ws/install/amr_msgs/share/amr_msgs/hook/ld_library_path_lib.ps1'
[6.723s] INFO:colcon.colcon_core.shell:Creating environment descriptor '/home/neer/Desktop/SIH/ros2_ws/install/amr_msgs/share/amr_msgs/hook/ld_library_path_lib.dsv'
[6.724s] INFO:colcon.colcon_core.shell:Creating environment hook '/home/neer/Desktop/SIH/ros2_ws/install/amr_msgs/share/amr_msgs/hook/ld_library_path_lib.sh'
[6.724s] Level 1:colcon.colcon_core.environment:checking '/home/neer/Desktop/SIH/ros2_ws/install/amr_msgs/bin'
[6.724s] Level 1:colcon.colcon_core.environment:checking '/home/neer/Desktop/SIH/ros2_ws/install/amr_msgs/lib/pkgconfig/amr_msgs.pc'
[6.724s] Level 1:colcon.colcon_core.environment:checking '/home/neer/Desktop/SIH/ros2_ws/install/amr_msgs/lib/python3.12/site-packages'
[6.724s] Level 1:colcon.colcon_core.shell:create_environment_hook('amr_msgs', 'pythonpath')
[6.724s] INFO:colcon.colcon_core.shell:Creating environment hook '/home/neer/Desktop/SIH/ros2_ws/install/amr_msgs/share/amr_msgs/hook/pythonpath.ps1'
[6.725s] INFO:colcon.colcon_core.shell:Creating environment descriptor '/home/neer/Desktop/SIH/ros2_ws/install/amr_msgs/share/amr_msgs/hook/pythonpath.dsv'
[6.725s] INFO:colcon.colcon_core.shell:Creating environment hook '/home/neer/Desktop/SIH/ros2_ws/install/amr_msgs/share/amr_msgs/hook/pythonpath.sh'
[6.725s] Level 1:colcon.colcon_core.environment:checking '/home/neer/Desktop/SIH/ros2_ws/install/amr_msgs/bin'
[6.725s] INFO:colcon.colcon_core.shell:Creating package script '/home/neer/Desktop/SIH/ros2_ws/install/amr_msgs/share/amr_msgs/package.ps1'
[6.726s] INFO:colcon.colcon_core.shell:Creating package descriptor '/home/neer/Desktop/SIH/ros2_ws/install/amr_msgs/share/amr_msgs/package.dsv'
[6.726s] INFO:colcon.colcon_core.shell:Creating package script '/home/neer/Desktop/SIH/ros2_ws/install/amr_msgs/share/amr_msgs/package.sh'
[6.726s] INFO:colcon.colcon_core.shell:Creating package script '/home/neer/Desktop/SIH/ros2_ws/install/amr_msgs/share/amr_msgs/package.bash'
[6.727s] INFO:colcon.colcon_core.shell:Creating package script '/home/neer/Desktop/SIH/ros2_ws/install/amr_msgs/share/amr_msgs/package.zsh'
[6.727s] Level 1:colcon.colcon_core.environment:create_file_with_runtime_dependencies(/home/neer/Desktop/SIH/ros2_ws/install/amr_msgs/share/colcon-core/packages/amr_msgs)
[6.727s] DEBUG:colcon.colcon_parallel_executor.executor.parallel:closing loop
[6.727s] DEBUG:colcon.colcon_parallel_executor.executor.parallel:loop closed
[6.727s] DEBUG:colcon.colcon_parallel_executor.executor.parallel:run_until_complete finished with '0'
[6.727s] DEBUG:colcon.colcon_core.event_reactor:joining thread
[6.732s] INFO:colcon.colcon_core.plugin_system:Skipping extension 'colcon_notification.desktop_notification.terminal_notifier': Not used on non-Darwin systems
[6.732s] INFO:colcon.colcon_core.plugin_system:Skipping extension 'colcon_notification.desktop_notification.win32': Not used on non-Windows systems
[6.732s] INFO:colcon.colcon_notification.desktop_notification:Sending desktop notification using 'notify2'
[6.755s] DEBUG:colcon.colcon_core.event_reactor:joined thread
[6.755s] INFO:colcon.colcon_core.shell:Creating prefix script '/home/neer/Desktop/SIH/ros2_ws/install/local_setup.ps1'
[6.756s] INFO:colcon.colcon_core.shell:Creating prefix util module '/home/neer/Desktop/SIH/ros2_ws/install/_local_setup_util_ps1.py'
[6.758s] INFO:colcon.colcon_core.shell:Creating prefix chain script '/home/neer/Desktop/SIH/ros2_ws/install/setup.ps1'
[6.759s] INFO:colcon.colcon_core.shell:Creating prefix script '/home/neer/Desktop/SIH/ros2_ws/install/local_setup.sh'
[6.760s] INFO:colcon.colcon_core.shell:Creating prefix util module '/home/neer/Desktop/SIH/ros2_ws/install/_local_setup_util_sh.py'
[6.760s] INFO:colcon.colcon_core.shell:Creating prefix chain script '/home/neer/Desktop/SIH/ros2_ws/install/setup.sh'
[6.761s] INFO:colcon.colcon_core.shell:Creating prefix script '/home/neer/Desktop/SIH/ros2_ws/install/local_setup.bash'
[6.762s] INFO:colcon.colcon_core.shell:Creating prefix chain script '/home/neer/Desktop/SIH/ros2_ws/install/setup.bash'
[6.763s] INFO:colcon.colcon_core.shell:Creating prefix script '/home/neer/Desktop/SIH/ros2_ws/install/local_setup.zsh'
[6.764s] INFO:colcon.colcon_core.shell:Creating prefix chain script '/home/neer/Desktop/SIH/ros2_ws/install/setup.zsh'
