[1.363s] Invoking command in '/home/piyansh46/Code/SIH_2026/ros2_ws/build/amr_coordination': AMENT_PREFIX_PATH=/home/piyansh46/Code/SIH_2026/ros2_ws/install/amr_msgs:${AMENT_PREFIX_PATH} CMAKE_PREFIX_PATH=/home/piyansh46/Code/SIH_2026/ros2_ws/install/amr_msgs:${CMAKE_PREFIX_PATH} DEBUGINFOD_URLS=https://debuginfod.ubuntu.com LD_LIBRARY_PATH=/home/piyansh46/Code/SIH_2026/ros2_ws/install/amr_msgs/lib:${LD_LIBRARY_PATH} PYTHONPATH=/home/piyansh46/Code/SIH_2026/ros2_ws/build/amr_coordination/prefix_override:/usr/lib/python3/dist-packages/colcon_core/task/python/colcon_distutils_commands:/home/piyansh46/Code/SIH_2026/ros2_ws/install/amr_coordination/lib/python3.12/site-packages:/home/piyansh46/Code/SIH_2026/ros2_ws/install/amr_msgs/lib/python3.12/site-packages:${PYTHONPATH} /usr/bin/python3 -W ignore:setup.py install is deprecated -W ignore:easy_install command is deprecated setup.py develop --editable --build-directory /home/piyansh46/Code/SIH_2026/ros2_ws/build/amr_coordination/build --no-deps symlink_data
[1.689s] running develop
[1.873s] running egg_info
[1.890s] writing amr_coordination.egg-info/PKG-INFO
[1.890s] writing dependency_links to amr_coordination.egg-info/dependency_links.txt
[1.890s] writing entry points to amr_coordination.egg-info/entry_points.txt
[1.891s] writing requirements to amr_coordination.egg-info/requires.txt
[1.891s] writing top-level names to amr_coordination.egg-info/top_level.txt
[1.927s] reading manifest file 'amr_coordination.egg-info/SOURCES.txt'
[1.928s] writing manifest file 'amr_coordination.egg-info/SOURCES.txt'
[1.947s] running build_ext
[1.947s] Creating /home/piyansh46/Code/SIH_2026/ros2_ws/install/amr_coordination/lib/python3.12/site-packages/amr-coordination.egg-link (link to .)
[1.949s] Installing choke_negotiator script to /home/piyansh46/Code/SIH_2026/ros2_ws/install/amr_coordination/lib/amr_coordination
[1.949s] Installing conflict_detector script to /home/piyansh46/Code/SIH_2026/ros2_ws/install/amr_coordination/lib/amr_coordination
[1.950s] Installing goal_dispatcher script to /home/piyansh46/Code/SIH_2026/ros2_ws/install/amr_coordination/lib/amr_coordination
[1.950s] Installing goal_sequencer script to /home/piyansh46/Code/SIH_2026/ros2_ws/install/amr_coordination/lib/amr_coordination
[1.950s] Installing metrics_logger script to /home/piyansh46/Code/SIH_2026/ros2_ws/install/amr_coordination/lib/amr_coordination
[1.950s] Installing obstacle_relay script to /home/piyansh46/Code/SIH_2026/ros2_ws/install/amr_coordination/lib/amr_coordination
[1.950s] Installing path_sharer script to /home/piyansh46/Code/SIH_2026/ros2_ws/install/amr_coordination/lib/amr_coordination
[1.950s] Installing send_goal script to /home/piyansh46/Code/SIH_2026/ros2_ws/install/amr_coordination/lib/amr_coordination
[1.950s] Installing web_bridge_node script to /home/piyansh46/Code/SIH_2026/ros2_ws/install/amr_coordination/lib/amr_coordination
[1.950s] 
[1.951s] Installed /home/piyansh46/Code/SIH_2026/ros2_ws/build/amr_coordination
[1.951s] running symlink_data
[2.019s] Invoked command in '/home/piyansh46/Code/SIH_2026/ros2_ws/build/amr_coordination' returned '0': AMENT_PREFIX_PATH=/home/piyansh46/Code/SIH_2026/ros2_ws/install/amr_msgs:${AMENT_PREFIX_PATH} CMAKE_PREFIX_PATH=/home/piyansh46/Code/SIH_2026/ros2_ws/install/amr_msgs:${CMAKE_PREFIX_PATH} DEBUGINFOD_URLS=https://debuginfod.ubuntu.com LD_LIBRARY_PATH=/home/piyansh46/Code/SIH_2026/ros2_ws/install/amr_msgs/lib:${LD_LIBRARY_PATH} PYTHONPATH=/home/piyansh46/Code/SIH_2026/ros2_ws/build/amr_coordination/prefix_override:/usr/lib/python3/dist-packages/colcon_core/task/python/colcon_distutils_commands:/home/piyansh46/Code/SIH_2026/ros2_ws/install/amr_coordination/lib/python3.12/site-packages:/home/piyansh46/Code/SIH_2026/ros2_ws/install/amr_msgs/lib/python3.12/site-packages:${PYTHONPATH} /usr/bin/python3 -W ignore:setup.py install is deprecated -W ignore:easy_install command is deprecated setup.py develop --editable --build-directory /home/piyansh46/Code/SIH_2026/ros2_ws/build/amr_coordination/build --no-deps symlink_data
