[0.737s] Invoking command in '/home/neer/Desktop/SIH/ros2_ws/build/amr_coordination': CMAKE_PREFIX_PATH=/home/neer/Desktop/SIH/ros2_ws/install/amr_msgs:/home/neer/Desktop/SIH/ros2_ws/install/amr_bringup:/home/neer/Desktop/SIH/ros2_ws/install/amr_nav:/home/neer/Desktop/SIH/ros2_ws/install/amr_gazebo:/opt/ros/jazzy/opt/gz_sim_vendor:/opt/ros/jazzy/opt/gz_sensors_vendor:/opt/ros/jazzy/opt/gz_physics_vendor:/opt/ros/jazzy/opt/sdformat_vendor:/opt/ros/jazzy/opt/gz_gui_vendor:/opt/ros/jazzy/opt/gz_transport_vendor:/opt/ros/jazzy/opt/gz_rendering_vendor:/opt/ros/jazzy/opt/gz_plugin_vendor:/opt/ros/jazzy/opt/gz_fuel_tools_vendor:/opt/ros/jazzy/opt/gz_msgs_vendor:/opt/ros/jazzy/opt/gz_common_vendor:/opt/ros/jazzy/opt/gz_math_vendor:/opt/ros/jazzy/opt/gz_utils_vendor:/opt/ros/jazzy/opt/gz_tools_vendor:/opt/ros/jazzy/opt/gz_ogre_next_vendor:/opt/ros/jazzy/opt/gz_dartsim_vendor:/opt/ros/jazzy/opt/gz_cmake_vendor DEBUGINFOD_URLS=https://debuginfod.ubuntu.com PYTHONPATH=/home/neer/Desktop/SIH/ros2_ws/build/amr_coordination/prefix_override:/usr/lib/python3/dist-packages/colcon_core/task/python/colcon_distutils_commands:/home/neer/Desktop/SIH/ros2_ws/install/amr_coordination/lib/python3.12/site-packages:/home/neer/Desktop/SIH/ros2_ws/install/amr_msgs/lib/python3.12/site-packages:/home/neer/Desktop/SIH/ros2_ws/build/amr_coordination:/home/neer/Desktop/SIH/ros2_ws/install/amr_coordination/lib/python3.12/site-packages:/opt/ros/jazzy/lib/python3.12/site-packages /usr/bin/python3 -W ignore:setup.py install is deprecated -W ignore:easy_install command is deprecated setup.py develop --editable --build-directory /home/neer/Desktop/SIH/ros2_ws/build/amr_coordination/build --no-deps symlink_data
[0.944s] running develop
[1.068s] running egg_info
[1.080s] writing amr_coordination.egg-info/PKG-INFO
[1.080s] writing dependency_links to amr_coordination.egg-info/dependency_links.txt
[1.081s] writing entry points to amr_coordination.egg-info/entry_points.txt
[1.081s] writing requirements to amr_coordination.egg-info/requires.txt
[1.081s] writing top-level names to amr_coordination.egg-info/top_level.txt
[1.106s] reading manifest file 'amr_coordination.egg-info/SOURCES.txt'
[1.107s] writing manifest file 'amr_coordination.egg-info/SOURCES.txt'
[1.119s] running build_ext
[1.119s] Creating /home/neer/Desktop/SIH/ros2_ws/install/amr_coordination/lib/python3.12/site-packages/amr-coordination.egg-link (link to .)
[1.120s] Installing choke_negotiator script to /home/neer/Desktop/SIH/ros2_ws/install/amr_coordination/lib/amr_coordination
[1.121s] Installing conflict_detector script to /home/neer/Desktop/SIH/ros2_ws/install/amr_coordination/lib/amr_coordination
[1.121s] Installing goal_dispatcher script to /home/neer/Desktop/SIH/ros2_ws/install/amr_coordination/lib/amr_coordination
[1.121s] Installing goal_sequencer script to /home/neer/Desktop/SIH/ros2_ws/install/amr_coordination/lib/amr_coordination
[1.121s] Installing metrics_logger script to /home/neer/Desktop/SIH/ros2_ws/install/amr_coordination/lib/amr_coordination
[1.121s] Installing obstacle_relay script to /home/neer/Desktop/SIH/ros2_ws/install/amr_coordination/lib/amr_coordination
[1.121s] Installing path_sharer script to /home/neer/Desktop/SIH/ros2_ws/install/amr_coordination/lib/amr_coordination
[1.121s] Installing send_goal script to /home/neer/Desktop/SIH/ros2_ws/install/amr_coordination/lib/amr_coordination
[1.121s] 
[1.121s] Installed /home/neer/Desktop/SIH/ros2_ws/build/amr_coordination
[1.121s] running symlink_data
[1.140s] Invoked command in '/home/neer/Desktop/SIH/ros2_ws/build/amr_coordination' returned '0': CMAKE_PREFIX_PATH=/home/neer/Desktop/SIH/ros2_ws/install/amr_msgs:/home/neer/Desktop/SIH/ros2_ws/install/amr_bringup:/home/neer/Desktop/SIH/ros2_ws/install/amr_nav:/home/neer/Desktop/SIH/ros2_ws/install/amr_gazebo:/opt/ros/jazzy/opt/gz_sim_vendor:/opt/ros/jazzy/opt/gz_sensors_vendor:/opt/ros/jazzy/opt/gz_physics_vendor:/opt/ros/jazzy/opt/sdformat_vendor:/opt/ros/jazzy/opt/gz_gui_vendor:/opt/ros/jazzy/opt/gz_transport_vendor:/opt/ros/jazzy/opt/gz_rendering_vendor:/opt/ros/jazzy/opt/gz_plugin_vendor:/opt/ros/jazzy/opt/gz_fuel_tools_vendor:/opt/ros/jazzy/opt/gz_msgs_vendor:/opt/ros/jazzy/opt/gz_common_vendor:/opt/ros/jazzy/opt/gz_math_vendor:/opt/ros/jazzy/opt/gz_utils_vendor:/opt/ros/jazzy/opt/gz_tools_vendor:/opt/ros/jazzy/opt/gz_ogre_next_vendor:/opt/ros/jazzy/opt/gz_dartsim_vendor:/opt/ros/jazzy/opt/gz_cmake_vendor DEBUGINFOD_URLS=https://debuginfod.ubuntu.com PYTHONPATH=/home/neer/Desktop/SIH/ros2_ws/build/amr_coordination/prefix_override:/usr/lib/python3/dist-packages/colcon_core/task/python/colcon_distutils_commands:/home/neer/Desktop/SIH/ros2_ws/install/amr_coordination/lib/python3.12/site-packages:/home/neer/Desktop/SIH/ros2_ws/install/amr_msgs/lib/python3.12/site-packages:/home/neer/Desktop/SIH/ros2_ws/build/amr_coordination:/home/neer/Desktop/SIH/ros2_ws/install/amr_coordination/lib/python3.12/site-packages:/opt/ros/jazzy/lib/python3.12/site-packages /usr/bin/python3 -W ignore:setup.py install is deprecated -W ignore:easy_install command is deprecated setup.py develop --editable --build-directory /home/neer/Desktop/SIH/ros2_ws/build/amr_coordination/build --no-deps symlink_data
