[0.024s] Invoking command in '/home/neer/Desktop/SIH/ros2_ws/build/amr_msgs': CMAKE_PREFIX_PATH=${CMAKE_PREFIX_PATH}:/opt/ros/jazzy DEBUGINFOD_URLS=https://debuginfod.ubuntu.com /usr/bin/cmake --build /home/neer/Desktop/SIH/ros2_ws/build/amr_msgs -- -j28 -l28
[0.095s] [  1%] Built target amr_msgs__rs
[0.133s] [  1%] Built target ament_cmake_python_symlink_amr_msgs
[0.157s] [  3%] Built target amr_msgs__rosidl_generator_type_description
[0.440s] running egg_info
[0.467s] writing amr_msgs.egg-info/PKG-INFO
[0.467s] writing dependency_links to amr_msgs.egg-info/dependency_links.txt
[0.467s] writing top-level names to amr_msgs.egg-info/top_level.txt
[0.542s] reading manifest file 'amr_msgs.egg-info/SOURCES.txt'
[0.542s] writing manifest file 'amr_msgs.egg-info/SOURCES.txt'
[0.576s] [  3%] Built target ament_cmake_python_build_amr_msgs_egg
[0.602s] [  5%] Built target amr_msgs__cpp
[0.638s] [ 25%] Built target amr_msgs__rosidl_generator_c
[0.672s] [ 34%] Built target amr_msgs__rosidl_typesupport_fastrtps_c
[0.707s] [ 43%] Built target amr_msgs__rosidl_typesupport_cpp
[0.742s] [ 52%] Built target amr_msgs__rosidl_typesupport_introspection_cpp
[0.776s] [ 61%] Built target amr_msgs__rosidl_typesupport_fastrtps_cpp
[0.808s] [ 70%] Built target amr_msgs__rosidl_typesupport_c
[0.837s] [ 80%] Built target amr_msgs__rosidl_typesupport_introspection_c
[0.865s] [ 80%] Built target amr_msgs
[0.894s] [ 81%] Built target amr_msgs__py
[0.930s] [ 89%] Built target amr_msgs__rosidl_generator_py
[0.965s] [ 92%] Built target amr_msgs_s__rosidl_typesupport_fastrtps_c
[0.997s] [ 96%] Built target amr_msgs_s__rosidl_typesupport_c
[1.028s] [100%] Built target amr_msgs_s__rosidl_typesupport_introspection_c
[1.042s] Invoked command in '/home/neer/Desktop/SIH/ros2_ws/build/amr_msgs' returned '0': CMAKE_PREFIX_PATH=${CMAKE_PREFIX_PATH}:/opt/ros/jazzy DEBUGINFOD_URLS=https://debuginfod.ubuntu.com /usr/bin/cmake --build /home/neer/Desktop/SIH/ros2_ws/build/amr_msgs -- -j28 -l28
[1.044s] Invoking command in '/home/neer/Desktop/SIH/ros2_ws/build/amr_msgs': CMAKE_PREFIX_PATH=${CMAKE_PREFIX_PATH}:/opt/ros/jazzy DEBUGINFOD_URLS=https://debuginfod.ubuntu.com /usr/bin/cmake --install /home/neer/Desktop/SIH/ros2_ws/build/amr_msgs
[1.054s] -- Install configuration: ""
[1.055s] -- Execute custom install script
[1.055s] -- Up-to-date symlink: /home/neer/Desktop/SIH/ros2_ws/install/amr_msgs/share/ament_index/resource_index/rosidl_interfaces/amr_msgs
[1.056s] -- Up-to-date symlink: /home/neer/Desktop/SIH/ros2_ws/install/amr_msgs/share/amr_msgs/msg/RobotPlan.json
[1.056s] -- Up-to-date symlink: /home/neer/Desktop/SIH/ros2_ws/install/amr_msgs/share/amr_msgs/msg/DetectedObstacle.json
[1.056s] -- Up-to-date symlink: /home/neer/Desktop/SIH/ros2_ws/install/amr_msgs/share/amr_msgs/msg/ChokeRequest.json
[1.057s] -- Up-to-date symlink: /home/neer/Desktop/SIH/ros2_ws/install/amr_msgs/include/amr_msgs/amr_msgs/msg/choke_request.h
[1.057s] -- Up-to-date symlink: /home/neer/Desktop/SIH/ros2_ws/install/amr_msgs/include/amr_msgs/amr_msgs/msg/detail/choke_request__functions.h
[1.057s] -- Up-to-date symlink: /home/neer/Desktop/SIH/ros2_ws/install/amr_msgs/include/amr_msgs/amr_msgs/msg/detail/choke_request__struct.h
[1.057s] -- Up-to-date symlink: /home/neer/Desktop/SIH/ros2_ws/install/amr_msgs/include/amr_msgs/amr_msgs/msg/detail/choke_request__type_support.h
[1.057s] -- Up-to-date symlink: /home/neer/Desktop/SIH/ros2_ws/install/amr_msgs/include/amr_msgs/amr_msgs/msg/detail/detected_obstacle__functions.h
[1.057s] -- Up-to-date symlink: /home/neer/Desktop/SIH/ros2_ws/install/amr_msgs/include/amr_msgs/amr_msgs/msg/detail/detected_obstacle__struct.h
[1.058s] -- Up-to-date symlink: /home/neer/Desktop/SIH/ros2_ws/install/amr_msgs/include/amr_msgs/amr_msgs/msg/detail/detected_obstacle__type_support.h
[1.058s] -- Up-to-date symlink: /home/neer/Desktop/SIH/ros2_ws/install/amr_msgs/include/amr_msgs/amr_msgs/msg/detail/robot_plan__functions.h
[1.058s] -- Up-to-date symlink: /home/neer/Desktop/SIH/ros2_ws/install/amr_msgs/include/amr_msgs/amr_msgs/msg/detail/robot_plan__struct.h
[1.058s] -- Up-to-date symlink: /home/neer/Desktop/SIH/ros2_ws/install/amr_msgs/include/amr_msgs/amr_msgs/msg/detail/robot_plan__type_support.h
[1.058s] -- Up-to-date symlink: /home/neer/Desktop/SIH/ros2_ws/install/amr_msgs/include/amr_msgs/amr_msgs/msg/detected_obstacle.h
[1.058s] -- Up-to-date symlink: /home/neer/Desktop/SIH/ros2_ws/install/amr_msgs/include/amr_msgs/amr_msgs/msg/robot_plan.h
[1.058s] -- Up-to-date symlink: /home/neer/Desktop/SIH/ros2_ws/install/amr_msgs/include/amr_msgs/amr_msgs/msg/rosidl_generator_c__visibility_control.h
[1.059s] -- Up-to-date symlink: /home/neer/Desktop/SIH/ros2_ws/install/amr_msgs/share/amr_msgs/environment/library_path.sh
[1.059s] -- Up-to-date symlink: /home/neer/Desktop/SIH/ros2_ws/install/amr_msgs/share/amr_msgs/environment/library_path.dsv
[1.059s] -- Up-to-date symlink: /home/neer/Desktop/SIH/ros2_ws/install/amr_msgs/include/amr_msgs/amr_msgs/msg/detail/choke_request__rosidl_typesupport_fastrtps_c.h
[1.060s] -- Up-to-date symlink: /home/neer/Desktop/SIH/ros2_ws/install/amr_msgs/include/amr_msgs/amr_msgs/msg/detail/detected_obstacle__rosidl_typesupport_fastrtps_c.h
[1.060s] -- Up-to-date symlink: /home/neer/Desktop/SIH/ros2_ws/install/amr_msgs/include/amr_msgs/amr_msgs/msg/detail/robot_plan__rosidl_typesupport_fastrtps_c.h
[1.060s] -- Up-to-date symlink: /home/neer/Desktop/SIH/ros2_ws/install/amr_msgs/include/amr_msgs/amr_msgs/msg/rosidl_typesupport_fastrtps_c__visibility_control.h
[1.060s] -- Up-to-date symlink: /home/neer/Desktop/SIH/ros2_ws/install/amr_msgs/include/amr_msgs/amr_msgs/msg/detail/choke_request__rosidl_typesupport_introspection_c.h
[1.061s] -- Up-to-date symlink: /home/neer/Desktop/SIH/ros2_ws/install/amr_msgs/include/amr_msgs/amr_msgs/msg/detail/detected_obstacle__rosidl_typesupport_introspection_c.h
[1.061s] -- Up-to-date symlink: /home/neer/Desktop/SIH/ros2_ws/install/amr_msgs/include/amr_msgs/amr_msgs/msg/detail/robot_plan__rosidl_typesupport_introspection_c.h
[1.061s] -- Up-to-date symlink: /home/neer/Desktop/SIH/ros2_ws/install/amr_msgs/include/amr_msgs/amr_msgs/msg/rosidl_typesupport_introspection_c__visibility_control.h
[1.062s] -- Up-to-date symlink: /home/neer/Desktop/SIH/ros2_ws/install/amr_msgs/include/amr_msgs/amr_msgs/msg/choke_request.hpp
[1.062s] -- Up-to-date symlink: /home/neer/Desktop/SIH/ros2_ws/install/amr_msgs/include/amr_msgs/amr_msgs/msg/detail/choke_request__builder.hpp
[1.062s] -- Up-to-date symlink: /home/neer/Desktop/SIH/ros2_ws/install/amr_msgs/include/amr_msgs/amr_msgs/msg/detail/choke_request__struct.hpp
[1.062s] -- Up-to-date symlink: /home/neer/Desktop/SIH/ros2_ws/install/amr_msgs/include/amr_msgs/amr_msgs/msg/detail/choke_request__traits.hpp
[1.062s] -- Up-to-date symlink: /home/neer/Desktop/SIH/ros2_ws/install/amr_msgs/include/amr_msgs/amr_msgs/msg/detail/choke_request__type_support.hpp
[1.062s] -- Up-to-date symlink: /home/neer/Desktop/SIH/ros2_ws/install/amr_msgs/include/amr_msgs/amr_msgs/msg/detail/detected_obstacle__builder.hpp
[1.062s] -- Up-to-date symlink: /home/neer/Desktop/SIH/ros2_ws/install/amr_msgs/include/amr_msgs/amr_msgs/msg/detail/detected_obstacle__struct.hpp
[1.063s] -- Up-to-date symlink: /home/neer/Desktop/SIH/ros2_ws/install/amr_msgs/include/amr_msgs/amr_msgs/msg/detail/detected_obstacle__traits.hpp
[1.063s] -- Up-to-date symlink: /home/neer/Desktop/SIH/ros2_ws/install/amr_msgs/include/amr_msgs/amr_msgs/msg/detail/detected_obstacle__type_support.hpp
[1.063s] -- Up-to-date symlink: /home/neer/Desktop/SIH/ros2_ws/install/amr_msgs/include/amr_msgs/amr_msgs/msg/detail/robot_plan__builder.hpp
[1.063s] -- Up-to-date symlink: /home/neer/Desktop/SIH/ros2_ws/install/amr_msgs/include/amr_msgs/amr_msgs/msg/detail/robot_plan__struct.hpp
[1.063s] -- Up-to-date symlink: /home/neer/Desktop/SIH/ros2_ws/install/amr_msgs/include/amr_msgs/amr_msgs/msg/detail/robot_plan__traits.hpp
[1.063s] -- Up-to-date symlink: /home/neer/Desktop/SIH/ros2_ws/install/amr_msgs/include/amr_msgs/amr_msgs/msg/detail/robot_plan__type_support.hpp
[1.064s] -- Up-to-date symlink: /home/neer/Desktop/SIH/ros2_ws/install/amr_msgs/include/amr_msgs/amr_msgs/msg/detected_obstacle.hpp
[1.064s] -- Up-to-date symlink: /home/neer/Desktop/SIH/ros2_ws/install/amr_msgs/include/amr_msgs/amr_msgs/msg/robot_plan.hpp
[1.064s] -- Up-to-date symlink: /home/neer/Desktop/SIH/ros2_ws/install/amr_msgs/include/amr_msgs/amr_msgs/msg/rosidl_generator_cpp__visibility_control.hpp
[1.064s] -- Up-to-date symlink: /home/neer/Desktop/SIH/ros2_ws/install/amr_msgs/include/amr_msgs/amr_msgs/msg/detail/choke_request__rosidl_typesupport_fastrtps_cpp.hpp
[1.065s] -- Up-to-date symlink: /home/neer/Desktop/SIH/ros2_ws/install/amr_msgs/include/amr_msgs/amr_msgs/msg/detail/detected_obstacle__rosidl_typesupport_fastrtps_cpp.hpp
[1.065s] -- Up-to-date symlink: /home/neer/Desktop/SIH/ros2_ws/install/amr_msgs/include/amr_msgs/amr_msgs/msg/detail/robot_plan__rosidl_typesupport_fastrtps_cpp.hpp
[1.065s] -- Up-to-date symlink: /home/neer/Desktop/SIH/ros2_ws/install/amr_msgs/include/amr_msgs/amr_msgs/msg/rosidl_typesupport_fastrtps_cpp__visibility_control.h
[1.065s] -- Up-to-date symlink: /home/neer/Desktop/SIH/ros2_ws/install/amr_msgs/include/amr_msgs/amr_msgs/msg/detail/choke_request__rosidl_typesupport_introspection_cpp.hpp
[1.065s] -- Up-to-date symlink: /home/neer/Desktop/SIH/ros2_ws/install/amr_msgs/include/amr_msgs/amr_msgs/msg/detail/detected_obstacle__rosidl_typesupport_introspection_cpp.hpp
[1.065s] -- Up-to-date symlink: /home/neer/Desktop/SIH/ros2_ws/install/amr_msgs/include/amr_msgs/amr_msgs/msg/detail/robot_plan__rosidl_typesupport_introspection_cpp.hpp
[1.065s] -- Up-to-date symlink: /home/neer/Desktop/SIH/ros2_ws/install/amr_msgs/share/amr_msgs/environment/pythonpath.sh
[1.065s] -- Up-to-date symlink: /home/neer/Desktop/SIH/ros2_ws/install/amr_msgs/share/amr_msgs/environment/pythonpath.dsv
[1.065s] -- Up-to-date symlink: /home/neer/Desktop/SIH/ros2_ws/install/amr_msgs/lib/python3.12/site-packages/amr_msgs-0.1.0-py3.12.egg-info/PKG-INFO
[1.066s] -- Up-to-date symlink: /home/neer/Desktop/SIH/ros2_ws/install/amr_msgs/lib/python3.12/site-packages/amr_msgs-0.1.0-py3.12.egg-info/SOURCES.txt
[1.066s] -- Up-to-date symlink: /home/neer/Desktop/SIH/ros2_ws/install/amr_msgs/lib/python3.12/site-packages/amr_msgs-0.1.0-py3.12.egg-info/dependency_links.txt
[1.066s] -- Up-to-date symlink: /home/neer/Desktop/SIH/ros2_ws/install/amr_msgs/lib/python3.12/site-packages/amr_msgs-0.1.0-py3.12.egg-info/top_level.txt
[1.066s] -- Up-to-date symlink: /home/neer/Desktop/SIH/ros2_ws/install/amr_msgs/lib/python3.12/site-packages/amr_msgs/__init__.py
[1.067s] -- Up-to-date symlink: /home/neer/Desktop/SIH/ros2_ws/install/amr_msgs/lib/python3.12/site-packages/amr_msgs/_amr_msgs_s.ep.rosidl_typesupport_c.c
[1.067s] -- Up-to-date symlink: /home/neer/Desktop/SIH/ros2_ws/install/amr_msgs/lib/python3.12/site-packages/amr_msgs/_amr_msgs_s.ep.rosidl_typesupport_fastrtps_c.c
[1.068s] -- Up-to-date symlink: /home/neer/Desktop/SIH/ros2_ws/install/amr_msgs/lib/python3.12/site-packages/amr_msgs/_amr_msgs_s.ep.rosidl_typesupport_introspection_c.c
[1.068s] -- Up-to-date symlink: /home/neer/Desktop/SIH/ros2_ws/install/amr_msgs/lib/python3.12/site-packages/amr_msgs/amr_msgs_s__rosidl_typesupport_c.so
[1.068s] -- Up-to-date symlink: /home/neer/Desktop/SIH/ros2_ws/install/amr_msgs/lib/python3.12/site-packages/amr_msgs/amr_msgs_s__rosidl_typesupport_fastrtps_c.so
[1.068s] -- Up-to-date symlink: /home/neer/Desktop/SIH/ros2_ws/install/amr_msgs/lib/python3.12/site-packages/amr_msgs/amr_msgs_s__rosidl_typesupport_introspection_c.so
[1.068s] -- Up-to-date symlink: /home/neer/Desktop/SIH/ros2_ws/install/amr_msgs/lib/python3.12/site-packages/amr_msgs/msg/__init__.py
[1.068s] -- Up-to-date symlink: /home/neer/Desktop/SIH/ros2_ws/install/amr_msgs/lib/python3.12/site-packages/amr_msgs/msg/_choke_request.py
[1.068s] -- Up-to-date symlink: /home/neer/Desktop/SIH/ros2_ws/install/amr_msgs/lib/python3.12/site-packages/amr_msgs/msg/_choke_request_s.c
[1.068s] -- Up-to-date symlink: /home/neer/Desktop/SIH/ros2_ws/install/amr_msgs/lib/python3.12/site-packages/amr_msgs/msg/_detected_obstacle.py
[1.068s] -- Up-to-date symlink: /home/neer/Desktop/SIH/ros2_ws/install/amr_msgs/lib/python3.12/site-packages/amr_msgs/msg/_detected_obstacle_s.c
[1.068s] -- Up-to-date symlink: /home/neer/Desktop/SIH/ros2_ws/install/amr_msgs/lib/python3.12/site-packages/amr_msgs/msg/_robot_plan.py
[1.069s] -- Up-to-date symlink: /home/neer/Desktop/SIH/ros2_ws/install/amr_msgs/lib/python3.12/site-packages/amr_msgs/msg/_robot_plan_s.c
[1.069s] -- Up-to-date symlink: /home/neer/Desktop/SIH/ros2_ws/install/amr_msgs/lib/python3.12/site-packages/amr_msgs/amr_msgs_s__rosidl_typesupport_fastrtps_c.so
[1.069s] -- Up-to-date symlink: /home/neer/Desktop/SIH/ros2_ws/install/amr_msgs/lib/python3.12/site-packages/amr_msgs/amr_msgs_s__rosidl_typesupport_introspection_c.so
[1.069s] -- Up-to-date symlink: /home/neer/Desktop/SIH/ros2_ws/install/amr_msgs/lib/python3.12/site-packages/amr_msgs/amr_msgs_s__rosidl_typesupport_c.so
[1.069s] -- Up-to-date symlink: /home/neer/Desktop/SIH/ros2_ws/install/amr_msgs/share/ament_index/resource_index/rust_packages/amr_msgs
[1.070s] -- Up-to-date symlink: /home/neer/Desktop/SIH/ros2_ws/install/amr_msgs/share/amr_msgs/rust/Cargo.toml
[1.070s] -- Up-to-date symlink: /home/neer/Desktop/SIH/ros2_ws/install/amr_msgs/share/amr_msgs/rust/build.rs
[1.070s] -- Up-to-date symlink: /home/neer/Desktop/SIH/ros2_ws/install/amr_msgs/share/amr_msgs/rust/src/lib.rs
[1.070s] -- Up-to-date symlink: /home/neer/Desktop/SIH/ros2_ws/install/amr_msgs/share/amr_msgs/rust/src/msg.rs
[1.070s] -- Up-to-date symlink: /home/neer/Desktop/SIH/ros2_ws/install/amr_msgs/share/amr_msgs/rust/src/msg/rmw.rs
[1.070s] -- Up-to-date symlink: /home/neer/Desktop/SIH/ros2_ws/install/amr_msgs/share/amr_msgs/msg/RobotPlan.idl
[1.070s] -- Up-to-date symlink: /home/neer/Desktop/SIH/ros2_ws/install/amr_msgs/share/amr_msgs/msg/DetectedObstacle.idl
[1.071s] -- Up-to-date symlink: /home/neer/Desktop/SIH/ros2_ws/install/amr_msgs/share/amr_msgs/msg/ChokeRequest.idl
[1.071s] -- Up-to-date symlink: /home/neer/Desktop/SIH/ros2_ws/install/amr_msgs/share/amr_msgs/msg/RobotPlan.msg
[1.071s] -- Up-to-date symlink: /home/neer/Desktop/SIH/ros2_ws/install/amr_msgs/share/amr_msgs/msg/DetectedObstacle.msg
[1.071s] -- Up-to-date symlink: /home/neer/Desktop/SIH/ros2_ws/install/amr_msgs/share/amr_msgs/msg/ChokeRequest.msg
[1.071s] -- Up-to-date symlink: /home/neer/Desktop/SIH/ros2_ws/install/amr_msgs/share/ament_index/resource_index/package_run_dependencies/amr_msgs
[1.071s] -- Up-to-date symlink: /home/neer/Desktop/SIH/ros2_ws/install/amr_msgs/share/ament_index/resource_index/parent_prefix_path/amr_msgs
[1.072s] -- Up-to-date symlink: /home/neer/Desktop/SIH/ros2_ws/install/amr_msgs/share/amr_msgs/environment/ament_prefix_path.sh
[1.072s] -- Up-to-date symlink: /home/neer/Desktop/SIH/ros2_ws/install/amr_msgs/share/amr_msgs/environment/ament_prefix_path.dsv
[1.072s] -- Up-to-date symlink: /home/neer/Desktop/SIH/ros2_ws/install/amr_msgs/share/amr_msgs/environment/path.sh
[1.073s] -- Up-to-date symlink: /home/neer/Desktop/SIH/ros2_ws/install/amr_msgs/share/amr_msgs/environment/path.dsv
[1.073s] -- Up-to-date symlink: /home/neer/Desktop/SIH/ros2_ws/install/amr_msgs/share/amr_msgs/local_setup.bash
[1.073s] -- Up-to-date symlink: /home/neer/Desktop/SIH/ros2_ws/install/amr_msgs/share/amr_msgs/local_setup.sh
[1.073s] -- Up-to-date symlink: /home/neer/Desktop/SIH/ros2_ws/install/amr_msgs/share/amr_msgs/local_setup.zsh
[1.073s] -- Up-to-date symlink: /home/neer/Desktop/SIH/ros2_ws/install/amr_msgs/share/amr_msgs/local_setup.dsv
[1.073s] -- Symlinking: /home/neer/Desktop/SIH/ros2_ws/install/amr_msgs/share/amr_msgs/package.dsv
[1.084s] -- Up-to-date symlink: /home/neer/Desktop/SIH/ros2_ws/install/amr_msgs/share/ament_index/resource_index/packages/amr_msgs
[1.084s] -- Up-to-date symlink: /home/neer/Desktop/SIH/ros2_ws/install/amr_msgs/share/amr_msgs/cmake/rosidl_cmake-extras.cmake
[1.085s] -- Up-to-date symlink: /home/neer/Desktop/SIH/ros2_ws/install/amr_msgs/share/amr_msgs/cmake/ament_cmake_export_dependencies-extras.cmake
[1.085s] -- Up-to-date symlink: /home/neer/Desktop/SIH/ros2_ws/install/amr_msgs/share/amr_msgs/cmake/ament_cmake_export_include_directories-extras.cmake
[1.085s] -- Up-to-date symlink: /home/neer/Desktop/SIH/ros2_ws/install/amr_msgs/share/amr_msgs/cmake/ament_cmake_export_libraries-extras.cmake
[1.085s] -- Up-to-date symlink: /home/neer/Desktop/SIH/ros2_ws/install/amr_msgs/share/amr_msgs/cmake/ament_cmake_export_targets-extras.cmake
[1.085s] -- Up-to-date symlink: /home/neer/Desktop/SIH/ros2_ws/install/amr_msgs/share/amr_msgs/cmake/rosidl_cmake_export_typesupport_targets-extras.cmake
[1.086s] -- Up-to-date symlink: /home/neer/Desktop/SIH/ros2_ws/install/amr_msgs/share/amr_msgs/cmake/rosidl_cmake_export_typesupport_libraries-extras.cmake
[1.086s] -- Up-to-date symlink: /home/neer/Desktop/SIH/ros2_ws/install/amr_msgs/share/amr_msgs/cmake/rosidl_cmake_aggregate_target-extras.cmake
[1.086s] -- Up-to-date symlink: /home/neer/Desktop/SIH/ros2_ws/install/amr_msgs/share/amr_msgs/cmake/amr_msgsConfig.cmake
[1.086s] -- Up-to-date symlink: /home/neer/Desktop/SIH/ros2_ws/install/amr_msgs/share/amr_msgs/cmake/amr_msgsConfig-version.cmake
[1.087s] -- Up-to-date symlink: /home/neer/Desktop/SIH/ros2_ws/install/amr_msgs/share/amr_msgs/package.xml
[1.087s] -- Up-to-date: /home/neer/Desktop/SIH/ros2_ws/install/amr_msgs/lib/libamr_msgs__rosidl_generator_c.so
[1.087s] -- Up-to-date: /home/neer/Desktop/SIH/ros2_ws/install/amr_msgs/lib/libamr_msgs__rosidl_typesupport_fastrtps_c.so
[1.087s] -- Up-to-date: /home/neer/Desktop/SIH/ros2_ws/install/amr_msgs/lib/libamr_msgs__rosidl_typesupport_introspection_c.so
[1.088s] -- Up-to-date: /home/neer/Desktop/SIH/ros2_ws/install/amr_msgs/lib/libamr_msgs__rosidl_typesupport_c.so
[1.088s] -- Up-to-date: /home/neer/Desktop/SIH/ros2_ws/install/amr_msgs/lib/libamr_msgs__rosidl_typesupport_fastrtps_cpp.so
[1.088s] -- Up-to-date: /home/neer/Desktop/SIH/ros2_ws/install/amr_msgs/lib/libamr_msgs__rosidl_typesupport_introspection_cpp.so
[1.088s] -- Up-to-date: /home/neer/Desktop/SIH/ros2_ws/install/amr_msgs/lib/libamr_msgs__rosidl_typesupport_cpp.so
[1.135s] Listing '/home/neer/Desktop/SIH/ros2_ws/install/amr_msgs/lib/python3.12/site-packages/amr_msgs'...
[1.135s] Listing '/home/neer/Desktop/SIH/ros2_ws/install/amr_msgs/lib/python3.12/site-packages/amr_msgs/msg'...
[1.141s] -- Up-to-date: /home/neer/Desktop/SIH/ros2_ws/install/amr_msgs/lib/libamr_msgs__rosidl_generator_py.so
[1.141s] -- Up-to-date: /home/neer/Desktop/SIH/ros2_ws/install/amr_msgs/share/amr_msgs/cmake/export_amr_msgs__rosidl_generator_cExport.cmake
[1.142s] -- Up-to-date: /home/neer/Desktop/SIH/ros2_ws/install/amr_msgs/share/amr_msgs/cmake/export_amr_msgs__rosidl_generator_cExport-noconfig.cmake
[1.142s] -- Up-to-date: /home/neer/Desktop/SIH/ros2_ws/install/amr_msgs/share/amr_msgs/cmake/export_amr_msgs__rosidl_typesupport_fastrtps_cExport.cmake
[1.142s] -- Up-to-date: /home/neer/Desktop/SIH/ros2_ws/install/amr_msgs/share/amr_msgs/cmake/export_amr_msgs__rosidl_typesupport_fastrtps_cExport-noconfig.cmake
[1.142s] -- Up-to-date: /home/neer/Desktop/SIH/ros2_ws/install/amr_msgs/share/amr_msgs/cmake/amr_msgs__rosidl_typesupport_introspection_cExport.cmake
[1.143s] -- Up-to-date: /home/neer/Desktop/SIH/ros2_ws/install/amr_msgs/share/amr_msgs/cmake/amr_msgs__rosidl_typesupport_introspection_cExport-noconfig.cmake
[1.143s] -- Up-to-date: /home/neer/Desktop/SIH/ros2_ws/install/amr_msgs/share/amr_msgs/cmake/amr_msgs__rosidl_typesupport_cExport.cmake
[1.143s] -- Up-to-date: /home/neer/Desktop/SIH/ros2_ws/install/amr_msgs/share/amr_msgs/cmake/amr_msgs__rosidl_typesupport_cExport-noconfig.cmake
[1.143s] -- Up-to-date: /home/neer/Desktop/SIH/ros2_ws/install/amr_msgs/share/amr_msgs/cmake/export_amr_msgs__rosidl_generator_cppExport.cmake
[1.143s] -- Up-to-date: /home/neer/Desktop/SIH/ros2_ws/install/amr_msgs/share/amr_msgs/cmake/export_amr_msgs__rosidl_typesupport_fastrtps_cppExport.cmake
[1.143s] -- Up-to-date: /home/neer/Desktop/SIH/ros2_ws/install/amr_msgs/share/amr_msgs/cmake/export_amr_msgs__rosidl_typesupport_fastrtps_cppExport-noconfig.cmake
[1.143s] -- Up-to-date: /home/neer/Desktop/SIH/ros2_ws/install/amr_msgs/share/amr_msgs/cmake/amr_msgs__rosidl_typesupport_introspection_cppExport.cmake
[1.143s] -- Up-to-date: /home/neer/Desktop/SIH/ros2_ws/install/amr_msgs/share/amr_msgs/cmake/amr_msgs__rosidl_typesupport_introspection_cppExport-noconfig.cmake
[1.143s] -- Up-to-date: /home/neer/Desktop/SIH/ros2_ws/install/amr_msgs/share/amr_msgs/cmake/amr_msgs__rosidl_typesupport_cppExport.cmake
[1.143s] -- Up-to-date: /home/neer/Desktop/SIH/ros2_ws/install/amr_msgs/share/amr_msgs/cmake/amr_msgs__rosidl_typesupport_cppExport-noconfig.cmake
[1.143s] -- Up-to-date: /home/neer/Desktop/SIH/ros2_ws/install/amr_msgs/share/amr_msgs/cmake/export_amr_msgs__rosidl_generator_pyExport.cmake
[1.144s] -- Up-to-date: /home/neer/Desktop/SIH/ros2_ws/install/amr_msgs/share/amr_msgs/cmake/export_amr_msgs__rosidl_generator_pyExport-noconfig.cmake
[1.146s] Invoked command in '/home/neer/Desktop/SIH/ros2_ws/build/amr_msgs' returned '0': CMAKE_PREFIX_PATH=${CMAKE_PREFIX_PATH}:/opt/ros/jazzy DEBUGINFOD_URLS=https://debuginfod.ubuntu.com /usr/bin/cmake --install /home/neer/Desktop/SIH/ros2_ws/build/amr_msgs
