-- The C compiler identification is GNU 13.3.0
-- The CXX compiler identification is GNU 13.3.0
-- Detecting C compiler ABI info
-- Detecting C compiler ABI info - done
-- Check for working C compiler: /usr/bin/cc - skipped
-- Detecting C compile features
-- Detecting C compile features - done
-- Detecting CXX compiler ABI info
-- Detecting CXX compiler ABI info - done
-- Check for working CXX compiler: /usr/bin/c++ - skipped
-- Detecting CXX compile features
-- Detecting CXX compile features - done
-- Found ament_cmake: 2.5.6 (/opt/ros/jazzy/share/ament_cmake/cmake)
-- Found Python3: /usr/bin/python3 (found version "3.12.3") found components: Interpreter 
-- Override CMake install command with custom implementation using symlinks instead of copying resources
-- Configuring done (1.0s)
-- Generating done (0.0s)
-- Build files have been written to: /home/piyansh46/Code/SIH_2026/ros2_ws/build/amr_gazebo
-- Install configuration: ""
-- Execute custom install script
-- Symlinking: /home/piyansh46/Code/SIH_2026/ros2_ws/install/amr_gazebo/share/amr_gazebo/worlds/warehouse.sdf
-- Symlinking: /home/piyansh46/Code/SIH_2026/ros2_ws/install/amr_gazebo/share/amr_gazebo/models/amr_robot/model.config
-- Symlinking: /home/piyansh46/Code/SIH_2026/ros2_ws/install/amr_gazebo/share/amr_gazebo/models/amr_robot/model.sdf
-- Symlinking: /home/piyansh46/Code/SIH_2026/ros2_ws/install/amr_gazebo/share/amr_gazebo/launch/sim_world.launch.py
-- Symlinking: /home/piyansh46/Code/SIH_2026/ros2_ws/install/amr_gazebo/share/amr_gazebo/config/bridge_params.yaml
-- Symlinking: /home/piyansh46/Code/SIH_2026/ros2_ws/install/amr_gazebo/share/amr_gazebo/rviz/multi_robot.rviz
-- Symlinking: /home/piyansh46/Code/SIH_2026/ros2_ws/install/amr_gazebo/share/ament_index/resource_index/package_run_dependencies/amr_gazebo
-- Symlinking: /home/piyansh46/Code/SIH_2026/ros2_ws/install/amr_gazebo/share/ament_index/resource_index/parent_prefix_path/amr_gazebo
-- Symlinking: /home/piyansh46/Code/SIH_2026/ros2_ws/install/amr_gazebo/share/amr_gazebo/environment/ament_prefix_path.sh
-- Symlinking: /home/piyansh46/Code/SIH_2026/ros2_ws/install/amr_gazebo/share/amr_gazebo/environment/ament_prefix_path.dsv
-- Symlinking: /home/piyansh46/Code/SIH_2026/ros2_ws/install/amr_gazebo/share/amr_gazebo/environment/path.sh
-- Symlinking: /home/piyansh46/Code/SIH_2026/ros2_ws/install/amr_gazebo/share/amr_gazebo/environment/path.dsv
-- Symlinking: /home/piyansh46/Code/SIH_2026/ros2_ws/install/amr_gazebo/share/amr_gazebo/local_setup.bash
-- Symlinking: /home/piyansh46/Code/SIH_2026/ros2_ws/install/amr_gazebo/share/amr_gazebo/local_setup.sh
-- Symlinking: /home/piyansh46/Code/SIH_2026/ros2_ws/install/amr_gazebo/share/amr_gazebo/local_setup.zsh
-- Symlinking: /home/piyansh46/Code/SIH_2026/ros2_ws/install/amr_gazebo/share/amr_gazebo/local_setup.dsv
-- Symlinking: /home/piyansh46/Code/SIH_2026/ros2_ws/install/amr_gazebo/share/amr_gazebo/package.dsv
-- Symlinking: /home/piyansh46/Code/SIH_2026/ros2_ws/install/amr_gazebo/share/ament_index/resource_index/packages/amr_gazebo
-- Symlinking: /home/piyansh46/Code/SIH_2026/ros2_ws/install/amr_gazebo/share/amr_gazebo/cmake/amr_gazeboConfig.cmake
-- Symlinking: /home/piyansh46/Code/SIH_2026/ros2_ws/install/amr_gazebo/share/amr_gazebo/cmake/amr_gazeboConfig-version.cmake
-- Symlinking: /home/piyansh46/Code/SIH_2026/ros2_ws/install/amr_gazebo/share/amr_gazebo/package.xml
