[0.013s] Invoking command in '/home/piyansh46/Code/SIH_2026/ros2_ws/build/amr_gazebo': CMAKE_PREFIX_PATH=${CMAKE_PREFIX_PATH}:/opt/ros/jazzy DEBUGINFOD_URLS=https://debuginfod.ubuntu.com /usr/bin/cmake /home/piyansh46/Code/SIH_2026/ros2_ws/src/amr_gazebo -DAMENT_CMAKE_SYMLINK_INSTALL=1 -DCMAKE_INSTALL_PREFIX=/home/piyansh46/Code/SIH_2026/ros2_ws/install/amr_gazebo
[0.177s] -- The C compiler identification is GNU 13.3.0
[0.295s] -- The CXX compiler identification is GNU 13.3.0
[0.318s] -- Detecting C compiler ABI info
[0.426s] -- Detecting C compiler ABI info - done
[0.439s] -- Check for working C compiler: /usr/bin/cc - skipped
[0.439s] -- Detecting C compile features
[0.440s] -- Detecting C compile features - done
[0.450s] -- Detecting CXX compiler ABI info
[0.555s] -- Detecting CXX compiler ABI info - done
[0.563s] -- Check for working CXX compiler: /usr/bin/c++ - skipped
[0.563s] -- Detecting CXX compile features
[0.564s] -- Detecting CXX compile features - done
[0.597s] -- Found ament_cmake: 2.5.6 (/opt/ros/jazzy/share/ament_cmake/cmake)
[0.778s] -- Found Python3: /usr/bin/python3 (found version "3.12.3") found components: Interpreter 
[0.883s] -- Override CMake install command with custom implementation using symlinks instead of copying resources
[1.047s] -- Configuring done (1.0s)
[1.050s] -- Generating done (0.0s)
[1.052s] -- Build files have been written to: /home/piyansh46/Code/SIH_2026/ros2_ws/build/amr_gazebo
[1.061s] Invoked command in '/home/piyansh46/Code/SIH_2026/ros2_ws/build/amr_gazebo' returned '0': CMAKE_PREFIX_PATH=${CMAKE_PREFIX_PATH}:/opt/ros/jazzy DEBUGINFOD_URLS=https://debuginfod.ubuntu.com /usr/bin/cmake /home/piyansh46/Code/SIH_2026/ros2_ws/src/amr_gazebo -DAMENT_CMAKE_SYMLINK_INSTALL=1 -DCMAKE_INSTALL_PREFIX=/home/piyansh46/Code/SIH_2026/ros2_ws/install/amr_gazebo
[1.062s] Invoking command in '/home/piyansh46/Code/SIH_2026/ros2_ws/build/amr_gazebo': CMAKE_PREFIX_PATH=${CMAKE_PREFIX_PATH}:/opt/ros/jazzy DEBUGINFOD_URLS=https://debuginfod.ubuntu.com /usr/bin/cmake --build /home/piyansh46/Code/SIH_2026/ros2_ws/build/amr_gazebo -- -j12 -l12
[1.106s] Invoked command in '/home/piyansh46/Code/SIH_2026/ros2_ws/build/amr_gazebo' returned '0': CMAKE_PREFIX_PATH=${CMAKE_PREFIX_PATH}:/opt/ros/jazzy DEBUGINFOD_URLS=https://debuginfod.ubuntu.com /usr/bin/cmake --build /home/piyansh46/Code/SIH_2026/ros2_ws/build/amr_gazebo -- -j12 -l12
[1.117s] Invoking command in '/home/piyansh46/Code/SIH_2026/ros2_ws/build/amr_gazebo': CMAKE_PREFIX_PATH=${CMAKE_PREFIX_PATH}:/opt/ros/jazzy DEBUGINFOD_URLS=https://debuginfod.ubuntu.com /usr/bin/cmake --install /home/piyansh46/Code/SIH_2026/ros2_ws/build/amr_gazebo
[1.127s] -- Install configuration: ""
[1.127s] -- Execute custom install script
[1.127s] -- Symlinking: /home/piyansh46/Code/SIH_2026/ros2_ws/install/amr_gazebo/share/amr_gazebo/worlds/warehouse.sdf
[1.137s] -- Symlinking: /home/piyansh46/Code/SIH_2026/ros2_ws/install/amr_gazebo/share/amr_gazebo/models/amr_robot/model.config
[1.148s] -- Symlinking: /home/piyansh46/Code/SIH_2026/ros2_ws/install/amr_gazebo/share/amr_gazebo/models/amr_robot/model.sdf
[1.158s] -- Symlinking: /home/piyansh46/Code/SIH_2026/ros2_ws/install/amr_gazebo/share/amr_gazebo/launch/sim_world.launch.py
[1.170s] -- Symlinking: /home/piyansh46/Code/SIH_2026/ros2_ws/install/amr_gazebo/share/amr_gazebo/config/bridge_params.yaml
[1.184s] -- Symlinking: /home/piyansh46/Code/SIH_2026/ros2_ws/install/amr_gazebo/share/amr_gazebo/rviz/multi_robot.rviz
[1.195s] -- Symlinking: /home/piyansh46/Code/SIH_2026/ros2_ws/install/amr_gazebo/share/ament_index/resource_index/package_run_dependencies/amr_gazebo
[1.207s] -- Symlinking: /home/piyansh46/Code/SIH_2026/ros2_ws/install/amr_gazebo/share/ament_index/resource_index/parent_prefix_path/amr_gazebo
[1.218s] -- Symlinking: /home/piyansh46/Code/SIH_2026/ros2_ws/install/amr_gazebo/share/amr_gazebo/environment/ament_prefix_path.sh
[1.227s] -- Symlinking: /home/piyansh46/Code/SIH_2026/ros2_ws/install/amr_gazebo/share/amr_gazebo/environment/ament_prefix_path.dsv
[1.238s] -- Symlinking: /home/piyansh46/Code/SIH_2026/ros2_ws/install/amr_gazebo/share/amr_gazebo/environment/path.sh
[1.248s] -- Symlinking: /home/piyansh46/Code/SIH_2026/ros2_ws/install/amr_gazebo/share/amr_gazebo/environment/path.dsv
[1.258s] -- Symlinking: /home/piyansh46/Code/SIH_2026/ros2_ws/install/amr_gazebo/share/amr_gazebo/local_setup.bash
[1.269s] -- Symlinking: /home/piyansh46/Code/SIH_2026/ros2_ws/install/amr_gazebo/share/amr_gazebo/local_setup.sh
[1.281s] -- Symlinking: /home/piyansh46/Code/SIH_2026/ros2_ws/install/amr_gazebo/share/amr_gazebo/local_setup.zsh
[1.293s] -- Symlinking: /home/piyansh46/Code/SIH_2026/ros2_ws/install/amr_gazebo/share/amr_gazebo/local_setup.dsv
[1.304s] -- Symlinking: /home/piyansh46/Code/SIH_2026/ros2_ws/install/amr_gazebo/share/amr_gazebo/package.dsv
[1.316s] -- Symlinking: /home/piyansh46/Code/SIH_2026/ros2_ws/install/amr_gazebo/share/ament_index/resource_index/packages/amr_gazebo
[1.329s] -- Symlinking: /home/piyansh46/Code/SIH_2026/ros2_ws/install/amr_gazebo/share/amr_gazebo/cmake/amr_gazeboConfig.cmake
[1.339s] -- Symlinking: /home/piyansh46/Code/SIH_2026/ros2_ws/install/amr_gazebo/share/amr_gazebo/cmake/amr_gazeboConfig-version.cmake
[1.351s] -- Symlinking: /home/piyansh46/Code/SIH_2026/ros2_ws/install/amr_gazebo/share/amr_gazebo/package.xml
[1.364s] Invoked command in '/home/piyansh46/Code/SIH_2026/ros2_ws/build/amr_gazebo' returned '0': CMAKE_PREFIX_PATH=${CMAKE_PREFIX_PATH}:/opt/ros/jazzy DEBUGINFOD_URLS=https://debuginfod.ubuntu.com /usr/bin/cmake --install /home/piyansh46/Code/SIH_2026/ros2_ws/build/amr_gazebo
