[0.142s] DEBUG:colcon:Command line arguments: ['/usr/bin/colcon', 'build', '--symlink-install']
[0.142s] DEBUG:colcon:Parsed command line arguments: Namespace(log_base=None, log_level=None, verb_name='build', build_base='build', install_base='install', merge_install=False, symlink_install=True, test_result_base=None, continue_on_error=False, executor='parallel', parallel_workers=28, event_handlers=None, ignore_user_meta=False, metas=['./colcon.meta'], base_paths=['.'], packages_ignore=None, packages_ignore_regex=None, paths=None, packages_up_to=None, packages_up_to_regex=None, packages_above=None, packages_above_and_dependencies=None, packages_above_depth=None, packages_select_by_dep=None, packages_skip_by_dep=None, packages_skip_up_to=None, packages_select_build_failed=False, packages_skip_build_finished=False, packages_select_test_failures=False, packages_skip_test_passed=False, packages_select=None, packages_skip=None, packages_select_regex=None, packages_skip_regex=None, packages_start=None, packages_end=None, allow_overriding=[], cmake_args=None, cmake_target=None, cmake_target_skip_unavailable=False, cmake_clean_cache=False, cmake_clean_first=False, cmake_force_configure=False, ament_cmake_args=None, catkin_cmake_args=None, catkin_skip_building_tests=False, mixin_files=None, mixin=None, verb_parser=<colcon_mixin.mixin.mixin_argument.MixinArgumentDecorator object at 0x717bf87a52b0>, verb_extension=<colcon_core.verb.build.BuildVerb object at 0x717bf87a4fe0>, main=<bound method BuildVerb.main of <colcon_core.verb.build.BuildVerb object at 0x717bf87a4fe0>>, mixin_verb=('build',))
[0.194s] Level 1:colcon.colcon_core.package_discovery:discover_packages(colcon_meta) check parameters
[0.194s] Level 1:colcon.colcon_core.package_discovery:discover_packages(recursive) check parameters
[0.194s] Level 1:colcon.colcon_core.package_discovery:discover_packages(ignore) check parameters
[0.194s] Level 1:colcon.colcon_core.package_discovery:discover_packages(path) check parameters
[0.194s] Level 1:colcon.colcon_core.package_discovery:discover_packages(colcon_meta) discover
[0.194s] Level 1:colcon.colcon_core.package_discovery:discover_packages(recursive) discover
[0.194s] INFO:colcon.colcon_core.package_discovery:Crawling recursively for packages in '/home/neer/Desktop/SIH/ros2_ws'
[0.194s] Level 1:colcon.colcon_core.package_identification:_identify(.) by extensions ['ignore', 'ignore_ament_install']
[0.194s] Level 1:colcon.colcon_core.package_identification:_identify(.) by extension 'ignore'
[0.194s] Level 1:colcon.colcon_core.package_identification:_identify(.) by extension 'ignore_ament_install'
[0.195s] Level 1:colcon.colcon_core.package_identification:_identify(.) by extensions ['colcon_pkg']
[0.195s] Level 1:colcon.colcon_core.package_identification:_identify(.) by extension 'colcon_pkg'
[0.195s] Level 1:colcon.colcon_core.package_identification:_identify(.) by extensions ['colcon_meta']
[0.195s] Level 1:colcon.colcon_core.package_identification:_identify(.) by extension 'colcon_meta'
[0.195s] Level 1:colcon.colcon_core.package_identification:_identify(.) by extensions ['ros']
[0.195s] Level 1:colcon.colcon_core.package_identification:_identify(.) by extension 'ros'
[0.231s] Level 1:colcon.colcon_core.package_identification:_identify(.) by extensions ['cmake', 'python']
[0.231s] Level 1:colcon.colcon_core.package_identification:_identify(.) by extension 'cmake'
[0.231s] Level 1:colcon.colcon_core.package_identification:_identify(.) by extension 'python'
[0.231s] Level 1:colcon.colcon_core.package_identification:_identify(.) by extensions ['python_setup_py']
[0.231s] Level 1:colcon.colcon_core.package_identification:_identify(.) by extension 'python_setup_py'
[0.231s] Level 1:colcon.colcon_core.package_identification:_identify(build) by extensions ['ignore', 'ignore_ament_install']
[0.231s] Level 1:colcon.colcon_core.package_identification:_identify(build) by extension 'ignore'
[0.231s] Level 1:colcon.colcon_core.package_identification:_identify(build) ignored
[0.232s] Level 1:colcon.colcon_core.package_identification:_identify(install) by extensions ['ignore', 'ignore_ament_install']
[0.232s] Level 1:colcon.colcon_core.package_identification:_identify(install) by extension 'ignore'
[0.232s] Level 1:colcon.colcon_core.package_identification:_identify(install) ignored
[0.232s] Level 1:colcon.colcon_core.package_identification:_identify(log) by extensions ['ignore', 'ignore_ament_install']
[0.232s] Level 1:colcon.colcon_core.package_identification:_identify(log) by extension 'ignore'
[0.232s] Level 1:colcon.colcon_core.package_identification:_identify(log) ignored
[0.232s] Level 1:colcon.colcon_core.package_identification:_identify(results) by extensions ['ignore', 'ignore_ament_install']
[0.232s] Level 1:colcon.colcon_core.package_identification:_identify(results) by extension 'ignore'
[0.232s] Level 1:colcon.colcon_core.package_identification:_identify(results) by extension 'ignore_ament_install'
[0.233s] Level 1:colcon.colcon_core.package_identification:_identify(results) by extensions ['colcon_pkg']
[0.233s] Level 1:colcon.colcon_core.package_identification:_identify(results) by extension 'colcon_pkg'
[0.233s] Level 1:colcon.colcon_core.package_identification:_identify(results) by extensions ['colcon_meta']
[0.233s] Level 1:colcon.colcon_core.package_identification:_identify(results) by extension 'colcon_meta'
[0.233s] Level 1:colcon.colcon_core.package_identification:_identify(results) by extensions ['ros']
[0.233s] Level 1:colcon.colcon_core.package_identification:_identify(results) by extension 'ros'
[0.233s] Level 1:colcon.colcon_core.package_identification:_identify(results) by extensions ['cmake', 'python']
[0.233s] Level 1:colcon.colcon_core.package_identification:_identify(results) by extension 'cmake'
[0.233s] Level 1:colcon.colcon_core.package_identification:_identify(results) by extension 'python'
[0.233s] Level 1:colcon.colcon_core.package_identification:_identify(results) by extensions ['python_setup_py']
[0.233s] Level 1:colcon.colcon_core.package_identification:_identify(results) by extension 'python_setup_py'
[0.233s] Level 1:colcon.colcon_core.package_identification:_identify(src) by extensions ['ignore', 'ignore_ament_install']
[0.233s] Level 1:colcon.colcon_core.package_identification:_identify(src) by extension 'ignore'
[0.234s] Level 1:colcon.colcon_core.package_identification:_identify(src) by extension 'ignore_ament_install'
[0.234s] Level 1:colcon.colcon_core.package_identification:_identify(src) by extensions ['colcon_pkg']
[0.234s] Level 1:colcon.colcon_core.package_identification:_identify(src) by extension 'colcon_pkg'
[0.234s] Level 1:colcon.colcon_core.package_identification:_identify(src) by extensions ['colcon_meta']
[0.234s] Level 1:colcon.colcon_core.package_identification:_identify(src) by extension 'colcon_meta'
[0.234s] Level 1:colcon.colcon_core.package_identification:_identify(src) by extensions ['ros']
[0.234s] Level 1:colcon.colcon_core.package_identification:_identify(src) by extension 'ros'
[0.234s] Level 1:colcon.colcon_core.package_identification:_identify(src) by extensions ['cmake', 'python']
[0.234s] Level 1:colcon.colcon_core.package_identification:_identify(src) by extension 'cmake'
[0.234s] Level 1:colcon.colcon_core.package_identification:_identify(src) by extension 'python'
[0.234s] Level 1:colcon.colcon_core.package_identification:_identify(src) by extensions ['python_setup_py']
[0.234s] Level 1:colcon.colcon_core.package_identification:_identify(src) by extension 'python_setup_py'
[0.234s] Level 1:colcon.colcon_core.package_identification:_identify(src/amr_bringup) by extensions ['ignore', 'ignore_ament_install']
[0.234s] Level 1:colcon.colcon_core.package_identification:_identify(src/amr_bringup) by extension 'ignore'
[0.234s] Level 1:colcon.colcon_core.package_identification:_identify(src/amr_bringup) by extension 'ignore_ament_install'
[0.235s] Level 1:colcon.colcon_core.package_identification:_identify(src/amr_bringup) by extensions ['colcon_pkg']
[0.235s] Level 1:colcon.colcon_core.package_identification:_identify(src/amr_bringup) by extension 'colcon_pkg'
[0.235s] Level 1:colcon.colcon_core.package_identification:_identify(src/amr_bringup) by extensions ['colcon_meta']
[0.235s] Level 1:colcon.colcon_core.package_identification:_identify(src/amr_bringup) by extension 'colcon_meta'
[0.235s] Level 1:colcon.colcon_core.package_identification:_identify(src/amr_bringup) by extensions ['ros']
[0.235s] Level 1:colcon.colcon_core.package_identification:_identify(src/amr_bringup) by extension 'ros'
[0.238s] DEBUG:colcon.colcon_core.package_identification:Package 'src/amr_bringup' with type 'ros.ament_cmake' and name 'amr_bringup'
[0.239s] Level 1:colcon.colcon_core.package_identification:_identify(src/amr_coordination) by extensions ['ignore', 'ignore_ament_install']
[0.239s] Level 1:colcon.colcon_core.package_identification:_identify(src/amr_coordination) by extension 'ignore'
[0.239s] Level 1:colcon.colcon_core.package_identification:_identify(src/amr_coordination) by extension 'ignore_ament_install'
[0.239s] Level 1:colcon.colcon_core.package_identification:_identify(src/amr_coordination) by extensions ['colcon_pkg']
[0.239s] Level 1:colcon.colcon_core.package_identification:_identify(src/amr_coordination) by extension 'colcon_pkg'
[0.239s] Level 1:colcon.colcon_core.package_identification:_identify(src/amr_coordination) by extensions ['colcon_meta']
[0.239s] Level 1:colcon.colcon_core.package_identification:_identify(src/amr_coordination) by extension 'colcon_meta'
[0.239s] Level 1:colcon.colcon_core.package_identification:_identify(src/amr_coordination) by extensions ['ros']
[0.239s] Level 1:colcon.colcon_core.package_identification:_identify(src/amr_coordination) by extension 'ros'
[0.241s] DEBUG:colcon.colcon_core.package_identification:Package 'src/amr_coordination' with type 'ros.ament_python' and name 'amr_coordination'
[0.241s] Level 1:colcon.colcon_core.package_identification:_identify(src/amr_gazebo) by extensions ['ignore', 'ignore_ament_install']
[0.241s] Level 1:colcon.colcon_core.package_identification:_identify(src/amr_gazebo) by extension 'ignore'
[0.241s] Level 1:colcon.colcon_core.package_identification:_identify(src/amr_gazebo) by extension 'ignore_ament_install'
[0.241s] Level 1:colcon.colcon_core.package_identification:_identify(src/amr_gazebo) by extensions ['colcon_pkg']
[0.241s] Level 1:colcon.colcon_core.package_identification:_identify(src/amr_gazebo) by extension 'colcon_pkg'
[0.241s] Level 1:colcon.colcon_core.package_identification:_identify(src/amr_gazebo) by extensions ['colcon_meta']
[0.241s] Level 1:colcon.colcon_core.package_identification:_identify(src/amr_gazebo) by extension 'colcon_meta'
[0.241s] Level 1:colcon.colcon_core.package_identification:_identify(src/amr_gazebo) by extensions ['ros']
[0.241s] Level 1:colcon.colcon_core.package_identification:_identify(src/amr_gazebo) by extension 'ros'
[0.242s] DEBUG:colcon.colcon_core.package_identification:Package 'src/amr_gazebo' with type 'ros.ament_cmake' and name 'amr_gazebo'
[0.242s] Level 1:colcon.colcon_core.package_identification:_identify(src/amr_msgs) by extensions ['ignore', 'ignore_ament_install']
[0.242s] Level 1:colcon.colcon_core.package_identification:_identify(src/amr_msgs) by extension 'ignore'
[0.242s] Level 1:colcon.colcon_core.package_identification:_identify(src/amr_msgs) by extension 'ignore_ament_install'
[0.242s] Level 1:colcon.colcon_core.package_identification:_identify(src/amr_msgs) by extensions ['colcon_pkg']
[0.242s] Level 1:colcon.colcon_core.package_identification:_identify(src/amr_msgs) by extension 'colcon_pkg'
[0.242s] Level 1:colcon.colcon_core.package_identification:_identify(src/amr_msgs) by extensions ['colcon_meta']
[0.242s] Level 1:colcon.colcon_core.package_identification:_identify(src/amr_msgs) by extension 'colcon_meta'
[0.242s] Level 1:colcon.colcon_core.package_identification:_identify(src/amr_msgs) by extensions ['ros']
[0.243s] Level 1:colcon.colcon_core.package_identification:_identify(src/amr_msgs) by extension 'ros'
[0.244s] DEBUG:colcon.colcon_core.package_identification:Package 'src/amr_msgs' with type 'ros.ament_cmake' and name 'amr_msgs'
[0.244s] Level 1:colcon.colcon_core.package_identification:_identify(src/amr_nav) by extensions ['ignore', 'ignore_ament_install']
[0.244s] Level 1:colcon.colcon_core.package_identification:_identify(src/amr_nav) by extension 'ignore'
[0.244s] Level 1:colcon.colcon_core.package_identification:_identify(src/amr_nav) by extension 'ignore_ament_install'
[0.244s] Level 1:colcon.colcon_core.package_identification:_identify(src/amr_nav) by extensions ['colcon_pkg']
[0.244s] Level 1:colcon.colcon_core.package_identification:_identify(src/amr_nav) by extension 'colcon_pkg'
[0.244s] Level 1:colcon.colcon_core.package_identification:_identify(src/amr_nav) by extensions ['colcon_meta']
[0.244s] Level 1:colcon.colcon_core.package_identification:_identify(src/amr_nav) by extension 'colcon_meta'
[0.244s] Level 1:colcon.colcon_core.package_identification:_identify(src/amr_nav) by extensions ['ros']
[0.244s] Level 1:colcon.colcon_core.package_identification:_identify(src/amr_nav) by extension 'ros'
[0.245s] DEBUG:colcon.colcon_core.package_identification:Package 'src/amr_nav' with type 'ros.ament_cmake' and name 'amr_nav'
[0.245s] Level 1:colcon.colcon_core.package_discovery:discover_packages(recursive) using defaults
[0.245s] Level 1:colcon.colcon_core.package_discovery:discover_packages(ignore) discover
[0.245s] Level 1:colcon.colcon_core.package_discovery:discover_packages(ignore) using defaults
[0.245s] Level 1:colcon.colcon_core.package_discovery:discover_packages(path) discover
[0.245s] Level 1:colcon.colcon_core.package_discovery:discover_packages(path) using defaults
[0.273s] Level 1:colcon.colcon_core.package_discovery:discover_packages(prefix_path) check parameters
[0.273s] Level 1:colcon.colcon_core.package_discovery:discover_packages(prefix_path) discover
[0.276s] DEBUG:colcon.colcon_installed_package_information.package_discovery:Found 0 installed packages in /home/neer/ros2_ws/install
[0.279s] DEBUG:colcon.colcon_installed_package_information.package_discovery:Found 413 installed packages in /opt/ros/jazzy
[0.281s] Level 1:colcon.colcon_core.package_discovery:discover_packages(prefix_path) using defaults
[0.356s] Level 5:colcon.colcon_core.verb:set package 'amr_gazebo' build argument 'cmake_args' from command line to 'None'
[0.356s] Level 5:colcon.colcon_core.verb:set package 'amr_gazebo' build argument 'cmake_target' from command line to 'None'
[0.356s] Level 5:colcon.colcon_core.verb:set package 'amr_gazebo' build argument 'cmake_target_skip_unavailable' from command line to 'False'
[0.356s] Level 5:colcon.colcon_core.verb:set package 'amr_gazebo' build argument 'cmake_clean_cache' from command line to 'False'
[0.356s] Level 5:colcon.colcon_core.verb:set package 'amr_gazebo' build argument 'cmake_clean_first' from command line to 'False'
[0.356s] Level 5:colcon.colcon_core.verb:set package 'amr_gazebo' build argument 'cmake_force_configure' from command line to 'False'
[0.356s] Level 5:colcon.colcon_core.verb:set package 'amr_gazebo' build argument 'ament_cmake_args' from command line to 'None'
[0.356s] Level 5:colcon.colcon_core.verb:set package 'amr_gazebo' build argument 'catkin_cmake_args' from command line to 'None'
[0.356s] Level 5:colcon.colcon_core.verb:set package 'amr_gazebo' build argument 'catkin_skip_building_tests' from command line to 'False'
[0.356s] DEBUG:colcon.colcon_core.verb:Building package 'amr_gazebo' with the following arguments: {'ament_cmake_args': None, 'build_base': '/home/neer/Desktop/SIH/ros2_ws/build/amr_gazebo', 'catkin_cmake_args': None, 'catkin_skip_building_tests': False, 'cmake_args': None, 'cmake_clean_cache': False, 'cmake_clean_first': False, 'cmake_force_configure': False, 'cmake_target': None, 'cmake_target_skip_unavailable': False, 'install_base': '/home/neer/Desktop/SIH/ros2_ws/install/amr_gazebo', 'merge_install': False, 'path': '/home/neer/Desktop/SIH/ros2_ws/src/amr_gazebo', 'symlink_install': True, 'test_result_base': None}
[0.356s] Level 5:colcon.colcon_core.verb:set package 'amr_msgs' build argument 'cmake_args' from command line to 'None'
[0.356s] Level 5:colcon.colcon_core.verb:set package 'amr_msgs' build argument 'cmake_target' from command line to 'None'
[0.356s] Level 5:colcon.colcon_core.verb:set package 'amr_msgs' build argument 'cmake_target_skip_unavailable' from command line to 'False'
[0.357s] Level 5:colcon.colcon_core.verb:set package 'amr_msgs' build argument 'cmake_clean_cache' from command line to 'False'
[0.357s] Level 5:colcon.colcon_core.verb:set package 'amr_msgs' build argument 'cmake_clean_first' from command line to 'False'
[0.357s] Level 5:colcon.colcon_core.verb:set package 'amr_msgs' build argument 'cmake_force_configure' from command line to 'False'
[0.357s] Level 5:colcon.colcon_core.verb:set package 'amr_msgs' build argument 'ament_cmake_args' from command line to 'None'
[0.357s] Level 5:colcon.colcon_core.verb:set package 'amr_msgs' build argument 'catkin_cmake_args' from command line to 'None'
[0.357s] Level 5:colcon.colcon_core.verb:set package 'amr_msgs' build argument 'catkin_skip_building_tests' from command line to 'False'
[0.357s] DEBUG:colcon.colcon_core.verb:Building package 'amr_msgs' with the following arguments: {'ament_cmake_args': None, 'build_base': '/home/neer/Desktop/SIH/ros2_ws/build/amr_msgs', 'catkin_cmake_args': None, 'catkin_skip_building_tests': False, 'cmake_args': None, 'cmake_clean_cache': False, 'cmake_clean_first': False, 'cmake_force_configure': False, 'cmake_target': None, 'cmake_target_skip_unavailable': False, 'install_base': '/home/neer/Desktop/SIH/ros2_ws/install/amr_msgs', 'merge_install': False, 'path': '/home/neer/Desktop/SIH/ros2_ws/src/amr_msgs', 'symlink_install': True, 'test_result_base': None}
[0.357s] Level 5:colcon.colcon_core.verb:set package 'amr_nav' build argument 'cmake_args' from command line to 'None'
[0.357s] Level 5:colcon.colcon_core.verb:set package 'amr_nav' build argument 'cmake_target' from command line to 'None'
[0.357s] Level 5:colcon.colcon_core.verb:set package 'amr_nav' build argument 'cmake_target_skip_unavailable' from command line to 'False'
[0.357s] Level 5:colcon.colcon_core.verb:set package 'amr_nav' build argument 'cmake_clean_cache' from command line to 'False'
[0.357s] Level 5:colcon.colcon_core.verb:set package 'amr_nav' build argument 'cmake_clean_first' from command line to 'False'
[0.357s] Level 5:colcon.colcon_core.verb:set package 'amr_nav' build argument 'cmake_force_configure' from command line to 'False'
[0.357s] Level 5:colcon.colcon_core.verb:set package 'amr_nav' build argument 'ament_cmake_args' from command line to 'None'
[0.357s] Level 5:colcon.colcon_core.verb:set package 'amr_nav' build argument 'catkin_cmake_args' from command line to 'None'
[0.357s] Level 5:colcon.colcon_core.verb:set package 'amr_nav' build argument 'catkin_skip_building_tests' from command line to 'False'
[0.357s] DEBUG:colcon.colcon_core.verb:Building package 'amr_nav' with the following arguments: {'ament_cmake_args': None, 'build_base': '/home/neer/Desktop/SIH/ros2_ws/build/amr_nav', 'catkin_cmake_args': None, 'catkin_skip_building_tests': False, 'cmake_args': None, 'cmake_clean_cache': False, 'cmake_clean_first': False, 'cmake_force_configure': False, 'cmake_target': None, 'cmake_target_skip_unavailable': False, 'install_base': '/home/neer/Desktop/SIH/ros2_ws/install/amr_nav', 'merge_install': False, 'path': '/home/neer/Desktop/SIH/ros2_ws/src/amr_nav', 'symlink_install': True, 'test_result_base': None}
[0.358s] Level 5:colcon.colcon_core.verb:set package 'amr_coordination' build argument 'cmake_args' from command line to 'None'
[0.358s] Level 5:colcon.colcon_core.verb:set package 'amr_coordination' build argument 'cmake_target' from command line to 'None'
[0.358s] Level 5:colcon.colcon_core.verb:set package 'amr_coordination' build argument 'cmake_target_skip_unavailable' from command line to 'False'
[0.358s] Level 5:colcon.colcon_core.verb:set package 'amr_coordination' build argument 'cmake_clean_cache' from command line to 'False'
[0.358s] Level 5:colcon.colcon_core.verb:set package 'amr_coordination' build argument 'cmake_clean_first' from command line to 'False'
[0.358s] Level 5:colcon.colcon_core.verb:set package 'amr_coordination' build argument 'cmake_force_configure' from command line to 'False'
[0.358s] Level 5:colcon.colcon_core.verb:set package 'amr_coordination' build argument 'ament_cmake_args' from command line to 'None'
[0.358s] Level 5:colcon.colcon_core.verb:set package 'amr_coordination' build argument 'catkin_cmake_args' from command line to 'None'
[0.358s] Level 5:colcon.colcon_core.verb:set package 'amr_coordination' build argument 'catkin_skip_building_tests' from command line to 'False'
[0.358s] DEBUG:colcon.colcon_core.verb:Building package 'amr_coordination' with the following arguments: {'ament_cmake_args': None, 'build_base': '/home/neer/Desktop/SIH/ros2_ws/build/amr_coordination', 'catkin_cmake_args': None, 'catkin_skip_building_tests': False, 'cmake_args': None, 'cmake_clean_cache': False, 'cmake_clean_first': False, 'cmake_force_configure': False, 'cmake_target': None, 'cmake_target_skip_unavailable': False, 'install_base': '/home/neer/Desktop/SIH/ros2_ws/install/amr_coordination', 'merge_install': False, 'path': '/home/neer/Desktop/SIH/ros2_ws/src/amr_coordination', 'symlink_install': True, 'test_result_base': None}
[0.358s] Level 5:colcon.colcon_core.verb:set package 'amr_bringup' build argument 'cmake_args' from command line to 'None'
[0.358s] Level 5:colcon.colcon_core.verb:set package 'amr_bringup' build argument 'cmake_target' from command line to 'None'
[0.358s] Level 5:colcon.colcon_core.verb:set package 'amr_bringup' build argument 'cmake_target_skip_unavailable' from command line to 'False'
[0.358s] Level 5:colcon.colcon_core.verb:set package 'amr_bringup' build argument 'cmake_clean_cache' from command line to 'False'
[0.358s] Level 5:colcon.colcon_core.verb:set package 'amr_bringup' build argument 'cmake_clean_first' from command line to 'False'
[0.358s] Level 5:colcon.colcon_core.verb:set package 'amr_bringup' build argument 'cmake_force_configure' from command line to 'False'
[0.358s] Level 5:colcon.colcon_core.verb:set package 'amr_bringup' build argument 'ament_cmake_args' from command line to 'None'
[0.358s] Level 5:colcon.colcon_core.verb:set package 'amr_bringup' build argument 'catkin_cmake_args' from command line to 'None'
[0.358s] Level 5:colcon.colcon_core.verb:set package 'amr_bringup' build argument 'catkin_skip_building_tests' from command line to 'False'
[0.358s] DEBUG:colcon.colcon_core.verb:Building package 'amr_bringup' with the following arguments: {'ament_cmake_args': None, 'build_base': '/home/neer/Desktop/SIH/ros2_ws/build/amr_bringup', 'catkin_cmake_args': None, 'catkin_skip_building_tests': False, 'cmake_args': None, 'cmake_clean_cache': False, 'cmake_clean_first': False, 'cmake_force_configure': False, 'cmake_target': None, 'cmake_target_skip_unavailable': False, 'install_base': '/home/neer/Desktop/SIH/ros2_ws/install/amr_bringup', 'merge_install': False, 'path': '/home/neer/Desktop/SIH/ros2_ws/src/amr_bringup', 'symlink_install': True, 'test_result_base': None}
[0.358s] INFO:colcon.colcon_core.executor:Executing jobs using 'parallel' executor
[0.360s] DEBUG:colcon.colcon_parallel_executor.executor.parallel:run_until_complete
[0.360s] INFO:colcon.colcon_ros.task.ament_cmake.build:Building ROS package in '/home/neer/Desktop/SIH/ros2_ws/src/amr_msgs' with build type 'ament_cmake'
[0.360s] INFO:colcon.colcon_cmake.task.cmake.build:Building CMake package in '/home/neer/Desktop/SIH/ros2_ws/src/amr_msgs'
[0.363s] INFO:colcon.colcon_core.plugin_system:Skipping extension 'colcon_core.shell.bat': Not used on non-Windows systems
[0.363s] INFO:colcon.colcon_core.shell:Skip shell extension 'powershell' for command environment: Not usable outside of PowerShell
[0.363s] DEBUG:colcon.colcon_core.shell:Skip shell extension 'dsv' for command environment
[0.368s] INFO:colcon.colcon_ros.task.ament_cmake.build:Building ROS package in '/home/neer/Desktop/SIH/ros2_ws/src/amr_gazebo' with build type 'ament_cmake'
[0.368s] INFO:colcon.colcon_cmake.task.cmake.build:Building CMake package in '/home/neer/Desktop/SIH/ros2_ws/src/amr_gazebo'
[0.369s] INFO:colcon.colcon_core.shell:Skip shell extension 'powershell' for command environment: Not usable outside of PowerShell
[0.369s] DEBUG:colcon.colcon_core.shell:Skip shell extension 'dsv' for command environment
[0.373s] INFO:colcon.colcon_ros.task.ament_cmake.build:Building ROS package in '/home/neer/Desktop/SIH/ros2_ws/src/amr_nav' with build type 'ament_cmake'
[0.373s] INFO:colcon.colcon_cmake.task.cmake.build:Building CMake package in '/home/neer/Desktop/SIH/ros2_ws/src/amr_nav'
[0.373s] INFO:colcon.colcon_core.shell:Skip shell extension 'powershell' for command environment: Not usable outside of PowerShell
[0.373s] DEBUG:colcon.colcon_core.shell:Skip shell extension 'dsv' for command environment
[0.384s] DEBUG:colcon.colcon_core.event_handler.log_command:Invoking command in '/home/neer/Desktop/SIH/ros2_ws/build/amr_msgs': CMAKE_PREFIX_PATH=${CMAKE_PREFIX_PATH}:/opt/ros/jazzy DEBUGINFOD_URLS=https://debuginfod.ubuntu.com /usr/bin/cmake --build /home/neer/Desktop/SIH/ros2_ws/build/amr_msgs -- -j28 -l28
[0.389s] DEBUG:colcon.colcon_core.event_handler.log_command:Invoking command in '/home/neer/Desktop/SIH/ros2_ws/build/amr_gazebo': CMAKE_PREFIX_PATH=${CMAKE_PREFIX_PATH}:/opt/ros/jazzy DEBUGINFOD_URLS=https://debuginfod.ubuntu.com /usr/bin/cmake --build /home/neer/Desktop/SIH/ros2_ws/build/amr_gazebo -- -j28 -l28
[0.393s] DEBUG:colcon.colcon_core.event_handler.log_command:Invoking command in '/home/neer/Desktop/SIH/ros2_ws/build/amr_nav': CMAKE_PREFIX_PATH=${CMAKE_PREFIX_PATH}:/opt/ros/jazzy DEBUGINFOD_URLS=https://debuginfod.ubuntu.com /usr/bin/cmake --build /home/neer/Desktop/SIH/ros2_ws/build/amr_nav -- -j28 -l28
[0.435s] DEBUG:colcon.colcon_core.event_handler.log_command:Invoked command in '/home/neer/Desktop/SIH/ros2_ws/build/amr_gazebo' returned '0': CMAKE_PREFIX_PATH=${CMAKE_PREFIX_PATH}:/opt/ros/jazzy DEBUGINFOD_URLS=https://debuginfod.ubuntu.com /usr/bin/cmake --build /home/neer/Desktop/SIH/ros2_ws/build/amr_gazebo -- -j28 -l28
[0.445s] DEBUG:colcon.colcon_core.event_handler.log_command:Invoking command in '/home/neer/Desktop/SIH/ros2_ws/build/amr_gazebo': CMAKE_PREFIX_PATH=${CMAKE_PREFIX_PATH}:/opt/ros/jazzy DEBUGINFOD_URLS=https://debuginfod.ubuntu.com /usr/bin/cmake --install /home/neer/Desktop/SIH/ros2_ws/build/amr_gazebo
[0.471s] Level 1:colcon.colcon_core.environment:create_environment_scripts_only(amr_gazebo)
[0.472s] DEBUG:colcon.colcon_core.event_handler.log_command:Invoked command in '/home/neer/Desktop/SIH/ros2_ws/build/amr_gazebo' returned '0': CMAKE_PREFIX_PATH=${CMAKE_PREFIX_PATH}:/opt/ros/jazzy DEBUGINFOD_URLS=https://debuginfod.ubuntu.com /usr/bin/cmake --install /home/neer/Desktop/SIH/ros2_ws/build/amr_gazebo
[0.475s] Level 1:colcon.colcon_core.environment:checking '/home/neer/Desktop/SIH/ros2_ws/install/amr_gazebo' for CMake module files
[0.475s] Level 1:colcon.colcon_core.environment:checking '/home/neer/Desktop/SIH/ros2_ws/install/amr_gazebo' for CMake config files
[0.476s] Level 1:colcon.colcon_core.shell:create_environment_hook('amr_gazebo', 'cmake_prefix_path')
[0.476s] INFO:colcon.colcon_core.shell:Creating environment hook '/home/neer/Desktop/SIH/ros2_ws/install/amr_gazebo/share/amr_gazebo/hook/cmake_prefix_path.ps1'
[0.477s] INFO:colcon.colcon_core.shell:Creating environment descriptor '/home/neer/Desktop/SIH/ros2_ws/install/amr_gazebo/share/amr_gazebo/hook/cmake_prefix_path.dsv'
[0.477s] INFO:colcon.colcon_core.shell:Creating environment hook '/home/neer/Desktop/SIH/ros2_ws/install/amr_gazebo/share/amr_gazebo/hook/cmake_prefix_path.sh'
[0.478s] Level 1:colcon.colcon_core.environment:checking '/home/neer/Desktop/SIH/ros2_ws/install/amr_gazebo/bin'
[0.478s] Level 1:colcon.colcon_core.environment:checking '/home/neer/Desktop/SIH/ros2_ws/install/amr_gazebo/lib/pkgconfig/amr_gazebo.pc'
[0.479s] Level 1:colcon.colcon_core.environment:checking '/home/neer/Desktop/SIH/ros2_ws/install/amr_gazebo/lib/python3.12/site-packages'
[0.479s] Level 1:colcon.colcon_core.environment:checking '/home/neer/Desktop/SIH/ros2_ws/install/amr_gazebo/bin'
[0.479s] INFO:colcon.colcon_core.shell:Creating package script '/home/neer/Desktop/SIH/ros2_ws/install/amr_gazebo/share/amr_gazebo/package.ps1'
[0.480s] INFO:colcon.colcon_core.shell:Creating package descriptor '/home/neer/Desktop/SIH/ros2_ws/install/amr_gazebo/share/amr_gazebo/package.dsv'
[0.481s] INFO:colcon.colcon_core.shell:Creating package script '/home/neer/Desktop/SIH/ros2_ws/install/amr_gazebo/share/amr_gazebo/package.sh'
[0.481s] INFO:colcon.colcon_core.shell:Creating package script '/home/neer/Desktop/SIH/ros2_ws/install/amr_gazebo/share/amr_gazebo/package.bash'
[0.482s] INFO:colcon.colcon_core.shell:Creating package script '/home/neer/Desktop/SIH/ros2_ws/install/amr_gazebo/share/amr_gazebo/package.zsh'
[0.483s] Level 1:colcon.colcon_core.environment:create_file_with_runtime_dependencies(/home/neer/Desktop/SIH/ros2_ws/install/amr_gazebo/share/colcon-core/packages/amr_gazebo)
[0.484s] Level 1:colcon.colcon_core.environment:create_environment_scripts_only(amr_gazebo)
[0.484s] Level 1:colcon.colcon_core.environment:checking '/home/neer/Desktop/SIH/ros2_ws/install/amr_gazebo' for CMake module files
[0.485s] Level 1:colcon.colcon_core.environment:checking '/home/neer/Desktop/SIH/ros2_ws/install/amr_gazebo' for CMake config files
[0.485s] Level 1:colcon.colcon_core.shell:create_environment_hook('amr_gazebo', 'cmake_prefix_path')
[0.485s] INFO:colcon.colcon_core.shell:Creating environment hook '/home/neer/Desktop/SIH/ros2_ws/install/amr_gazebo/share/amr_gazebo/hook/cmake_prefix_path.ps1'
[0.486s] INFO:colcon.colcon_core.shell:Creating environment descriptor '/home/neer/Desktop/SIH/ros2_ws/install/amr_gazebo/share/amr_gazebo/hook/cmake_prefix_path.dsv'
[0.486s] INFO:colcon.colcon_core.shell:Creating environment hook '/home/neer/Desktop/SIH/ros2_ws/install/amr_gazebo/share/amr_gazebo/hook/cmake_prefix_path.sh'
[0.487s] Level 1:colcon.colcon_core.environment:checking '/home/neer/Desktop/SIH/ros2_ws/install/amr_gazebo/bin'
[0.487s] Level 1:colcon.colcon_core.environment:checking '/home/neer/Desktop/SIH/ros2_ws/install/amr_gazebo/lib/pkgconfig/amr_gazebo.pc'
[0.488s] Level 1:colcon.colcon_core.environment:checking '/home/neer/Desktop/SIH/ros2_ws/install/amr_gazebo/lib/python3.12/site-packages'
[0.488s] Level 1:colcon.colcon_core.environment:checking '/home/neer/Desktop/SIH/ros2_ws/install/amr_gazebo/bin'
[0.488s] INFO:colcon.colcon_core.shell:Creating package script '/home/neer/Desktop/SIH/ros2_ws/install/amr_gazebo/share/amr_gazebo/package.ps1'
[0.489s] INFO:colcon.colcon_core.shell:Creating package descriptor '/home/neer/Desktop/SIH/ros2_ws/install/amr_gazebo/share/amr_gazebo/package.dsv'
[0.490s] INFO:colcon.colcon_core.shell:Creating package script '/home/neer/Desktop/SIH/ros2_ws/install/amr_gazebo/share/amr_gazebo/package.sh'
[0.490s] INFO:colcon.colcon_core.shell:Creating package script '/home/neer/Desktop/SIH/ros2_ws/install/amr_gazebo/share/amr_gazebo/package.bash'
[0.491s] INFO:colcon.colcon_core.shell:Creating package script '/home/neer/Desktop/SIH/ros2_ws/install/amr_gazebo/share/amr_gazebo/package.zsh'
[0.491s] Level 1:colcon.colcon_core.environment:create_file_with_runtime_dependencies(/home/neer/Desktop/SIH/ros2_ws/install/amr_gazebo/share/colcon-core/packages/amr_gazebo)
[0.870s] DEBUG:colcon.colcon_core.event_handler.log_command:Invoked command in '/home/neer/Desktop/SIH/ros2_ws/build/amr_nav' returned '0': CMAKE_PREFIX_PATH=${CMAKE_PREFIX_PATH}:/opt/ros/jazzy DEBUGINFOD_URLS=https://debuginfod.ubuntu.com /usr/bin/cmake --build /home/neer/Desktop/SIH/ros2_ws/build/amr_nav -- -j28 -l28
[0.871s] DEBUG:colcon.colcon_core.event_handler.log_command:Invoking command in '/home/neer/Desktop/SIH/ros2_ws/build/amr_nav': CMAKE_PREFIX_PATH=${CMAKE_PREFIX_PATH}:/opt/ros/jazzy DEBUGINFOD_URLS=https://debuginfod.ubuntu.com /usr/bin/cmake --install /home/neer/Desktop/SIH/ros2_ws/build/amr_nav
[0.904s] Level 1:colcon.colcon_core.environment:create_environment_scripts_only(amr_nav)
[0.905s] Level 1:colcon.colcon_core.environment:checking '/home/neer/Desktop/SIH/ros2_ws/install/amr_nav' for CMake module files
[0.905s] DEBUG:colcon.colcon_core.event_handler.log_command:Invoked command in '/home/neer/Desktop/SIH/ros2_ws/build/amr_nav' returned '0': CMAKE_PREFIX_PATH=${CMAKE_PREFIX_PATH}:/opt/ros/jazzy DEBUGINFOD_URLS=https://debuginfod.ubuntu.com /usr/bin/cmake --install /home/neer/Desktop/SIH/ros2_ws/build/amr_nav
[0.906s] Level 1:colcon.colcon_core.environment:checking '/home/neer/Desktop/SIH/ros2_ws/install/amr_nav' for CMake config files
[0.906s] Level 1:colcon.colcon_core.shell:create_environment_hook('amr_nav', 'cmake_prefix_path')
[0.907s] INFO:colcon.colcon_core.shell:Creating environment hook '/home/neer/Desktop/SIH/ros2_ws/install/amr_nav/share/amr_nav/hook/cmake_prefix_path.ps1'
[0.907s] INFO:colcon.colcon_core.shell:Creating environment descriptor '/home/neer/Desktop/SIH/ros2_ws/install/amr_nav/share/amr_nav/hook/cmake_prefix_path.dsv'
[0.908s] INFO:colcon.colcon_core.shell:Creating environment hook '/home/neer/Desktop/SIH/ros2_ws/install/amr_nav/share/amr_nav/hook/cmake_prefix_path.sh'
[0.909s] Level 1:colcon.colcon_core.environment:checking '/home/neer/Desktop/SIH/ros2_ws/install/amr_nav/bin'
[0.909s] Level 1:colcon.colcon_core.environment:checking '/home/neer/Desktop/SIH/ros2_ws/install/amr_nav/lib/pkgconfig/amr_nav.pc'
[0.909s] Level 1:colcon.colcon_core.environment:checking '/home/neer/Desktop/SIH/ros2_ws/install/amr_nav/lib/python3.12/site-packages'
[0.910s] Level 1:colcon.colcon_core.environment:checking '/home/neer/Desktop/SIH/ros2_ws/install/amr_nav/bin'
[0.910s] INFO:colcon.colcon_core.shell:Creating package script '/home/neer/Desktop/SIH/ros2_ws/install/amr_nav/share/amr_nav/package.ps1'
[0.911s] INFO:colcon.colcon_core.shell:Creating package descriptor '/home/neer/Desktop/SIH/ros2_ws/install/amr_nav/share/amr_nav/package.dsv'
[0.912s] INFO:colcon.colcon_core.shell:Creating package script '/home/neer/Desktop/SIH/ros2_ws/install/amr_nav/share/amr_nav/package.sh'
[0.912s] INFO:colcon.colcon_core.shell:Creating package script '/home/neer/Desktop/SIH/ros2_ws/install/amr_nav/share/amr_nav/package.bash'
[0.913s] INFO:colcon.colcon_core.shell:Creating package script '/home/neer/Desktop/SIH/ros2_ws/install/amr_nav/share/amr_nav/package.zsh'
[0.913s] Level 1:colcon.colcon_core.environment:create_file_with_runtime_dependencies(/home/neer/Desktop/SIH/ros2_ws/install/amr_nav/share/colcon-core/packages/amr_nav)
[0.914s] Level 1:colcon.colcon_core.environment:create_environment_scripts_only(amr_nav)
[0.914s] Level 1:colcon.colcon_core.environment:checking '/home/neer/Desktop/SIH/ros2_ws/install/amr_nav' for CMake module files
[0.915s] Level 1:colcon.colcon_core.environment:checking '/home/neer/Desktop/SIH/ros2_ws/install/amr_nav' for CMake config files
[0.915s] Level 1:colcon.colcon_core.shell:create_environment_hook('amr_nav', 'cmake_prefix_path')
[0.915s] INFO:colcon.colcon_core.shell:Creating environment hook '/home/neer/Desktop/SIH/ros2_ws/install/amr_nav/share/amr_nav/hook/cmake_prefix_path.ps1'
[0.916s] INFO:colcon.colcon_core.shell:Creating environment descriptor '/home/neer/Desktop/SIH/ros2_ws/install/amr_nav/share/amr_nav/hook/cmake_prefix_path.dsv'
[0.916s] INFO:colcon.colcon_core.shell:Creating environment hook '/home/neer/Desktop/SIH/ros2_ws/install/amr_nav/share/amr_nav/hook/cmake_prefix_path.sh'
[0.917s] Level 1:colcon.colcon_core.environment:checking '/home/neer/Desktop/SIH/ros2_ws/install/amr_nav/bin'
[0.917s] Level 1:colcon.colcon_core.environment:checking '/home/neer/Desktop/SIH/ros2_ws/install/amr_nav/lib/pkgconfig/amr_nav.pc'
[0.918s] Level 1:colcon.colcon_core.environment:checking '/home/neer/Desktop/SIH/ros2_ws/install/amr_nav/lib/python3.12/site-packages'
[0.918s] Level 1:colcon.colcon_core.environment:checking '/home/neer/Desktop/SIH/ros2_ws/install/amr_nav/bin'
[0.919s] INFO:colcon.colcon_core.shell:Creating package script '/home/neer/Desktop/SIH/ros2_ws/install/amr_nav/share/amr_nav/package.ps1'
[0.920s] INFO:colcon.colcon_core.shell:Creating package descriptor '/home/neer/Desktop/SIH/ros2_ws/install/amr_nav/share/amr_nav/package.dsv'
[0.920s] INFO:colcon.colcon_core.shell:Creating package script '/home/neer/Desktop/SIH/ros2_ws/install/amr_nav/share/amr_nav/package.sh'
[0.921s] INFO:colcon.colcon_core.shell:Creating package script '/home/neer/Desktop/SIH/ros2_ws/install/amr_nav/share/amr_nav/package.bash'
[0.921s] INFO:colcon.colcon_core.shell:Creating package script '/home/neer/Desktop/SIH/ros2_ws/install/amr_nav/share/amr_nav/package.zsh'
[0.922s] Level 1:colcon.colcon_core.environment:create_file_with_runtime_dependencies(/home/neer/Desktop/SIH/ros2_ws/install/amr_nav/share/colcon-core/packages/amr_nav)
[1.403s] DEBUG:colcon.colcon_core.event_handler.log_command:Invoked command in '/home/neer/Desktop/SIH/ros2_ws/build/amr_msgs' returned '0': CMAKE_PREFIX_PATH=${CMAKE_PREFIX_PATH}:/opt/ros/jazzy DEBUGINFOD_URLS=https://debuginfod.ubuntu.com /usr/bin/cmake --build /home/neer/Desktop/SIH/ros2_ws/build/amr_msgs -- -j28 -l28
[1.405s] DEBUG:colcon.colcon_core.event_handler.log_command:Invoking command in '/home/neer/Desktop/SIH/ros2_ws/build/amr_msgs': CMAKE_PREFIX_PATH=${CMAKE_PREFIX_PATH}:/opt/ros/jazzy DEBUGINFOD_URLS=https://debuginfod.ubuntu.com /usr/bin/cmake --install /home/neer/Desktop/SIH/ros2_ws/build/amr_msgs
[1.505s] Level 1:colcon.colcon_core.environment:create_environment_scripts_only(amr_msgs)
[1.506s] Level 1:colcon.colcon_core.environment:checking '/home/neer/Desktop/SIH/ros2_ws/install/amr_msgs' for CMake module files
[1.506s] DEBUG:colcon.colcon_core.event_handler.log_command:Invoked command in '/home/neer/Desktop/SIH/ros2_ws/build/amr_msgs' returned '0': CMAKE_PREFIX_PATH=${CMAKE_PREFIX_PATH}:/opt/ros/jazzy DEBUGINFOD_URLS=https://debuginfod.ubuntu.com /usr/bin/cmake --install /home/neer/Desktop/SIH/ros2_ws/build/amr_msgs
[1.507s] Level 1:colcon.colcon_core.environment:checking '/home/neer/Desktop/SIH/ros2_ws/install/amr_msgs' for CMake config files
[1.509s] Level 1:colcon.colcon_core.shell:create_environment_hook('amr_msgs', 'cmake_prefix_path')
[1.509s] INFO:colcon.colcon_core.shell:Creating environment hook '/home/neer/Desktop/SIH/ros2_ws/install/amr_msgs/share/amr_msgs/hook/cmake_prefix_path.ps1'
[1.510s] INFO:colcon.colcon_core.shell:Creating environment descriptor '/home/neer/Desktop/SIH/ros2_ws/install/amr_msgs/share/amr_msgs/hook/cmake_prefix_path.dsv'
[1.510s] INFO:colcon.colcon_core.shell:Creating environment hook '/home/neer/Desktop/SIH/ros2_ws/install/amr_msgs/share/amr_msgs/hook/cmake_prefix_path.sh'
[1.511s] Level 1:colcon.colcon_core.environment:checking '/home/neer/Desktop/SIH/ros2_ws/install/amr_msgs/lib'
[1.511s] Level 1:colcon.colcon_core.shell:create_environment_hook('amr_msgs', 'ld_library_path_lib')
[1.512s] INFO:colcon.colcon_core.shell:Creating environment hook '/home/neer/Desktop/SIH/ros2_ws/install/amr_msgs/share/amr_msgs/hook/ld_library_path_lib.ps1'
[1.512s] INFO:colcon.colcon_core.shell:Creating environment descriptor '/home/neer/Desktop/SIH/ros2_ws/install/amr_msgs/share/amr_msgs/hook/ld_library_path_lib.dsv'
[1.513s] INFO:colcon.colcon_core.shell:Creating environment hook '/home/neer/Desktop/SIH/ros2_ws/install/amr_msgs/share/amr_msgs/hook/ld_library_path_lib.sh'
[1.513s] Level 1:colcon.colcon_core.environment:checking '/home/neer/Desktop/SIH/ros2_ws/install/amr_msgs/bin'
[1.513s] Level 1:colcon.colcon_core.environment:checking '/home/neer/Desktop/SIH/ros2_ws/install/amr_msgs/lib/pkgconfig/amr_msgs.pc'
[1.514s] Level 1:colcon.colcon_core.environment:checking '/home/neer/Desktop/SIH/ros2_ws/install/amr_msgs/lib/python3.12/site-packages'
[1.514s] Level 1:colcon.colcon_core.shell:create_environment_hook('amr_msgs', 'pythonpath')
[1.514s] INFO:colcon.colcon_core.shell:Creating environment hook '/home/neer/Desktop/SIH/ros2_ws/install/amr_msgs/share/amr_msgs/hook/pythonpath.ps1'
[1.515s] INFO:colcon.colcon_core.shell:Creating environment descriptor '/home/neer/Desktop/SIH/ros2_ws/install/amr_msgs/share/amr_msgs/hook/pythonpath.dsv'
[1.515s] INFO:colcon.colcon_core.shell:Creating environment hook '/home/neer/Desktop/SIH/ros2_ws/install/amr_msgs/share/amr_msgs/hook/pythonpath.sh'
[1.516s] Level 1:colcon.colcon_core.environment:checking '/home/neer/Desktop/SIH/ros2_ws/install/amr_msgs/bin'
[1.517s] INFO:colcon.colcon_core.shell:Creating package script '/home/neer/Desktop/SIH/ros2_ws/install/amr_msgs/share/amr_msgs/package.ps1'
[1.518s] INFO:colcon.colcon_core.shell:Creating package descriptor '/home/neer/Desktop/SIH/ros2_ws/install/amr_msgs/share/amr_msgs/package.dsv'
[1.518s] INFO:colcon.colcon_core.shell:Creating package script '/home/neer/Desktop/SIH/ros2_ws/install/amr_msgs/share/amr_msgs/package.sh'
[1.519s] INFO:colcon.colcon_core.shell:Creating package script '/home/neer/Desktop/SIH/ros2_ws/install/amr_msgs/share/amr_msgs/package.bash'
[1.520s] INFO:colcon.colcon_core.shell:Creating package script '/home/neer/Desktop/SIH/ros2_ws/install/amr_msgs/share/amr_msgs/package.zsh'
[1.520s] Level 1:colcon.colcon_core.environment:create_file_with_runtime_dependencies(/home/neer/Desktop/SIH/ros2_ws/install/amr_msgs/share/colcon-core/packages/amr_msgs)
[1.521s] Level 1:colcon.colcon_core.environment:create_environment_scripts_only(amr_msgs)
[1.521s] Level 1:colcon.colcon_core.environment:checking '/home/neer/Desktop/SIH/ros2_ws/install/amr_msgs' for CMake module files
[1.522s] Level 1:colcon.colcon_core.environment:checking '/home/neer/Desktop/SIH/ros2_ws/install/amr_msgs' for CMake config files
[1.524s] Level 1:colcon.colcon_core.shell:create_environment_hook('amr_msgs', 'cmake_prefix_path')
[1.524s] INFO:colcon.colcon_core.shell:Creating environment hook '/home/neer/Desktop/SIH/ros2_ws/install/amr_msgs/share/amr_msgs/hook/cmake_prefix_path.ps1'
[1.525s] INFO:colcon.colcon_core.shell:Creating environment descriptor '/home/neer/Desktop/SIH/ros2_ws/install/amr_msgs/share/amr_msgs/hook/cmake_prefix_path.dsv'
[1.525s] INFO:colcon.colcon_core.shell:Creating environment hook '/home/neer/Desktop/SIH/ros2_ws/install/amr_msgs/share/amr_msgs/hook/cmake_prefix_path.sh'
[1.526s] Level 1:colcon.colcon_core.environment:checking '/home/neer/Desktop/SIH/ros2_ws/install/amr_msgs/lib'
[1.526s] Level 1:colcon.colcon_core.shell:create_environment_hook('amr_msgs', 'ld_library_path_lib')
[1.526s] INFO:colcon.colcon_core.shell:Creating environment hook '/home/neer/Desktop/SIH/ros2_ws/install/amr_msgs/share/amr_msgs/hook/ld_library_path_lib.ps1'
[1.527s] INFO:colcon.colcon_core.shell:Creating environment descriptor '/home/neer/Desktop/SIH/ros2_ws/install/amr_msgs/share/amr_msgs/hook/ld_library_path_lib.dsv'
[1.527s] INFO:colcon.colcon_core.shell:Creating environment hook '/home/neer/Desktop/SIH/ros2_ws/install/amr_msgs/share/amr_msgs/hook/ld_library_path_lib.sh'
[1.528s] Level 1:colcon.colcon_core.environment:checking '/home/neer/Desktop/SIH/ros2_ws/install/amr_msgs/bin'
[1.528s] Level 1:colcon.colcon_core.environment:checking '/home/neer/Desktop/SIH/ros2_ws/install/amr_msgs/lib/pkgconfig/amr_msgs.pc'
[1.528s] Level 1:colcon.colcon_core.environment:checking '/home/neer/Desktop/SIH/ros2_ws/install/amr_msgs/lib/python3.12/site-packages'
[1.529s] Level 1:colcon.colcon_core.shell:create_environment_hook('amr_msgs', 'pythonpath')
[1.529s] INFO:colcon.colcon_core.shell:Creating environment hook '/home/neer/Desktop/SIH/ros2_ws/install/amr_msgs/share/amr_msgs/hook/pythonpath.ps1'
[1.529s] INFO:colcon.colcon_core.shell:Creating environment descriptor '/home/neer/Desktop/SIH/ros2_ws/install/amr_msgs/share/amr_msgs/hook/pythonpath.dsv'
[1.530s] INFO:colcon.colcon_core.shell:Creating environment hook '/home/neer/Desktop/SIH/ros2_ws/install/amr_msgs/share/amr_msgs/hook/pythonpath.sh'
[1.531s] Level 1:colcon.colcon_core.environment:checking '/home/neer/Desktop/SIH/ros2_ws/install/amr_msgs/bin'
[1.531s] INFO:colcon.colcon_core.shell:Creating package script '/home/neer/Desktop/SIH/ros2_ws/install/amr_msgs/share/amr_msgs/package.ps1'
[1.532s] INFO:colcon.colcon_core.shell:Creating package descriptor '/home/neer/Desktop/SIH/ros2_ws/install/amr_msgs/share/amr_msgs/package.dsv'
[1.533s] INFO:colcon.colcon_core.shell:Creating package script '/home/neer/Desktop/SIH/ros2_ws/install/amr_msgs/share/amr_msgs/package.sh'
[1.534s] INFO:colcon.colcon_core.shell:Creating package script '/home/neer/Desktop/SIH/ros2_ws/install/amr_msgs/share/amr_msgs/package.bash'
[1.534s] INFO:colcon.colcon_core.shell:Creating package script '/home/neer/Desktop/SIH/ros2_ws/install/amr_msgs/share/amr_msgs/package.zsh'
[1.535s] Level 1:colcon.colcon_core.environment:create_file_with_runtime_dependencies(/home/neer/Desktop/SIH/ros2_ws/install/amr_msgs/share/colcon-core/packages/amr_msgs)
[1.535s] INFO:colcon.colcon_ros.task.ament_python.build:Building ROS package in '/home/neer/Desktop/SIH/ros2_ws/src/amr_coordination' with build type 'ament_python'
[1.535s] Level 1:colcon.colcon_core.shell:create_environment_hook('amr_coordination', 'ament_prefix_path')
[1.536s] INFO:colcon.colcon_core.shell:Creating environment hook '/home/neer/Desktop/SIH/ros2_ws/install/amr_coordination/share/amr_coordination/hook/ament_prefix_path.ps1'
[1.536s] INFO:colcon.colcon_core.shell:Creating environment descriptor '/home/neer/Desktop/SIH/ros2_ws/install/amr_coordination/share/amr_coordination/hook/ament_prefix_path.dsv'
[1.537s] INFO:colcon.colcon_core.shell:Creating environment hook '/home/neer/Desktop/SIH/ros2_ws/install/amr_coordination/share/amr_coordination/hook/ament_prefix_path.sh'
[1.538s] INFO:colcon.colcon_core.shell:Skip shell extension 'powershell' for command environment: Not usable outside of PowerShell
[1.538s] DEBUG:colcon.colcon_core.shell:Skip shell extension 'dsv' for command environment
[1.847s] INFO:colcon.colcon_core.task.python.build:Building Python package in '/home/neer/Desktop/SIH/ros2_ws/src/amr_coordination'
[1.847s] INFO:colcon.colcon_core.shell:Skip shell extension 'powershell' for command environment: Not usable outside of PowerShell
[1.847s] DEBUG:colcon.colcon_core.shell:Skip shell extension 'dsv' for command environment
[2.660s] DEBUG:colcon.colcon_core.task.python.build:Available setuptools commands: editable_wheel, sdist, dist_info, develop, compile_catalog, build_scripts, build_ext, install_lib, easy_install, test, install_egg_info, rotate, extract_messages, upload, build, build_py, bdist_wheel, egg_info, symlink_data, bdist_dumb, bdist, update_catalog, check, setopt, build_clib, init_catalog, install, bdist_rpm, install_data, install_headers, install_scripts, upload_docs, saveopts, register, alias, bdist_egg, clean
[3.067s] DEBUG:colcon.colcon_core.task.python.build:Available setuptools 'develop' options: --always-copy, --version, --egg-path, --site-dirs, --dry-run, --no-deps, --exclude-scripts, --user, --uninstall, --help, --no-user-cfg, --always-unzip, --install-layout, --script-dir, --no-find-links, --multi-version, --upgrade, --verbose, --index-url, --zip-ok, --prefix, --editable, --build-directory, --quiet, --optimize, --find-links, --allow-hosts, --force-installation-into-system-dir, --record, --install-dir, --local-snapshots-ok
[3.069s] DEBUG:colcon.colcon_core.event_handler.log_command:Invoking command in '/home/neer/Desktop/SIH/ros2_ws/build/amr_coordination': AMENT_PREFIX_PATH=/home/neer/Desktop/SIH/ros2_ws/install/amr_msgs:${AMENT_PREFIX_PATH} CMAKE_PREFIX_PATH=/home/neer/Desktop/SIH/ros2_ws/install/amr_msgs:${CMAKE_PREFIX_PATH} DEBUGINFOD_URLS=https://debuginfod.ubuntu.com LD_LIBRARY_PATH=/home/neer/Desktop/SIH/ros2_ws/install/amr_msgs/lib:${LD_LIBRARY_PATH} PYTHONPATH=/home/neer/Desktop/SIH/ros2_ws/build/amr_coordination/prefix_override:/usr/lib/python3/dist-packages/colcon_core/task/python/colcon_distutils_commands:/home/neer/Desktop/SIH/ros2_ws/install/amr_coordination/lib/python3.12/site-packages:/home/neer/Desktop/SIH/ros2_ws/install/amr_msgs/lib/python3.12/site-packages:${PYTHONPATH} /usr/bin/python3 -W ignore:setup.py install is deprecated -W ignore:easy_install command is deprecated setup.py develop --editable --build-directory /home/neer/Desktop/SIH/ros2_ws/build/amr_coordination/build --no-deps symlink_data
[3.900s] Level 1:colcon.colcon_core.shell:create_environment_hook('amr_coordination', 'pythonpath_develop')
[3.900s] INFO:colcon.colcon_core.shell:Creating environment hook '/home/neer/Desktop/SIH/ros2_ws/build/amr_coordination/share/amr_coordination/hook/pythonpath_develop.ps1'
[3.901s] DEBUG:colcon.colcon_core.event_handler.log_command:Invoked command in '/home/neer/Desktop/SIH/ros2_ws/build/amr_coordination' returned '0': AMENT_PREFIX_PATH=/home/neer/Desktop/SIH/ros2_ws/install/amr_msgs:${AMENT_PREFIX_PATH} CMAKE_PREFIX_PATH=/home/neer/Desktop/SIH/ros2_ws/install/amr_msgs:${CMAKE_PREFIX_PATH} DEBUGINFOD_URLS=https://debuginfod.ubuntu.com LD_LIBRARY_PATH=/home/neer/Desktop/SIH/ros2_ws/install/amr_msgs/lib:${LD_LIBRARY_PATH} PYTHONPATH=/home/neer/Desktop/SIH/ros2_ws/build/amr_coordination/prefix_override:/usr/lib/python3/dist-packages/colcon_core/task/python/colcon_distutils_commands:/home/neer/Desktop/SIH/ros2_ws/install/amr_coordination/lib/python3.12/site-packages:/home/neer/Desktop/SIH/ros2_ws/install/amr_msgs/lib/python3.12/site-packages:${PYTHONPATH} /usr/bin/python3 -W ignore:setup.py install is deprecated -W ignore:easy_install command is deprecated setup.py develop --editable --build-directory /home/neer/Desktop/SIH/ros2_ws/build/amr_coordination/build --no-deps symlink_data
[3.901s] INFO:colcon.colcon_core.shell:Creating environment descriptor '/home/neer/Desktop/SIH/ros2_ws/build/amr_coordination/share/amr_coordination/hook/pythonpath_develop.dsv'
[3.902s] INFO:colcon.colcon_core.shell:Creating environment hook '/home/neer/Desktop/SIH/ros2_ws/build/amr_coordination/share/amr_coordination/hook/pythonpath_develop.sh'
[3.903s] Level 1:colcon.colcon_core.environment:checking '/home/neer/Desktop/SIH/ros2_ws/install/amr_coordination' for CMake module files
[3.904s] Level 1:colcon.colcon_core.environment:checking '/home/neer/Desktop/SIH/ros2_ws/install/amr_coordination' for CMake config files
[3.905s] Level 1:colcon.colcon_core.environment:checking '/home/neer/Desktop/SIH/ros2_ws/install/amr_coordination/lib'
[3.905s] Level 1:colcon.colcon_core.environment:checking '/home/neer/Desktop/SIH/ros2_ws/install/amr_coordination/bin'
[3.905s] Level 1:colcon.colcon_core.environment:checking '/home/neer/Desktop/SIH/ros2_ws/install/amr_coordination/lib/pkgconfig/amr_coordination.pc'
[3.905s] Level 1:colcon.colcon_core.environment:checking '/home/neer/Desktop/SIH/ros2_ws/install/amr_coordination/lib/python3.12/site-packages'
[3.905s] Level 1:colcon.colcon_core.shell:create_environment_hook('amr_coordination', 'pythonpath')
[3.906s] INFO:colcon.colcon_core.shell:Creating environment hook '/home/neer/Desktop/SIH/ros2_ws/install/amr_coordination/share/amr_coordination/hook/pythonpath.ps1'
[3.906s] INFO:colcon.colcon_core.shell:Creating environment descriptor '/home/neer/Desktop/SIH/ros2_ws/install/amr_coordination/share/amr_coordination/hook/pythonpath.dsv'
[3.907s] INFO:colcon.colcon_core.shell:Creating environment hook '/home/neer/Desktop/SIH/ros2_ws/install/amr_coordination/share/amr_coordination/hook/pythonpath.sh'
[3.908s] Level 1:colcon.colcon_core.environment:checking '/home/neer/Desktop/SIH/ros2_ws/install/amr_coordination/bin'
[3.908s] Level 1:colcon.colcon_core.environment:create_environment_scripts_only(amr_coordination)
[3.908s] INFO:colcon.colcon_core.shell:Creating package script '/home/neer/Desktop/SIH/ros2_ws/install/amr_coordination/share/amr_coordination/package.ps1'
[3.909s] INFO:colcon.colcon_core.shell:Creating package descriptor '/home/neer/Desktop/SIH/ros2_ws/install/amr_coordination/share/amr_coordination/package.dsv'
[3.910s] INFO:colcon.colcon_core.shell:Creating package script '/home/neer/Desktop/SIH/ros2_ws/install/amr_coordination/share/amr_coordination/package.sh'
[3.910s] INFO:colcon.colcon_core.shell:Creating package script '/home/neer/Desktop/SIH/ros2_ws/install/amr_coordination/share/amr_coordination/package.bash'
[3.911s] INFO:colcon.colcon_core.shell:Creating package script '/home/neer/Desktop/SIH/ros2_ws/install/amr_coordination/share/amr_coordination/package.zsh'
[3.911s] Level 1:colcon.colcon_core.environment:create_file_with_runtime_dependencies(/home/neer/Desktop/SIH/ros2_ws/install/amr_coordination/share/colcon-core/packages/amr_coordination)
[3.912s] INFO:colcon.colcon_ros.task.ament_cmake.build:Building ROS package in '/home/neer/Desktop/SIH/ros2_ws/src/amr_bringup' with build type 'ament_cmake'
[3.912s] INFO:colcon.colcon_cmake.task.cmake.build:Building CMake package in '/home/neer/Desktop/SIH/ros2_ws/src/amr_bringup'
[3.913s] INFO:colcon.colcon_core.shell:Skip shell extension 'powershell' for command environment: Not usable outside of PowerShell
[3.913s] DEBUG:colcon.colcon_core.shell:Skip shell extension 'dsv' for command environment
[3.929s] DEBUG:colcon.colcon_core.event_handler.log_command:Invoking command in '/home/neer/Desktop/SIH/ros2_ws/build/amr_bringup': AMENT_PREFIX_PATH=/home/neer/Desktop/SIH/ros2_ws/install/amr_coordination:/home/neer/Desktop/SIH/ros2_ws/install/amr_nav:/home/neer/Desktop/SIH/ros2_ws/install/amr_msgs:/home/neer/Desktop/SIH/ros2_ws/install/amr_gazebo:${AMENT_PREFIX_PATH} CMAKE_PREFIX_PATH=/home/neer/Desktop/SIH/ros2_ws/install/amr_nav:/home/neer/Desktop/SIH/ros2_ws/install/amr_msgs:/home/neer/Desktop/SIH/ros2_ws/install/amr_gazebo:/opt/ros/jazzy/opt/gz_sim_vendor:/opt/ros/jazzy/opt/gz_sensors_vendor:/opt/ros/jazzy/opt/gz_physics_vendor:/opt/ros/jazzy/opt/sdformat_vendor:/opt/ros/jazzy/opt/gz_gui_vendor:/opt/ros/jazzy/opt/gz_transport_vendor:/opt/ros/jazzy/opt/gz_rendering_vendor:/opt/ros/jazzy/opt/gz_plugin_vendor:/opt/ros/jazzy/opt/gz_fuel_tools_vendor:/opt/ros/jazzy/opt/gz_msgs_vendor:/opt/ros/jazzy/opt/gz_common_vendor:/opt/ros/jazzy/opt/gz_math_vendor:/opt/ros/jazzy/opt/gz_utils_vendor:/opt/ros/jazzy/opt/gz_tools_vendor:/opt/ros/jazzy/opt/gz_ogre_next_vendor:/opt/ros/jazzy/opt/gz_dartsim_vendor:/opt/ros/jazzy/opt/gz_cmake_vendor:/opt/ros/jazzy DEBUGINFOD_URLS=https://debuginfod.ubuntu.com LD_LIBRARY_PATH=/home/neer/Desktop/SIH/ros2_ws/install/amr_msgs/lib:${LD_LIBRARY_PATH} PYTHONPATH=/home/neer/Desktop/SIH/ros2_ws/build/amr_coordination:/home/neer/Desktop/SIH/ros2_ws/install/amr_coordination/lib/python3.12/site-packages:/home/neer/Desktop/SIH/ros2_ws/install/amr_msgs/lib/python3.12/site-packages:${PYTHONPATH} /usr/bin/cmake --build /home/neer/Desktop/SIH/ros2_ws/build/amr_bringup -- -j28 -l28
[3.980s] DEBUG:colcon.colcon_core.event_handler.log_command:Invoked command in '/home/neer/Desktop/SIH/ros2_ws/build/amr_bringup' returned '0': AMENT_PREFIX_PATH=/home/neer/Desktop/SIH/ros2_ws/install/amr_coordination:/home/neer/Desktop/SIH/ros2_ws/install/amr_nav:/home/neer/Desktop/SIH/ros2_ws/install/amr_msgs:/home/neer/Desktop/SIH/ros2_ws/install/amr_gazebo:${AMENT_PREFIX_PATH} CMAKE_PREFIX_PATH=/home/neer/Desktop/SIH/ros2_ws/install/amr_nav:/home/neer/Desktop/SIH/ros2_ws/install/amr_msgs:/home/neer/Desktop/SIH/ros2_ws/install/amr_gazebo:/opt/ros/jazzy/opt/gz_sim_vendor:/opt/ros/jazzy/opt/gz_sensors_vendor:/opt/ros/jazzy/opt/gz_physics_vendor:/opt/ros/jazzy/opt/sdformat_vendor:/opt/ros/jazzy/opt/gz_gui_vendor:/opt/ros/jazzy/opt/gz_transport_vendor:/opt/ros/jazzy/opt/gz_rendering_vendor:/opt/ros/jazzy/opt/gz_plugin_vendor:/opt/ros/jazzy/opt/gz_fuel_tools_vendor:/opt/ros/jazzy/opt/gz_msgs_vendor:/opt/ros/jazzy/opt/gz_common_vendor:/opt/ros/jazzy/opt/gz_math_vendor:/opt/ros/jazzy/opt/gz_utils_vendor:/opt/ros/jazzy/opt/gz_tools_vendor:/opt/ros/jazzy/opt/gz_ogre_next_vendor:/opt/ros/jazzy/opt/gz_dartsim_vendor:/opt/ros/jazzy/opt/gz_cmake_vendor:/opt/ros/jazzy DEBUGINFOD_URLS=https://debuginfod.ubuntu.com LD_LIBRARY_PATH=/home/neer/Desktop/SIH/ros2_ws/install/amr_msgs/lib:${LD_LIBRARY_PATH} PYTHONPATH=/home/neer/Desktop/SIH/ros2_ws/build/amr_coordination:/home/neer/Desktop/SIH/ros2_ws/install/amr_coordination/lib/python3.12/site-packages:/home/neer/Desktop/SIH/ros2_ws/install/amr_msgs/lib/python3.12/site-packages:${PYTHONPATH} /usr/bin/cmake --build /home/neer/Desktop/SIH/ros2_ws/build/amr_bringup -- -j28 -l28
[3.981s] DEBUG:colcon.colcon_core.event_handler.log_command:Invoking command in '/home/neer/Desktop/SIH/ros2_ws/build/amr_bringup': AMENT_PREFIX_PATH=/home/neer/Desktop/SIH/ros2_ws/install/amr_coordination:/home/neer/Desktop/SIH/ros2_ws/install/amr_nav:/home/neer/Desktop/SIH/ros2_ws/install/amr_msgs:/home/neer/Desktop/SIH/ros2_ws/install/amr_gazebo:${AMENT_PREFIX_PATH} CMAKE_PREFIX_PATH=/home/neer/Desktop/SIH/ros2_ws/install/amr_nav:/home/neer/Desktop/SIH/ros2_ws/install/amr_msgs:/home/neer/Desktop/SIH/ros2_ws/install/amr_gazebo:/opt/ros/jazzy/opt/gz_sim_vendor:/opt/ros/jazzy/opt/gz_sensors_vendor:/opt/ros/jazzy/opt/gz_physics_vendor:/opt/ros/jazzy/opt/sdformat_vendor:/opt/ros/jazzy/opt/gz_gui_vendor:/opt/ros/jazzy/opt/gz_transport_vendor:/opt/ros/jazzy/opt/gz_rendering_vendor:/opt/ros/jazzy/opt/gz_plugin_vendor:/opt/ros/jazzy/opt/gz_fuel_tools_vendor:/opt/ros/jazzy/opt/gz_msgs_vendor:/opt/ros/jazzy/opt/gz_common_vendor:/opt/ros/jazzy/opt/gz_math_vendor:/opt/ros/jazzy/opt/gz_utils_vendor:/opt/ros/jazzy/opt/gz_tools_vendor:/opt/ros/jazzy/opt/gz_ogre_next_vendor:/opt/ros/jazzy/opt/gz_dartsim_vendor:/opt/ros/jazzy/opt/gz_cmake_vendor:/opt/ros/jazzy DEBUGINFOD_URLS=https://debuginfod.ubuntu.com LD_LIBRARY_PATH=/home/neer/Desktop/SIH/ros2_ws/install/amr_msgs/lib:${LD_LIBRARY_PATH} PYTHONPATH=/home/neer/Desktop/SIH/ros2_ws/build/amr_coordination:/home/neer/Desktop/SIH/ros2_ws/install/amr_coordination/lib/python3.12/site-packages:/home/neer/Desktop/SIH/ros2_ws/install/amr_msgs/lib/python3.12/site-packages:${PYTHONPATH} /usr/bin/cmake --install /home/neer/Desktop/SIH/ros2_ws/build/amr_bringup
[4.011s] Level 1:colcon.colcon_core.environment:create_environment_scripts_only(amr_bringup)
[4.011s] Level 1:colcon.colcon_core.environment:checking '/home/neer/Desktop/SIH/ros2_ws/install/amr_bringup' for CMake module files
[4.012s] Level 1:colcon.colcon_core.environment:checking '/home/neer/Desktop/SIH/ros2_ws/install/amr_bringup' for CMake config files
[4.012s] Level 1:colcon.colcon_core.shell:create_environment_hook('amr_bringup', 'cmake_prefix_path')
[4.012s] INFO:colcon.colcon_core.shell:Creating environment hook '/home/neer/Desktop/SIH/ros2_ws/install/amr_bringup/share/amr_bringup/hook/cmake_prefix_path.ps1'
[4.013s] DEBUG:colcon.colcon_core.event_handler.log_command:Invoked command in '/home/neer/Desktop/SIH/ros2_ws/build/amr_bringup' returned '0': AMENT_PREFIX_PATH=/home/neer/Desktop/SIH/ros2_ws/install/amr_coordination:/home/neer/Desktop/SIH/ros2_ws/install/amr_nav:/home/neer/Desktop/SIH/ros2_ws/install/amr_msgs:/home/neer/Desktop/SIH/ros2_ws/install/amr_gazebo:${AMENT_PREFIX_PATH} CMAKE_PREFIX_PATH=/home/neer/Desktop/SIH/ros2_ws/install/amr_nav:/home/neer/Desktop/SIH/ros2_ws/install/amr_msgs:/home/neer/Desktop/SIH/ros2_ws/install/amr_gazebo:/opt/ros/jazzy/opt/gz_sim_vendor:/opt/ros/jazzy/opt/gz_sensors_vendor:/opt/ros/jazzy/opt/gz_physics_vendor:/opt/ros/jazzy/opt/sdformat_vendor:/opt/ros/jazzy/opt/gz_gui_vendor:/opt/ros/jazzy/opt/gz_transport_vendor:/opt/ros/jazzy/opt/gz_rendering_vendor:/opt/ros/jazzy/opt/gz_plugin_vendor:/opt/ros/jazzy/opt/gz_fuel_tools_vendor:/opt/ros/jazzy/opt/gz_msgs_vendor:/opt/ros/jazzy/opt/gz_common_vendor:/opt/ros/jazzy/opt/gz_math_vendor:/opt/ros/jazzy/opt/gz_utils_vendor:/opt/ros/jazzy/opt/gz_tools_vendor:/opt/ros/jazzy/opt/gz_ogre_next_vendor:/opt/ros/jazzy/opt/gz_dartsim_vendor:/opt/ros/jazzy/opt/gz_cmake_vendor:/opt/ros/jazzy DEBUGINFOD_URLS=https://debuginfod.ubuntu.com LD_LIBRARY_PATH=/home/neer/Desktop/SIH/ros2_ws/install/amr_msgs/lib:${LD_LIBRARY_PATH} PYTHONPATH=/home/neer/Desktop/SIH/ros2_ws/build/amr_coordination:/home/neer/Desktop/SIH/ros2_ws/install/amr_coordination/lib/python3.12/site-packages:/home/neer/Desktop/SIH/ros2_ws/install/amr_msgs/lib/python3.12/site-packages:${PYTHONPATH} /usr/bin/cmake --install /home/neer/Desktop/SIH/ros2_ws/build/amr_bringup
[4.014s] INFO:colcon.colcon_core.shell:Creating environment descriptor '/home/neer/Desktop/SIH/ros2_ws/install/amr_bringup/share/amr_bringup/hook/cmake_prefix_path.dsv'
[4.014s] INFO:colcon.colcon_core.shell:Creating environment hook '/home/neer/Desktop/SIH/ros2_ws/install/amr_bringup/share/amr_bringup/hook/cmake_prefix_path.sh'
[4.015s] Level 1:colcon.colcon_core.environment:checking '/home/neer/Desktop/SIH/ros2_ws/install/amr_bringup/bin'
[4.015s] Level 1:colcon.colcon_core.environment:checking '/home/neer/Desktop/SIH/ros2_ws/install/amr_bringup/lib/pkgconfig/amr_bringup.pc'
[4.015s] Level 1:colcon.colcon_core.environment:checking '/home/neer/Desktop/SIH/ros2_ws/install/amr_bringup/lib/python3.12/site-packages'
[4.016s] Level 1:colcon.colcon_core.environment:checking '/home/neer/Desktop/SIH/ros2_ws/install/amr_bringup/bin'
[4.016s] INFO:colcon.colcon_core.shell:Creating package script '/home/neer/Desktop/SIH/ros2_ws/install/amr_bringup/share/amr_bringup/package.ps1'
[4.017s] INFO:colcon.colcon_core.shell:Creating package descriptor '/home/neer/Desktop/SIH/ros2_ws/install/amr_bringup/share/amr_bringup/package.dsv'
[4.018s] INFO:colcon.colcon_core.shell:Creating package script '/home/neer/Desktop/SIH/ros2_ws/install/amr_bringup/share/amr_bringup/package.sh'
[4.018s] INFO:colcon.colcon_core.shell:Creating package script '/home/neer/Desktop/SIH/ros2_ws/install/amr_bringup/share/amr_bringup/package.bash'
[4.019s] INFO:colcon.colcon_core.shell:Creating package script '/home/neer/Desktop/SIH/ros2_ws/install/amr_bringup/share/amr_bringup/package.zsh'
[4.019s] Level 1:colcon.colcon_core.environment:create_file_with_runtime_dependencies(/home/neer/Desktop/SIH/ros2_ws/install/amr_bringup/share/colcon-core/packages/amr_bringup)
[4.020s] Level 1:colcon.colcon_core.environment:create_environment_scripts_only(amr_bringup)
[4.020s] Level 1:colcon.colcon_core.environment:checking '/home/neer/Desktop/SIH/ros2_ws/install/amr_bringup' for CMake module files
[4.021s] Level 1:colcon.colcon_core.environment:checking '/home/neer/Desktop/SIH/ros2_ws/install/amr_bringup' for CMake config files
[4.021s] Level 1:colcon.colcon_core.shell:create_environment_hook('amr_bringup', 'cmake_prefix_path')
[4.021s] INFO:colcon.colcon_core.shell:Creating environment hook '/home/neer/Desktop/SIH/ros2_ws/install/amr_bringup/share/amr_bringup/hook/cmake_prefix_path.ps1'
[4.022s] INFO:colcon.colcon_core.shell:Creating environment descriptor '/home/neer/Desktop/SIH/ros2_ws/install/amr_bringup/share/amr_bringup/hook/cmake_prefix_path.dsv'
[4.022s] INFO:colcon.colcon_core.shell:Creating environment hook '/home/neer/Desktop/SIH/ros2_ws/install/amr_bringup/share/amr_bringup/hook/cmake_prefix_path.sh'
[4.023s] Level 1:colcon.colcon_core.environment:checking '/home/neer/Desktop/SIH/ros2_ws/install/amr_bringup/bin'
[4.023s] Level 1:colcon.colcon_core.environment:checking '/home/neer/Desktop/SIH/ros2_ws/install/amr_bringup/lib/pkgconfig/amr_bringup.pc'
[4.024s] Level 1:colcon.colcon_core.environment:checking '/home/neer/Desktop/SIH/ros2_ws/install/amr_bringup/lib/python3.12/site-packages'
[4.024s] Level 1:colcon.colcon_core.environment:checking '/home/neer/Desktop/SIH/ros2_ws/install/amr_bringup/bin'
[4.024s] INFO:colcon.colcon_core.shell:Creating package script '/home/neer/Desktop/SIH/ros2_ws/install/amr_bringup/share/amr_bringup/package.ps1'
[4.025s] INFO:colcon.colcon_core.shell:Creating package descriptor '/home/neer/Desktop/SIH/ros2_ws/install/amr_bringup/share/amr_bringup/package.dsv'
[4.026s] INFO:colcon.colcon_core.shell:Creating package script '/home/neer/Desktop/SIH/ros2_ws/install/amr_bringup/share/amr_bringup/package.sh'
[4.026s] INFO:colcon.colcon_core.shell:Creating package script '/home/neer/Desktop/SIH/ros2_ws/install/amr_bringup/share/amr_bringup/package.bash'
[4.027s] INFO:colcon.colcon_core.shell:Creating package script '/home/neer/Desktop/SIH/ros2_ws/install/amr_bringup/share/amr_bringup/package.zsh'
[4.027s] Level 1:colcon.colcon_core.environment:create_file_with_runtime_dependencies(/home/neer/Desktop/SIH/ros2_ws/install/amr_bringup/share/colcon-core/packages/amr_bringup)
[4.028s] DEBUG:colcon.colcon_parallel_executor.executor.parallel:closing loop
[4.029s] DEBUG:colcon.colcon_parallel_executor.executor.parallel:loop closed
[4.029s] DEBUG:colcon.colcon_parallel_executor.executor.parallel:run_until_complete finished with '0'
[4.029s] DEBUG:colcon.colcon_core.event_reactor:joining thread
[4.038s] INFO:colcon.colcon_core.plugin_system:Skipping extension 'colcon_notification.desktop_notification.terminal_notifier': Not used on non-Darwin systems
[4.038s] INFO:colcon.colcon_core.plugin_system:Skipping extension 'colcon_notification.desktop_notification.win32': Not used on non-Windows systems
[4.038s] INFO:colcon.colcon_notification.desktop_notification:Sending desktop notification using 'notify2'
[4.059s] DEBUG:colcon.colcon_core.event_reactor:joined thread
[4.059s] INFO:colcon.colcon_core.shell:Creating prefix script '/home/neer/Desktop/SIH/ros2_ws/install/local_setup.ps1'
[4.060s] INFO:colcon.colcon_core.shell:Creating prefix util module '/home/neer/Desktop/SIH/ros2_ws/install/_local_setup_util_ps1.py'
[4.061s] INFO:colcon.colcon_core.shell:Creating prefix chain script '/home/neer/Desktop/SIH/ros2_ws/install/setup.ps1'
[4.063s] INFO:colcon.colcon_core.shell:Creating prefix script '/home/neer/Desktop/SIH/ros2_ws/install/local_setup.sh'
[4.063s] INFO:colcon.colcon_core.shell:Creating prefix util module '/home/neer/Desktop/SIH/ros2_ws/install/_local_setup_util_sh.py'
[4.064s] INFO:colcon.colcon_core.shell:Creating prefix chain script '/home/neer/Desktop/SIH/ros2_ws/install/setup.sh'
[4.065s] INFO:colcon.colcon_core.shell:Creating prefix script '/home/neer/Desktop/SIH/ros2_ws/install/local_setup.bash'
[4.066s] INFO:colcon.colcon_core.shell:Creating prefix chain script '/home/neer/Desktop/SIH/ros2_ws/install/setup.bash'
[4.067s] INFO:colcon.colcon_core.shell:Creating prefix script '/home/neer/Desktop/SIH/ros2_ws/install/local_setup.zsh'
[4.067s] INFO:colcon.colcon_core.shell:Creating prefix chain script '/home/neer/Desktop/SIH/ros2_ws/install/setup.zsh'
