[0.017s] Invoking command in '/home/piyansh46/Code/SIH_2026/ros2_ws/build/amr_gazebo': CMAKE_PREFIX_PATH=${CMAKE_PREFIX_PATH}:/opt/ros/jazzy DEBUGINFOD_URLS=https://debuginfod.ubuntu.com /usr/bin/cmake --build /home/piyansh46/Code/SIH_2026/ros2_ws/build/amr_gazebo -- -j12 -l12
[0.111s] Invoked command in '/home/piyansh46/Code/SIH_2026/ros2_ws/build/amr_gazebo' returned '0': CMAKE_PREFIX_PATH=${CMAKE_PREFIX_PATH}:/opt/ros/jazzy DEBUGINFOD_URLS=https://debuginfod.ubuntu.com /usr/bin/cmake --build /home/piyansh46/Code/SIH_2026/ros2_ws/build/amr_gazebo -- -j12 -l12
[0.122s] Invoking command in '/home/piyansh46/Code/SIH_2026/ros2_ws/build/amr_gazebo': CMAKE_PREFIX_PATH=${CMAKE_PREFIX_PATH}:/opt/ros/jazzy DEBUGINFOD_URLS=https://debuginfod.ubuntu.com /usr/bin/cmake --install /home/piyansh46/Code/SIH_2026/ros2_ws/build/amr_gazebo
[0.133s] -- Install configuration: ""
[0.134s] -- Execute custom install script
[0.135s] -- Up-to-date symlink: /home/piyansh46/Code/SIH_2026/ros2_ws/install/amr_gazebo/share/amr_gazebo/worlds/warehouse.sdf
[0.135s] -- Up-to-date symlink: /home/piyansh46/Code/SIH_2026/ros2_ws/install/amr_gazebo/share/amr_gazebo/models/amr_robot/model.config
[0.136s] -- Up-to-date symlink: /home/piyansh46/Code/SIH_2026/ros2_ws/install/amr_gazebo/share/amr_gazebo/models/amr_robot/model.sdf
[0.136s] -- Up-to-date symlink: /home/piyansh46/Code/SIH_2026/ros2_ws/install/amr_gazebo/share/amr_gazebo/launch/sim_world.launch.py
[0.136s] -- Up-to-date symlink: /home/piyansh46/Code/SIH_2026/ros2_ws/install/amr_gazebo/share/amr_gazebo/config/bridge_params.yaml
[0.136s] -- Up-to-date symlink: /home/piyansh46/Code/SIH_2026/ros2_ws/install/amr_gazebo/share/amr_gazebo/rviz/multi_robot.rviz
[0.137s] -- Up-to-date symlink: /home/piyansh46/Code/SIH_2026/ros2_ws/install/amr_gazebo/share/ament_index/resource_index/package_run_dependencies/amr_gazebo
[0.137s] -- Up-to-date symlink: /home/piyansh46/Code/SIH_2026/ros2_ws/install/amr_gazebo/share/ament_index/resource_index/parent_prefix_path/amr_gazebo
[0.137s] -- Up-to-date symlink: /home/piyansh46/Code/SIH_2026/ros2_ws/install/amr_gazebo/share/amr_gazebo/environment/ament_prefix_path.sh
[0.138s] -- Up-to-date symlink: /home/piyansh46/Code/SIH_2026/ros2_ws/install/amr_gazebo/share/amr_gazebo/environment/ament_prefix_path.dsv
[0.138s] -- Up-to-date symlink: /home/piyansh46/Code/SIH_2026/ros2_ws/install/amr_gazebo/share/amr_gazebo/environment/path.sh
[0.138s] -- Up-to-date symlink: /home/piyansh46/Code/SIH_2026/ros2_ws/install/amr_gazebo/share/amr_gazebo/environment/path.dsv
[0.138s] -- Up-to-date symlink: /home/piyansh46/Code/SIH_2026/ros2_ws/install/amr_gazebo/share/amr_gazebo/local_setup.bash
[0.139s] -- Up-to-date symlink: /home/piyansh46/Code/SIH_2026/ros2_ws/install/amr_gazebo/share/amr_gazebo/local_setup.sh
[0.139s] -- Up-to-date symlink: /home/piyansh46/Code/SIH_2026/ros2_ws/install/amr_gazebo/share/amr_gazebo/local_setup.zsh
[0.139s] -- Up-to-date symlink: /home/piyansh46/Code/SIH_2026/ros2_ws/install/amr_gazebo/share/amr_gazebo/local_setup.dsv
[0.139s] -- Symlinking: /home/piyansh46/Code/SIH_2026/ros2_ws/install/amr_gazebo/share/amr_gazebo/package.dsv
[0.150s] -- Up-to-date symlink: /home/piyansh46/Code/SIH_2026/ros2_ws/install/amr_gazebo/share/ament_index/resource_index/packages/amr_gazebo
[0.156s] -- Up-to-date symlink: /home/piyansh46/Code/SIH_2026/ros2_ws/install/amr_gazebo/share/amr_gazebo/cmake/amr_gazeboConfig.cmake
[0.156s] -- Up-to-date symlink: /home/piyansh46/Code/SIH_2026/ros2_ws/install/amr_gazebo/share/amr_gazebo/cmake/amr_gazeboConfig-version.cmake
[0.156s] -- Up-to-date symlink: /home/piyansh46/Code/SIH_2026/ros2_ws/install/amr_gazebo/share/amr_gazebo/package.xml
[0.180s] Invoked command in '/home/piyansh46/Code/SIH_2026/ros2_ws/build/amr_gazebo' returned '0': CMAKE_PREFIX_PATH=${CMAKE_PREFIX_PATH}:/opt/ros/jazzy DEBUGINFOD_URLS=https://debuginfod.ubuntu.com /usr/bin/cmake --install /home/piyansh46/Code/SIH_2026/ros2_ws/build/amr_gazebo
