[0.011s] Invoking command in '/home/neer/Desktop/SIH/ros2_ws/build/amr_bringup': AMENT_PREFIX_PATH=/home/neer/Desktop/SIH/ros2_ws/install/amr_coordination:/home/neer/Desktop/SIH/ros2_ws/install/amr_bringup:/home/neer/Desktop/SIH/ros2_ws/install/amr_nav:/home/neer/Desktop/SIH/ros2_ws/install/amr_msgs:/home/neer/Desktop/SIH/ros2_ws/install/amr_gazebo:/opt/ros/jazzy CMAKE_PREFIX_PATH=/home/neer/Desktop/SIH/ros2_ws/install/amr_nav:/home/neer/Desktop/SIH/ros2_ws/install/amr_msgs:/home/neer/Desktop/SIH/ros2_ws/install/amr_gazebo:/home/neer/Desktop/SIH/ros2_ws/install/amr_bringup:/opt/ros/jazzy/opt/gz_sim_vendor:/opt/ros/jazzy/opt/gz_sensors_vendor:/opt/ros/jazzy/opt/gz_physics_vendor:/opt/ros/jazzy/opt/sdformat_vendor:/opt/ros/jazzy/opt/gz_gui_vendor:/opt/ros/jazzy/opt/gz_transport_vendor:/opt/ros/jazzy/opt/gz_rendering_vendor:/opt/ros/jazzy/opt/gz_plugin_vendor:/opt/ros/jazzy/opt/gz_fuel_tools_vendor:/opt/ros/jazzy/opt/gz_msgs_vendor:/opt/ros/jazzy/opt/gz_common_vendor:/opt/ros/jazzy/opt/gz_math_vendor:/opt/ros/jazzy/opt/gz_utils_vendor:/opt/ros/jazzy/opt/gz_tools_vendor:/opt/ros/jazzy/opt/gz_ogre_next_vendor:/opt/ros/jazzy/opt/gz_dartsim_vendor:/opt/ros/jazzy/opt/gz_cmake_vendor:/home/neer/Desktop/SIH/ros2_ws/install/amr_coordination:/opt/ros/jazzy DEBUGINFOD_URLS=https://debuginfod.ubuntu.com /usr/bin/cmake --build /home/neer/Desktop/SIH/ros2_ws/build/amr_bringup -- -j28 -l28
[0.037s] Invoked command in '/home/neer/Desktop/SIH/ros2_ws/build/amr_bringup' returned '0': AMENT_PREFIX_PATH=/home/neer/Desktop/SIH/ros2_ws/install/amr_coordination:/home/neer/Desktop/SIH/ros2_ws/install/amr_bringup:/home/neer/Desktop/SIH/ros2_ws/install/amr_nav:/home/neer/Desktop/SIH/ros2_ws/install/amr_msgs:/home/neer/Desktop/SIH/ros2_ws/install/amr_gazebo:/opt/ros/jazzy CMAKE_PREFIX_PATH=/home/neer/Desktop/SIH/ros2_ws/install/amr_nav:/home/neer/Desktop/SIH/ros2_ws/install/amr_msgs:/home/neer/Desktop/SIH/ros2_ws/install/amr_gazebo:/home/neer/Desktop/SIH/ros2_ws/install/amr_bringup:/opt/ros/jazzy/opt/gz_sim_vendor:/opt/ros/jazzy/opt/gz_sensors_vendor:/opt/ros/jazzy/opt/gz_physics_vendor:/opt/ros/jazzy/opt/sdformat_vendor:/opt/ros/jazzy/opt/gz_gui_vendor:/opt/ros/jazzy/opt/gz_transport_vendor:/opt/ros/jazzy/opt/gz_rendering_vendor:/opt/ros/jazzy/opt/gz_plugin_vendor:/opt/ros/jazzy/opt/gz_fuel_tools_vendor:/opt/ros/jazzy/opt/gz_msgs_vendor:/opt/ros/jazzy/opt/gz_common_vendor:/opt/ros/jazzy/opt/gz_math_vendor:/opt/ros/jazzy/opt/gz_utils_vendor:/opt/ros/jazzy/opt/gz_tools_vendor:/opt/ros/jazzy/opt/gz_ogre_next_vendor:/opt/ros/jazzy/opt/gz_dartsim_vendor:/opt/ros/jazzy/opt/gz_cmake_vendor:/home/neer/Desktop/SIH/ros2_ws/install/amr_coordination:/opt/ros/jazzy DEBUGINFOD_URLS=https://debuginfod.ubuntu.com /usr/bin/cmake --build /home/neer/Desktop/SIH/ros2_ws/build/amr_bringup -- -j28 -l28
[0.038s] Invoking command in '/home/neer/Desktop/SIH/ros2_ws/build/amr_bringup': AMENT_PREFIX_PATH=/home/neer/Desktop/SIH/ros2_ws/install/amr_coordination:/home/neer/Desktop/SIH/ros2_ws/install/amr_bringup:/home/neer/Desktop/SIH/ros2_ws/install/amr_nav:/home/neer/Desktop/SIH/ros2_ws/install/amr_msgs:/home/neer/Desktop/SIH/ros2_ws/install/amr_gazebo:/opt/ros/jazzy CMAKE_PREFIX_PATH=/home/neer/Desktop/SIH/ros2_ws/install/amr_nav:/home/neer/Desktop/SIH/ros2_ws/install/amr_msgs:/home/neer/Desktop/SIH/ros2_ws/install/amr_gazebo:/home/neer/Desktop/SIH/ros2_ws/install/amr_bringup:/opt/ros/jazzy/opt/gz_sim_vendor:/opt/ros/jazzy/opt/gz_sensors_vendor:/opt/ros/jazzy/opt/gz_physics_vendor:/opt/ros/jazzy/opt/sdformat_vendor:/opt/ros/jazzy/opt/gz_gui_vendor:/opt/ros/jazzy/opt/gz_transport_vendor:/opt/ros/jazzy/opt/gz_rendering_vendor:/opt/ros/jazzy/opt/gz_plugin_vendor:/opt/ros/jazzy/opt/gz_fuel_tools_vendor:/opt/ros/jazzy/opt/gz_msgs_vendor:/opt/ros/jazzy/opt/gz_common_vendor:/opt/ros/jazzy/opt/gz_math_vendor:/opt/ros/jazzy/opt/gz_utils_vendor:/opt/ros/jazzy/opt/gz_tools_vendor:/opt/ros/jazzy/opt/gz_ogre_next_vendor:/opt/ros/jazzy/opt/gz_dartsim_vendor:/opt/ros/jazzy/opt/gz_cmake_vendor:/home/neer/Desktop/SIH/ros2_ws/install/amr_coordination:/opt/ros/jazzy DEBUGINFOD_URLS=https://debuginfod.ubuntu.com /usr/bin/cmake --install /home/neer/Desktop/SIH/ros2_ws/build/amr_bringup
[0.045s] -- Install configuration: ""
[0.045s] -- Execute custom install script
[0.045s] -- Up-to-date symlink: /home/neer/Desktop/SIH/ros2_ws/install/amr_bringup/share/amr_bringup/launch/__pycache__/full_baseline.launch.cpython-312.pyc
[0.046s] -- Up-to-date symlink: /home/neer/Desktop/SIH/ros2_ws/install/amr_bringup/share/amr_bringup/launch/__pycache__/full_demo.launch.cpython-312.pyc
[0.046s] -- Up-to-date symlink: /home/neer/Desktop/SIH/ros2_ws/install/amr_bringup/share/amr_bringup/launch/full_baseline.launch.py
[0.046s] -- Up-to-date symlink: /home/neer/Desktop/SIH/ros2_ws/install/amr_bringup/share/amr_bringup/launch/full_demo.launch.py
[0.046s] -- Up-to-date symlink: /home/neer/Desktop/SIH/ros2_ws/install/amr_bringup/share/amr_bringup/launch/scenarios/dead_end_deadlock.launch.py
[0.047s] -- Up-to-date symlink: /home/neer/Desktop/SIH/ros2_ws/install/amr_bringup/share/amr_bringup/launch/scenarios/dynamic_obstacle.launch.py
[0.047s] -- Up-to-date symlink: /home/neer/Desktop/SIH/ros2_ws/install/amr_bringup/share/amr_bringup/launch/scenarios/rapid_dispatch.launch.py
[0.047s] -- Up-to-date symlink: /home/neer/Desktop/SIH/ros2_ws/install/amr_bringup/share/amr_bringup/launch/scenarios/robot_goes_silent.launch.py
[0.047s] -- Up-to-date symlink: /home/neer/Desktop/SIH/ros2_ws/install/amr_bringup/share/amr_bringup/launch/scenarios/simultaneous_choke.launch.py
[0.047s] -- Up-to-date symlink: /home/neer/Desktop/SIH/ros2_ws/install/amr_bringup/share/amr_bringup/launch/scenarios/t_junction.launch.py
[0.047s] -- Up-to-date symlink: /home/neer/Desktop/SIH/ros2_ws/install/amr_bringup/share/ament_index/resource_index/package_run_dependencies/amr_bringup
[0.048s] -- Up-to-date symlink: /home/neer/Desktop/SIH/ros2_ws/install/amr_bringup/share/ament_index/resource_index/parent_prefix_path/amr_bringup
[0.048s] -- Up-to-date symlink: /home/neer/Desktop/SIH/ros2_ws/install/amr_bringup/share/amr_bringup/environment/ament_prefix_path.sh
[0.048s] -- Up-to-date symlink: /home/neer/Desktop/SIH/ros2_ws/install/amr_bringup/share/amr_bringup/environment/ament_prefix_path.dsv
[0.048s] -- Up-to-date symlink: /home/neer/Desktop/SIH/ros2_ws/install/amr_bringup/share/amr_bringup/environment/path.sh
[0.048s] -- Up-to-date symlink: /home/neer/Desktop/SIH/ros2_ws/install/amr_bringup/share/amr_bringup/environment/path.dsv
[0.048s] -- Up-to-date symlink: /home/neer/Desktop/SIH/ros2_ws/install/amr_bringup/share/amr_bringup/local_setup.bash
[0.048s] -- Up-to-date symlink: /home/neer/Desktop/SIH/ros2_ws/install/amr_bringup/share/amr_bringup/local_setup.sh
[0.048s] -- Up-to-date symlink: /home/neer/Desktop/SIH/ros2_ws/install/amr_bringup/share/amr_bringup/local_setup.zsh
[0.049s] -- Up-to-date symlink: /home/neer/Desktop/SIH/ros2_ws/install/amr_bringup/share/amr_bringup/local_setup.dsv
[0.049s] -- Symlinking: /home/neer/Desktop/SIH/ros2_ws/install/amr_bringup/share/amr_bringup/package.dsv
[0.055s] -- Up-to-date symlink: /home/neer/Desktop/SIH/ros2_ws/install/amr_bringup/share/ament_index/resource_index/packages/amr_bringup
[0.055s] -- Up-to-date symlink: /home/neer/Desktop/SIH/ros2_ws/install/amr_bringup/share/amr_bringup/cmake/amr_bringupConfig.cmake
[0.055s] -- Up-to-date symlink: /home/neer/Desktop/SIH/ros2_ws/install/amr_bringup/share/amr_bringup/cmake/amr_bringupConfig-version.cmake
[0.055s] -- Up-to-date symlink: /home/neer/Desktop/SIH/ros2_ws/install/amr_bringup/share/amr_bringup/package.xml
[0.057s] Invoked command in '/home/neer/Desktop/SIH/ros2_ws/build/amr_bringup' returned '0': AMENT_PREFIX_PATH=/home/neer/Desktop/SIH/ros2_ws/install/amr_coordination:/home/neer/Desktop/SIH/ros2_ws/install/amr_bringup:/home/neer/Desktop/SIH/ros2_ws/install/amr_nav:/home/neer/Desktop/SIH/ros2_ws/install/amr_msgs:/home/neer/Desktop/SIH/ros2_ws/install/amr_gazebo:/opt/ros/jazzy CMAKE_PREFIX_PATH=/home/neer/Desktop/SIH/ros2_ws/install/amr_nav:/home/neer/Desktop/SIH/ros2_ws/install/amr_msgs:/home/neer/Desktop/SIH/ros2_ws/install/amr_gazebo:/home/neer/Desktop/SIH/ros2_ws/install/amr_bringup:/opt/ros/jazzy/opt/gz_sim_vendor:/opt/ros/jazzy/opt/gz_sensors_vendor:/opt/ros/jazzy/opt/gz_physics_vendor:/opt/ros/jazzy/opt/sdformat_vendor:/opt/ros/jazzy/opt/gz_gui_vendor:/opt/ros/jazzy/opt/gz_transport_vendor:/opt/ros/jazzy/opt/gz_rendering_vendor:/opt/ros/jazzy/opt/gz_plugin_vendor:/opt/ros/jazzy/opt/gz_fuel_tools_vendor:/opt/ros/jazzy/opt/gz_msgs_vendor:/opt/ros/jazzy/opt/gz_common_vendor:/opt/ros/jazzy/opt/gz_math_vendor:/opt/ros/jazzy/opt/gz_utils_vendor:/opt/ros/jazzy/opt/gz_tools_vendor:/opt/ros/jazzy/opt/gz_ogre_next_vendor:/opt/ros/jazzy/opt/gz_dartsim_vendor:/opt/ros/jazzy/opt/gz_cmake_vendor:/home/neer/Desktop/SIH/ros2_ws/install/amr_coordination:/opt/ros/jazzy DEBUGINFOD_URLS=https://debuginfod.ubuntu.com /usr/bin/cmake --install /home/neer/Desktop/SIH/ros2_ws/build/amr_bringup
