[0.007s] Invoking command in '/home/neer/Desktop/SIH/ros2_ws/build/amr_gazebo': CMAKE_PREFIX_PATH=${CMAKE_PREFIX_PATH}:/home/neer/Desktop/SIH/ros2_ws/install/amr_coordination:/opt/ros/jazzy DEBUGINFOD_URLS=https://debuginfod.ubuntu.com /usr/bin/cmake /home/neer/Desktop/SIH/ros2_ws/src/amr_gazebo -DCMAKE_INSTALL_PREFIX=/home/neer/Desktop/SIH/ros2_ws/install/amr_gazebo
[0.015s] -- Found ament_cmake: 2.5.6 (/opt/ros/jazzy/share/ament_cmake/cmake)
[0.139s] -- Override CMake install command with custom implementation using symlinks instead of copying resources
[0.195s] -- Configuring done (0.2s)
[0.196s] -- Generating done (0.0s)
[0.197s] -- Build files have been written to: /home/neer/Desktop/SIH/ros2_ws/build/amr_gazebo
[0.198s] Invoked command in '/home/neer/Desktop/SIH/ros2_ws/build/amr_gazebo' returned '0': CMAKE_PREFIX_PATH=${CMAKE_PREFIX_PATH}:/home/neer/Desktop/SIH/ros2_ws/install/amr_coordination:/opt/ros/jazzy DEBUGINFOD_URLS=https://debuginfod.ubuntu.com /usr/bin/cmake /home/neer/Desktop/SIH/ros2_ws/src/amr_gazebo -DCMAKE_INSTALL_PREFIX=/home/neer/Desktop/SIH/ros2_ws/install/amr_gazebo
[0.199s] Invoking command in '/home/neer/Desktop/SIH/ros2_ws/build/amr_gazebo': CMAKE_PREFIX_PATH=${CMAKE_PREFIX_PATH}:/home/neer/Desktop/SIH/ros2_ws/install/amr_coordination:/opt/ros/jazzy DEBUGINFOD_URLS=https://debuginfod.ubuntu.com /usr/bin/cmake --build /home/neer/Desktop/SIH/ros2_ws/build/amr_gazebo -- -j28 -l28
[0.224s] Invoked command in '/home/neer/Desktop/SIH/ros2_ws/build/amr_gazebo' returned '0': CMAKE_PREFIX_PATH=${CMAKE_PREFIX_PATH}:/home/neer/Desktop/SIH/ros2_ws/install/amr_coordination:/opt/ros/jazzy DEBUGINFOD_URLS=https://debuginfod.ubuntu.com /usr/bin/cmake --build /home/neer/Desktop/SIH/ros2_ws/build/amr_gazebo -- -j28 -l28
[0.224s] Invoking command in '/home/neer/Desktop/SIH/ros2_ws/build/amr_gazebo': CMAKE_PREFIX_PATH=${CMAKE_PREFIX_PATH}:/home/neer/Desktop/SIH/ros2_ws/install/amr_coordination:/opt/ros/jazzy DEBUGINFOD_URLS=https://debuginfod.ubuntu.com /usr/bin/cmake --install /home/neer/Desktop/SIH/ros2_ws/build/amr_gazebo
[0.230s] -- Install configuration: ""
[0.230s] -- Execute custom install script
[0.230s] -- Up-to-date symlink: /home/neer/Desktop/SIH/ros2_ws/install/amr_gazebo/share/amr_gazebo/worlds/warehouse.sdf
[0.230s] -- Up-to-date symlink: /home/neer/Desktop/SIH/ros2_ws/install/amr_gazebo/share/amr_gazebo/models/amr_robot/model.config
[0.231s] -- Up-to-date symlink: /home/neer/Desktop/SIH/ros2_ws/install/amr_gazebo/share/amr_gazebo/models/amr_robot/model.sdf
[0.231s] -- Up-to-date symlink: /home/neer/Desktop/SIH/ros2_ws/install/amr_gazebo/share/amr_gazebo/launch/sim_world.launch.py
[0.231s] -- Up-to-date symlink: /home/neer/Desktop/SIH/ros2_ws/install/amr_gazebo/share/amr_gazebo/config/bridge_params.yaml
[0.231s] -- Up-to-date symlink: /home/neer/Desktop/SIH/ros2_ws/install/amr_gazebo/share/amr_gazebo/rviz/multi_robot.rviz
[0.231s] -- Up-to-date symlink: /home/neer/Desktop/SIH/ros2_ws/install/amr_gazebo/share/ament_index/resource_index/package_run_dependencies/amr_gazebo
[0.231s] -- Up-to-date symlink: /home/neer/Desktop/SIH/ros2_ws/install/amr_gazebo/share/ament_index/resource_index/parent_prefix_path/amr_gazebo
[0.231s] -- Up-to-date symlink: /home/neer/Desktop/SIH/ros2_ws/install/amr_gazebo/share/amr_gazebo/environment/ament_prefix_path.sh
[0.231s] -- Up-to-date symlink: /home/neer/Desktop/SIH/ros2_ws/install/amr_gazebo/share/amr_gazebo/environment/ament_prefix_path.dsv
[0.231s] -- Up-to-date symlink: /home/neer/Desktop/SIH/ros2_ws/install/amr_gazebo/share/amr_gazebo/environment/path.sh
[0.231s] -- Up-to-date symlink: /home/neer/Desktop/SIH/ros2_ws/install/amr_gazebo/share/amr_gazebo/environment/path.dsv
[0.231s] -- Up-to-date symlink: /home/neer/Desktop/SIH/ros2_ws/install/amr_gazebo/share/amr_gazebo/local_setup.bash
[0.231s] -- Up-to-date symlink: /home/neer/Desktop/SIH/ros2_ws/install/amr_gazebo/share/amr_gazebo/local_setup.sh
[0.231s] -- Up-to-date symlink: /home/neer/Desktop/SIH/ros2_ws/install/amr_gazebo/share/amr_gazebo/local_setup.zsh
[0.231s] -- Up-to-date symlink: /home/neer/Desktop/SIH/ros2_ws/install/amr_gazebo/share/amr_gazebo/local_setup.dsv
[0.231s] -- Symlinking: /home/neer/Desktop/SIH/ros2_ws/install/amr_gazebo/share/amr_gazebo/package.dsv
[0.237s] -- Up-to-date symlink: /home/neer/Desktop/SIH/ros2_ws/install/amr_gazebo/share/ament_index/resource_index/packages/amr_gazebo
[0.237s] -- Up-to-date symlink: /home/neer/Desktop/SIH/ros2_ws/install/amr_gazebo/share/amr_gazebo/cmake/amr_gazeboConfig.cmake
[0.237s] -- Up-to-date symlink: /home/neer/Desktop/SIH/ros2_ws/install/amr_gazebo/share/amr_gazebo/cmake/amr_gazeboConfig-version.cmake
[0.237s] -- Up-to-date symlink: /home/neer/Desktop/SIH/ros2_ws/install/amr_gazebo/share/amr_gazebo/package.xml
[0.249s] Invoked command in '/home/neer/Desktop/SIH/ros2_ws/build/amr_gazebo' returned '0': CMAKE_PREFIX_PATH=${CMAKE_PREFIX_PATH}:/home/neer/Desktop/SIH/ros2_ws/install/amr_coordination:/opt/ros/jazzy DEBUGINFOD_URLS=https://debuginfod.ubuntu.com /usr/bin/cmake --install /home/neer/Desktop/SIH/ros2_ws/build/amr_gazebo
