[0.103s] DEBUG:colcon:Command line arguments: ['/usr/bin/colcon', 'build', '--symlink-install']
[0.104s] DEBUG:colcon:Parsed command line arguments: Namespace(log_base=None, log_level=None, verb_name='build', build_base='build', install_base='install', merge_install=False, symlink_install=True, test_result_base=None, continue_on_error=False, executor='parallel', parallel_workers=28, event_handlers=None, ignore_user_meta=False, metas=['./colcon.meta'], base_paths=['.'], packages_ignore=None, packages_ignore_regex=None, paths=None, packages_up_to=None, packages_up_to_regex=None, packages_above=None, packages_above_and_dependencies=None, packages_above_depth=None, packages_select_by_dep=None, packages_skip_by_dep=None, packages_skip_up_to=None, packages_select_build_failed=False, packages_skip_build_finished=False, packages_select_test_failures=False, packages_skip_test_passed=False, packages_select=None, packages_skip=None, packages_select_regex=None, packages_skip_regex=None, packages_start=None, packages_end=None, allow_overriding=[], cmake_args=None, cmake_target=None, cmake_target_skip_unavailable=False, cmake_clean_cache=False, cmake_clean_first=False, cmake_force_configure=False, ament_cmake_args=None, catkin_cmake_args=None, catkin_skip_building_tests=False, mixin_files=None, mixin=None, verb_parser=<colcon_mixin.mixin.mixin_argument.MixinArgumentDecorator object at 0x72d059ab1610>, verb_extension=<colcon_core.verb.build.BuildVerb object at 0x72d059ab0d70>, main=<bound method BuildVerb.main of <colcon_core.verb.build.BuildVerb object at 0x72d059ab0d70>>, mixin_verb=('build',))
[0.144s] Level 1:colcon.colcon_core.package_discovery:discover_packages(colcon_meta) check parameters
[0.145s] Level 1:colcon.colcon_core.package_discovery:discover_packages(recursive) check parameters
[0.145s] Level 1:colcon.colcon_core.package_discovery:discover_packages(ignore) check parameters
[0.145s] Level 1:colcon.colcon_core.package_discovery:discover_packages(path) check parameters
[0.145s] Level 1:colcon.colcon_core.package_discovery:discover_packages(colcon_meta) discover
[0.145s] Level 1:colcon.colcon_core.package_discovery:discover_packages(recursive) discover
[0.145s] INFO:colcon.colcon_core.package_discovery:Crawling recursively for packages in '/home/neer/Desktop/SIH/ros2_ws'
[0.145s] Level 1:colcon.colcon_core.package_identification:_identify(.) by extensions ['ignore', 'ignore_ament_install']
[0.145s] Level 1:colcon.colcon_core.package_identification:_identify(.) by extension 'ignore'
[0.145s] Level 1:colcon.colcon_core.package_identification:_identify(.) by extension 'ignore_ament_install'
[0.145s] Level 1:colcon.colcon_core.package_identification:_identify(.) by extensions ['colcon_pkg']
[0.145s] Level 1:colcon.colcon_core.package_identification:_identify(.) by extension 'colcon_pkg'
[0.145s] Level 1:colcon.colcon_core.package_identification:_identify(.) by extensions ['colcon_meta']
[0.145s] Level 1:colcon.colcon_core.package_identification:_identify(.) by extension 'colcon_meta'
[0.145s] Level 1:colcon.colcon_core.package_identification:_identify(.) by extensions ['ros']
[0.145s] Level 1:colcon.colcon_core.package_identification:_identify(.) by extension 'ros'
[0.172s] Level 1:colcon.colcon_core.package_identification:_identify(.) by extensions ['cmake', 'python']
[0.172s] Level 1:colcon.colcon_core.package_identification:_identify(.) by extension 'cmake'
[0.172s] Level 1:colcon.colcon_core.package_identification:_identify(.) by extension 'python'
[0.172s] Level 1:colcon.colcon_core.package_identification:_identify(.) by extensions ['python_setup_py']
[0.172s] Level 1:colcon.colcon_core.package_identification:_identify(.) by extension 'python_setup_py'
[0.172s] Level 1:colcon.colcon_core.package_identification:_identify(build) by extensions ['ignore', 'ignore_ament_install']
[0.172s] Level 1:colcon.colcon_core.package_identification:_identify(build) by extension 'ignore'
[0.172s] Level 1:colcon.colcon_core.package_identification:_identify(build) ignored
[0.172s] Level 1:colcon.colcon_core.package_identification:_identify(install) by extensions ['ignore', 'ignore_ament_install']
[0.172s] Level 1:colcon.colcon_core.package_identification:_identify(install) by extension 'ignore'
[0.172s] Level 1:colcon.colcon_core.package_identification:_identify(install) ignored
[0.172s] Level 1:colcon.colcon_core.package_identification:_identify(log) by extensions ['ignore', 'ignore_ament_install']
[0.172s] Level 1:colcon.colcon_core.package_identification:_identify(log) by extension 'ignore'
[0.172s] Level 1:colcon.colcon_core.package_identification:_identify(log) ignored
[0.172s] Level 1:colcon.colcon_core.package_identification:_identify(results) by extensions ['ignore', 'ignore_ament_install']
[0.173s] Level 1:colcon.colcon_core.package_identification:_identify(results) by extension 'ignore'
[0.173s] Level 1:colcon.colcon_core.package_identification:_identify(results) by extension 'ignore_ament_install'
[0.173s] Level 1:colcon.colcon_core.package_identification:_identify(results) by extensions ['colcon_pkg']
[0.173s] Level 1:colcon.colcon_core.package_identification:_identify(results) by extension 'colcon_pkg'
[0.173s] Level 1:colcon.colcon_core.package_identification:_identify(results) by extensions ['colcon_meta']
[0.173s] Level 1:colcon.colcon_core.package_identification:_identify(results) by extension 'colcon_meta'
[0.173s] Level 1:colcon.colcon_core.package_identification:_identify(results) by extensions ['ros']
[0.173s] Level 1:colcon.colcon_core.package_identification:_identify(results) by extension 'ros'
[0.173s] Level 1:colcon.colcon_core.package_identification:_identify(results) by extensions ['cmake', 'python']
[0.173s] Level 1:colcon.colcon_core.package_identification:_identify(results) by extension 'cmake'
[0.173s] Level 1:colcon.colcon_core.package_identification:_identify(results) by extension 'python'
[0.173s] Level 1:colcon.colcon_core.package_identification:_identify(results) by extensions ['python_setup_py']
[0.173s] Level 1:colcon.colcon_core.package_identification:_identify(results) by extension 'python_setup_py'
[0.173s] Level 1:colcon.colcon_core.package_identification:_identify(src) by extensions ['ignore', 'ignore_ament_install']
[0.173s] Level 1:colcon.colcon_core.package_identification:_identify(src) by extension 'ignore'
[0.173s] Level 1:colcon.colcon_core.package_identification:_identify(src) by extension 'ignore_ament_install'
[0.173s] Level 1:colcon.colcon_core.package_identification:_identify(src) by extensions ['colcon_pkg']
[0.173s] Level 1:colcon.colcon_core.package_identification:_identify(src) by extension 'colcon_pkg'
[0.173s] Level 1:colcon.colcon_core.package_identification:_identify(src) by extensions ['colcon_meta']
[0.173s] Level 1:colcon.colcon_core.package_identification:_identify(src) by extension 'colcon_meta'
[0.173s] Level 1:colcon.colcon_core.package_identification:_identify(src) by extensions ['ros']
[0.173s] Level 1:colcon.colcon_core.package_identification:_identify(src) by extension 'ros'
[0.173s] Level 1:colcon.colcon_core.package_identification:_identify(src) by extensions ['cmake', 'python']
[0.173s] Level 1:colcon.colcon_core.package_identification:_identify(src) by extension 'cmake'
[0.173s] Level 1:colcon.colcon_core.package_identification:_identify(src) by extension 'python'
[0.173s] Level 1:colcon.colcon_core.package_identification:_identify(src) by extensions ['python_setup_py']
[0.173s] Level 1:colcon.colcon_core.package_identification:_identify(src) by extension 'python_setup_py'
[0.173s] Level 1:colcon.colcon_core.package_identification:_identify(src/amr_bringup) by extensions ['ignore', 'ignore_ament_install']
[0.173s] Level 1:colcon.colcon_core.package_identification:_identify(src/amr_bringup) by extension 'ignore'
[0.174s] Level 1:colcon.colcon_core.package_identification:_identify(src/amr_bringup) by extension 'ignore_ament_install'
[0.174s] Level 1:colcon.colcon_core.package_identification:_identify(src/amr_bringup) by extensions ['colcon_pkg']
[0.174s] Level 1:colcon.colcon_core.package_identification:_identify(src/amr_bringup) by extension 'colcon_pkg'
[0.174s] Level 1:colcon.colcon_core.package_identification:_identify(src/amr_bringup) by extensions ['colcon_meta']
[0.174s] Level 1:colcon.colcon_core.package_identification:_identify(src/amr_bringup) by extension 'colcon_meta'
[0.174s] Level 1:colcon.colcon_core.package_identification:_identify(src/amr_bringup) by extensions ['ros']
[0.174s] Level 1:colcon.colcon_core.package_identification:_identify(src/amr_bringup) by extension 'ros'
[0.176s] DEBUG:colcon.colcon_core.package_identification:Package 'src/amr_bringup' with type 'ros.ament_cmake' and name 'amr_bringup'
[0.176s] Level 1:colcon.colcon_core.package_identification:_identify(src/amr_coordination) by extensions ['ignore', 'ignore_ament_install']
[0.176s] Level 1:colcon.colcon_core.package_identification:_identify(src/amr_coordination) by extension 'ignore'
[0.176s] Level 1:colcon.colcon_core.package_identification:_identify(src/amr_coordination) by extension 'ignore_ament_install'
[0.176s] Level 1:colcon.colcon_core.package_identification:_identify(src/amr_coordination) by extensions ['colcon_pkg']
[0.176s] Level 1:colcon.colcon_core.package_identification:_identify(src/amr_coordination) by extension 'colcon_pkg'
[0.176s] Level 1:colcon.colcon_core.package_identification:_identify(src/amr_coordination) by extensions ['colcon_meta']
[0.176s] Level 1:colcon.colcon_core.package_identification:_identify(src/amr_coordination) by extension 'colcon_meta'
[0.176s] Level 1:colcon.colcon_core.package_identification:_identify(src/amr_coordination) by extensions ['ros']
[0.176s] Level 1:colcon.colcon_core.package_identification:_identify(src/amr_coordination) by extension 'ros'
[0.177s] DEBUG:colcon.colcon_core.package_identification:Package 'src/amr_coordination' with type 'ros.ament_python' and name 'amr_coordination'
[0.177s] Level 1:colcon.colcon_core.package_identification:_identify(src/amr_gazebo) by extensions ['ignore', 'ignore_ament_install']
[0.177s] Level 1:colcon.colcon_core.package_identification:_identify(src/amr_gazebo) by extension 'ignore'
[0.177s] Level 1:colcon.colcon_core.package_identification:_identify(src/amr_gazebo) by extension 'ignore_ament_install'
[0.177s] Level 1:colcon.colcon_core.package_identification:_identify(src/amr_gazebo) by extensions ['colcon_pkg']
[0.177s] Level 1:colcon.colcon_core.package_identification:_identify(src/amr_gazebo) by extension 'colcon_pkg'
[0.177s] Level 1:colcon.colcon_core.package_identification:_identify(src/amr_gazebo) by extensions ['colcon_meta']
[0.177s] Level 1:colcon.colcon_core.package_identification:_identify(src/amr_gazebo) by extension 'colcon_meta'
[0.178s] Level 1:colcon.colcon_core.package_identification:_identify(src/amr_gazebo) by extensions ['ros']
[0.178s] Level 1:colcon.colcon_core.package_identification:_identify(src/amr_gazebo) by extension 'ros'
[0.178s] DEBUG:colcon.colcon_core.package_identification:Package 'src/amr_gazebo' with type 'ros.ament_cmake' and name 'amr_gazebo'
[0.178s] Level 1:colcon.colcon_core.package_identification:_identify(src/amr_msgs) by extensions ['ignore', 'ignore_ament_install']
[0.178s] Level 1:colcon.colcon_core.package_identification:_identify(src/amr_msgs) by extension 'ignore'
[0.178s] Level 1:colcon.colcon_core.package_identification:_identify(src/amr_msgs) by extension 'ignore_ament_install'
[0.178s] Level 1:colcon.colcon_core.package_identification:_identify(src/amr_msgs) by extensions ['colcon_pkg']
[0.178s] Level 1:colcon.colcon_core.package_identification:_identify(src/amr_msgs) by extension 'colcon_pkg'
[0.178s] Level 1:colcon.colcon_core.package_identification:_identify(src/amr_msgs) by extensions ['colcon_meta']
[0.178s] Level 1:colcon.colcon_core.package_identification:_identify(src/amr_msgs) by extension 'colcon_meta'
[0.178s] Level 1:colcon.colcon_core.package_identification:_identify(src/amr_msgs) by extensions ['ros']
[0.178s] Level 1:colcon.colcon_core.package_identification:_identify(src/amr_msgs) by extension 'ros'
[0.179s] DEBUG:colcon.colcon_core.package_identification:Package 'src/amr_msgs' with type 'ros.ament_cmake' and name 'amr_msgs'
[0.179s] Level 1:colcon.colcon_core.package_identification:_identify(src/amr_nav) by extensions ['ignore', 'ignore_ament_install']
[0.179s] Level 1:colcon.colcon_core.package_identification:_identify(src/amr_nav) by extension 'ignore'
[0.179s] Level 1:colcon.colcon_core.package_identification:_identify(src/amr_nav) by extension 'ignore_ament_install'
[0.179s] Level 1:colcon.colcon_core.package_identification:_identify(src/amr_nav) by extensions ['colcon_pkg']
[0.179s] Level 1:colcon.colcon_core.package_identification:_identify(src/amr_nav) by extension 'colcon_pkg'
[0.179s] Level 1:colcon.colcon_core.package_identification:_identify(src/amr_nav) by extensions ['colcon_meta']
[0.179s] Level 1:colcon.colcon_core.package_identification:_identify(src/amr_nav) by extension 'colcon_meta'
[0.179s] Level 1:colcon.colcon_core.package_identification:_identify(src/amr_nav) by extensions ['ros']
[0.179s] Level 1:colcon.colcon_core.package_identification:_identify(src/amr_nav) by extension 'ros'
[0.179s] DEBUG:colcon.colcon_core.package_identification:Package 'src/amr_nav' with type 'ros.ament_cmake' and name 'amr_nav'
[0.179s] Level 1:colcon.colcon_core.package_discovery:discover_packages(recursive) using defaults
[0.180s] Level 1:colcon.colcon_core.package_discovery:discover_packages(ignore) discover
[0.180s] Level 1:colcon.colcon_core.package_discovery:discover_packages(ignore) using defaults
[0.180s] Level 1:colcon.colcon_core.package_discovery:discover_packages(path) discover
[0.180s] Level 1:colcon.colcon_core.package_discovery:discover_packages(path) using defaults
[0.196s] Level 1:colcon.colcon_core.package_discovery:discover_packages(prefix_path) check parameters
[0.196s] Level 1:colcon.colcon_core.package_discovery:discover_packages(prefix_path) discover
[0.197s] DEBUG:colcon.colcon_installed_package_information.package_discovery:Found 0 installed packages in /home/neer/ros2_ws/install
[0.199s] DEBUG:colcon.colcon_installed_package_information.package_discovery:Found 413 installed packages in /opt/ros/jazzy
[0.200s] Level 1:colcon.colcon_core.package_discovery:discover_packages(prefix_path) using defaults
[0.240s] Level 5:colcon.colcon_core.verb:set package 'amr_gazebo' build argument 'cmake_args' from command line to 'None'
[0.240s] Level 5:colcon.colcon_core.verb:set package 'amr_gazebo' build argument 'cmake_target' from command line to 'None'
[0.240s] Level 5:colcon.colcon_core.verb:set package 'amr_gazebo' build argument 'cmake_target_skip_unavailable' from command line to 'False'
[0.240s] Level 5:colcon.colcon_core.verb:set package 'amr_gazebo' build argument 'cmake_clean_cache' from command line to 'False'
[0.240s] Level 5:colcon.colcon_core.verb:set package 'amr_gazebo' build argument 'cmake_clean_first' from command line to 'False'
[0.240s] Level 5:colcon.colcon_core.verb:set package 'amr_gazebo' build argument 'cmake_force_configure' from command line to 'False'
[0.240s] Level 5:colcon.colcon_core.verb:set package 'amr_gazebo' build argument 'ament_cmake_args' from command line to 'None'
[0.240s] Level 5:colcon.colcon_core.verb:set package 'amr_gazebo' build argument 'catkin_cmake_args' from command line to 'None'
[0.240s] Level 5:colcon.colcon_core.verb:set package 'amr_gazebo' build argument 'catkin_skip_building_tests' from command line to 'False'
[0.240s] DEBUG:colcon.colcon_core.verb:Building package 'amr_gazebo' with the following arguments: {'ament_cmake_args': None, 'build_base': '/home/neer/Desktop/SIH/ros2_ws/build/amr_gazebo', 'catkin_cmake_args': None, 'catkin_skip_building_tests': False, 'cmake_args': None, 'cmake_clean_cache': False, 'cmake_clean_first': False, 'cmake_force_configure': False, 'cmake_target': None, 'cmake_target_skip_unavailable': False, 'install_base': '/home/neer/Desktop/SIH/ros2_ws/install/amr_gazebo', 'merge_install': False, 'path': '/home/neer/Desktop/SIH/ros2_ws/src/amr_gazebo', 'symlink_install': True, 'test_result_base': None}
[0.241s] Level 5:colcon.colcon_core.verb:set package 'amr_msgs' build argument 'cmake_args' from command line to 'None'
[0.241s] Level 5:colcon.colcon_core.verb:set package 'amr_msgs' build argument 'cmake_target' from command line to 'None'
[0.241s] Level 5:colcon.colcon_core.verb:set package 'amr_msgs' build argument 'cmake_target_skip_unavailable' from command line to 'False'
[0.241s] Level 5:colcon.colcon_core.verb:set package 'amr_msgs' build argument 'cmake_clean_cache' from command line to 'False'
[0.241s] Level 5:colcon.colcon_core.verb:set package 'amr_msgs' build argument 'cmake_clean_first' from command line to 'False'
[0.241s] Level 5:colcon.colcon_core.verb:set package 'amr_msgs' build argument 'cmake_force_configure' from command line to 'False'
[0.241s] Level 5:colcon.colcon_core.verb:set package 'amr_msgs' build argument 'ament_cmake_args' from command line to 'None'
[0.241s] Level 5:colcon.colcon_core.verb:set package 'amr_msgs' build argument 'catkin_cmake_args' from command line to 'None'
[0.241s] Level 5:colcon.colcon_core.verb:set package 'amr_msgs' build argument 'catkin_skip_building_tests' from command line to 'False'
[0.241s] DEBUG:colcon.colcon_core.verb:Building package 'amr_msgs' with the following arguments: {'ament_cmake_args': None, 'build_base': '/home/neer/Desktop/SIH/ros2_ws/build/amr_msgs', 'catkin_cmake_args': None, 'catkin_skip_building_tests': False, 'cmake_args': None, 'cmake_clean_cache': False, 'cmake_clean_first': False, 'cmake_force_configure': False, 'cmake_target': None, 'cmake_target_skip_unavailable': False, 'install_base': '/home/neer/Desktop/SIH/ros2_ws/install/amr_msgs', 'merge_install': False, 'path': '/home/neer/Desktop/SIH/ros2_ws/src/amr_msgs', 'symlink_install': True, 'test_result_base': None}
[0.241s] Level 5:colcon.colcon_core.verb:set package 'amr_nav' build argument 'cmake_args' from command line to 'None'
[0.241s] Level 5:colcon.colcon_core.verb:set package 'amr_nav' build argument 'cmake_target' from command line to 'None'
[0.241s] Level 5:colcon.colcon_core.verb:set package 'amr_nav' build argument 'cmake_target_skip_unavailable' from command line to 'False'
[0.241s] Level 5:colcon.colcon_core.verb:set package 'amr_nav' build argument 'cmake_clean_cache' from command line to 'False'
[0.241s] Level 5:colcon.colcon_core.verb:set package 'amr_nav' build argument 'cmake_clean_first' from command line to 'False'
[0.241s] Level 5:colcon.colcon_core.verb:set package 'amr_nav' build argument 'cmake_force_configure' from command line to 'False'
[0.241s] Level 5:colcon.colcon_core.verb:set package 'amr_nav' build argument 'ament_cmake_args' from command line to 'None'
[0.241s] Level 5:colcon.colcon_core.verb:set package 'amr_nav' build argument 'catkin_cmake_args' from command line to 'None'
[0.241s] Level 5:colcon.colcon_core.verb:set package 'amr_nav' build argument 'catkin_skip_building_tests' from command line to 'False'
[0.242s] DEBUG:colcon.colcon_core.verb:Building package 'amr_nav' with the following arguments: {'ament_cmake_args': None, 'build_base': '/home/neer/Desktop/SIH/ros2_ws/build/amr_nav', 'catkin_cmake_args': None, 'catkin_skip_building_tests': False, 'cmake_args': None, 'cmake_clean_cache': False, 'cmake_clean_first': False, 'cmake_force_configure': False, 'cmake_target': None, 'cmake_target_skip_unavailable': False, 'install_base': '/home/neer/Desktop/SIH/ros2_ws/install/amr_nav', 'merge_install': False, 'path': '/home/neer/Desktop/SIH/ros2_ws/src/amr_nav', 'symlink_install': True, 'test_result_base': None}
[0.242s] Level 5:colcon.colcon_core.verb:set package 'amr_coordination' build argument 'cmake_args' from command line to 'None'
[0.242s] Level 5:colcon.colcon_core.verb:set package 'amr_coordination' build argument 'cmake_target' from command line to 'None'
[0.242s] Level 5:colcon.colcon_core.verb:set package 'amr_coordination' build argument 'cmake_target_skip_unavailable' from command line to 'False'
[0.242s] Level 5:colcon.colcon_core.verb:set package 'amr_coordination' build argument 'cmake_clean_cache' from command line to 'False'
[0.242s] Level 5:colcon.colcon_core.verb:set package 'amr_coordination' build argument 'cmake_clean_first' from command line to 'False'
[0.242s] Level 5:colcon.colcon_core.verb:set package 'amr_coordination' build argument 'cmake_force_configure' from command line to 'False'
[0.242s] Level 5:colcon.colcon_core.verb:set package 'amr_coordination' build argument 'ament_cmake_args' from command line to 'None'
[0.242s] Level 5:colcon.colcon_core.verb:set package 'amr_coordination' build argument 'catkin_cmake_args' from command line to 'None'
[0.242s] Level 5:colcon.colcon_core.verb:set package 'amr_coordination' build argument 'catkin_skip_building_tests' from command line to 'False'
[0.242s] DEBUG:colcon.colcon_core.verb:Building package 'amr_coordination' with the following arguments: {'ament_cmake_args': None, 'build_base': '/home/neer/Desktop/SIH/ros2_ws/build/amr_coordination', 'catkin_cmake_args': None, 'catkin_skip_building_tests': False, 'cmake_args': None, 'cmake_clean_cache': False, 'cmake_clean_first': False, 'cmake_force_configure': False, 'cmake_target': None, 'cmake_target_skip_unavailable': False, 'install_base': '/home/neer/Desktop/SIH/ros2_ws/install/amr_coordination', 'merge_install': False, 'path': '/home/neer/Desktop/SIH/ros2_ws/src/amr_coordination', 'symlink_install': True, 'test_result_base': None}
[0.242s] Level 5:colcon.colcon_core.verb:set package 'amr_bringup' build argument 'cmake_args' from command line to 'None'
[0.242s] Level 5:colcon.colcon_core.verb:set package 'amr_bringup' build argument 'cmake_target' from command line to 'None'
[0.242s] Level 5:colcon.colcon_core.verb:set package 'amr_bringup' build argument 'cmake_target_skip_unavailable' from command line to 'False'
[0.242s] Level 5:colcon.colcon_core.verb:set package 'amr_bringup' build argument 'cmake_clean_cache' from command line to 'False'
[0.242s] Level 5:colcon.colcon_core.verb:set package 'amr_bringup' build argument 'cmake_clean_first' from command line to 'False'
[0.242s] Level 5:colcon.colcon_core.verb:set package 'amr_bringup' build argument 'cmake_force_configure' from command line to 'False'
[0.242s] Level 5:colcon.colcon_core.verb:set package 'amr_bringup' build argument 'ament_cmake_args' from command line to 'None'
[0.242s] Level 5:colcon.colcon_core.verb:set package 'amr_bringup' build argument 'catkin_cmake_args' from command line to 'None'
[0.242s] Level 5:colcon.colcon_core.verb:set package 'amr_bringup' build argument 'catkin_skip_building_tests' from command line to 'False'
[0.242s] DEBUG:colcon.colcon_core.verb:Building package 'amr_bringup' with the following arguments: {'ament_cmake_args': None, 'build_base': '/home/neer/Desktop/SIH/ros2_ws/build/amr_bringup', 'catkin_cmake_args': None, 'catkin_skip_building_tests': False, 'cmake_args': None, 'cmake_clean_cache': False, 'cmake_clean_first': False, 'cmake_force_configure': False, 'cmake_target': None, 'cmake_target_skip_unavailable': False, 'install_base': '/home/neer/Desktop/SIH/ros2_ws/install/amr_bringup', 'merge_install': False, 'path': '/home/neer/Desktop/SIH/ros2_ws/src/amr_bringup', 'symlink_install': True, 'test_result_base': None}
[0.242s] INFO:colcon.colcon_core.executor:Executing jobs using 'parallel' executor
[0.243s] DEBUG:colcon.colcon_parallel_executor.executor.parallel:run_until_complete
[0.244s] INFO:colcon.colcon_ros.task.ament_cmake.build:Building ROS package in '/home/neer/Desktop/SIH/ros2_ws/src/amr_msgs' with build type 'ament_cmake'
[0.244s] INFO:colcon.colcon_cmake.task.cmake.build:Building CMake package in '/home/neer/Desktop/SIH/ros2_ws/src/amr_msgs'
[0.245s] INFO:colcon.colcon_core.plugin_system:Skipping extension 'colcon_core.shell.bat': Not used on non-Windows systems
[0.245s] INFO:colcon.colcon_core.shell:Skip shell extension 'powershell' for command environment: Not usable outside of PowerShell
[0.245s] DEBUG:colcon.colcon_core.shell:Skip shell extension 'dsv' for command environment
[0.249s] INFO:colcon.colcon_ros.task.ament_cmake.build:Building ROS package in '/home/neer/Desktop/SIH/ros2_ws/src/amr_gazebo' with build type 'ament_cmake'
[0.249s] INFO:colcon.colcon_cmake.task.cmake.build:Building CMake package in '/home/neer/Desktop/SIH/ros2_ws/src/amr_gazebo'
[0.249s] INFO:colcon.colcon_core.shell:Skip shell extension 'powershell' for command environment: Not usable outside of PowerShell
[0.250s] DEBUG:colcon.colcon_core.shell:Skip shell extension 'dsv' for command environment
[0.253s] INFO:colcon.colcon_ros.task.ament_cmake.build:Building ROS package in '/home/neer/Desktop/SIH/ros2_ws/src/amr_nav' with build type 'ament_cmake'
[0.253s] INFO:colcon.colcon_cmake.task.cmake.build:Building CMake package in '/home/neer/Desktop/SIH/ros2_ws/src/amr_nav'
[0.253s] INFO:colcon.colcon_core.shell:Skip shell extension 'powershell' for command environment: Not usable outside of PowerShell
[0.253s] DEBUG:colcon.colcon_core.shell:Skip shell extension 'dsv' for command environment
[0.261s] DEBUG:colcon.colcon_core.event_handler.log_command:Invoking command in '/home/neer/Desktop/SIH/ros2_ws/build/amr_msgs': CMAKE_PREFIX_PATH=${CMAKE_PREFIX_PATH}:/opt/ros/jazzy DEBUGINFOD_URLS=https://debuginfod.ubuntu.com /usr/bin/cmake --build /home/neer/Desktop/SIH/ros2_ws/build/amr_msgs -- -j28 -l28
[0.262s] DEBUG:colcon.colcon_core.event_handler.log_command:Invoking command in '/home/neer/Desktop/SIH/ros2_ws/build/amr_gazebo': CMAKE_PREFIX_PATH=${CMAKE_PREFIX_PATH}:/opt/ros/jazzy DEBUGINFOD_URLS=https://debuginfod.ubuntu.com /usr/bin/cmake --build /home/neer/Desktop/SIH/ros2_ws/build/amr_gazebo -- -j28 -l28
[0.266s] DEBUG:colcon.colcon_core.event_handler.log_command:Invoking command in '/home/neer/Desktop/SIH/ros2_ws/build/amr_nav': CMAKE_PREFIX_PATH=${CMAKE_PREFIX_PATH}:/opt/ros/jazzy DEBUGINFOD_URLS=https://debuginfod.ubuntu.com /usr/bin/cmake --build /home/neer/Desktop/SIH/ros2_ws/build/amr_nav -- -j28 -l28
[0.300s] DEBUG:colcon.colcon_core.event_handler.log_command:Invoked command in '/home/neer/Desktop/SIH/ros2_ws/build/amr_gazebo' returned '0': CMAKE_PREFIX_PATH=${CMAKE_PREFIX_PATH}:/opt/ros/jazzy DEBUGINFOD_URLS=https://debuginfod.ubuntu.com /usr/bin/cmake --build /home/neer/Desktop/SIH/ros2_ws/build/amr_gazebo -- -j28 -l28
[0.309s] DEBUG:colcon.colcon_core.event_handler.log_command:Invoking command in '/home/neer/Desktop/SIH/ros2_ws/build/amr_gazebo': CMAKE_PREFIX_PATH=${CMAKE_PREFIX_PATH}:/opt/ros/jazzy DEBUGINFOD_URLS=https://debuginfod.ubuntu.com /usr/bin/cmake --install /home/neer/Desktop/SIH/ros2_ws/build/amr_gazebo
[0.311s] DEBUG:colcon.colcon_core.event_handler.log_command:Invoked command in '/home/neer/Desktop/SIH/ros2_ws/build/amr_nav' returned '0': CMAKE_PREFIX_PATH=${CMAKE_PREFIX_PATH}:/opt/ros/jazzy DEBUGINFOD_URLS=https://debuginfod.ubuntu.com /usr/bin/cmake --build /home/neer/Desktop/SIH/ros2_ws/build/amr_nav -- -j28 -l28
[0.312s] DEBUG:colcon.colcon_core.event_handler.log_command:Invoking command in '/home/neer/Desktop/SIH/ros2_ws/build/amr_nav': CMAKE_PREFIX_PATH=${CMAKE_PREFIX_PATH}:/opt/ros/jazzy DEBUGINFOD_URLS=https://debuginfod.ubuntu.com /usr/bin/cmake --install /home/neer/Desktop/SIH/ros2_ws/build/amr_nav
[0.329s] Level 1:colcon.colcon_core.environment:create_environment_scripts_only(amr_gazebo)
[0.329s] DEBUG:colcon.colcon_core.event_handler.log_command:Invoked command in '/home/neer/Desktop/SIH/ros2_ws/build/amr_gazebo' returned '0': CMAKE_PREFIX_PATH=${CMAKE_PREFIX_PATH}:/opt/ros/jazzy DEBUGINFOD_URLS=https://debuginfod.ubuntu.com /usr/bin/cmake --install /home/neer/Desktop/SIH/ros2_ws/build/amr_gazebo
[0.331s] Level 1:colcon.colcon_core.environment:checking '/home/neer/Desktop/SIH/ros2_ws/install/amr_gazebo' for CMake module files
[0.332s] Level 1:colcon.colcon_core.environment:checking '/home/neer/Desktop/SIH/ros2_ws/install/amr_gazebo' for CMake config files
[0.333s] Level 1:colcon.colcon_core.shell:create_environment_hook('amr_gazebo', 'cmake_prefix_path')
[0.333s] INFO:colcon.colcon_core.shell:Creating environment hook '/home/neer/Desktop/SIH/ros2_ws/install/amr_gazebo/share/amr_gazebo/hook/cmake_prefix_path.ps1'
[0.334s] INFO:colcon.colcon_core.shell:Creating environment descriptor '/home/neer/Desktop/SIH/ros2_ws/install/amr_gazebo/share/amr_gazebo/hook/cmake_prefix_path.dsv'
[0.334s] INFO:colcon.colcon_core.shell:Creating environment hook '/home/neer/Desktop/SIH/ros2_ws/install/amr_gazebo/share/amr_gazebo/hook/cmake_prefix_path.sh'
[0.335s] Level 1:colcon.colcon_core.environment:checking '/home/neer/Desktop/SIH/ros2_ws/install/amr_gazebo/bin'
[0.335s] Level 1:colcon.colcon_core.environment:checking '/home/neer/Desktop/SIH/ros2_ws/install/amr_gazebo/lib/pkgconfig/amr_gazebo.pc'
[0.335s] Level 1:colcon.colcon_core.environment:checking '/home/neer/Desktop/SIH/ros2_ws/install/amr_gazebo/lib/python3.12/site-packages'
[0.335s] Level 1:colcon.colcon_core.environment:checking '/home/neer/Desktop/SIH/ros2_ws/install/amr_gazebo/bin'
[0.335s] INFO:colcon.colcon_core.shell:Creating package script '/home/neer/Desktop/SIH/ros2_ws/install/amr_gazebo/share/amr_gazebo/package.ps1'
[0.336s] INFO:colcon.colcon_core.shell:Creating package descriptor '/home/neer/Desktop/SIH/ros2_ws/install/amr_gazebo/share/amr_gazebo/package.dsv'
[0.337s] INFO:colcon.colcon_core.shell:Creating package script '/home/neer/Desktop/SIH/ros2_ws/install/amr_gazebo/share/amr_gazebo/package.sh'
[0.338s] INFO:colcon.colcon_core.shell:Creating package script '/home/neer/Desktop/SIH/ros2_ws/install/amr_gazebo/share/amr_gazebo/package.bash'
[0.338s] INFO:colcon.colcon_core.shell:Creating package script '/home/neer/Desktop/SIH/ros2_ws/install/amr_gazebo/share/amr_gazebo/package.zsh'
[0.339s] Level 1:colcon.colcon_core.environment:create_file_with_runtime_dependencies(/home/neer/Desktop/SIH/ros2_ws/install/amr_gazebo/share/colcon-core/packages/amr_gazebo)
[0.339s] Level 1:colcon.colcon_core.environment:create_environment_scripts_only(amr_gazebo)
[0.339s] Level 1:colcon.colcon_core.environment:checking '/home/neer/Desktop/SIH/ros2_ws/install/amr_gazebo' for CMake module files
[0.340s] Level 1:colcon.colcon_core.environment:checking '/home/neer/Desktop/SIH/ros2_ws/install/amr_gazebo' for CMake config files
[0.340s] Level 1:colcon.colcon_core.shell:create_environment_hook('amr_gazebo', 'cmake_prefix_path')
[0.340s] INFO:colcon.colcon_core.shell:Creating environment hook '/home/neer/Desktop/SIH/ros2_ws/install/amr_gazebo/share/amr_gazebo/hook/cmake_prefix_path.ps1'
[0.340s] INFO:colcon.colcon_core.shell:Creating environment descriptor '/home/neer/Desktop/SIH/ros2_ws/install/amr_gazebo/share/amr_gazebo/hook/cmake_prefix_path.dsv'
[0.341s] INFO:colcon.colcon_core.shell:Creating environment hook '/home/neer/Desktop/SIH/ros2_ws/install/amr_gazebo/share/amr_gazebo/hook/cmake_prefix_path.sh'
[0.341s] Level 1:colcon.colcon_core.environment:checking '/home/neer/Desktop/SIH/ros2_ws/install/amr_gazebo/bin'
[0.341s] Level 1:colcon.colcon_core.environment:checking '/home/neer/Desktop/SIH/ros2_ws/install/amr_gazebo/lib/pkgconfig/amr_gazebo.pc'
[0.342s] Level 1:colcon.colcon_core.environment:checking '/home/neer/Desktop/SIH/ros2_ws/install/amr_gazebo/lib/python3.12/site-packages'
[0.342s] Level 1:colcon.colcon_core.environment:checking '/home/neer/Desktop/SIH/ros2_ws/install/amr_gazebo/bin'
[0.342s] INFO:colcon.colcon_core.shell:Creating package script '/home/neer/Desktop/SIH/ros2_ws/install/amr_gazebo/share/amr_gazebo/package.ps1'
[0.343s] INFO:colcon.colcon_core.shell:Creating package descriptor '/home/neer/Desktop/SIH/ros2_ws/install/amr_gazebo/share/amr_gazebo/package.dsv'
[0.343s] INFO:colcon.colcon_core.shell:Creating package script '/home/neer/Desktop/SIH/ros2_ws/install/amr_gazebo/share/amr_gazebo/package.sh'
[0.344s] INFO:colcon.colcon_core.shell:Creating package script '/home/neer/Desktop/SIH/ros2_ws/install/amr_gazebo/share/amr_gazebo/package.bash'
[0.344s] INFO:colcon.colcon_core.shell:Creating package script '/home/neer/Desktop/SIH/ros2_ws/install/amr_gazebo/share/amr_gazebo/package.zsh'
[0.345s] Level 1:colcon.colcon_core.environment:create_file_with_runtime_dependencies(/home/neer/Desktop/SIH/ros2_ws/install/amr_gazebo/share/colcon-core/packages/amr_gazebo)
[0.346s] Level 1:colcon.colcon_core.environment:create_environment_scripts_only(amr_nav)
[0.346s] Level 1:colcon.colcon_core.environment:checking '/home/neer/Desktop/SIH/ros2_ws/install/amr_nav' for CMake module files
[0.347s] DEBUG:colcon.colcon_core.event_handler.log_command:Invoked command in '/home/neer/Desktop/SIH/ros2_ws/build/amr_nav' returned '0': CMAKE_PREFIX_PATH=${CMAKE_PREFIX_PATH}:/opt/ros/jazzy DEBUGINFOD_URLS=https://debuginfod.ubuntu.com /usr/bin/cmake --install /home/neer/Desktop/SIH/ros2_ws/build/amr_nav
[0.348s] Level 1:colcon.colcon_core.environment:checking '/home/neer/Desktop/SIH/ros2_ws/install/amr_nav' for CMake config files
[0.348s] Level 1:colcon.colcon_core.shell:create_environment_hook('amr_nav', 'cmake_prefix_path')
[0.348s] INFO:colcon.colcon_core.shell:Creating environment hook '/home/neer/Desktop/SIH/ros2_ws/install/amr_nav/share/amr_nav/hook/cmake_prefix_path.ps1'
[0.349s] INFO:colcon.colcon_core.shell:Creating environment descriptor '/home/neer/Desktop/SIH/ros2_ws/install/amr_nav/share/amr_nav/hook/cmake_prefix_path.dsv'
[0.349s] INFO:colcon.colcon_core.shell:Creating environment hook '/home/neer/Desktop/SIH/ros2_ws/install/amr_nav/share/amr_nav/hook/cmake_prefix_path.sh'
[0.350s] Level 1:colcon.colcon_core.environment:checking '/home/neer/Desktop/SIH/ros2_ws/install/amr_nav/bin'
[0.350s] Level 1:colcon.colcon_core.environment:checking '/home/neer/Desktop/SIH/ros2_ws/install/amr_nav/lib/pkgconfig/amr_nav.pc'
[0.351s] Level 1:colcon.colcon_core.environment:checking '/home/neer/Desktop/SIH/ros2_ws/install/amr_nav/lib/python3.12/site-packages'
[0.351s] Level 1:colcon.colcon_core.environment:checking '/home/neer/Desktop/SIH/ros2_ws/install/amr_nav/bin'
[0.351s] INFO:colcon.colcon_core.shell:Creating package script '/home/neer/Desktop/SIH/ros2_ws/install/amr_nav/share/amr_nav/package.ps1'
[0.352s] INFO:colcon.colcon_core.shell:Creating package descriptor '/home/neer/Desktop/SIH/ros2_ws/install/amr_nav/share/amr_nav/package.dsv'
[0.353s] INFO:colcon.colcon_core.shell:Creating package script '/home/neer/Desktop/SIH/ros2_ws/install/amr_nav/share/amr_nav/package.sh'
[0.353s] INFO:colcon.colcon_core.shell:Creating package script '/home/neer/Desktop/SIH/ros2_ws/install/amr_nav/share/amr_nav/package.bash'
[0.354s] INFO:colcon.colcon_core.shell:Creating package script '/home/neer/Desktop/SIH/ros2_ws/install/amr_nav/share/amr_nav/package.zsh'
[0.354s] Level 1:colcon.colcon_core.environment:create_file_with_runtime_dependencies(/home/neer/Desktop/SIH/ros2_ws/install/amr_nav/share/colcon-core/packages/amr_nav)
[0.355s] Level 1:colcon.colcon_core.environment:create_environment_scripts_only(amr_nav)
[0.355s] Level 1:colcon.colcon_core.environment:checking '/home/neer/Desktop/SIH/ros2_ws/install/amr_nav' for CMake module files
[0.356s] Level 1:colcon.colcon_core.environment:checking '/home/neer/Desktop/SIH/ros2_ws/install/amr_nav' for CMake config files
[0.356s] Level 1:colcon.colcon_core.shell:create_environment_hook('amr_nav', 'cmake_prefix_path')
[0.356s] INFO:colcon.colcon_core.shell:Creating environment hook '/home/neer/Desktop/SIH/ros2_ws/install/amr_nav/share/amr_nav/hook/cmake_prefix_path.ps1'
[0.357s] INFO:colcon.colcon_core.shell:Creating environment descriptor '/home/neer/Desktop/SIH/ros2_ws/install/amr_nav/share/amr_nav/hook/cmake_prefix_path.dsv'
[0.357s] INFO:colcon.colcon_core.shell:Creating environment hook '/home/neer/Desktop/SIH/ros2_ws/install/amr_nav/share/amr_nav/hook/cmake_prefix_path.sh'
[0.357s] Level 1:colcon.colcon_core.environment:checking '/home/neer/Desktop/SIH/ros2_ws/install/amr_nav/bin'
[0.357s] Level 1:colcon.colcon_core.environment:checking '/home/neer/Desktop/SIH/ros2_ws/install/amr_nav/lib/pkgconfig/amr_nav.pc'
[0.358s] Level 1:colcon.colcon_core.environment:checking '/home/neer/Desktop/SIH/ros2_ws/install/amr_nav/lib/python3.12/site-packages'
[0.358s] Level 1:colcon.colcon_core.environment:checking '/home/neer/Desktop/SIH/ros2_ws/install/amr_nav/bin'
[0.358s] INFO:colcon.colcon_core.shell:Creating package script '/home/neer/Desktop/SIH/ros2_ws/install/amr_nav/share/amr_nav/package.ps1'
[0.359s] INFO:colcon.colcon_core.shell:Creating package descriptor '/home/neer/Desktop/SIH/ros2_ws/install/amr_nav/share/amr_nav/package.dsv'
[0.359s] INFO:colcon.colcon_core.shell:Creating package script '/home/neer/Desktop/SIH/ros2_ws/install/amr_nav/share/amr_nav/package.sh'
[0.360s] INFO:colcon.colcon_core.shell:Creating package script '/home/neer/Desktop/SIH/ros2_ws/install/amr_nav/share/amr_nav/package.bash'
[0.360s] INFO:colcon.colcon_core.shell:Creating package script '/home/neer/Desktop/SIH/ros2_ws/install/amr_nav/share/amr_nav/package.zsh'
[0.361s] Level 1:colcon.colcon_core.environment:create_file_with_runtime_dependencies(/home/neer/Desktop/SIH/ros2_ws/install/amr_nav/share/colcon-core/packages/amr_nav)
[0.627s] DEBUG:colcon.colcon_core.event_handler.log_command:Invoked command in '/home/neer/Desktop/SIH/ros2_ws/build/amr_msgs' returned '0': CMAKE_PREFIX_PATH=${CMAKE_PREFIX_PATH}:/opt/ros/jazzy DEBUGINFOD_URLS=https://debuginfod.ubuntu.com /usr/bin/cmake --build /home/neer/Desktop/SIH/ros2_ws/build/amr_msgs -- -j28 -l28
[0.628s] DEBUG:colcon.colcon_core.event_handler.log_command:Invoking command in '/home/neer/Desktop/SIH/ros2_ws/build/amr_msgs': CMAKE_PREFIX_PATH=${CMAKE_PREFIX_PATH}:/opt/ros/jazzy DEBUGINFOD_URLS=https://debuginfod.ubuntu.com /usr/bin/cmake --install /home/neer/Desktop/SIH/ros2_ws/build/amr_msgs
[0.696s] Level 1:colcon.colcon_core.environment:create_environment_scripts_only(amr_msgs)
[0.696s] Level 1:colcon.colcon_core.environment:checking '/home/neer/Desktop/SIH/ros2_ws/install/amr_msgs' for CMake module files
[0.697s] DEBUG:colcon.colcon_core.event_handler.log_command:Invoked command in '/home/neer/Desktop/SIH/ros2_ws/build/amr_msgs' returned '0': CMAKE_PREFIX_PATH=${CMAKE_PREFIX_PATH}:/opt/ros/jazzy DEBUGINFOD_URLS=https://debuginfod.ubuntu.com /usr/bin/cmake --install /home/neer/Desktop/SIH/ros2_ws/build/amr_msgs
[0.697s] Level 1:colcon.colcon_core.environment:checking '/home/neer/Desktop/SIH/ros2_ws/install/amr_msgs' for CMake config files
[0.698s] Level 1:colcon.colcon_core.shell:create_environment_hook('amr_msgs', 'cmake_prefix_path')
[0.698s] INFO:colcon.colcon_core.shell:Creating environment hook '/home/neer/Desktop/SIH/ros2_ws/install/amr_msgs/share/amr_msgs/hook/cmake_prefix_path.ps1'
[0.698s] INFO:colcon.colcon_core.shell:Creating environment descriptor '/home/neer/Desktop/SIH/ros2_ws/install/amr_msgs/share/amr_msgs/hook/cmake_prefix_path.dsv'
[0.699s] INFO:colcon.colcon_core.shell:Creating environment hook '/home/neer/Desktop/SIH/ros2_ws/install/amr_msgs/share/amr_msgs/hook/cmake_prefix_path.sh'
[0.699s] Level 1:colcon.colcon_core.environment:checking '/home/neer/Desktop/SIH/ros2_ws/install/amr_msgs/lib'
[0.699s] Level 1:colcon.colcon_core.shell:create_environment_hook('amr_msgs', 'ld_library_path_lib')
[0.700s] INFO:colcon.colcon_core.shell:Creating environment hook '/home/neer/Desktop/SIH/ros2_ws/install/amr_msgs/share/amr_msgs/hook/ld_library_path_lib.ps1'
[0.700s] INFO:colcon.colcon_core.shell:Creating environment descriptor '/home/neer/Desktop/SIH/ros2_ws/install/amr_msgs/share/amr_msgs/hook/ld_library_path_lib.dsv'
[0.700s] INFO:colcon.colcon_core.shell:Creating environment hook '/home/neer/Desktop/SIH/ros2_ws/install/amr_msgs/share/amr_msgs/hook/ld_library_path_lib.sh'
[0.700s] Level 1:colcon.colcon_core.environment:checking '/home/neer/Desktop/SIH/ros2_ws/install/amr_msgs/bin'
[0.700s] Level 1:colcon.colcon_core.environment:checking '/home/neer/Desktop/SIH/ros2_ws/install/amr_msgs/lib/pkgconfig/amr_msgs.pc'
[0.701s] Level 1:colcon.colcon_core.environment:checking '/home/neer/Desktop/SIH/ros2_ws/install/amr_msgs/lib/python3.12/site-packages'
[0.701s] Level 1:colcon.colcon_core.shell:create_environment_hook('amr_msgs', 'pythonpath')
[0.701s] INFO:colcon.colcon_core.shell:Creating environment hook '/home/neer/Desktop/SIH/ros2_ws/install/amr_msgs/share/amr_msgs/hook/pythonpath.ps1'
[0.701s] INFO:colcon.colcon_core.shell:Creating environment descriptor '/home/neer/Desktop/SIH/ros2_ws/install/amr_msgs/share/amr_msgs/hook/pythonpath.dsv'
[0.701s] INFO:colcon.colcon_core.shell:Creating environment hook '/home/neer/Desktop/SIH/ros2_ws/install/amr_msgs/share/amr_msgs/hook/pythonpath.sh'
[0.702s] Level 1:colcon.colcon_core.environment:checking '/home/neer/Desktop/SIH/ros2_ws/install/amr_msgs/bin'
[0.702s] INFO:colcon.colcon_core.shell:Creating package script '/home/neer/Desktop/SIH/ros2_ws/install/amr_msgs/share/amr_msgs/package.ps1'
[0.703s] INFO:colcon.colcon_core.shell:Creating package descriptor '/home/neer/Desktop/SIH/ros2_ws/install/amr_msgs/share/amr_msgs/package.dsv'
[0.703s] INFO:colcon.colcon_core.shell:Creating package script '/home/neer/Desktop/SIH/ros2_ws/install/amr_msgs/share/amr_msgs/package.sh'
[0.704s] INFO:colcon.colcon_core.shell:Creating package script '/home/neer/Desktop/SIH/ros2_ws/install/amr_msgs/share/amr_msgs/package.bash'
[0.704s] INFO:colcon.colcon_core.shell:Creating package script '/home/neer/Desktop/SIH/ros2_ws/install/amr_msgs/share/amr_msgs/package.zsh'
[0.704s] Level 1:colcon.colcon_core.environment:create_file_with_runtime_dependencies(/home/neer/Desktop/SIH/ros2_ws/install/amr_msgs/share/colcon-core/packages/amr_msgs)
[0.704s] Level 1:colcon.colcon_core.environment:create_environment_scripts_only(amr_msgs)
[0.705s] Level 1:colcon.colcon_core.environment:checking '/home/neer/Desktop/SIH/ros2_ws/install/amr_msgs' for CMake module files
[0.705s] Level 1:colcon.colcon_core.environment:checking '/home/neer/Desktop/SIH/ros2_ws/install/amr_msgs' for CMake config files
[0.706s] Level 1:colcon.colcon_core.shell:create_environment_hook('amr_msgs', 'cmake_prefix_path')
[0.706s] INFO:colcon.colcon_core.shell:Creating environment hook '/home/neer/Desktop/SIH/ros2_ws/install/amr_msgs/share/amr_msgs/hook/cmake_prefix_path.ps1'
[0.706s] INFO:colcon.colcon_core.shell:Creating environment descriptor '/home/neer/Desktop/SIH/ros2_ws/install/amr_msgs/share/amr_msgs/hook/cmake_prefix_path.dsv'
[0.707s] INFO:colcon.colcon_core.shell:Creating environment hook '/home/neer/Desktop/SIH/ros2_ws/install/amr_msgs/share/amr_msgs/hook/cmake_prefix_path.sh'
[0.707s] Level 1:colcon.colcon_core.environment:checking '/home/neer/Desktop/SIH/ros2_ws/install/amr_msgs/lib'
[0.707s] Level 1:colcon.colcon_core.shell:create_environment_hook('amr_msgs', 'ld_library_path_lib')
[0.707s] INFO:colcon.colcon_core.shell:Creating environment hook '/home/neer/Desktop/SIH/ros2_ws/install/amr_msgs/share/amr_msgs/hook/ld_library_path_lib.ps1'
[0.707s] INFO:colcon.colcon_core.shell:Creating environment descriptor '/home/neer/Desktop/SIH/ros2_ws/install/amr_msgs/share/amr_msgs/hook/ld_library_path_lib.dsv'
[0.708s] INFO:colcon.colcon_core.shell:Creating environment hook '/home/neer/Desktop/SIH/ros2_ws/install/amr_msgs/share/amr_msgs/hook/ld_library_path_lib.sh'
[0.708s] Level 1:colcon.colcon_core.environment:checking '/home/neer/Desktop/SIH/ros2_ws/install/amr_msgs/bin'
[0.708s] Level 1:colcon.colcon_core.environment:checking '/home/neer/Desktop/SIH/ros2_ws/install/amr_msgs/lib/pkgconfig/amr_msgs.pc'
[0.708s] Level 1:colcon.colcon_core.environment:checking '/home/neer/Desktop/SIH/ros2_ws/install/amr_msgs/lib/python3.12/site-packages'
[0.708s] Level 1:colcon.colcon_core.shell:create_environment_hook('amr_msgs', 'pythonpath')
[0.708s] INFO:colcon.colcon_core.shell:Creating environment hook '/home/neer/Desktop/SIH/ros2_ws/install/amr_msgs/share/amr_msgs/hook/pythonpath.ps1'
[0.709s] INFO:colcon.colcon_core.shell:Creating environment descriptor '/home/neer/Desktop/SIH/ros2_ws/install/amr_msgs/share/amr_msgs/hook/pythonpath.dsv'
[0.709s] INFO:colcon.colcon_core.shell:Creating environment hook '/home/neer/Desktop/SIH/ros2_ws/install/amr_msgs/share/amr_msgs/hook/pythonpath.sh'
[0.710s] Level 1:colcon.colcon_core.environment:checking '/home/neer/Desktop/SIH/ros2_ws/install/amr_msgs/bin'
[0.710s] INFO:colcon.colcon_core.shell:Creating package script '/home/neer/Desktop/SIH/ros2_ws/install/amr_msgs/share/amr_msgs/package.ps1'
[0.711s] INFO:colcon.colcon_core.shell:Creating package descriptor '/home/neer/Desktop/SIH/ros2_ws/install/amr_msgs/share/amr_msgs/package.dsv'
[0.712s] INFO:colcon.colcon_core.shell:Creating package script '/home/neer/Desktop/SIH/ros2_ws/install/amr_msgs/share/amr_msgs/package.sh'
[0.712s] INFO:colcon.colcon_core.shell:Creating package script '/home/neer/Desktop/SIH/ros2_ws/install/amr_msgs/share/amr_msgs/package.bash'
[0.713s] INFO:colcon.colcon_core.shell:Creating package script '/home/neer/Desktop/SIH/ros2_ws/install/amr_msgs/share/amr_msgs/package.zsh'
[0.713s] Level 1:colcon.colcon_core.environment:create_file_with_runtime_dependencies(/home/neer/Desktop/SIH/ros2_ws/install/amr_msgs/share/colcon-core/packages/amr_msgs)
[0.713s] INFO:colcon.colcon_ros.task.ament_python.build:Building ROS package in '/home/neer/Desktop/SIH/ros2_ws/src/amr_coordination' with build type 'ament_python'
[0.713s] Level 1:colcon.colcon_core.shell:create_environment_hook('amr_coordination', 'ament_prefix_path')
[0.713s] INFO:colcon.colcon_core.shell:Creating environment hook '/home/neer/Desktop/SIH/ros2_ws/install/amr_coordination/share/amr_coordination/hook/ament_prefix_path.ps1'
[0.714s] INFO:colcon.colcon_core.shell:Creating environment descriptor '/home/neer/Desktop/SIH/ros2_ws/install/amr_coordination/share/amr_coordination/hook/ament_prefix_path.dsv'
[0.714s] INFO:colcon.colcon_core.shell:Creating environment hook '/home/neer/Desktop/SIH/ros2_ws/install/amr_coordination/share/amr_coordination/hook/ament_prefix_path.sh'
[0.715s] INFO:colcon.colcon_core.shell:Skip shell extension 'powershell' for command environment: Not usable outside of PowerShell
[0.715s] DEBUG:colcon.colcon_core.shell:Skip shell extension 'dsv' for command environment
[0.913s] INFO:colcon.colcon_core.task.python.build:Building Python package in '/home/neer/Desktop/SIH/ros2_ws/src/amr_coordination'
[0.913s] INFO:colcon.colcon_core.shell:Skip shell extension 'powershell' for command environment: Not usable outside of PowerShell
[0.914s] DEBUG:colcon.colcon_core.shell:Skip shell extension 'dsv' for command environment
[1.470s] DEBUG:colcon.colcon_core.task.python.build:Available setuptools commands: clean, build_scripts, upload, init_catalog, bdist_egg, update_catalog, dist_info, install, easy_install, install_lib, upload_docs, build_py, register, install_headers, test, install_scripts, build_ext, bdist_dumb, rotate, build_clib, editable_wheel, saveopts, egg_info, check, install_egg_info, install_data, bdist_wheel, bdist_rpm, setopt, develop, build, sdist, bdist, alias, compile_catalog, symlink_data, extract_messages
[1.787s] DEBUG:colcon.colcon_core.task.python.build:Available setuptools 'develop' options: --allow-hosts, --user, --build-directory, --quiet, --find-links, --local-snapshots-ok, --record, --version, --script-dir, --no-deps, --upgrade, --dry-run, --exclude-scripts, --site-dirs, --force-installation-into-system-dir, --help, --install-layout, --uninstall, --install-dir, --verbose, --egg-path, --always-copy, --no-find-links, --no-user-cfg, --index-url, --editable, --zip-ok, --multi-version, --prefix, --always-unzip, --optimize
[1.789s] DEBUG:colcon.colcon_core.event_handler.log_command:Invoking command in '/home/neer/Desktop/SIH/ros2_ws/build/amr_coordination': AMENT_PREFIX_PATH=/home/neer/Desktop/SIH/ros2_ws/install/amr_msgs:${AMENT_PREFIX_PATH} CMAKE_PREFIX_PATH=/home/neer/Desktop/SIH/ros2_ws/install/amr_msgs:${CMAKE_PREFIX_PATH} DEBUGINFOD_URLS=https://debuginfod.ubuntu.com LD_LIBRARY_PATH=/home/neer/Desktop/SIH/ros2_ws/install/amr_msgs/lib:${LD_LIBRARY_PATH} PYTHONPATH=/home/neer/Desktop/SIH/ros2_ws/build/amr_coordination/prefix_override:/usr/lib/python3/dist-packages/colcon_core/task/python/colcon_distutils_commands:/home/neer/Desktop/SIH/ros2_ws/install/amr_coordination/lib/python3.12/site-packages:/home/neer/Desktop/SIH/ros2_ws/install/amr_msgs/lib/python3.12/site-packages:${PYTHONPATH} /usr/bin/python3 -W ignore:setup.py install is deprecated -W ignore:easy_install command is deprecated setup.py develop --editable --build-directory /home/neer/Desktop/SIH/ros2_ws/build/amr_coordination/build --no-deps symlink_data
[2.363s] Level 1:colcon.colcon_core.shell:create_environment_hook('amr_coordination', 'pythonpath_develop')
[2.363s] INFO:colcon.colcon_core.shell:Creating environment hook '/home/neer/Desktop/SIH/ros2_ws/build/amr_coordination/share/amr_coordination/hook/pythonpath_develop.ps1'
[2.364s] DEBUG:colcon.colcon_core.event_handler.log_command:Invoked command in '/home/neer/Desktop/SIH/ros2_ws/build/amr_coordination' returned '0': AMENT_PREFIX_PATH=/home/neer/Desktop/SIH/ros2_ws/install/amr_msgs:${AMENT_PREFIX_PATH} CMAKE_PREFIX_PATH=/home/neer/Desktop/SIH/ros2_ws/install/amr_msgs:${CMAKE_PREFIX_PATH} DEBUGINFOD_URLS=https://debuginfod.ubuntu.com LD_LIBRARY_PATH=/home/neer/Desktop/SIH/ros2_ws/install/amr_msgs/lib:${LD_LIBRARY_PATH} PYTHONPATH=/home/neer/Desktop/SIH/ros2_ws/build/amr_coordination/prefix_override:/usr/lib/python3/dist-packages/colcon_core/task/python/colcon_distutils_commands:/home/neer/Desktop/SIH/ros2_ws/install/amr_coordination/lib/python3.12/site-packages:/home/neer/Desktop/SIH/ros2_ws/install/amr_msgs/lib/python3.12/site-packages:${PYTHONPATH} /usr/bin/python3 -W ignore:setup.py install is deprecated -W ignore:easy_install command is deprecated setup.py develop --editable --build-directory /home/neer/Desktop/SIH/ros2_ws/build/amr_coordination/build --no-deps symlink_data
[2.364s] INFO:colcon.colcon_core.shell:Creating environment descriptor '/home/neer/Desktop/SIH/ros2_ws/build/amr_coordination/share/amr_coordination/hook/pythonpath_develop.dsv'
[2.364s] INFO:colcon.colcon_core.shell:Creating environment hook '/home/neer/Desktop/SIH/ros2_ws/build/amr_coordination/share/amr_coordination/hook/pythonpath_develop.sh'
[2.365s] Level 1:colcon.colcon_core.environment:checking '/home/neer/Desktop/SIH/ros2_ws/install/amr_coordination' for CMake module files
[2.365s] Level 1:colcon.colcon_core.environment:checking '/home/neer/Desktop/SIH/ros2_ws/install/amr_coordination' for CMake config files
[2.365s] Level 1:colcon.colcon_core.environment:checking '/home/neer/Desktop/SIH/ros2_ws/install/amr_coordination/lib'
[2.365s] Level 1:colcon.colcon_core.environment:checking '/home/neer/Desktop/SIH/ros2_ws/install/amr_coordination/bin'
[2.365s] Level 1:colcon.colcon_core.environment:checking '/home/neer/Desktop/SIH/ros2_ws/install/amr_coordination/lib/pkgconfig/amr_coordination.pc'
[2.366s] Level 1:colcon.colcon_core.environment:checking '/home/neer/Desktop/SIH/ros2_ws/install/amr_coordination/lib/python3.12/site-packages'
[2.366s] Level 1:colcon.colcon_core.shell:create_environment_hook('amr_coordination', 'pythonpath')
[2.366s] INFO:colcon.colcon_core.shell:Creating environment hook '/home/neer/Desktop/SIH/ros2_ws/install/amr_coordination/share/amr_coordination/hook/pythonpath.ps1'
[2.366s] INFO:colcon.colcon_core.shell:Creating environment descriptor '/home/neer/Desktop/SIH/ros2_ws/install/amr_coordination/share/amr_coordination/hook/pythonpath.dsv'
[2.366s] INFO:colcon.colcon_core.shell:Creating environment hook '/home/neer/Desktop/SIH/ros2_ws/install/amr_coordination/share/amr_coordination/hook/pythonpath.sh'
[2.367s] Level 1:colcon.colcon_core.environment:checking '/home/neer/Desktop/SIH/ros2_ws/install/amr_coordination/bin'
[2.367s] Level 1:colcon.colcon_core.environment:create_environment_scripts_only(amr_coordination)
[2.367s] INFO:colcon.colcon_core.shell:Creating package script '/home/neer/Desktop/SIH/ros2_ws/install/amr_coordination/share/amr_coordination/package.ps1'
[2.368s] INFO:colcon.colcon_core.shell:Creating package descriptor '/home/neer/Desktop/SIH/ros2_ws/install/amr_coordination/share/amr_coordination/package.dsv'
[2.368s] INFO:colcon.colcon_core.shell:Creating package script '/home/neer/Desktop/SIH/ros2_ws/install/amr_coordination/share/amr_coordination/package.sh'
[2.368s] INFO:colcon.colcon_core.shell:Creating package script '/home/neer/Desktop/SIH/ros2_ws/install/amr_coordination/share/amr_coordination/package.bash'
[2.369s] INFO:colcon.colcon_core.shell:Creating package script '/home/neer/Desktop/SIH/ros2_ws/install/amr_coordination/share/amr_coordination/package.zsh'
[2.369s] Level 1:colcon.colcon_core.environment:create_file_with_runtime_dependencies(/home/neer/Desktop/SIH/ros2_ws/install/amr_coordination/share/colcon-core/packages/amr_coordination)
[2.369s] INFO:colcon.colcon_ros.task.ament_cmake.build:Building ROS package in '/home/neer/Desktop/SIH/ros2_ws/src/amr_bringup' with build type 'ament_cmake'
[2.369s] INFO:colcon.colcon_cmake.task.cmake.build:Building CMake package in '/home/neer/Desktop/SIH/ros2_ws/src/amr_bringup'
[2.369s] INFO:colcon.colcon_core.shell:Skip shell extension 'powershell' for command environment: Not usable outside of PowerShell
[2.370s] DEBUG:colcon.colcon_core.shell:Skip shell extension 'dsv' for command environment
[2.381s] DEBUG:colcon.colcon_core.event_handler.log_command:Invoking command in '/home/neer/Desktop/SIH/ros2_ws/build/amr_bringup': AMENT_PREFIX_PATH=/home/neer/Desktop/SIH/ros2_ws/install/amr_coordination:/home/neer/Desktop/SIH/ros2_ws/install/amr_nav:/home/neer/Desktop/SIH/ros2_ws/install/amr_msgs:/home/neer/Desktop/SIH/ros2_ws/install/amr_gazebo:${AMENT_PREFIX_PATH} CMAKE_PREFIX_PATH=/home/neer/Desktop/SIH/ros2_ws/install/amr_nav:/home/neer/Desktop/SIH/ros2_ws/install/amr_msgs:/home/neer/Desktop/SIH/ros2_ws/install/amr_gazebo:/opt/ros/jazzy/opt/gz_sim_vendor:/opt/ros/jazzy/opt/gz_sensors_vendor:/opt/ros/jazzy/opt/gz_physics_vendor:/opt/ros/jazzy/opt/sdformat_vendor:/opt/ros/jazzy/opt/gz_gui_vendor:/opt/ros/jazzy/opt/gz_transport_vendor:/opt/ros/jazzy/opt/gz_rendering_vendor:/opt/ros/jazzy/opt/gz_plugin_vendor:/opt/ros/jazzy/opt/gz_fuel_tools_vendor:/opt/ros/jazzy/opt/gz_msgs_vendor:/opt/ros/jazzy/opt/gz_common_vendor:/opt/ros/jazzy/opt/gz_math_vendor:/opt/ros/jazzy/opt/gz_utils_vendor:/opt/ros/jazzy/opt/gz_tools_vendor:/opt/ros/jazzy/opt/gz_ogre_next_vendor:/opt/ros/jazzy/opt/gz_dartsim_vendor:/opt/ros/jazzy/opt/gz_cmake_vendor:/opt/ros/jazzy DEBUGINFOD_URLS=https://debuginfod.ubuntu.com LD_LIBRARY_PATH=/home/neer/Desktop/SIH/ros2_ws/install/amr_msgs/lib:${LD_LIBRARY_PATH} PYTHONPATH=/home/neer/Desktop/SIH/ros2_ws/build/amr_coordination:/home/neer/Desktop/SIH/ros2_ws/install/amr_coordination/lib/python3.12/site-packages:/home/neer/Desktop/SIH/ros2_ws/install/amr_msgs/lib/python3.12/site-packages:${PYTHONPATH} /usr/bin/cmake --build /home/neer/Desktop/SIH/ros2_ws/build/amr_bringup -- -j28 -l28
[2.417s] DEBUG:colcon.colcon_core.event_handler.log_command:Invoked command in '/home/neer/Desktop/SIH/ros2_ws/build/amr_bringup' returned '0': AMENT_PREFIX_PATH=/home/neer/Desktop/SIH/ros2_ws/install/amr_coordination:/home/neer/Desktop/SIH/ros2_ws/install/amr_nav:/home/neer/Desktop/SIH/ros2_ws/install/amr_msgs:/home/neer/Desktop/SIH/ros2_ws/install/amr_gazebo:${AMENT_PREFIX_PATH} CMAKE_PREFIX_PATH=/home/neer/Desktop/SIH/ros2_ws/install/amr_nav:/home/neer/Desktop/SIH/ros2_ws/install/amr_msgs:/home/neer/Desktop/SIH/ros2_ws/install/amr_gazebo:/opt/ros/jazzy/opt/gz_sim_vendor:/opt/ros/jazzy/opt/gz_sensors_vendor:/opt/ros/jazzy/opt/gz_physics_vendor:/opt/ros/jazzy/opt/sdformat_vendor:/opt/ros/jazzy/opt/gz_gui_vendor:/opt/ros/jazzy/opt/gz_transport_vendor:/opt/ros/jazzy/opt/gz_rendering_vendor:/opt/ros/jazzy/opt/gz_plugin_vendor:/opt/ros/jazzy/opt/gz_fuel_tools_vendor:/opt/ros/jazzy/opt/gz_msgs_vendor:/opt/ros/jazzy/opt/gz_common_vendor:/opt/ros/jazzy/opt/gz_math_vendor:/opt/ros/jazzy/opt/gz_utils_vendor:/opt/ros/jazzy/opt/gz_tools_vendor:/opt/ros/jazzy/opt/gz_ogre_next_vendor:/opt/ros/jazzy/opt/gz_dartsim_vendor:/opt/ros/jazzy/opt/gz_cmake_vendor:/opt/ros/jazzy DEBUGINFOD_URLS=https://debuginfod.ubuntu.com LD_LIBRARY_PATH=/home/neer/Desktop/SIH/ros2_ws/install/amr_msgs/lib:${LD_LIBRARY_PATH} PYTHONPATH=/home/neer/Desktop/SIH/ros2_ws/build/amr_coordination:/home/neer/Desktop/SIH/ros2_ws/install/amr_coordination/lib/python3.12/site-packages:/home/neer/Desktop/SIH/ros2_ws/install/amr_msgs/lib/python3.12/site-packages:${PYTHONPATH} /usr/bin/cmake --build /home/neer/Desktop/SIH/ros2_ws/build/amr_bringup -- -j28 -l28
[2.418s] DEBUG:colcon.colcon_core.event_handler.log_command:Invoking command in '/home/neer/Desktop/SIH/ros2_ws/build/amr_bringup': AMENT_PREFIX_PATH=/home/neer/Desktop/SIH/ros2_ws/install/amr_coordination:/home/neer/Desktop/SIH/ros2_ws/install/amr_nav:/home/neer/Desktop/SIH/ros2_ws/install/amr_msgs:/home/neer/Desktop/SIH/ros2_ws/install/amr_gazebo:${AMENT_PREFIX_PATH} CMAKE_PREFIX_PATH=/home/neer/Desktop/SIH/ros2_ws/install/amr_nav:/home/neer/Desktop/SIH/ros2_ws/install/amr_msgs:/home/neer/Desktop/SIH/ros2_ws/install/amr_gazebo:/opt/ros/jazzy/opt/gz_sim_vendor:/opt/ros/jazzy/opt/gz_sensors_vendor:/opt/ros/jazzy/opt/gz_physics_vendor:/opt/ros/jazzy/opt/sdformat_vendor:/opt/ros/jazzy/opt/gz_gui_vendor:/opt/ros/jazzy/opt/gz_transport_vendor:/opt/ros/jazzy/opt/gz_rendering_vendor:/opt/ros/jazzy/opt/gz_plugin_vendor:/opt/ros/jazzy/opt/gz_fuel_tools_vendor:/opt/ros/jazzy/opt/gz_msgs_vendor:/opt/ros/jazzy/opt/gz_common_vendor:/opt/ros/jazzy/opt/gz_math_vendor:/opt/ros/jazzy/opt/gz_utils_vendor:/opt/ros/jazzy/opt/gz_tools_vendor:/opt/ros/jazzy/opt/gz_ogre_next_vendor:/opt/ros/jazzy/opt/gz_dartsim_vendor:/opt/ros/jazzy/opt/gz_cmake_vendor:/opt/ros/jazzy DEBUGINFOD_URLS=https://debuginfod.ubuntu.com LD_LIBRARY_PATH=/home/neer/Desktop/SIH/ros2_ws/install/amr_msgs/lib:${LD_LIBRARY_PATH} PYTHONPATH=/home/neer/Desktop/SIH/ros2_ws/build/amr_coordination:/home/neer/Desktop/SIH/ros2_ws/install/amr_coordination/lib/python3.12/site-packages:/home/neer/Desktop/SIH/ros2_ws/install/amr_msgs/lib/python3.12/site-packages:${PYTHONPATH} /usr/bin/cmake --install /home/neer/Desktop/SIH/ros2_ws/build/amr_bringup
[2.451s] Level 1:colcon.colcon_core.environment:create_environment_scripts_only(amr_bringup)
[2.451s] Level 1:colcon.colcon_core.environment:checking '/home/neer/Desktop/SIH/ros2_ws/install/amr_bringup' for CMake module files
[2.452s] DEBUG:colcon.colcon_core.event_handler.log_command:Invoked command in '/home/neer/Desktop/SIH/ros2_ws/build/amr_bringup' returned '0': AMENT_PREFIX_PATH=/home/neer/Desktop/SIH/ros2_ws/install/amr_coordination:/home/neer/Desktop/SIH/ros2_ws/install/amr_nav:/home/neer/Desktop/SIH/ros2_ws/install/amr_msgs:/home/neer/Desktop/SIH/ros2_ws/install/amr_gazebo:${AMENT_PREFIX_PATH} CMAKE_PREFIX_PATH=/home/neer/Desktop/SIH/ros2_ws/install/amr_nav:/home/neer/Desktop/SIH/ros2_ws/install/amr_msgs:/home/neer/Desktop/SIH/ros2_ws/install/amr_gazebo:/opt/ros/jazzy/opt/gz_sim_vendor:/opt/ros/jazzy/opt/gz_sensors_vendor:/opt/ros/jazzy/opt/gz_physics_vendor:/opt/ros/jazzy/opt/sdformat_vendor:/opt/ros/jazzy/opt/gz_gui_vendor:/opt/ros/jazzy/opt/gz_transport_vendor:/opt/ros/jazzy/opt/gz_rendering_vendor:/opt/ros/jazzy/opt/gz_plugin_vendor:/opt/ros/jazzy/opt/gz_fuel_tools_vendor:/opt/ros/jazzy/opt/gz_msgs_vendor:/opt/ros/jazzy/opt/gz_common_vendor:/opt/ros/jazzy/opt/gz_math_vendor:/opt/ros/jazzy/opt/gz_utils_vendor:/opt/ros/jazzy/opt/gz_tools_vendor:/opt/ros/jazzy/opt/gz_ogre_next_vendor:/opt/ros/jazzy/opt/gz_dartsim_vendor:/opt/ros/jazzy/opt/gz_cmake_vendor:/opt/ros/jazzy DEBUGINFOD_URLS=https://debuginfod.ubuntu.com LD_LIBRARY_PATH=/home/neer/Desktop/SIH/ros2_ws/install/amr_msgs/lib:${LD_LIBRARY_PATH} PYTHONPATH=/home/neer/Desktop/SIH/ros2_ws/build/amr_coordination:/home/neer/Desktop/SIH/ros2_ws/install/amr_coordination/lib/python3.12/site-packages:/home/neer/Desktop/SIH/ros2_ws/install/amr_msgs/lib/python3.12/site-packages:${PYTHONPATH} /usr/bin/cmake --install /home/neer/Desktop/SIH/ros2_ws/build/amr_bringup
[2.452s] Level 1:colcon.colcon_core.environment:checking '/home/neer/Desktop/SIH/ros2_ws/install/amr_bringup' for CMake config files
[2.453s] Level 1:colcon.colcon_core.shell:create_environment_hook('amr_bringup', 'cmake_prefix_path')
[2.453s] INFO:colcon.colcon_core.shell:Creating environment hook '/home/neer/Desktop/SIH/ros2_ws/install/amr_bringup/share/amr_bringup/hook/cmake_prefix_path.ps1'
[2.453s] INFO:colcon.colcon_core.shell:Creating environment descriptor '/home/neer/Desktop/SIH/ros2_ws/install/amr_bringup/share/amr_bringup/hook/cmake_prefix_path.dsv'
[2.454s] INFO:colcon.colcon_core.shell:Creating environment hook '/home/neer/Desktop/SIH/ros2_ws/install/amr_bringup/share/amr_bringup/hook/cmake_prefix_path.sh'
[2.454s] Level 1:colcon.colcon_core.environment:checking '/home/neer/Desktop/SIH/ros2_ws/install/amr_bringup/bin'
[2.454s] Level 1:colcon.colcon_core.environment:checking '/home/neer/Desktop/SIH/ros2_ws/install/amr_bringup/lib/pkgconfig/amr_bringup.pc'
[2.455s] Level 1:colcon.colcon_core.environment:checking '/home/neer/Desktop/SIH/ros2_ws/install/amr_bringup/lib/python3.12/site-packages'
[2.455s] Level 1:colcon.colcon_core.environment:checking '/home/neer/Desktop/SIH/ros2_ws/install/amr_bringup/bin'
[2.455s] INFO:colcon.colcon_core.shell:Creating package script '/home/neer/Desktop/SIH/ros2_ws/install/amr_bringup/share/amr_bringup/package.ps1'
[2.456s] INFO:colcon.colcon_core.shell:Creating package descriptor '/home/neer/Desktop/SIH/ros2_ws/install/amr_bringup/share/amr_bringup/package.dsv'
[2.456s] INFO:colcon.colcon_core.shell:Creating package script '/home/neer/Desktop/SIH/ros2_ws/install/amr_bringup/share/amr_bringup/package.sh'
[2.457s] INFO:colcon.colcon_core.shell:Creating package script '/home/neer/Desktop/SIH/ros2_ws/install/amr_bringup/share/amr_bringup/package.bash'
[2.457s] INFO:colcon.colcon_core.shell:Creating package script '/home/neer/Desktop/SIH/ros2_ws/install/amr_bringup/share/amr_bringup/package.zsh'
[2.457s] Level 1:colcon.colcon_core.environment:create_file_with_runtime_dependencies(/home/neer/Desktop/SIH/ros2_ws/install/amr_bringup/share/colcon-core/packages/amr_bringup)
[2.457s] Level 1:colcon.colcon_core.environment:create_environment_scripts_only(amr_bringup)
[2.457s] Level 1:colcon.colcon_core.environment:checking '/home/neer/Desktop/SIH/ros2_ws/install/amr_bringup' for CMake module files
[2.458s] Level 1:colcon.colcon_core.environment:checking '/home/neer/Desktop/SIH/ros2_ws/install/amr_bringup' for CMake config files
[2.458s] Level 1:colcon.colcon_core.shell:create_environment_hook('amr_bringup', 'cmake_prefix_path')
[2.458s] INFO:colcon.colcon_core.shell:Creating environment hook '/home/neer/Desktop/SIH/ros2_ws/install/amr_bringup/share/amr_bringup/hook/cmake_prefix_path.ps1'
[2.458s] INFO:colcon.colcon_core.shell:Creating environment descriptor '/home/neer/Desktop/SIH/ros2_ws/install/amr_bringup/share/amr_bringup/hook/cmake_prefix_path.dsv'
[2.459s] INFO:colcon.colcon_core.shell:Creating environment hook '/home/neer/Desktop/SIH/ros2_ws/install/amr_bringup/share/amr_bringup/hook/cmake_prefix_path.sh'
[2.459s] Level 1:colcon.colcon_core.environment:checking '/home/neer/Desktop/SIH/ros2_ws/install/amr_bringup/bin'
[2.460s] Level 1:colcon.colcon_core.environment:checking '/home/neer/Desktop/SIH/ros2_ws/install/amr_bringup/lib/pkgconfig/amr_bringup.pc'
[2.460s] Level 1:colcon.colcon_core.environment:checking '/home/neer/Desktop/SIH/ros2_ws/install/amr_bringup/lib/python3.12/site-packages'
[2.460s] Level 1:colcon.colcon_core.environment:checking '/home/neer/Desktop/SIH/ros2_ws/install/amr_bringup/bin'
[2.460s] INFO:colcon.colcon_core.shell:Creating package script '/home/neer/Desktop/SIH/ros2_ws/install/amr_bringup/share/amr_bringup/package.ps1'
[2.461s] INFO:colcon.colcon_core.shell:Creating package descriptor '/home/neer/Desktop/SIH/ros2_ws/install/amr_bringup/share/amr_bringup/package.dsv'
[2.461s] INFO:colcon.colcon_core.shell:Creating package script '/home/neer/Desktop/SIH/ros2_ws/install/amr_bringup/share/amr_bringup/package.sh'
[2.462s] INFO:colcon.colcon_core.shell:Creating package script '/home/neer/Desktop/SIH/ros2_ws/install/amr_bringup/share/amr_bringup/package.bash'
[2.462s] INFO:colcon.colcon_core.shell:Creating package script '/home/neer/Desktop/SIH/ros2_ws/install/amr_bringup/share/amr_bringup/package.zsh'
[2.462s] Level 1:colcon.colcon_core.environment:create_file_with_runtime_dependencies(/home/neer/Desktop/SIH/ros2_ws/install/amr_bringup/share/colcon-core/packages/amr_bringup)
[2.463s] DEBUG:colcon.colcon_parallel_executor.executor.parallel:closing loop
[2.463s] DEBUG:colcon.colcon_parallel_executor.executor.parallel:loop closed
[2.463s] DEBUG:colcon.colcon_parallel_executor.executor.parallel:run_until_complete finished with '0'
[2.463s] DEBUG:colcon.colcon_core.event_reactor:joining thread
[2.468s] INFO:colcon.colcon_core.plugin_system:Skipping extension 'colcon_notification.desktop_notification.terminal_notifier': Not used on non-Darwin systems
[2.468s] INFO:colcon.colcon_core.plugin_system:Skipping extension 'colcon_notification.desktop_notification.win32': Not used on non-Windows systems
[2.468s] INFO:colcon.colcon_notification.desktop_notification:Sending desktop notification using 'notify2'
[2.480s] DEBUG:colcon.colcon_core.event_reactor:joined thread
[2.480s] INFO:colcon.colcon_core.shell:Creating prefix script '/home/neer/Desktop/SIH/ros2_ws/install/local_setup.ps1'
[2.481s] INFO:colcon.colcon_core.shell:Creating prefix util module '/home/neer/Desktop/SIH/ros2_ws/install/_local_setup_util_ps1.py'
[2.482s] INFO:colcon.colcon_core.shell:Creating prefix chain script '/home/neer/Desktop/SIH/ros2_ws/install/setup.ps1'
[2.483s] INFO:colcon.colcon_core.shell:Creating prefix script '/home/neer/Desktop/SIH/ros2_ws/install/local_setup.sh'
[2.483s] INFO:colcon.colcon_core.shell:Creating prefix util module '/home/neer/Desktop/SIH/ros2_ws/install/_local_setup_util_sh.py'
[2.483s] INFO:colcon.colcon_core.shell:Creating prefix chain script '/home/neer/Desktop/SIH/ros2_ws/install/setup.sh'
[2.484s] INFO:colcon.colcon_core.shell:Creating prefix script '/home/neer/Desktop/SIH/ros2_ws/install/local_setup.bash'
[2.484s] INFO:colcon.colcon_core.shell:Creating prefix chain script '/home/neer/Desktop/SIH/ros2_ws/install/setup.bash'
[2.485s] INFO:colcon.colcon_core.shell:Creating prefix script '/home/neer/Desktop/SIH/ros2_ws/install/local_setup.zsh'
[2.485s] INFO:colcon.colcon_core.shell:Creating prefix chain script '/home/neer/Desktop/SIH/ros2_ws/install/setup.zsh'
